[2021-03-19T15:09:30.960+0600][gc,heap     ] GC(1120) Archive regions: 2->2
[2021-03-19T15:09:30.960+0600][gc,heap     ] GC(1120) Humongous regions: 129->129
[2021-03-19T15:09:30.960+0600][gc,metaspace] GC(1120) Metaspace: 40240K(41216K)->40240K(41216K) NonClass: 35933K(36608K)->35933K(36608K) Class: 4306K(4608K)->4306K(4608K)
[2021-03-19T15:09:30.961+0600][gc          ] GC(1120) Pause Young (Normal) (G1 Evacuation Pause) 770M->165M(1024M) 22.618ms
[2021-03-19T15:09:30.961+0600][gc,cpu      ] GC(1120) User=0.04s Sys=0.01s Real=0.03s
[2021-03-19T15:09:43.289+0600][gc,start    ] GC(1121) Pause Young (Normal) (G1 Evacuation Pause)
[2021-03-19T15:09:43.290+0600][gc,task     ] GC(1121) Using 8 workers of 8 for evacuation
[2021-03-19T15:09:43.309+0600][gc,phases   ] GC(1121)   Pre Evacuate Collection Set: 0.3ms
[2021-03-19T15:09:43.309+0600][gc,phases   ] GC(1121)   Merge Heap Roots: 0.3ms
[2021-03-19T15:09:43.309+0600][gc,phases   ] GC(1121)   Evacuate Collection Set: 17.0ms
[2021-03-19T15:09:43.309+0600][gc,phases   ] GC(1121)   Post Evacuate Collection Set: 0.7ms
[2021-03-19T15:09:43.309+0600][gc,phases   ] GC(1121)   Other: 1.4ms
[2021-03-19T15:09:43.309+0600][gc,heap     ] GC(1121) Eden regions: 606->0(606)
[2021-03-19T15:09:43.309+0600][gc,heap     ] GC(1121) Survivor regions: 8->8(77)
[2021-03-19T15:09:43.309+0600][gc,heap     ] GC(1121) Old regions: 28->29
[2021-03-19T15:09:43.309+0600][gc,heap     ] GC(1121) Archive regions: 2->2
[2021-03-19T15:09:43.309+0600][gc,heap     ] GC(1121) Humongous regions: 129->129
[2021-03-19T15:09:43.309+0600][gc,metaspace] GC(1121) Metaspace: 40240K(41216K)->40240K(41216K) NonClass: 35933K(36608K)->35933K(36608K) Class: 4306K(4608K)->4306K(4608K)
[2021-03-19T15:09:43.309+0600][gc          ] GC(1121) Pause Young (Normal) (G1 Evacuation Pause) 771M->165M(1024M) 19.934ms
[2021-03-19T15:09:43.309+0600][gc,cpu      ] GC(1121) User=0.04s Sys=0.00s Real=0.02s
[2021-03-19T15:09:57.442+0600][gc,start    ] GC(1122) Pause Young (Normal) (G1 Evacuation Pause)
[2021-03-19T15:09:57.442+0600][gc,task     ] GC(1122) Using 8 workers of 8 for evacuation
[2021-03-19T15:09:57.462+0600][gc,phases   ] GC(1122)   Pre Evacuate Collection Set: 0.3ms
[2021-03-19T15:09:57.462+0600][gc,phases   ] GC(1122)   Merge Heap Roots: 0.4ms
[2021-03-19T15:09:57.462+0600][gc,phases   ] GC(1122)   Evacuate Collection Set: 17.8ms
[2021-03-19T15:09:57.462+0600][gc,phases   ] GC(1122)   Post Evacuate Collection Set: 1.0ms
[2021-03-19T15:09:57.462+0600][gc,phases   ] GC(1122)   Other: 0.5ms
[2021-03-19T15:09:57.462+0600][gc,heap     ] GC(1122) Eden regions: 606->0(605)
[2021-03-19T15:09:57.462+0600][gc,heap     ] GC(1122) Survivor regions: 8->9(77)
[2021-03-19T15:09:57.462+0600][gc,heap     ] GC(1122) Old regions: 29->29
[2021-03-19T15:09:57.462+0600][gc,heap     ] GC(1122) Archive regions: 2->2
[2021-03-19T15:09:57.462+0600][gc,heap     ] GC(1122) Humongous regions: 129->129
[2021-03-19T15:09:57.462+0600][gc,metaspace] GC(1122) Metaspace: 40240K(41216K)->40240K(41216K) NonClass: 35933K(36608K)->35933K(36608K) Class: 4306K(4608K)->4306K(4608K)
[2021-03-19T15:09:57.462+0600][gc          ] GC(1122) Pause Young (Normal) (G1 Evacuation Pause) 771M->166M(1024M) 20.235ms
[2021-03-19T15:09:57.462+0600][gc,cpu      ] GC(1122) User=0.06s Sys=0.00s Real=0.02s
[2021-03-19T15:10:15.336+0600][gc,start    ] GC(1123) Pause Young (Normal) (G1 Evacuation Pause)
[2021-03-19T15:10:15.336+0600][gc,task     ] GC(1123) Using 8 workers of 8 for evacuation
[2021-03-19T15:10:15.354+0600][gc,phases   ] GC(1123)   Pre Evacuate Collection Set: 0.4ms
[2021-03-19T15:10:15.354+0600][gc,phases   ] GC(1123)   Merge Heap Roots: 0.4ms
[2021-03-19T15:10:15.354+0600][gc,phases   ] GC(1123)   Evacuate Collection Set: 15.9ms
[2021-03-19T15:10:15.354+0600][gc,phases   ] GC(1123)   Post Evacuate Collection Set: 0.7ms
[2021-03-19T15:10:15.354+0600][gc,phases   ] GC(1123)   Other: 0.7ms
[2021-03-19T15:10:15.354+0600][gc,heap     ] GC(1123) Eden regions: 605->0(606)
[2021-03-19T15:10:15.354+0600][gc,heap     ] GC(1123) Survivor regions: 9->8(77)
[2021-03-19T15:10:15.354+0600][gc,heap     ] GC(1123) Old regions: 29->29
[2021-03-19T15:10:15.354+0600][gc,heap     ] GC(1123) Archive regions: 2->2
[2021-03-19T15:10:15.354+0600][gc,heap     ] GC(1123) Humongous regions: 129->129
[2021-03-19T15:10:15.354+0600][gc,metaspace] GC(1123) Metaspace: 40240K(41216K)->40240K(41216K) NonClass: 35933K(36608K)->35933K(36608K) Class: 4306K(4608K)->4306K(4608K)
[2021-03-19T15:10:15.354+0600][gc          ] GC(1123) Pause Young (Normal) (G1 Evacuation Pause) 771M->166M(1024M) 18.362ms
[2021-03-19T15:10:15.354+0600][gc,cpu      ] GC(1123) User=0.06s Sys=0.00s Real=0.02s
[2021-03-19T15:10:29.407+0600][gc,start    ] GC(1124) Pause Young (Normal) (G1 Evacuation Pause)
[2021-03-19T15:10:29.407+0600][gc,task     ] GC(1124) Using 8 workers of 8 for evacuation
[2021-03-19T15:10:29.425+0600][gc,phases   ] GC(1124)   Pre Evacuate Collection Set: 0.2ms
[2021-03-19T15:10:29.426+0600][gc,phases   ] GC(1124)   Merge Heap Roots: 0.2ms
[2021-03-19T15:10:29.426+0600][gc,phases   ] GC(1124)   Evacuate Collection Set: 17.4ms
[2021-03-19T15:10:29.426+0600][gc,phases   ] GC(1124)   Post Evacuate Collection Set: 0.7ms
[2021-03-19T15:10:29.426+0600][gc,phases   ] GC(1124)   Other: 0.4ms
[2021-03-19T15:10:29.426+0600][gc,heap     ] GC(1124) Eden regions: 606->0(606)
[2021-03-19T15:10:29.426+0600][gc,heap     ] GC(1124) Survivor regions: 8->8(77)
[2021-03-19T15:10:29.426+0600][gc,heap     ] GC(1124) Old regions: 29->30
[2021-03-19T15:10:29.426+0600][gc,heap     ] GC(1124) Archive regions: 2->2
[2021-03-19T15:10:29.426+0600][gc,heap     ] GC(1124) Humongous regions: 129->129
[2021-03-19T15:10:29.426+0600][gc,metaspace] GC(1124) Metaspace: 40240K(41216K)->40240K(41216K) NonClass: 35933K(36608K)->35933K(36608K) Class: 4306K(4608K)->4306K(4608K)
[2021-03-19T15:10:29.426+0600][gc          ] GC(1124) Pause Young (Normal) (G1 Evacuation Pause) 772M->167M(1024M) 19.156ms
[2021-03-19T15:10:29.426+0600][gc,cpu      ] GC(1124) User=0.06s Sys=0.00s Real=0.02s
[2021-03-19T15:10:43.627+0600][gc,start    ] GC(1125) Pause Young (Normal) (G1 Evacuation Pause)
[2021-03-19T15:10:43.628+0600][gc,task     ] GC(1125) Using 8 workers of 8 for evacuation
[2021-03-19T15:10:43.648+0600][gc,phases   ] GC(1125)   Pre Evacuate Collection Set: 0.5ms
[2021-03-19T15:10:43.648+0600][gc,phases   ] GC(1125)   Merge Heap Roots: 0.4ms
[2021-03-19T15:10:43.648+0600][gc,phases   ] GC(1125)   Evacuate Collection Set: 16.8ms
[2021-03-19T15:10:43.648+0600][gc,phases   ] GC(1125)   Post Evacuate Collection Set: 1.5ms
[2021-03-19T15:10:43.648+0600][gc,phases   ] GC(1125)   Other: 2.0ms
[2021-03-19T15:10:43.648+0600][gc,heap     ] GC(1125) Eden regions: 606->0(605)
[2021-03-19T15:10:43.648+0600][gc,heap     ] GC(1125) Survivor regions: 8->9(77)
[2021-03-19T15:10:43.648+0600][gc,heap     ] GC(1125) Old regions: 30->31
[2021-03-19T15:10:43.648+0600][gc,heap     ] GC(1125) Archive regions: 2->2
[2021-03-19T15:10:43.648+0600][gc,heap     ] GC(1125) Humongous regions: 129->129
[2021-03-19T15:10:43.648+0600][gc,metaspace] GC(1125) Metaspace: 40240K(41216K)->40240K(41216K) NonClass: 35933K(36608K)->35933K(36608K) Class: 4306K(4608K)->4306K(4608K)
[2021-03-19T15:10:43.648+0600][gc          ] GC(1125) Pause Young (Normal) (G1 Evacuation Pause) 773M->168M(1024M) 21.407ms
[2021-03-19T15:10:43.648+0600][gc,cpu      ] GC(1125) User=0.07s Sys=0.02s Real=0.02s
[2021-03-19T15:10:58.506+0600][gc,start    ] GC(1126) Pause Young (Normal) (G1 Evacuation Pause)
[2021-03-19T15:10:58.507+0600][gc,task     ] GC(1126) Using 8 workers of 8 for evacuation
[2021-03-19T15:10:58.527+0600][gc,phases   ] GC(1126)   Pre Evacuate Collection Set: 0.4ms
[2021-03-19T15:10:58.527+0600][gc,phases   ] GC(1126)   Merge Heap Roots: 0.3ms
[2021-03-19T15:10:58.527+0600][gc,phases   ] GC(1126)   Evacuate Collection Set: 17.7ms
[2021-03-19T15:10:58.527+0600][gc,phases   ] GC(1126)   Post Evacuate Collection Set: 0.7ms
[2021-03-19T15:10:58.528+0600][gc,phases   ] GC(1126)   Other: 2.4ms
[2021-03-19T15:10:58.528+0600][gc,heap     ] GC(1126) Eden regions: 605->0(606)
[2021-03-19T15:10:58.528+0600][gc,heap     ] GC(1126) Survivor regions: 9->8(77)
[2021-03-19T15:10:58.528+0600][gc,heap     ] GC(1126) Old regions: 31->31
[2021-03-19T15:10:58.528+0600][gc,heap     ] GC(1126) Archive regions: 2->2
[2021-03-19T15:10:58.528+0600][gc,heap     ] GC(1126) Humongous regions: 129->129
[2021-03-19T15:10:58.528+0600][gc,metaspace] GC(1126) Metaspace: 40240K(41216K)->40240K(41216K) NonClass: 35933K(36608K)->35933K(36608K) Class: 4306K(4608K)->4306K(4608K)
[2021-03-19T15:10:58.528+0600][gc          ] GC(1126) Pause Young (Normal) (G1 Evacuation Pause) 773M->168M(1024M) 21.732ms
[2021-03-19T15:10:58.528+0600][gc,cpu      ] GC(1126) User=0.06s Sys=0.00s Real=0.02s
[2021-03-19T15:11:13.171+0600][gc,start    ] GC(1127) Pause Young (Normal) (G1 Evacuation Pause)
[2021-03-19T15:11:13.171+0600][gc,task     ] GC(1127) Using 8 workers of 8 for evacuation
[2021-03-19T15:11:13.192+0600][gc,mmu      ] GC(1127) MMU target violated: 20.9ms (20.0ms/21.0ms)
[2021-03-19T15:11:13.192+0600][gc,phases   ] GC(1127)   Pre Evacuate Collection Set: 0.5ms
[2021-03-19T15:11:13.192+0600][gc,phases   ] GC(1127)   Merge Heap Roots: 0.4ms
[2021-03-19T15:11:13.192+0600][gc,phases   ] GC(1127)   Evacuate Collection Set: 18.4ms
[2021-03-19T15:11:13.192+0600][gc,phases   ] GC(1127)   Post Evacuate Collection Set: 1.4ms
[2021-03-19T15:11:13.192+0600][gc,phases   ] GC(1127)   Other: 0.8ms
[2021-03-19T15:11:13.192+0600][gc,heap     ] GC(1127) Eden regions: 606->0(605)
[2021-03-19T15:11:13.192+0600][gc,heap     ] GC(1127) Survivor regions: 8->9(77)
[2021-03-19T15:11:13.192+0600][gc,heap     ] GC(1127) Old regions: 31->32
[2021-03-19T15:11:13.192+0600][gc,heap     ] GC(1127) Archive regions: 2->2
[2021-03-19T15:11:13.192+0600][gc,heap     ] GC(1127) Humongous regions: 129->129
[2021-03-19T15:11:13.192+0600][gc,metaspace] GC(1127) Metaspace: 40240K(41216K)->40240K(41216K) NonClass: 35933K(36608K)->35933K(36608K) Class: 4306K(4608K)->4306K(4608K)
[2021-03-19T15:11:13.192+0600][gc          ] GC(1127) Pause Young (Normal) (G1 Evacuation Pause) 774M->169M(1024M) 21.657ms
[2021-03-19T15:11:13.192+0600][gc,cpu      ] GC(1127) User=0.07s Sys=0.01s Real=0.02s
[2021-03-19T15:11:29.426+0600][gc,start    ] GC(1128) Pause Young (Normal) (G1 Evacuation Pause)
[2021-03-19T15:11:29.427+0600][gc,task     ] GC(1128) Using 8 workers of 8 for evacuation
[2021-03-19T15:11:29.448+0600][gc,mmu      ] GC(1128) MMU target violated: 21.0ms (20.0ms/21.0ms)
[2021-03-19T15:11:29.448+0600][gc,phases   ] GC(1128)   Pre Evacuate Collection Set: 0.3ms
[2021-03-19T15:11:29.448+0600][gc,phases   ] GC(1128)   Merge Heap Roots: 0.3ms
[2021-03-19T15:11:29.448+0600][gc,phases   ] GC(1128)   Evacuate Collection Set: 19.6ms
[2021-03-19T15:11:29.448+0600][gc,phases   ] GC(1128)   Post Evacuate Collection Set: 0.7ms
[2021-03-19T15:11:29.448+0600][gc,phases   ] GC(1128)   Other: 1.1ms
[2021-03-19T15:11:29.448+0600][gc,heap     ] GC(1128) Eden regions: 605->0(606)
[2021-03-19T15:11:29.448+0600][gc,heap     ] GC(1128) Survivor regions: 9->8(77)
[2021-03-19T15:11:29.448+0600][gc,heap     ] GC(1128) Old regions: 32->32
[2021-03-19T15:11:29.448+0600][gc,heap     ] GC(1128) Archive regions: 2->2
[2021-03-19T15:11:29.448+0600][gc,heap     ] GC(1128) Humongous regions: 129->129
[2021-03-19T15:11:29.448+0600][gc,metaspace] GC(1128) Metaspace: 40240K(41216K)->40240K(41216K) NonClass: 35933K(36608K)->35933K(36608K) Class: 4306K(4608K)->4306K(4608K)
[2021-03-19T15:11:29.448+0600][gc          ] GC(1128) Pause Young (Normal) (G1 Evacuation Pause) 774M->169M(1024M) 22.099ms
[2021-03-19T15:11:29.449+0600][gc,cpu      ] GC(1128) User=0.07s Sys=0.01s Real=0.02s
[2021-03-19T15:11:44.514+0600][gc,start    ] GC(1129) Pause Young (Normal) (G1 Evacuation Pause)
[2021-03-19T15:11:44.514+0600][gc,task     ] GC(1129) Using 8 workers of 8 for evacuation
[2021-03-19T15:11:44.535+0600][gc,mmu      ] GC(1129) MMU target violated: 20.3ms (20.0ms/21.0ms)
[2021-03-19T15:11:44.535+0600][gc,phases   ] GC(1129)   Pre Evacuate Collection Set: 0.3ms
[2021-03-19T15:11:44.535+0600][gc,phases   ] GC(1129)   Merge Heap Roots: 0.2ms
[2021-03-19T15:11:44.535+0600][gc,phases   ] GC(1129)   Evacuate Collection Set: 18.7ms
[2021-03-19T15:11:44.535+0600][gc,phases   ] GC(1129)   Post Evacuate Collection Set: 0.9ms
[2021-03-19T15:11:44.535+0600][gc,phases   ] GC(1129)   Other: 0.9ms
[2021-03-19T15:11:44.535+0600][gc,heap     ] GC(1129) Eden regions: 606->0(606)
[2021-03-19T15:11:44.535+0600][gc,heap     ] GC(1129) Survivor regions: 8->8(77)
[2021-03-19T15:11:44.535+0600][gc,heap     ] GC(1129) Old regions: 32->33
[2021-03-19T15:11:44.535+0600][gc,heap     ] GC(1129) Archive regions: 2->2
[2021-03-19T15:11:44.535+0600][gc,heap     ] GC(1129) Humongous regions: 129->129
[2021-03-19T15:11:44.535+0600][gc,metaspace] GC(1129) Metaspace: 40240K(41216K)->40240K(41216K) NonClass: 35933K(36608K)->35933K(36608K) Class: 4306K(4608K)->4306K(4608K)
[2021-03-19T15:11:44.535+0600][gc          ] GC(1129) Pause Young (Normal) (G1 Evacuation Pause) 775M->170M(1024M) 21.235ms
[2021-03-19T15:11:44.535+0600][gc,cpu      ] GC(1129) User=0.07s Sys=0.01s Real=0.02s
[2021-03-19T15:11:59.251+0600][gc,start    ] GC(1130) Pause Young (Normal) (G1 Evacuation Pause)
[2021-03-19T15:11:59.251+0600][gc,task     ] GC(1130) Using 8 workers of 8 for evacuation
[2021-03-19T15:11:59.270+0600][gc,phases   ] GC(1130)   Pre Evacuate Collection Set: 0.3ms
[2021-03-19T15:11:59.270+0600][gc,phases   ] GC(1130)   Merge Heap Roots: 0.3ms
[2021-03-19T15:11:59.270+0600][gc,phases   ] GC(1130)   Evacuate Collection Set: 16.5ms
[2021-03-19T15:11:59.270+0600][gc,phases   ] GC(1130)   Post Evacuate Collection Set: 1.3ms
[2021-03-19T15:11:59.271+0600][gc,phases   ] GC(1130)   Other: 0.7ms
[2021-03-19T15:11:59.271+0600][gc,heap     ] GC(1130) Eden regions: 606->0(606)
[2021-03-19T15:11:59.271+0600][gc,heap     ] GC(1130) Survivor regions: 8->8(77)
[2021-03-19T15:11:59.271+0600][gc,heap     ] GC(1130) Old regions: 33->33
[2021-03-19T15:11:59.271+0600][gc,heap     ] GC(1130) Archive regions: 2->2
[2021-03-19T15:11:59.271+0600][gc,heap     ] GC(1130) Humongous regions: 129->129
[2021-03-19T15:11:59.271+0600][gc,metaspace] GC(1130) Metaspace: 40240K(41216K)->40240K(41216K) NonClass: 35933K(36608K)->35933K(36608K) Class: 4306K(4608K)->4306K(4608K)
[2021-03-19T15:11:59.271+0600][gc          ] GC(1130) Pause Young (Normal) (G1 Evacuation Pause) 776M->170M(1024M) 19.641ms
[2021-03-19T15:11:59.271+0600][gc,cpu      ] GC(1130) User=0.06s Sys=0.01s Real=0.02s
[2021-03-19T15:12:15.554+0600][gc,start    ] GC(1131) Pause Young (Normal) (G1 Evacuation Pause)
[2021-03-19T15:12:15.554+0600][gc,task     ] GC(1131) Using 8 workers of 8 for evacuation
[2021-03-19T15:12:15.571+0600][gc,phases   ] GC(1131)   Pre Evacuate Collection Set: 0.5ms
[2021-03-19T15:12:15.571+0600][gc,phases   ] GC(1131)   Merge Heap Roots: 0.7ms
[2021-03-19T15:12:15.571+0600][gc,phases   ] GC(1131)   Evacuate Collection Set: 15.4ms
[2021-03-19T15:12:15.571+0600][gc,phases   ] GC(1131)   Post Evacuate Collection Set: 0.5ms
[2021-03-19T15:12:15.571+0600][gc,phases   ] GC(1131)   Other: 0.6ms
[2021-03-19T15:12:15.571+0600][gc,heap     ] GC(1131) Eden regions: 606->0(606)
[2021-03-19T15:12:15.571+0600][gc,heap     ] GC(1131) Survivor regions: 8->8(77)
[2021-03-19T15:12:15.571+0600][gc,heap     ] GC(1131) Old regions: 33->34
[2021-03-19T15:12:15.571+0600][gc,heap     ] GC(1131) Archive regions: 2->2
[2021-03-19T15:12:15.571+0600][gc,heap     ] GC(1131) Humongous regions: 129->129
[2021-03-19T15:12:15.571+0600][gc,metaspace] GC(1131) Metaspace: 40240K(41216K)->40240K(41216K) NonClass: 35934K(36608K)->35934K(36608K) Class: 4306K(4608K)->4306K(4608K)
[2021-03-19T15:12:15.571+0600][gc          ] GC(1131) Pause Young (Normal) (G1 Evacuation Pause) 776M->171M(1024M) 17.708ms
[2021-03-19T15:12:15.571+0600][gc,cpu      ] GC(1131) User=0.07s Sys=0.01s Real=0.02s
[2021-03-19T15:12:32.404+0600][gc,start    ] GC(1132) Pause Young (Normal) (G1 Evacuation Pause)
[2021-03-19T15:12:32.404+0600][gc,task     ] GC(1132) Using 8 workers of 8 for evacuation
[2021-03-19T15:12:32.419+0600][gc,phases   ] GC(1132)   Pre Evacuate Collection Set: 0.4ms
[2021-03-19T15:12:32.420+0600][gc,phases   ] GC(1132)   Merge Heap Roots: 0.4ms
[2021-03-19T15:12:32.420+0600][gc,phases   ] GC(1132)   Evacuate Collection Set: 13.4ms
[2021-03-19T15:12:32.420+0600][gc,phases   ] GC(1132)   Post Evacuate Collection Set: 0.6ms
[2021-03-19T15:12:32.420+0600][gc,phases   ] GC(1132)   Other: 0.7ms
[2021-03-19T15:12:32.420+0600][gc,heap     ] GC(1132) Eden regions: 606->0(606)
[2021-03-19T15:12:32.420+0600][gc,heap     ] GC(1132) Survivor regions: 8->8(77)
[2021-03-19T15:12:32.420+0600][gc,heap     ] GC(1132) Old regions: 34->34
[2021-03-19T15:12:32.420+0600][gc,heap     ] GC(1132) Archive regions: 2->2
[2021-03-19T15:12:32.420+0600][gc,heap     ] GC(1132) Humongous regions: 129->129
[2021-03-19T15:12:32.420+0600][gc,metaspace] GC(1132) Metaspace: 40240K(41216K)->40240K(41216K) NonClass: 35934K(36608K)->35934K(36608K) Class: 4306K(4608K)->4306K(4608K)
[2021-03-19T15:12:32.420+0600][gc          ] GC(1132) Pause Young (Normal) (G1 Evacuation Pause) 777M->171M(1024M) 15.558ms
[2021-03-19T15:12:32.420+0600][gc,cpu      ] GC(1132) User=0.06s Sys=0.00s Real=0.02s
[2021-03-19T15:12:47.718+0600][gc,start    ] GC(1133) Pause Young (Normal) (G1 Evacuation Pause)
[2021-03-19T15:12:47.718+0600][gc,task     ] GC(1133) Using 8 workers of 8 for evacuation
[2021-03-19T15:12:47.734+0600][gc,phases   ] GC(1133)   Pre Evacuate Collection Set: 0.2ms
[2021-03-19T15:12:47.734+0600][gc,phases   ] GC(1133)   Merge Heap Roots: 0.2ms
[2021-03-19T15:12:47.734+0600][gc,phases   ] GC(1133)   Evacuate Collection Set: 14.5ms
[2021-03-19T15:12:47.734+0600][gc,phases   ] GC(1133)   Post Evacuate Collection Set: 0.8ms
[2021-03-19T15:12:47.734+0600][gc,phases   ] GC(1133)   Other: 0.4ms
[2021-03-19T15:12:47.734+0600][gc,heap     ] GC(1133) Eden regions: 606->0(606)
[2021-03-19T15:12:47.734+0600][gc,heap     ] GC(1133) Survivor regions: 8->8(77)
[2021-03-19T15:12:47.734+0600][gc,heap     ] GC(1133) Old regions: 34->35
[2021-03-19T15:12:47.734+0600][gc,heap     ] GC(1133) Archive regions: 2->2
[2021-03-19T15:12:47.734+0600][gc,heap     ] GC(1133) Humongous regions: 129->129
[2021-03-19T15:12:47.734+0600][gc,metaspace] GC(1133) Metaspace: 40240K(41216K)->40240K(41216K) NonClass: 35934K(36608K)->35934K(36608K) Class: 4306K(4608K)->4306K(4608K)
[2021-03-19T15:12:47.734+0600][gc          ] GC(1133) Pause Young (Normal) (G1 Evacuation Pause) 777M->172M(1024M) 16.211ms
[2021-03-19T15:12:47.734+0600][gc,cpu      ] GC(1133) User=0.07s Sys=0.01s Real=0.02s
[2021-03-19T15:13:03.344+0600][gc,start    ] GC(1134) Pause Young (Normal) (G1 Evacuation Pause)
[2021-03-19T15:13:03.344+0600][gc,task     ] GC(1134) Using 8 workers of 8 for evacuation
[2021-03-19T15:13:03.361+0600][gc,phases   ] GC(1134)   Pre Evacuate Collection Set: 0.2ms
[2021-03-19T15:13:03.361+0600][gc,phases   ] GC(1134)   Merge Heap Roots: 0.2ms
[2021-03-19T15:13:03.361+0600][gc,phases   ] GC(1134)   Evacuate Collection Set: 15.1ms
[2021-03-19T15:13:03.361+0600][gc,phases   ] GC(1134)   Post Evacuate Collection Set: 0.8ms
[2021-03-19T15:13:03.361+0600][gc,phases   ] GC(1134)   Other: 0.7ms
[2021-03-19T15:13:03.361+0600][gc,heap     ] GC(1134) Eden regions: 606->0(605)
[2021-03-19T15:13:03.361+0600][gc,heap     ] GC(1134) Survivor regions: 8->9(77)
[2021-03-19T15:13:03.361+0600][gc,heap     ] GC(1134) Old regions: 35->35
[2021-03-19T15:13:03.361+0600][gc,heap     ] GC(1134) Archive regions: 2->2
[2021-03-19T15:13:03.361+0600][gc,heap     ] GC(1134) Humongous regions: 129->129
[2021-03-19T15:13:03.361+0600][gc,metaspace] GC(1134) Metaspace: 40240K(41216K)->40240K(41216K) NonClass: 35934K(36608K)->35934K(36608K) Class: 4306K(4608K)->4306K(4608K)
[2021-03-19T15:13:03.361+0600][gc          ] GC(1134) Pause Young (Normal) (G1 Evacuation Pause) 778M->173M(1024M) 17.345ms
[2021-03-19T15:13:03.361+0600][gc,cpu      ] GC(1134) User=0.05s Sys=0.01s Real=0.02s
[2021-03-19T15:13:16.729+0600][gc,start    ] GC(1135) Pause Young (Normal) (G1 Evacuation Pause)
[2021-03-19T15:13:16.730+0600][gc,task     ] GC(1135) Using 8 workers of 8 for evacuation
[2021-03-19T15:13:16.747+0600][gc,phases   ] GC(1135)   Pre Evacuate Collection Set: 0.4ms
[2021-03-19T15:13:16.747+0600][gc,phases   ] GC(1135)   Merge Heap Roots: 0.5ms
[2021-03-19T15:13:16.747+0600][gc,phases   ] GC(1135)   Evacuate Collection Set: 15.3ms
[2021-03-19T15:13:16.747+0600][gc,phases   ] GC(1135)   Post Evacuate Collection Set: 0.5ms
[2021-03-19T15:13:16.747+0600][gc,phases   ] GC(1135)   Other: 0.6ms
[2021-03-19T15:13:16.747+0600][gc,heap     ] GC(1135) Eden regions: 605->0(606)
[2021-03-19T15:13:16.747+0600][gc,heap     ] GC(1135) Survivor regions: 9->8(77)
[2021-03-19T15:13:16.747+0600][gc,heap     ] GC(1135) Old regions: 35->36
[2021-03-19T15:13:16.747+0600][gc,heap     ] GC(1135) Archive regions: 2->2
[2021-03-19T15:13:16.747+0600][gc,heap     ] GC(1135) Humongous regions: 129->129
[2021-03-19T15:13:16.747+0600][gc,metaspace] GC(1135) Metaspace: 40240K(41216K)->40240K(41216K) NonClass: 35934K(36608K)->35934K(36608K) Class: 4306K(4608K)->4306K(4608K)
[2021-03-19T15:13:16.747+0600][gc          ] GC(1135) Pause Young (Normal) (G1 Evacuation Pause) 778M->173M(1024M) 17.549ms
[2021-03-19T15:13:16.747+0600][gc,cpu      ] GC(1135) User=0.06s Sys=0.00s Real=0.02s
[2021-03-19T15:13:31.375+0600][gc,start    ] GC(1136) Pause Young (Normal) (G1 Evacuation Pause)
[2021-03-19T15:13:31.376+0600][gc,task     ] GC(1136) Using 8 workers of 8 for evacuation
[2021-03-19T15:13:31.394+0600][gc,phases   ] GC(1136)   Pre Evacuate Collection Set: 0.3ms
[2021-03-19T15:13:31.394+0600][gc,phases   ] GC(1136)   Merge Heap Roots: 0.3ms
[2021-03-19T15:13:31.394+0600][gc,phases   ] GC(1136)   Evacuate Collection Set: 16.3ms
[2021-03-19T15:13:31.394+0600][gc,phases   ] GC(1136)   Post Evacuate Collection Set: 0.6ms
[2021-03-19T15:13:31.394+0600][gc,phases   ] GC(1136)   Other: 1.6ms
[2021-03-19T15:13:31.394+0600][gc,heap     ] GC(1136) Eden regions: 606->0(605)
[2021-03-19T15:13:31.394+0600][gc,heap     ] GC(1136) Survivor regions: 8->9(77)
[2021-03-19T15:13:31.394+0600][gc,heap     ] GC(1136) Old regions: 36->36
[2021-03-19T15:13:31.394+0600][gc,heap     ] GC(1136) Archive regions: 2->2
[2021-03-19T15:13:31.394+0600][gc,heap     ] GC(1136) Humongous regions: 129->129
[2021-03-19T15:13:31.394+0600][gc,metaspace] GC(1136) Metaspace: 40240K(41216K)->40240K(41216K) NonClass: 35934K(36608K)->35934K(36608K) Class: 4306K(4608K)->4306K(4608K)
[2021-03-19T15:13:31.394+0600][gc          ] GC(1136) Pause Young (Normal) (G1 Evacuation Pause) 779M->173M(1024M) 19.332ms
[2021-03-19T15:13:31.394+0600][gc,cpu      ] GC(1136) User=0.07s Sys=0.01s Real=0.02s
[2021-03-19T15:13:48.150+0600][gc,start    ] GC(1137) Pause Young (Normal) (G1 Evacuation Pause)
[2021-03-19T15:13:48.150+0600][gc,task     ] GC(1137) Using 8 workers of 8 for evacuation
[2021-03-19T15:13:48.167+0600][gc,phases   ] GC(1137)   Pre Evacuate Collection Set: 0.3ms
[2021-03-19T15:13:48.167+0600][gc,phases   ] GC(1137)   Merge Heap Roots: 0.3ms
[2021-03-19T15:13:48.167+0600][gc,phases   ] GC(1137)   Evacuate Collection Set: 15.2ms
[2021-03-19T15:13:48.167+0600][gc,phases   ] GC(1137)   Post Evacuate Collection Set: 0.7ms
[2021-03-19T15:13:48.167+0600][gc,phases   ] GC(1137)   Other: 0.7ms
[2021-03-19T15:13:48.167+0600][gc,heap     ] GC(1137) Eden regions: 605->0(606)
[2021-03-19T15:13:48.167+0600][gc,heap     ] GC(1137) Survivor regions: 9->8(77)
[2021-03-19T15:13:48.167+0600][gc,heap     ] GC(1137) Old regions: 36->37
[2021-03-19T15:13:48.167+0600][gc,heap     ] GC(1137) Archive regions: 2->2
[2021-03-19T15:13:48.167+0600][gc,heap     ] GC(1137) Humongous regions: 129->129
[2021-03-19T15:13:48.167+0600][gc,metaspace] GC(1137) Metaspace: 40240K(41216K)->40240K(41216K) NonClass: 35934K(36608K)->35934K(36608K) Class: 4306K(4608K)->4306K(4608K)
[2021-03-19T15:13:48.167+0600][gc          ] GC(1137) Pause Young (Normal) (G1 Evacuation Pause) 778M->174M(1024M) 17.395ms
[2021-03-19T15:13:48.167+0600][gc,cpu      ] GC(1137) User=0.06s Sys=0.00s Real=0.01s
[2021-03-19T15:14:01.154+0600][gc,start    ] GC(1138) Pause Young (Normal) (G1 Evacuation Pause)
[2021-03-19T15:14:01.154+0600][gc,task     ] GC(1138) Using 8 workers of 8 for evacuation
[2021-03-19T15:14:01.168+0600][gc,phases   ] GC(1138)   Pre Evacuate Collection Set: 0.3ms
[2021-03-19T15:14:01.168+0600][gc,phases   ] GC(1138)   Merge Heap Roots: 0.3ms
[2021-03-19T15:14:01.168+0600][gc,phases   ] GC(1138)   Evacuate Collection Set: 12.8ms
[2021-03-19T15:14:01.168+0600][gc,phases   ] GC(1138)   Post Evacuate Collection Set: 0.6ms
[2021-03-19T15:14:01.168+0600][gc,phases   ] GC(1138)   Other: 0.4ms
[2021-03-19T15:14:01.168+0600][gc,heap     ] GC(1138) Eden regions: 606->0(606)
[2021-03-19T15:14:01.168+0600][gc,heap     ] GC(1138) Survivor regions: 8->8(77)
[2021-03-19T15:14:01.168+0600][gc,heap     ] GC(1138) Old regions: 37->37
[2021-03-19T15:14:01.168+0600][gc,heap     ] GC(1138) Archive regions: 2->2
[2021-03-19T15:14:01.168+0600][gc,heap     ] GC(1138) Humongous regions: 129->129
[2021-03-19T15:14:01.168+0600][gc,metaspace] GC(1138) Metaspace: 40240K(41216K)->40240K(41216K) NonClass: 35934K(36608K)->35934K(36608K) Class: 4306K(4608K)->4306K(4608K)
[2021-03-19T15:14:01.168+0600][gc          ] GC(1138) Pause Young (Normal) (G1 Evacuation Pause) 780M->174M(1024M) 14.581ms
[2021-03-19T15:14:01.168+0600][gc,cpu      ] GC(1138) User=0.05s Sys=0.00s Real=0.01s
[2021-03-19T15:14:13.843+0600][gc,start    ] GC(1139) Pause Young (Normal) (G1 Evacuation Pause)
[2021-03-19T15:14:13.843+0600][gc,task     ] GC(1139) Using 8 workers of 8 for evacuation
[2021-03-19T15:14:13.858+0600][gc,phases   ] GC(1139)   Pre Evacuate Collection Set: 0.2ms
[2021-03-19T15:14:13.858+0600][gc,phases   ] GC(1139)   Merge Heap Roots: 0.3ms
[2021-03-19T15:14:13.858+0600][gc,phases   ] GC(1139)   Evacuate Collection Set: 13.7ms
[2021-03-19T15:14:13.858+0600][gc,phases   ] GC(1139)   Post Evacuate Collection Set: 1.0ms
[2021-03-19T15:14:13.858+0600][gc,phases   ] GC(1139)   Other: 0.4ms
[2021-03-19T15:14:13.858+0600][gc,heap     ] GC(1139) Eden regions: 606->0(606)
[2021-03-19T15:14:13.858+0600][gc,heap     ] GC(1139) Survivor regions: 8->8(77)
[2021-03-19T15:14:13.858+0600][gc,heap     ] GC(1139) Old regions: 37->38
[2021-03-19T15:14:13.858+0600][gc,heap     ] GC(1139) Archive regions: 2->2
[2021-03-19T15:14:13.858+0600][gc,heap     ] GC(1139) Humongous regions: 129->129
[2021-03-19T15:14:13.858+0600][gc,metaspace] GC(1139) Metaspace: 40240K(41216K)->40240K(41216K) NonClass: 35934K(36608K)->35934K(36608K) Class: 4306K(4608K)->4306K(4608K)
[2021-03-19T15:14:13.858+0600][gc          ] GC(1139) Pause Young (Normal) (G1 Evacuation Pause) 780M->175M(1024M) 15.677ms
[2021-03-19T15:14:13.859+0600][gc,cpu      ] GC(1139) User=0.05s Sys=0.00s Real=0.01s
[2021-03-19T15:14:27.822+0600][gc,start    ] GC(1140) Pause Young (Normal) (G1 Evacuation Pause)
[2021-03-19T15:14:27.822+0600][gc,task     ] GC(1140) Using 8 workers of 8 for evacuation
[2021-03-19T15:14:27.838+0600][gc,phases   ] GC(1140)   Pre Evacuate Collection Set: 0.4ms
[2021-03-19T15:14:27.838+0600][gc,phases   ] GC(1140)   Merge Heap Roots: 0.4ms
[2021-03-19T15:14:27.838+0600][gc,phases   ] GC(1140)   Evacuate Collection Set: 14.7ms
[2021-03-19T15:14:27.838+0600][gc,phases   ] GC(1140)   Post Evacuate Collection Set: 0.5ms
[2021-03-19T15:14:27.838+0600][gc,phases   ] GC(1140)   Other: 0.5ms
[2021-03-19T15:14:27.838+0600][gc,heap     ] GC(1140) Eden regions: 606->0(606)
[2021-03-19T15:14:27.838+0600][gc,heap     ] GC(1140) Survivor regions: 8->8(77)
[2021-03-19T15:14:27.838+0600][gc,heap     ] GC(1140) Old regions: 38->38
[2021-03-19T15:14:27.838+0600][gc,heap     ] GC(1140) Archive regions: 2->2
[2021-03-19T15:14:27.838+0600][gc,heap     ] GC(1140) Humongous regions: 129->129
[2021-03-19T15:14:27.838+0600][gc,metaspace] GC(1140) Metaspace: 40240K(41216K)->40240K(41216K) NonClass: 35934K(36608K)->35934K(36608K) Class: 4306K(4608K)->4306K(4608K)
[2021-03-19T15:14:27.838+0600][gc          ] GC(1140) Pause Young (Normal) (G1 Evacuation Pause) 781M->175M(1024M) 16.634ms
[2021-03-19T15:14:27.838+0600][gc,cpu      ] GC(1140) User=0.06s Sys=0.01s Real=0.01s
[2021-03-19T15:14:43.348+0600][gc,start    ] GC(1141) Pause Young (Normal) (G1 Evacuation Pause)
[2021-03-19T15:14:43.348+0600][gc,task     ] GC(1141) Using 8 workers of 8 for evacuation
[2021-03-19T15:14:43.367+0600][gc,phases   ] GC(1141)   Pre Evacuate Collection Set: 0.4ms
[2021-03-19T15:14:43.367+0600][gc,phases   ] GC(1141)   Merge Heap Roots: 0.4ms
[2021-03-19T15:14:43.367+0600][gc,phases   ] GC(1141)   Evacuate Collection Set: 17.1ms
[2021-03-19T15:14:43.367+0600][gc,phases   ] GC(1141)   Post Evacuate Collection Set: 0.6ms
[2021-03-19T15:14:43.367+0600][gc,phases   ] GC(1141)   Other: 0.8ms
[2021-03-19T15:14:43.367+0600][gc,heap     ] GC(1141) Eden regions: 606->0(603)
[2021-03-19T15:14:43.367+0600][gc,heap     ] GC(1141) Survivor regions: 8->11(77)
[2021-03-19T15:14:43.367+0600][gc,heap     ] GC(1141) Old regions: 38->39
[2021-03-19T15:14:43.367+0600][gc,heap     ] GC(1141) Archive regions: 2->2
[2021-03-19T15:14:43.367+0600][gc,heap     ] GC(1141) Humongous regions: 129->129
[2021-03-19T15:14:43.367+0600][gc,metaspace] GC(1141) Metaspace: 40240K(41216K)->40240K(41216K) NonClass: 35934K(36608K)->35934K(36608K) Class: 4306K(4608K)->4306K(4608K)
[2021-03-19T15:14:43.367+0600][gc          ] GC(1141) Pause Young (Normal) (G1 Evacuation Pause) 781M->178M(1024M) 19.427ms
[2021-03-19T15:14:43.367+0600][gc,cpu      ] GC(1141) User=0.07s Sys=0.00s Real=0.02s
[2021-03-19T15:14:58.983+0600][gc,start    ] GC(1142) Pause Young (Normal) (G1 Evacuation Pause)
[2021-03-19T15:14:58.983+0600][gc,task     ] GC(1142) Using 8 workers of 8 for evacuation
[2021-03-19T15:14:59.001+0600][gc,phases   ] GC(1142)   Pre Evacuate Collection Set: 0.3ms
[2021-03-19T15:14:59.001+0600][gc,phases   ] GC(1142)   Merge Heap Roots: 0.3ms
[2021-03-19T15:14:59.001+0600][gc,phases   ] GC(1142)   Evacuate Collection Set: 16.2ms
[2021-03-19T15:14:59.001+0600][gc,phases   ] GC(1142)   Post Evacuate Collection Set: 0.8ms
[2021-03-19T15:14:59.001+0600][gc,phases   ] GC(1142)   Other: 0.7ms
[2021-03-19T15:14:59.001+0600][gc,heap     ] GC(1142) Eden regions: 603->0(604)
[2021-03-19T15:14:59.001+0600][gc,heap     ] GC(1142) Survivor regions: 11->10(77)
[2021-03-19T15:14:59.001+0600][gc,heap     ] GC(1142) Old regions: 39->40
[2021-03-19T15:14:59.001+0600][gc,heap     ] GC(1142) Archive regions: 2->2
[2021-03-19T15:14:59.001+0600][gc,heap     ] GC(1142) Humongous regions: 129->129
[2021-03-19T15:14:59.001+0600][gc,metaspace] GC(1142) Metaspace: 40240K(41216K)->40240K(41216K) NonClass: 35934K(36608K)->35934K(36608K) Class: 4306K(4608K)->4306K(4608K)
[2021-03-19T15:14:59.001+0600][gc          ] GC(1142) Pause Young (Normal) (G1 Evacuation Pause) 781M->178M(1024M) 18.438ms
[2021-03-19T15:14:59.001+0600][gc,cpu      ] GC(1142) User=0.07s Sys=0.00s Real=0.02s
[2021-03-19T15:15:15.318+0600][gc,start    ] GC(1143) Pause Young (Normal) (G1 Evacuation Pause)
[2021-03-19T15:15:15.318+0600][gc,task     ] GC(1143) Using 8 workers of 8 for evacuation
[2021-03-19T15:15:15.337+0600][gc,phases   ] GC(1143)   Pre Evacuate Collection Set: 0.5ms
[2021-03-19T15:15:15.337+0600][gc,phases   ] GC(1143)   Merge Heap Roots: 0.5ms
[2021-03-19T15:15:15.337+0600][gc,phases   ] GC(1143)   Evacuate Collection Set: 16.8ms
[2021-03-19T15:15:15.337+0600][gc,phases   ] GC(1143)   Post Evacuate Collection Set: 0.8ms
[2021-03-19T15:15:15.337+0600][gc,phases   ] GC(1143)   Other: 0.7ms
[2021-03-19T15:15:15.337+0600][gc,heap     ] GC(1143) Eden regions: 604->0(604)
[2021-03-19T15:15:15.337+0600][gc,heap     ] GC(1143) Survivor regions: 10->10(77)
[2021-03-19T15:15:15.337+0600][gc,heap     ] GC(1143) Old regions: 40->40
[2021-03-19T15:15:15.337+0600][gc,heap     ] GC(1143) Archive regions: 2->2
[2021-03-19T15:15:15.337+0600][gc,heap     ] GC(1143) Humongous regions: 129->129
[2021-03-19T15:15:15.337+0600][gc,metaspace] GC(1143) Metaspace: 40240K(41216K)->40240K(41216K) NonClass: 35934K(36608K)->35934K(36608K) Class: 4306K(4608K)->4306K(4608K)
[2021-03-19T15:15:15.337+0600][gc          ] GC(1143) Pause Young (Normal) (G1 Evacuation Pause) 782M->178M(1024M) 19.358ms
[2021-03-19T15:15:15.337+0600][gc,cpu      ] GC(1143) User=0.08s Sys=0.01s Real=0.02s
[2021-03-19T15:15:31.123+0600][gc,start    ] GC(1144) Pause Young (Normal) (G1 Evacuation Pause)
[2021-03-19T15:15:31.124+0600][gc,task     ] GC(1144) Using 8 workers of 8 for evacuation
[2021-03-19T15:15:31.141+0600][gc,phases   ] GC(1144)   Pre Evacuate Collection Set: 0.4ms
[2021-03-19T15:15:31.141+0600][gc,phases   ] GC(1144)   Merge Heap Roots: 0.5ms
[2021-03-19T15:15:31.141+0600][gc,phases   ] GC(1144)   Evacuate Collection Set: 15.8ms
[2021-03-19T15:15:31.141+0600][gc,phases   ] GC(1144)   Post Evacuate Collection Set: 0.7ms
[2021-03-19T15:15:31.141+0600][gc,phases   ] GC(1144)   Other: 0.6ms
[2021-03-19T15:15:31.141+0600][gc,heap     ] GC(1144) Eden regions: 604->0(604)
[2021-03-19T15:15:31.141+0600][gc,heap     ] GC(1144) Survivor regions: 10->10(77)
[2021-03-19T15:15:31.141+0600][gc,heap     ] GC(1144) Old regions: 40->41
[2021-03-19T15:15:31.141+0600][gc,heap     ] GC(1144) Archive regions: 2->2
[2021-03-19T15:15:31.141+0600][gc,heap     ] GC(1144) Humongous regions: 129->129
[2021-03-19T15:15:31.142+0600][gc,metaspace] GC(1144) Metaspace: 40240K(41216K)->40240K(41216K) NonClass: 35934K(36608K)->35934K(36608K) Class: 4306K(4608K)->4306K(4608K)
[2021-03-19T15:15:31.142+0600][gc          ] GC(1144) Pause Young (Normal) (G1 Evacuation Pause) 782M->179M(1024M) 18.158ms
[2021-03-19T15:15:31.142+0600][gc,cpu      ] GC(1144) User=0.07s Sys=0.01s Real=0.02s
[2021-03-19T15:15:46.922+0600][gc,start    ] GC(1145) Pause Young (Normal) (G1 Evacuation Pause)
[2021-03-19T15:15:46.923+0600][gc,task     ] GC(1145) Using 8 workers of 8 for evacuation
[2021-03-19T15:15:46.943+0600][gc,mmu      ] GC(1145) MMU target violated: 20.4ms (20.0ms/21.0ms)
[2021-03-19T15:15:46.943+0600][gc,phases   ] GC(1145)   Pre Evacuate Collection Set: 0.5ms
[2021-03-19T15:15:46.943+0600][gc,phases   ] GC(1145)   Merge Heap Roots: 0.9ms
[2021-03-19T15:15:46.943+0600][gc,phases   ] GC(1145)   Evacuate Collection Set: 18.2ms
[2021-03-19T15:15:46.943+0600][gc,phases   ] GC(1145)   Post Evacuate Collection Set: 0.6ms
[2021-03-19T15:15:46.943+0600][gc,phases   ] GC(1145)   Other: 0.7ms
[2021-03-19T15:15:46.943+0600][gc,heap     ] GC(1145) Eden regions: 604->0(605)
[2021-03-19T15:15:46.943+0600][gc,heap     ] GC(1145) Survivor regions: 10->9(77)
[2021-03-19T15:15:46.943+0600][gc,heap     ] GC(1145) Old regions: 41->41
[2021-03-19T15:15:46.943+0600][gc,heap     ] GC(1145) Archive regions: 2->2
[2021-03-19T15:15:46.943+0600][gc,heap     ] GC(1145) Humongous regions: 129->129
[2021-03-19T15:15:46.943+0600][gc,metaspace] GC(1145) Metaspace: 40240K(41216K)->40240K(41216K) NonClass: 35934K(36608K)->35934K(36608K) Class: 4306K(4608K)->4306K(4608K)
[2021-03-19T15:15:46.943+0600][gc          ] GC(1145) Pause Young (Normal) (G1 Evacuation Pause) 783M->179M(1024M) 21.027ms
[2021-03-19T15:15:46.943+0600][gc,cpu      ] GC(1145) User=0.07s Sys=0.01s Real=0.02s
[2021-03-19T15:16:02.968+0600][gc,start    ] GC(1146) Pause Young (Normal) (G1 Evacuation Pause)
[2021-03-19T15:16:02.968+0600][gc,task     ] GC(1146) Using 8 workers of 8 for evacuation
[2021-03-19T15:16:02.983+0600][gc,phases   ] GC(1146)   Pre Evacuate Collection Set: 0.2ms
[2021-03-19T15:16:02.983+0600][gc,phases   ] GC(1146)   Merge Heap Roots: 0.3ms
[2021-03-19T15:16:02.983+0600][gc,phases   ] GC(1146)   Evacuate Collection Set: 13.7ms
[2021-03-19T15:16:02.983+0600][gc,phases   ] GC(1146)   Post Evacuate Collection Set: 0.7ms
[2021-03-19T15:16:02.983+0600][gc,phases   ] GC(1146)   Other: 0.4ms
[2021-03-19T15:16:02.983+0600][gc,heap     ] GC(1146) Eden regions: 605->0(605)
[2021-03-19T15:16:02.983+0600][gc,heap     ] GC(1146) Survivor regions: 9->9(77)
[2021-03-19T15:16:02.983+0600][gc,heap     ] GC(1146) Old regions: 41->42
[2021-03-19T15:16:02.983+0600][gc,heap     ] GC(1146) Archive regions: 2->2
[2021-03-19T15:16:02.983+0600][gc,heap     ] GC(1146) Humongous regions: 129->129
[2021-03-19T15:16:02.983+0600][gc,metaspace] GC(1146) Metaspace: 40240K(41216K)->40240K(41216K) NonClass: 35934K(36608K)->35934K(36608K) Class: 4306K(4608K)->4306K(4608K)
[2021-03-19T15:16:02.983+0600][gc          ] GC(1146) Pause Young (Normal) (G1 Evacuation Pause) 784M->179M(1024M) 15.538ms
[2021-03-19T15:16:02.983+0600][gc,cpu      ] GC(1146) User=0.07s Sys=0.01s Real=0.02s
[2021-03-19T15:16:17.477+0600][gc,start    ] GC(1147) Pause Young (Normal) (G1 Evacuation Pause)
[2021-03-19T15:16:17.477+0600][gc,task     ] GC(1147) Using 8 workers of 8 for evacuation
[2021-03-19T15:16:17.491+0600][gc,phases   ] GC(1147)   Pre Evacuate Collection Set: 0.2ms
[2021-03-19T15:16:17.491+0600][gc,phases   ] GC(1147)   Merge Heap Roots: 0.2ms
[2021-03-19T15:16:17.491+0600][gc,phases   ] GC(1147)   Evacuate Collection Set: 12.7ms
[2021-03-19T15:16:17.491+0600][gc,phases   ] GC(1147)   Post Evacuate Collection Set: 0.6ms
[2021-03-19T15:16:17.491+0600][gc,phases   ] GC(1147)   Other: 0.7ms
[2021-03-19T15:16:17.492+0600][gc,heap     ] GC(1147) Eden regions: 605->0(605)
[2021-03-19T15:16:17.492+0600][gc,heap     ] GC(1147) Survivor regions: 9->9(77)
[2021-03-19T15:16:17.492+0600][gc,heap     ] GC(1147) Old regions: 42->42
[2021-03-19T15:16:17.492+0600][gc,heap     ] GC(1147) Archive regions: 2->2
[2021-03-19T15:16:17.492+0600][gc,heap     ] GC(1147) Humongous regions: 129->129
[2021-03-19T15:16:17.492+0600][gc,metaspace] GC(1147) Metaspace: 40240K(41216K)->40240K(41216K) NonClass: 35934K(36608K)->35934K(36608K) Class: 4306K(4608K)->4306K(4608K)
[2021-03-19T15:16:17.492+0600][gc          ] GC(1147) Pause Young (Normal) (G1 Evacuation Pause) 784M->179M(1024M) 14.560ms
[2021-03-19T15:16:17.492+0600][gc,cpu      ] GC(1147) User=0.05s Sys=0.00s Real=0.02s
[2021-03-19T15:16:32.753+0600][gc,start    ] GC(1148) Pause Young (Normal) (G1 Evacuation Pause)
[2021-03-19T15:16:32.753+0600][gc,task     ] GC(1148) Using 8 workers of 8 for evacuation
[2021-03-19T15:16:32.773+0600][gc,phases   ] GC(1148)   Pre Evacuate Collection Set: 0.4ms
[2021-03-19T15:16:32.773+0600][gc,phases   ] GC(1148)   Merge Heap Roots: 0.4ms
[2021-03-19T15:16:32.773+0600][gc,phases   ] GC(1148)   Evacuate Collection Set: 18.0ms
[2021-03-19T15:16:32.773+0600][gc,phases   ] GC(1148)   Post Evacuate Collection Set: 0.8ms
[2021-03-19T15:16:32.773+0600][gc,phases   ] GC(1148)   Other: 0.8ms
[2021-03-19T15:16:32.773+0600][gc,heap     ] GC(1148) Eden regions: 605->0(606)
[2021-03-19T15:16:32.773+0600][gc,heap     ] GC(1148) Survivor regions: 9->8(77)
[2021-03-19T15:16:32.773+0600][gc,heap     ] GC(1148) Old regions: 42->43
[2021-03-19T15:16:32.773+0600][gc,heap     ] GC(1148) Archive regions: 2->2
[2021-03-19T15:16:32.773+0600][gc,heap     ] GC(1148) Humongous regions: 129->129
[2021-03-19T15:16:32.773+0600][gc,metaspace] GC(1148) Metaspace: 40240K(41216K)->40240K(41216K) NonClass: 35934K(36608K)->35934K(36608K) Class: 4306K(4608K)->4306K(4608K)
[2021-03-19T15:16:32.773+0600][gc          ] GC(1148) Pause Young (Normal) (G1 Evacuation Pause) 784M->179M(1024M) 20.661ms
[2021-03-19T15:16:32.773+0600][gc,cpu      ] GC(1148) User=0.06s Sys=0.01s Real=0.02s
[2021-03-19T15:16:49.202+0600][gc,start    ] GC(1149) Pause Young (Normal) (G1 Evacuation Pause)
[2021-03-19T15:16:49.202+0600][gc,task     ] GC(1149) Using 8 workers of 8 for evacuation
[2021-03-19T15:16:49.219+0600][gc,phases   ] GC(1149)   Pre Evacuate Collection Set: 0.4ms
[2021-03-19T15:16:49.219+0600][gc,phases   ] GC(1149)   Merge Heap Roots: 0.4ms
[2021-03-19T15:16:49.219+0600][gc,phases   ] GC(1149)   Evacuate Collection Set: 15.0ms
[2021-03-19T15:16:49.219+0600][gc,phases   ] GC(1149)   Post Evacuate Collection Set: 0.6ms
[2021-03-19T15:16:49.219+0600][gc,phases   ] GC(1149)   Other: 0.8ms
[2021-03-19T15:16:49.219+0600][gc,heap     ] GC(1149) Eden regions: 606->0(606)
[2021-03-19T15:16:49.219+0600][gc,heap     ] GC(1149) Survivor regions: 8->8(77)
[2021-03-19T15:16:49.219+0600][gc,heap     ] GC(1149) Old regions: 43->43
[2021-03-19T15:16:49.219+0600][gc,heap     ] GC(1149) Archive regions: 2->2
[2021-03-19T15:16:49.219+0600][gc,heap     ] GC(1149) Humongous regions: 129->129
[2021-03-19T15:16:49.219+0600][gc,metaspace] GC(1149) Metaspace: 40240K(41216K)->40240K(41216K) NonClass: 35934K(36608K)->35934K(36608K) Class: 4306K(4608K)->4306K(4608K)
[2021-03-19T15:16:49.219+0600][gc          ] GC(1149) Pause Young (Normal) (G1 Evacuation Pause) 785M->180M(1024M) 17.193ms
[2021-03-19T15:16:49.219+0600][gc,cpu      ] GC(1149) User=0.07s Sys=0.01s Real=0.01s
[2021-03-19T15:17:05.119+0600][gc,start    ] GC(1150) Pause Young (Normal) (G1 Evacuation Pause)
[2021-03-19T15:17:05.119+0600][gc,task     ] GC(1150) Using 8 workers of 8 for evacuation
[2021-03-19T15:17:05.136+0600][gc,phases   ] GC(1150)   Pre Evacuate Collection Set: 0.3ms
[2021-03-19T15:17:05.136+0600][gc,phases   ] GC(1150)   Merge Heap Roots: 0.3ms
[2021-03-19T15:17:05.136+0600][gc,phases   ] GC(1150)   Evacuate Collection Set: 15.8ms
[2021-03-19T15:17:05.136+0600][gc,phases   ] GC(1150)   Post Evacuate Collection Set: 0.6ms
[2021-03-19T15:17:05.136+0600][gc,phases   ] GC(1150)   Other: 0.6ms
[2021-03-19T15:17:05.136+0600][gc,heap     ] GC(1150) Eden regions: 606->0(606)
[2021-03-19T15:17:05.136+0600][gc,heap     ] GC(1150) Survivor regions: 8->8(77)
[2021-03-19T15:17:05.136+0600][gc,heap     ] GC(1150) Old regions: 43->44
[2021-03-19T15:17:05.136+0600][gc,heap     ] GC(1150) Archive regions: 2->2
[2021-03-19T15:17:05.137+0600][gc,heap     ] GC(1150) Humongous regions: 129->129
[2021-03-19T15:17:05.137+0600][gc,metaspace] GC(1150) Metaspace: 40240K(41216K)->40240K(41216K) NonClass: 35934K(36608K)->35934K(36608K) Class: 4306K(4608K)->4306K(4608K)
[2021-03-19T15:17:05.137+0600][gc          ] GC(1150) Pause Young (Normal) (G1 Evacuation Pause) 786M->180M(1024M) 17.666ms
[2021-03-19T15:17:05.137+0600][gc,cpu      ] GC(1150) User=0.05s Sys=0.01s Real=0.02s
[2021-03-19T15:17:21.101+0600][gc,start    ] GC(1151) Pause Young (Normal) (G1 Evacuation Pause)
[2021-03-19T15:17:21.101+0600][gc,task     ] GC(1151) Using 8 workers of 8 for evacuation
[2021-03-19T15:17:21.118+0600][gc,phases   ] GC(1151)   Pre Evacuate Collection Set: 0.3ms
[2021-03-19T15:17:21.118+0600][gc,phases   ] GC(1151)   Merge Heap Roots: 0.4ms
[2021-03-19T15:17:21.118+0600][gc,phases   ] GC(1151)   Evacuate Collection Set: 14.7ms
[2021-03-19T15:17:21.118+0600][gc,phases   ] GC(1151)   Post Evacuate Collection Set: 0.5ms
[2021-03-19T15:17:21.118+0600][gc,phases   ] GC(1151)   Other: 0.6ms
[2021-03-19T15:17:21.118+0600][gc,heap     ] GC(1151) Eden regions: 606->0(607)
[2021-03-19T15:17:21.118+0600][gc,heap     ] GC(1151) Survivor regions: 8->7(77)
[2021-03-19T15:17:21.118+0600][gc,heap     ] GC(1151) Old regions: 44->44
[2021-03-19T15:17:21.118+0600][gc,heap     ] GC(1151) Archive regions: 2->2
[2021-03-19T15:17:21.118+0600][gc,heap     ] GC(1151) Humongous regions: 129->129
[2021-03-19T15:17:21.118+0600][gc,metaspace] GC(1151) Metaspace: 40240K(41216K)->40240K(41216K) NonClass: 35934K(36608K)->35934K(36608K) Class: 4306K(4608K)->4306K(4608K)
[2021-03-19T15:17:21.118+0600][gc          ] GC(1151) Pause Young (Normal) (G1 Evacuation Pause) 786M->180M(1024M) 16.628ms
[2021-03-19T15:17:21.118+0600][gc,cpu      ] GC(1151) User=0.06s Sys=0.00s Real=0.01s
[2021-03-19T15:17:37.694+0600][gc,start    ] GC(1152) Pause Young (Normal) (G1 Evacuation Pause)
[2021-03-19T15:17:37.694+0600][gc,task     ] GC(1152) Using 8 workers of 8 for evacuation
[2021-03-19T15:17:37.713+0600][gc,phases   ] GC(1152)   Pre Evacuate Collection Set: 0.5ms
[2021-03-19T15:17:37.713+0600][gc,phases   ] GC(1152)   Merge Heap Roots: 0.4ms
[2021-03-19T15:17:37.713+0600][gc,phases   ] GC(1152)   Evacuate Collection Set: 16.3ms
[2021-03-19T15:17:37.713+0600][gc,phases   ] GC(1152)   Post Evacuate Collection Set: 0.6ms
[2021-03-19T15:17:37.713+0600][gc,phases   ] GC(1152)   Other: 0.7ms
[2021-03-19T15:17:37.713+0600][gc,heap     ] GC(1152) Eden regions: 607->0(607)
[2021-03-19T15:17:37.713+0600][gc,heap     ] GC(1152) Survivor regions: 7->7(77)
[2021-03-19T15:17:37.713+0600][gc,heap     ] GC(1152) Old regions: 44->45
[2021-03-19T15:17:37.713+0600][gc,heap     ] GC(1152) Archive regions: 2->2
[2021-03-19T15:17:37.713+0600][gc,heap     ] GC(1152) Humongous regions: 129->129
[2021-03-19T15:17:37.713+0600][gc,metaspace] GC(1152) Metaspace: 40240K(41216K)->40240K(41216K) NonClass: 35934K(36608K)->35934K(36608K) Class: 4306K(4608K)->4306K(4608K)
[2021-03-19T15:17:37.713+0600][gc          ] GC(1152) Pause Young (Normal) (G1 Evacuation Pause) 787M->180M(1024M) 18.622ms
[2021-03-19T15:17:37.713+0600][gc,cpu      ] GC(1152) User=0.06s Sys=0.00s Real=0.02s
[2021-03-19T15:17:52.178+0600][gc,start    ] GC(1153) Pause Young (Normal) (G1 Evacuation Pause)
[2021-03-19T15:17:52.180+0600][gc,task     ] GC(1153) Using 8 workers of 8 for evacuation
[2021-03-19T15:17:52.197+0600][gc,phases   ] GC(1153)   Pre Evacuate Collection Set: 0.3ms
[2021-03-19T15:17:52.198+0600][gc,phases   ] GC(1153)   Merge Heap Roots: 0.2ms
[2021-03-19T15:17:52.198+0600][gc,phases   ] GC(1153)   Evacuate Collection Set: 15.9ms
[2021-03-19T15:17:52.198+0600][gc,phases   ] GC(1153)   Post Evacuate Collection Set: 0.8ms
[2021-03-19T15:17:52.198+0600][gc,phases   ] GC(1153)   Other: 2.0ms
[2021-03-19T15:17:52.198+0600][gc,heap     ] GC(1153) Eden regions: 607->0(607)
[2021-03-19T15:17:52.198+0600][gc,heap     ] GC(1153) Survivor regions: 7->7(77)
[2021-03-19T15:17:52.198+0600][gc,heap     ] GC(1153) Old regions: 45->46
[2021-03-19T15:17:52.198+0600][gc,heap     ] GC(1153) Archive regions: 2->2
[2021-03-19T15:17:52.198+0600][gc,heap     ] GC(1153) Humongous regions: 129->129
[2021-03-19T15:17:52.198+0600][gc,metaspace] GC(1153) Metaspace: 40240K(41216K)->40240K(41216K) NonClass: 35934K(36608K)->35934K(36608K) Class: 4306K(4608K)->4306K(4608K)
[2021-03-19T15:17:52.198+0600][gc          ] GC(1153) Pause Young (Normal) (G1 Evacuation Pause) 787M->180M(1024M) 19.316ms
[2021-03-19T15:17:52.198+0600][gc,cpu      ] GC(1153) User=0.05s Sys=0.00s Real=0.02s
[2021-03-19T15:18:08.744+0600][gc,start    ] GC(1154) Pause Young (Normal) (G1 Evacuation Pause)
[2021-03-19T15:18:08.746+0600][gc,task     ] GC(1154) Using 8 workers of 8 for evacuation
[2021-03-19T15:18:08.763+0600][gc,phases   ] GC(1154)   Pre Evacuate Collection Set: 0.2ms
[2021-03-19T15:18:08.763+0600][gc,phases   ] GC(1154)   Merge Heap Roots: 0.2ms
[2021-03-19T15:18:08.763+0600][gc,phases   ] GC(1154)   Evacuate Collection Set: 15.6ms
[2021-03-19T15:18:08.764+0600][gc,phases   ] GC(1154)   Post Evacuate Collection Set: 1.0ms
[2021-03-19T15:18:08.764+0600][gc,phases   ] GC(1154)   Other: 2.0ms
[2021-03-19T15:18:08.764+0600][gc,heap     ] GC(1154) Eden regions: 607->0(608)
[2021-03-19T15:18:08.764+0600][gc,heap     ] GC(1154) Survivor regions: 7->6(77)
[2021-03-19T15:18:08.764+0600][gc,heap     ] GC(1154) Old regions: 46->46
[2021-03-19T15:18:08.764+0600][gc,heap     ] GC(1154) Archive regions: 2->2
[2021-03-19T15:18:08.764+0600][gc,heap     ] GC(1154) Humongous regions: 129->129
[2021-03-19T15:18:08.764+0600][gc,metaspace] GC(1154) Metaspace: 40240K(41216K)->40240K(41216K) NonClass: 35934K(36608K)->35934K(36608K) Class: 4306K(4608K)->4306K(4608K)
[2021-03-19T15:18:08.764+0600][gc          ] GC(1154) Pause Young (Normal) (G1 Evacuation Pause) 787M->181M(1024M) 19.371ms
[2021-03-19T15:18:08.764+0600][gc,cpu      ] GC(1154) User=0.06s Sys=0.00s Real=0.02s
[2021-03-19T15:18:25.413+0600][gc,start    ] GC(1155) Pause Young (Normal) (G1 Evacuation Pause)
[2021-03-19T15:18:25.413+0600][gc,task     ] GC(1155) Using 8 workers of 8 for evacuation
[2021-03-19T15:18:25.430+0600][gc,phases   ] GC(1155)   Pre Evacuate Collection Set: 0.3ms
[2021-03-19T15:18:25.430+0600][gc,phases   ] GC(1155)   Merge Heap Roots: 0.3ms
[2021-03-19T15:18:25.430+0600][gc,phases   ] GC(1155)   Evacuate Collection Set: 15.3ms
[2021-03-19T15:18:25.430+0600][gc,phases   ] GC(1155)   Post Evacuate Collection Set: 0.7ms
[2021-03-19T15:18:25.430+0600][gc,phases   ] GC(1155)   Other: 0.5ms
[2021-03-19T15:18:25.430+0600][gc,heap     ] GC(1155) Eden regions: 608->0(608)
[2021-03-19T15:18:25.430+0600][gc,heap     ] GC(1155) Survivor regions: 6->6(77)
[2021-03-19T15:18:25.430+0600][gc,heap     ] GC(1155) Old regions: 46->47
[2021-03-19T15:18:25.430+0600][gc,heap     ] GC(1155) Archive regions: 2->2
[2021-03-19T15:18:25.430+0600][gc,heap     ] GC(1155) Humongous regions: 129->129
[2021-03-19T15:18:25.430+0600][gc,metaspace] GC(1155) Metaspace: 40240K(41216K)->40240K(41216K) NonClass: 35934K(36608K)->35934K(36608K) Class: 4306K(4608K)->4306K(4608K)
[2021-03-19T15:18:25.430+0600][gc          ] GC(1155) Pause Young (Normal) (G1 Evacuation Pause) 789M->181M(1024M) 17.234ms
[2021-03-19T15:18:25.431+0600][gc,cpu      ] GC(1155) User=0.06s Sys=0.00s Real=0.02s
[2021-03-19T15:18:41.799+0600][gc,start    ] GC(1156) Pause Young (Normal) (G1 Evacuation Pause)
[2021-03-19T15:18:41.800+0600][gc,task     ] GC(1156) Using 8 workers of 8 for evacuation
[2021-03-19T15:18:41.819+0600][gc,phases   ] GC(1156)   Pre Evacuate Collection Set: 0.8ms
[2021-03-19T15:18:41.819+0600][gc,phases   ] GC(1156)   Merge Heap Roots: 1.4ms
[2021-03-19T15:18:41.819+0600][gc,phases   ] GC(1156)   Evacuate Collection Set: 15.2ms
[2021-03-19T15:18:41.819+0600][gc,phases   ] GC(1156)   Post Evacuate Collection Set: 0.9ms
[2021-03-19T15:18:41.819+0600][gc,phases   ] GC(1156)   Other: 1.3ms
[2021-03-19T15:18:41.819+0600][gc,heap     ] GC(1156) Eden regions: 608->0(609)
[2021-03-19T15:18:41.819+0600][gc,heap     ] GC(1156) Survivor regions: 6->5(77)
[2021-03-19T15:18:41.819+0600][gc,heap     ] GC(1156) Old regions: 47->48
[2021-03-19T15:18:41.819+0600][gc,heap     ] GC(1156) Archive regions: 2->2
[2021-03-19T15:18:41.819+0600][gc,heap     ] GC(1156) Humongous regions: 129->129
[2021-03-19T15:18:41.819+0600][gc,metaspace] GC(1156) Metaspace: 40240K(41216K)->40240K(41216K) NonClass: 35934K(36608K)->35934K(36608K) Class: 4306K(4608K)->4306K(4608K)
[2021-03-19T15:18:41.819+0600][gc          ] GC(1156) Pause Young (Normal) (G1 Evacuation Pause) 789M->181M(1024M) 19.824ms
[2021-03-19T15:18:41.819+0600][gc,cpu      ] GC(1156) User=0.05s Sys=0.00s Real=0.02s
[2021-03-19T15:18:58.544+0600][gc,start    ] GC(1157) Pause Young (Normal) (G1 Evacuation Pause)
[2021-03-19T15:18:58.544+0600][gc,task     ] GC(1157) Using 8 workers of 8 for evacuation
[2021-03-19T15:18:58.560+0600][gc,phases   ] GC(1157)   Pre Evacuate Collection Set: 0.4ms
[2021-03-19T15:18:58.560+0600][gc,phases   ] GC(1157)   Merge Heap Roots: 0.3ms
[2021-03-19T15:18:58.560+0600][gc,phases   ] GC(1157)   Evacuate Collection Set: 14.5ms
[2021-03-19T15:18:58.560+0600][gc,phases   ] GC(1157)   Post Evacuate Collection Set: 0.8ms
[2021-03-19T15:18:58.560+0600][gc,phases   ] GC(1157)   Other: 0.7ms
[2021-03-19T15:18:58.560+0600][gc,heap     ] GC(1157) Eden regions: 609->0(609)
[2021-03-19T15:18:58.560+0600][gc,heap     ] GC(1157) Survivor regions: 5->5(77)
[2021-03-19T15:18:58.560+0600][gc,heap     ] GC(1157) Old regions: 48->48
[2021-03-19T15:18:58.560+0600][gc,heap     ] GC(1157) Archive regions: 2->2
[2021-03-19T15:18:58.560+0600][gc,heap     ] GC(1157) Humongous regions: 129->129
[2021-03-19T15:18:58.560+0600][gc,metaspace] GC(1157) Metaspace: 40240K(41216K)->40240K(41216K) NonClass: 35934K(36608K)->35934K(36608K) Class: 4306K(4608K)->4306K(4608K)
[2021-03-19T15:18:58.560+0600][gc          ] GC(1157) Pause Young (Normal) (G1 Evacuation Pause) 790M->182M(1024M) 16.775ms
[2021-03-19T15:18:58.560+0600][gc,cpu      ] GC(1157) User=0.06s Sys=0.00s Real=0.02s
[2021-03-19T15:19:14.990+0600][gc,start    ] GC(1158) Pause Young (Normal) (G1 Evacuation Pause)
[2021-03-19T15:19:14.990+0600][gc,task     ] GC(1158) Using 8 workers of 8 for evacuation
[2021-03-19T15:19:15.003+0600][gc,phases   ] GC(1158)   Pre Evacuate Collection Set: 0.2ms
[2021-03-19T15:19:15.004+0600][gc,phases   ] GC(1158)   Merge Heap Roots: 0.2ms
[2021-03-19T15:19:15.004+0600][gc,phases   ] GC(1158)   Evacuate Collection Set: 11.6ms
[2021-03-19T15:19:15.004+0600][gc,phases   ] GC(1158)   Post Evacuate Collection Set: 1.0ms
[2021-03-19T15:19:15.004+0600][gc,phases   ] GC(1158)   Other: 0.5ms
[2021-03-19T15:19:15.004+0600][gc,heap     ] GC(1158) Eden regions: 609->0(609)
[2021-03-19T15:19:15.004+0600][gc,heap     ] GC(1158) Survivor regions: 5->5(77)
[2021-03-19T15:19:15.004+0600][gc,heap     ] GC(1158) Old regions: 48->49
[2021-03-19T15:19:15.004+0600][gc,heap     ] GC(1158) Archive regions: 2->2
[2021-03-19T15:19:15.004+0600][gc,heap     ] GC(1158) Humongous regions: 129->129
[2021-03-19T15:19:15.004+0600][gc,metaspace] GC(1158) Metaspace: 40240K(41216K)->40240K(41216K) NonClass: 35934K(36608K)->35934K(36608K) Class: 4306K(4608K)->4306K(4608K)
[2021-03-19T15:19:15.004+0600][gc          ] GC(1158) Pause Young (Normal) (G1 Evacuation Pause) 791M->182M(1024M) 13.904ms
[2021-03-19T15:19:15.004+0600][gc,cpu      ] GC(1158) User=0.04s Sys=0.00s Real=0.01s
[2021-03-19T15:19:31.453+0600][gc,start    ] GC(1159) Pause Young (Normal) (G1 Evacuation Pause)
[2021-03-19T15:19:31.453+0600][gc,task     ] GC(1159) Using 8 workers of 8 for evacuation
[2021-03-19T15:19:31.466+0600][gc,phases   ] GC(1159)   Pre Evacuate Collection Set: 0.3ms
[2021-03-19T15:19:31.466+0600][gc,phases   ] GC(1159)   Merge Heap Roots: 0.3ms
[2021-03-19T15:19:31.466+0600][gc,phases   ] GC(1159)   Evacuate Collection Set: 10.7ms
[2021-03-19T15:19:31.466+0600][gc,phases   ] GC(1159)   Post Evacuate Collection Set: 0.9ms
[2021-03-19T15:19:31.466+0600][gc,phases   ] GC(1159)   Other: 0.6ms
[2021-03-19T15:19:31.466+0600][gc,heap     ] GC(1159) Eden regions: 609->0(609)
[2021-03-19T15:19:31.466+0600][gc,heap     ] GC(1159) Survivor regions: 5->5(77)
[2021-03-19T15:19:31.466+0600][gc,heap     ] GC(1159) Old regions: 49->49
[2021-03-19T15:19:31.466+0600][gc,heap     ] GC(1159) Archive regions: 2->2
[2021-03-19T15:19:31.466+0600][gc,heap     ] GC(1159) Humongous regions: 129->129
[2021-03-19T15:19:31.466+0600][gc,metaspace] GC(1159) Metaspace: 40240K(41216K)->40240K(41216K) NonClass: 35934K(36608K)->35934K(36608K) Class: 4306K(4608K)->4306K(4608K)
[2021-03-19T15:19:31.466+0600][gc          ] GC(1159) Pause Young (Normal) (G1 Evacuation Pause) 791M->182M(1024M) 12.967ms
[2021-03-19T15:19:31.466+0600][gc,cpu      ] GC(1159) User=0.05s Sys=0.00s Real=0.01s
[2021-03-19T15:19:43.396+0600][gc,start    ] GC(1160) Pause Young (Normal) (G1 Evacuation Pause)
[2021-03-19T15:19:43.397+0600][gc,task     ] GC(1160) Using 8 workers of 8 for evacuation
[2021-03-19T15:19:43.400+0600][gc,phases   ] GC(1160)   Pre Evacuate Collection Set: 0.2ms
[2021-03-19T15:19:43.400+0600][gc,phases   ] GC(1160)   Merge Heap Roots: 0.1ms
[2021-03-19T15:19:43.400+0600][gc,phases   ] GC(1160)   Evacuate Collection Set: 2.8ms
[2021-03-19T15:19:43.400+0600][gc,phases   ] GC(1160)   Post Evacuate Collection Set: 0.4ms
[2021-03-19T15:19:43.400+0600][gc,phases   ] GC(1160)   Other: 0.5ms
[2021-03-19T15:19:43.400+0600][gc,heap     ] GC(1160) Eden regions: 609->0(608)
[2021-03-19T15:19:43.400+0600][gc,heap     ] GC(1160) Survivor regions: 5->6(77)
[2021-03-19T15:19:43.400+0600][gc,heap     ] GC(1160) Old regions: 49->49
[2021-03-19T15:19:43.400+0600][gc,heap     ] GC(1160) Archive regions: 2->2
[2021-03-19T15:19:43.400+0600][gc,heap     ] GC(1160) Humongous regions: 129->129
[2021-03-19T15:19:43.400+0600][gc,metaspace] GC(1160) Metaspace: 40240K(41216K)->40240K(41216K) NonClass: 35934K(36608K)->35934K(36608K) Class: 4306K(4608K)->4306K(4608K)
[2021-03-19T15:19:43.400+0600][gc          ] GC(1160) Pause Young (Normal) (G1 Evacuation Pause) 791M->183M(1024M) 4.017ms
[2021-03-19T15:19:43.400+0600][gc,cpu      ] GC(1160) User=0.02s Sys=0.00s Real=0.01s
[2021-03-19T15:19:43.853+0600][gc,start    ] GC(1161) Pause Young (Normal) (G1 Evacuation Pause)
[2021-03-19T15:19:43.853+0600][gc,task     ] GC(1161) Using 8 workers of 8 for evacuation
[2021-03-19T15:19:43.856+0600][gc,phases   ] GC(1161)   Pre Evacuate Collection Set: 0.1ms
[2021-03-19T15:19:43.856+0600][gc,phases   ] GC(1161)   Merge Heap Roots: 0.1ms
[2021-03-19T15:19:43.856+0600][gc,phases   ] GC(1161)   Evacuate Collection Set: 2.7ms
[2021-03-19T15:19:43.856+0600][gc,phases   ] GC(1161)   Post Evacuate Collection Set: 0.6ms
[2021-03-19T15:19:43.856+0600][gc,phases   ] GC(1161)   Other: 0.2ms
[2021-03-19T15:19:43.856+0600][gc,heap     ] GC(1161) Eden regions: 608->0(609)
[2021-03-19T15:19:43.856+0600][gc,heap     ] GC(1161) Survivor regions: 6->5(77)
[2021-03-19T15:19:43.856+0600][gc,heap     ] GC(1161) Old regions: 49->49
[2021-03-19T15:19:43.856+0600][gc,heap     ] GC(1161) Archive regions: 2->2
[2021-03-19T15:19:43.856+0600][gc,heap     ] GC(1161) Humongous regions: 129->129
[2021-03-19T15:19:43.856+0600][gc,metaspace] GC(1161) Metaspace: 40240K(41216K)->40240K(41216K) NonClass: 35934K(36608K)->35934K(36608K) Class: 4306K(4608K)->4306K(4608K)
[2021-03-19T15:19:43.856+0600][gc          ] GC(1161) Pause Young (Normal) (G1 Evacuation Pause) 791M->183M(1024M) 3.751ms
[2021-03-19T15:19:43.856+0600][gc,cpu      ] GC(1161) User=0.02s Sys=0.00s Real=0.00s
[2021-03-19T15:19:57.202+0600][gc,start    ] GC(1162) Pause Young (Normal) (G1 Evacuation Pause)
[2021-03-19T15:19:57.204+0600][gc,task     ] GC(1162) Using 8 workers of 8 for evacuation
[2021-03-19T15:19:57.219+0600][gc,phases   ] GC(1162)   Pre Evacuate Collection Set: 0.4ms
[2021-03-19T15:19:57.219+0600][gc,phases   ] GC(1162)   Merge Heap Roots: 0.3ms
[2021-03-19T15:19:57.219+0600][gc,phases   ] GC(1162)   Evacuate Collection Set: 13.1ms
[2021-03-19T15:19:57.219+0600][gc,phases   ] GC(1162)   Post Evacuate Collection Set: 0.9ms
[2021-03-19T15:19:57.219+0600][gc,phases   ] GC(1162)   Other: 2.5ms
[2021-03-19T15:19:57.219+0600][gc,heap     ] GC(1162) Eden regions: 609->0(608)
[2021-03-19T15:19:57.219+0600][gc,heap     ] GC(1162) Survivor regions: 5->6(77)
[2021-03-19T15:19:57.219+0600][gc,heap     ] GC(1162) Old regions: 49->49
[2021-03-19T15:19:57.219+0600][gc,heap     ] GC(1162) Archive regions: 2->2
[2021-03-19T15:19:57.219+0600][gc,heap     ] GC(1162) Humongous regions: 129->129
[2021-03-19T15:19:57.219+0600][gc,metaspace] GC(1162) Metaspace: 40241K(41216K)->40241K(41216K) NonClass: 35935K(36608K)->35935K(36608K) Class: 4306K(4608K)->4306K(4608K)
[2021-03-19T15:19:57.219+0600][gc          ] GC(1162) Pause Young (Normal) (G1 Evacuation Pause) 792M->183M(1024M) 17.429ms
[2021-03-19T15:19:57.219+0600][gc,cpu      ] GC(1162) User=0.06s Sys=0.01s Real=0.01s
[2021-03-19T15:20:14.177+0600][gc,start    ] GC(1163) Pause Young (Normal) (G1 Evacuation Pause)
[2021-03-19T15:20:14.179+0600][gc,task     ] GC(1163) Using 8 workers of 8 for evacuation
[2021-03-19T15:20:14.192+0600][gc,phases   ] GC(1163)   Pre Evacuate Collection Set: 0.2ms
[2021-03-19T15:20:14.192+0600][gc,phases   ] GC(1163)   Merge Heap Roots: 0.2ms
[2021-03-19T15:20:14.192+0600][gc,phases   ] GC(1163)   Evacuate Collection Set: 11.7ms
[2021-03-19T15:20:14.192+0600][gc,phases   ] GC(1163)   Post Evacuate Collection Set: 0.8ms
[2021-03-19T15:20:14.192+0600][gc,phases   ] GC(1163)   Other: 2.0ms
[2021-03-19T15:20:14.192+0600][gc,heap     ] GC(1163) Eden regions: 608->0(608)
[2021-03-19T15:20:14.192+0600][gc,heap     ] GC(1163) Survivor regions: 6->6(77)
[2021-03-19T15:20:14.192+0600][gc,heap     ] GC(1163) Old regions: 49->50
[2021-03-19T15:20:14.192+0600][gc,heap     ] GC(1163) Archive regions: 2->2
[2021-03-19T15:20:14.192+0600][gc,heap     ] GC(1163) Humongous regions: 129->129
[2021-03-19T15:20:14.192+0600][gc,metaspace] GC(1163) Metaspace: 40241K(41216K)->40241K(41216K) NonClass: 35935K(36608K)->35935K(36608K) Class: 4306K(4608K)->4306K(4608K)
[2021-03-19T15:20:14.192+0600][gc          ] GC(1163) Pause Young (Normal) (G1 Evacuation Pause) 791M->184M(1024M) 14.965ms
[2021-03-19T15:20:14.192+0600][gc,cpu      ] GC(1163) User=0.04s Sys=0.00s Real=0.02s
[2021-03-19T15:20:30.693+0600][gc,start    ] GC(1164) Pause Young (Normal) (G1 Evacuation Pause)
[2021-03-19T15:20:30.693+0600][gc,task     ] GC(1164) Using 8 workers of 8 for evacuation
[2021-03-19T15:20:30.709+0600][gc,phases   ] GC(1164)   Pre Evacuate Collection Set: 0.5ms
[2021-03-19T15:20:30.709+0600][gc,phases   ] GC(1164)   Merge Heap Roots: 0.5ms
[2021-03-19T15:20:30.709+0600][gc,phases   ] GC(1164)   Evacuate Collection Set: 14.5ms
[2021-03-19T15:20:30.709+0600][gc,phases   ] GC(1164)   Post Evacuate Collection Set: 0.6ms
[2021-03-19T15:20:30.709+0600][gc,phases   ] GC(1164)   Other: 0.6ms
[2021-03-19T15:20:30.709+0600][gc,heap     ] GC(1164) Eden regions: 608->0(608)
[2021-03-19T15:20:30.709+0600][gc,heap     ] GC(1164) Survivor regions: 6->6(77)
[2021-03-19T15:20:30.709+0600][gc,heap     ] GC(1164) Old regions: 50->50
[2021-03-19T15:20:30.709+0600][gc,heap     ] GC(1164) Archive regions: 2->2
[2021-03-19T15:20:30.709+0600][gc,heap     ] GC(1164) Humongous regions: 129->129
[2021-03-19T15:20:30.709+0600][gc,metaspace] GC(1164) Metaspace: 40241K(41216K)->40241K(41216K) NonClass: 35935K(36608K)->35935K(36608K) Class: 4306K(4608K)->4306K(4608K)
[2021-03-19T15:20:30.709+0600][gc          ] GC(1164) Pause Young (Normal) (G1 Evacuation Pause) 792M->185M(1024M) 16.664ms
[2021-03-19T15:20:30.709+0600][gc,cpu      ] GC(1164) User=0.05s Sys=0.00s Real=0.01s
[2021-03-19T15:20:47.714+0600][gc,start    ] GC(1165) Pause Young (Normal) (G1 Evacuation Pause)
[2021-03-19T15:20:47.714+0600][gc,task     ] GC(1165) Using 8 workers of 8 for evacuation
[2021-03-19T15:20:47.731+0600][gc,phases   ] GC(1165)   Pre Evacuate Collection Set: 0.4ms
[2021-03-19T15:20:47.731+0600][gc,phases   ] GC(1165)   Merge Heap Roots: 0.3ms
[2021-03-19T15:20:47.731+0600][gc,phases   ] GC(1165)   Evacuate Collection Set: 15.1ms
[2021-03-19T15:20:47.731+0600][gc,phases   ] GC(1165)   Post Evacuate Collection Set: 0.7ms
[2021-03-19T15:20:47.731+0600][gc,phases   ] GC(1165)   Other: 0.8ms
[2021-03-19T15:20:47.731+0600][gc,heap     ] GC(1165) Eden regions: 608->0(607)
[2021-03-19T15:20:47.731+0600][gc,heap     ] GC(1165) Survivor regions: 6->7(77)
[2021-03-19T15:20:47.731+0600][gc,heap     ] GC(1165) Old regions: 50->50
[2021-03-19T15:20:47.731+0600][gc,heap     ] GC(1165) Archive regions: 2->2
[2021-03-19T15:20:47.731+0600][gc,heap     ] GC(1165) Humongous regions: 129->129
[2021-03-19T15:20:47.731+0600][gc,metaspace] GC(1165) Metaspace: 40242K(41216K)->40242K(41216K) NonClass: 35935K(36608K)->35935K(36608K) Class: 4306K(4608K)->4306K(4608K)
[2021-03-19T15:20:47.731+0600][gc          ] GC(1165) Pause Young (Normal) (G1 Evacuation Pause) 793M->185M(1024M) 17.421ms
[2021-03-19T15:20:47.731+0600][gc,cpu      ] GC(1165) User=0.06s Sys=0.01s Real=0.02s
[2021-03-19T15:21:05.615+0600][gc,start    ] GC(1166) Pause Young (Normal) (G1 Evacuation Pause)
[2021-03-19T15:21:05.615+0600][gc,task     ] GC(1166) Using 8 workers of 8 for evacuation
[2021-03-19T15:21:05.631+0600][gc,phases   ] GC(1166)   Pre Evacuate Collection Set: 0.2ms
[2021-03-19T15:21:05.631+0600][gc,phases   ] GC(1166)   Merge Heap Roots: 0.2ms
[2021-03-19T15:21:05.631+0600][gc,phases   ] GC(1166)   Evacuate Collection Set: 14.2ms
[2021-03-19T15:21:05.631+0600][gc,phases   ] GC(1166)   Post Evacuate Collection Set: 0.7ms
[2021-03-19T15:21:05.631+0600][gc,phases   ] GC(1166)   Other: 0.4ms
[2021-03-19T15:21:05.631+0600][gc,heap     ] GC(1166) Eden regions: 607->0(607)
[2021-03-19T15:21:05.631+0600][gc,heap     ] GC(1166) Survivor regions: 7->7(77)
[2021-03-19T15:21:05.631+0600][gc,heap     ] GC(1166) Old regions: 50->50
[2021-03-19T15:21:05.631+0600][gc,heap     ] GC(1166) Archive regions: 2->2
[2021-03-19T15:21:05.631+0600][gc,heap     ] GC(1166) Humongous regions: 129->129
[2021-03-19T15:21:05.631+0600][gc,metaspace] GC(1166) Metaspace: 40242K(41216K)->40242K(41216K) NonClass: 35935K(36608K)->35935K(36608K) Class: 4306K(4608K)->4306K(4608K)
[2021-03-19T15:21:05.631+0600][gc          ] GC(1166) Pause Young (Normal) (G1 Evacuation Pause) 792M->186M(1024M) 15.888ms
[2021-03-19T15:21:05.631+0600][gc,cpu      ] GC(1166) User=0.05s Sys=0.00s Real=0.02s
[2021-03-19T15:21:22.123+0600][gc,start    ] GC(1167) Pause Young (Normal) (G1 Evacuation Pause)
[2021-03-19T15:21:22.123+0600][gc,task     ] GC(1167) Using 8 workers of 8 for evacuation
[2021-03-19T15:21:22.139+0600][gc,phases   ] GC(1167)   Pre Evacuate Collection Set: 0.3ms
[2021-03-19T15:21:22.140+0600][gc,phases   ] GC(1167)   Merge Heap Roots: 0.3ms
[2021-03-19T15:21:22.140+0600][gc,phases   ] GC(1167)   Evacuate Collection Set: 15.1ms
[2021-03-19T15:21:22.140+0600][gc,phases   ] GC(1167)   Post Evacuate Collection Set: 0.7ms
[2021-03-19T15:21:22.140+0600][gc,phases   ] GC(1167)   Other: 0.6ms
[2021-03-19T15:21:22.140+0600][gc,heap     ] GC(1167) Eden regions: 607->0(606)
[2021-03-19T15:21:22.140+0600][gc,heap     ] GC(1167) Survivor regions: 7->8(77)
[2021-03-19T15:21:22.140+0600][gc,heap     ] GC(1167) Old regions: 50->51
[2021-03-19T15:21:22.140+0600][gc,heap     ] GC(1167) Archive regions: 2->2
[2021-03-19T15:21:22.140+0600][gc,heap     ] GC(1167) Humongous regions: 129->129
[2021-03-19T15:21:22.140+0600][gc,metaspace] GC(1167) Metaspace: 40242K(41216K)->40242K(41216K) NonClass: 35935K(36608K)->35935K(36608K) Class: 4306K(4608K)->4306K(4608K)
[2021-03-19T15:21:22.140+0600][gc          ] GC(1167) Pause Young (Normal) (G1 Evacuation Pause) 793M->186M(1024M) 17.166ms
[2021-03-19T15:21:22.140+0600][gc,cpu      ] GC(1167) User=0.06s Sys=0.00s Real=0.02s
[2021-03-19T15:21:38.562+0600][gc,start    ] GC(1168) Pause Young (Normal) (G1 Evacuation Pause)
[2021-03-19T15:21:38.563+0600][gc,task     ] GC(1168) Using 8 workers of 8 for evacuation
[2021-03-19T15:21:38.577+0600][gc,phases   ] GC(1168)   Pre Evacuate Collection Set: 0.3ms
[2021-03-19T15:21:38.577+0600][gc,phases   ] GC(1168)   Merge Heap Roots: 0.2ms
[2021-03-19T15:21:38.577+0600][gc,phases   ] GC(1168)   Evacuate Collection Set: 12.7ms
[2021-03-19T15:21:38.577+0600][gc,phases   ] GC(1168)   Post Evacuate Collection Set: 0.6ms
[2021-03-19T15:21:38.577+0600][gc,phases   ] GC(1168)   Other: 0.6ms
[2021-03-19T15:21:38.577+0600][gc,heap     ] GC(1168) Eden regions: 606->0(606)
[2021-03-19T15:21:38.577+0600][gc,heap     ] GC(1168) Survivor regions: 8->8(77)
[2021-03-19T15:21:38.577+0600][gc,heap     ] GC(1168) Old regions: 51->51
[2021-03-19T15:21:38.577+0600][gc,heap     ] GC(1168) Archive regions: 2->2
[2021-03-19T15:21:38.577+0600][gc,heap     ] GC(1168) Humongous regions: 129->129
[2021-03-19T15:21:38.577+0600][gc,metaspace] GC(1168) Metaspace: 40242K(41216K)->40242K(41216K) NonClass: 35935K(36608K)->35935K(36608K) Class: 4306K(4608K)->4306K(4608K)
[2021-03-19T15:21:38.577+0600][gc          ] GC(1168) Pause Young (Normal) (G1 Evacuation Pause) 792M->187M(1024M) 14.566ms
[2021-03-19T15:21:38.577+0600][gc,cpu      ] GC(1168) User=0.07s Sys=0.01s Real=0.01s
[2021-03-19T15:21:54.399+0600][gc,start    ] GC(1169) Pause Young (Normal) (G1 Evacuation Pause)
[2021-03-19T15:21:54.400+0600][gc,task     ] GC(1169) Using 8 workers of 8 for evacuation
[2021-03-19T15:21:54.416+0600][gc,phases   ] GC(1169)   Pre Evacuate Collection Set: 0.3ms
[2021-03-19T15:21:54.416+0600][gc,phases   ] GC(1169)   Merge Heap Roots: 0.2ms
[2021-03-19T15:21:54.416+0600][gc,phases   ] GC(1169)   Evacuate Collection Set: 14.4ms
[2021-03-19T15:21:54.416+0600][gc,phases   ] GC(1169)   Post Evacuate Collection Set: 0.6ms
[2021-03-19T15:21:54.416+0600][gc,phases   ] GC(1169)   Other: 1.4ms
[2021-03-19T15:21:54.416+0600][gc,heap     ] GC(1169) Eden regions: 606->0(606)
[2021-03-19T15:21:54.416+0600][gc,heap     ] GC(1169) Survivor regions: 8->8(77)
[2021-03-19T15:21:54.416+0600][gc,heap     ] GC(1169) Old regions: 51->51
[2021-03-19T15:21:54.416+0600][gc,heap     ] GC(1169) Archive regions: 2->2
[2021-03-19T15:21:54.416+0600][gc,heap     ] GC(1169) Humongous regions: 129->129
[2021-03-19T15:21:54.416+0600][gc,metaspace] GC(1169) Metaspace: 40242K(41216K)->40242K(41216K) NonClass: 35935K(36608K)->35935K(36608K) Class: 4306K(4608K)->4306K(4608K)
[2021-03-19T15:21:54.416+0600][gc          ] GC(1169) Pause Young (Normal) (G1 Evacuation Pause) 793M->188M(1024M) 17.154ms
[2021-03-19T15:21:54.416+0600][gc,cpu      ] GC(1169) User=0.06s Sys=0.00s Real=0.02s
[2021-03-19T15:22:09.214+0600][gc,start    ] GC(1170) Pause Young (Normal) (G1 Evacuation Pause)
[2021-03-19T15:22:09.214+0600][gc,task     ] GC(1170) Using 8 workers of 8 for evacuation
[2021-03-19T15:22:09.230+0600][gc,phases   ] GC(1170)   Pre Evacuate Collection Set: 0.4ms
[2021-03-19T15:22:09.230+0600][gc,phases   ] GC(1170)   Merge Heap Roots: 0.3ms
[2021-03-19T15:22:09.230+0600][gc,phases   ] GC(1170)   Evacuate Collection Set: 14.3ms
[2021-03-19T15:22:09.230+0600][gc,phases   ] GC(1170)   Post Evacuate Collection Set: 0.8ms
[2021-03-19T15:22:09.230+0600][gc,phases   ] GC(1170)   Other: 0.7ms
[2021-03-19T15:22:09.230+0600][gc,heap     ] GC(1170) Eden regions: 606->0(606)
[2021-03-19T15:22:09.230+0600][gc,heap     ] GC(1170) Survivor regions: 8->8(77)
[2021-03-19T15:22:09.230+0600][gc,heap     ] GC(1170) Old regions: 51->52
[2021-03-19T15:22:09.230+0600][gc,heap     ] GC(1170) Archive regions: 2->2
[2021-03-19T15:22:09.230+0600][gc,heap     ] GC(1170) Humongous regions: 129->129
[2021-03-19T15:22:09.230+0600][gc,metaspace] GC(1170) Metaspace: 40242K(41216K)->40242K(41216K) NonClass: 35935K(36608K)->35935K(36608K) Class: 4306K(4608K)->4306K(4608K)
[2021-03-19T15:22:09.230+0600][gc          ] GC(1170) Pause Young (Normal) (G1 Evacuation Pause) 794M->188M(1024M) 16.651ms
[2021-03-19T15:22:09.230+0600][gc,cpu      ] GC(1170) User=0.06s Sys=0.01s Real=0.02s
[2021-03-19T15:22:27.665+0600][gc,start    ] GC(1171) Pause Young (Normal) (G1 Evacuation Pause)
[2021-03-19T15:22:27.665+0600][gc,task     ] GC(1171) Using 8 workers of 8 for evacuation
[2021-03-19T15:22:27.679+0600][gc,phases   ] GC(1171)   Pre Evacuate Collection Set: 0.3ms
[2021-03-19T15:22:27.679+0600][gc,phases   ] GC(1171)   Merge Heap Roots: 0.3ms
[2021-03-19T15:22:27.679+0600][gc,phases   ] GC(1171)   Evacuate Collection Set: 12.6ms
[2021-03-19T15:22:27.679+0600][gc,phases   ] GC(1171)   Post Evacuate Collection Set: 0.5ms
[2021-03-19T15:22:27.679+0600][gc,phases   ] GC(1171)   Other: 0.6ms
[2021-03-19T15:22:27.679+0600][gc,heap     ] GC(1171) Eden regions: 606->0(606)
[2021-03-19T15:22:27.679+0600][gc,heap     ] GC(1171) Survivor regions: 8->8(77)
[2021-03-19T15:22:27.679+0600][gc,heap     ] GC(1171) Old regions: 52->52
[2021-03-19T15:22:27.679+0600][gc,heap     ] GC(1171) Archive regions: 2->2
[2021-03-19T15:22:27.679+0600][gc,heap     ] GC(1171) Humongous regions: 129->129
[2021-03-19T15:22:27.679+0600][gc,metaspace] GC(1171) Metaspace: 40242K(41216K)->40242K(41216K) NonClass: 35935K(36608K)->35935K(36608K) Class: 4306K(4608K)->4306K(4608K)
[2021-03-19T15:22:27.679+0600][gc          ] GC(1171) Pause Young (Normal) (G1 Evacuation Pause) 794M->189M(1024M) 14.426ms
[2021-03-19T15:22:27.679+0600][gc,cpu      ] GC(1171) User=0.06s Sys=0.00s Real=0.01s
[2021-03-19T15:22:45.772+0600][gc,start    ] GC(1172) Pause Young (Normal) (G1 Evacuation Pause)
[2021-03-19T15:22:45.772+0600][gc,task     ] GC(1172) Using 8 workers of 8 for evacuation
[2021-03-19T15:22:45.789+0600][gc,phases   ] GC(1172)   Pre Evacuate Collection Set: 0.4ms
[2021-03-19T15:22:45.789+0600][gc,phases   ] GC(1172)   Merge Heap Roots: 0.6ms
[2021-03-19T15:22:45.789+0600][gc,phases   ] GC(1172)   Evacuate Collection Set: 14.9ms
[2021-03-19T15:22:45.789+0600][gc,phases   ] GC(1172)   Post Evacuate Collection Set: 0.6ms
[2021-03-19T15:22:45.789+0600][gc,phases   ] GC(1172)   Other: 0.7ms
[2021-03-19T15:22:45.789+0600][gc,heap     ] GC(1172) Eden regions: 606->0(606)
[2021-03-19T15:22:45.789+0600][gc,heap     ] GC(1172) Survivor regions: 8->8(77)
[2021-03-19T15:22:45.789+0600][gc,heap     ] GC(1172) Old regions: 52->52
[2021-03-19T15:22:45.789+0600][gc,heap     ] GC(1172) Archive regions: 2->2
[2021-03-19T15:22:45.789+0600][gc,heap     ] GC(1172) Humongous regions: 129->129
[2021-03-19T15:22:45.789+0600][gc,metaspace] GC(1172) Metaspace: 40242K(41216K)->40242K(41216K) NonClass: 35935K(36608K)->35935K(36608K) Class: 4306K(4608K)->4306K(4608K)
[2021-03-19T15:22:45.789+0600][gc          ] GC(1172) Pause Young (Normal) (G1 Evacuation Pause) 795M->189M(1024M) 17.378ms
[2021-03-19T15:22:45.789+0600][gc,cpu      ] GC(1172) User=0.07s Sys=0.00s Real=0.01s
[2021-03-19T15:23:01.940+0600][gc,start    ] GC(1173) Pause Young (Normal) (G1 Evacuation Pause)
[2021-03-19T15:23:01.941+0600][gc,task     ] GC(1173) Using 8 workers of 8 for evacuation
[2021-03-19T15:23:01.956+0600][gc,phases   ] GC(1173)   Pre Evacuate Collection Set: 0.5ms
[2021-03-19T15:23:01.956+0600][gc,phases   ] GC(1173)   Merge Heap Roots: 0.6ms
[2021-03-19T15:23:01.956+0600][gc,phases   ] GC(1173)   Evacuate Collection Set: 13.3ms
[2021-03-19T15:23:01.956+0600][gc,phases   ] GC(1173)   Post Evacuate Collection Set: 0.7ms
[2021-03-19T15:23:01.956+0600][gc,phases   ] GC(1173)   Other: 0.6ms
[2021-03-19T15:23:01.956+0600][gc,heap     ] GC(1173) Eden regions: 606->0(605)
[2021-03-19T15:23:01.956+0600][gc,heap     ] GC(1173) Survivor regions: 8->9(77)
[2021-03-19T15:23:01.956+0600][gc,heap     ] GC(1173) Old regions: 52->53
[2021-03-19T15:23:01.956+0600][gc,heap     ] GC(1173) Archive regions: 2->2
[2021-03-19T15:23:01.956+0600][gc,heap     ] GC(1173) Humongous regions: 129->129
[2021-03-19T15:23:01.956+0600][gc,metaspace] GC(1173) Metaspace: 40242K(41216K)->40242K(41216K) NonClass: 35935K(36608K)->35935K(36608K) Class: 4306K(4608K)->4306K(4608K)
[2021-03-19T15:23:01.956+0600][gc          ] GC(1173) Pause Young (Normal) (G1 Evacuation Pause) 795M->190M(1024M) 15.948ms
[2021-03-19T15:23:01.956+0600][gc,cpu      ] GC(1173) User=0.05s Sys=0.01s Real=0.01s
[2021-03-19T15:23:17.258+0600][gc,start    ] GC(1174) Pause Young (Normal) (G1 Evacuation Pause)
[2021-03-19T15:23:17.260+0600][gc,task     ] GC(1174) Using 8 workers of 8 for evacuation
[2021-03-19T15:23:17.278+0600][gc,phases   ] GC(1174)   Pre Evacuate Collection Set: 0.4ms
[2021-03-19T15:23:17.278+0600][gc,phases   ] GC(1174)   Merge Heap Roots: 0.4ms
[2021-03-19T15:23:17.278+0600][gc,phases   ] GC(1174)   Evacuate Collection Set: 16.1ms
[2021-03-19T15:23:17.278+0600][gc,phases   ] GC(1174)   Post Evacuate Collection Set: 1.4ms
[2021-03-19T15:23:17.278+0600][gc,phases   ] GC(1174)   Other: 1.5ms
[2021-03-19T15:23:17.278+0600][gc,heap     ] GC(1174) Eden regions: 605->0(605)
[2021-03-19T15:23:17.278+0600][gc,heap     ] GC(1174) Survivor regions: 9->9(77)
[2021-03-19T15:23:17.278+0600][gc,heap     ] GC(1174) Old regions: 53->54
[2021-03-19T15:23:17.278+0600][gc,heap     ] GC(1174) Archive regions: 2->2
[2021-03-19T15:23:17.278+0600][gc,heap     ] GC(1174) Humongous regions: 129->129
[2021-03-19T15:23:17.278+0600][gc,metaspace] GC(1174) Metaspace: 40242K(41216K)->40242K(41216K) NonClass: 35935K(36608K)->35935K(36608K) Class: 4306K(4608K)->4306K(4608K)
[2021-03-19T15:23:17.278+0600][gc          ] GC(1174) Pause Young (Normal) (G1 Evacuation Pause) 795M->191M(1024M) 20.066ms
[2021-03-19T15:23:17.279+0600][gc,cpu      ] GC(1174) User=0.07s Sys=0.02s Real=0.02s
[2021-03-19T15:23:34.513+0600][gc,start    ] GC(1175) Pause Young (Normal) (G1 Evacuation Pause)
[2021-03-19T15:23:34.515+0600][gc,task     ] GC(1175) Using 8 workers of 8 for evacuation
[2021-03-19T15:23:34.539+0600][gc,mmu      ] GC(1175) MMU target violated: 21.0ms (20.0ms/21.0ms)
[2021-03-19T15:23:34.539+0600][gc,phases   ] GC(1175)   Pre Evacuate Collection Set: 0.5ms
[2021-03-19T15:23:34.539+0600][gc,phases   ] GC(1175)   Merge Heap Roots: 0.5ms
[2021-03-19T15:23:34.539+0600][gc,phases   ] GC(1175)   Evacuate Collection Set: 22.3ms
[2021-03-19T15:23:34.539+0600][gc,phases   ] GC(1175)   Post Evacuate Collection Set: 0.9ms
[2021-03-19T15:23:34.540+0600][gc,phases   ] GC(1175)   Other: 2.1ms
[2021-03-19T15:23:34.540+0600][gc,heap     ] GC(1175) Eden regions: 605->0(605)
[2021-03-19T15:23:34.540+0600][gc,heap     ] GC(1175) Survivor regions: 9->9(77)
[2021-03-19T15:23:34.540+0600][gc,heap     ] GC(1175) Old regions: 54->54
[2021-03-19T15:23:34.540+0600][gc,heap     ] GC(1175) Archive regions: 2->2
[2021-03-19T15:23:34.540+0600][gc,heap     ] GC(1175) Humongous regions: 129->129
[2021-03-19T15:23:34.540+0600][gc,metaspace] GC(1175) Metaspace: 40242K(41216K)->40242K(41216K) NonClass: 35935K(36608K)->35935K(36608K) Class: 4306K(4608K)->4306K(4608K)
[2021-03-19T15:23:34.540+0600][gc          ] GC(1175) Pause Young (Normal) (G1 Evacuation Pause) 796M->191M(1024M) 26.390ms
[2021-03-19T15:23:34.540+0600][gc,cpu      ] GC(1175) User=0.07s Sys=0.01s Real=0.03s
[2021-03-19T15:23:50.918+0600][gc,start    ] GC(1176) Pause Young (Normal) (G1 Evacuation Pause)
[2021-03-19T15:23:50.918+0600][gc,task     ] GC(1176) Using 8 workers of 8 for evacuation
[2021-03-19T15:23:50.937+0600][gc,phases   ] GC(1176)   Pre Evacuate Collection Set: 0.3ms
[2021-03-19T15:23:50.937+0600][gc,phases   ] GC(1176)   Merge Heap Roots: 0.3ms
[2021-03-19T15:23:50.937+0600][gc,phases   ] GC(1176)   Evacuate Collection Set: 17.3ms
[2021-03-19T15:23:50.937+0600][gc,phases   ] GC(1176)   Post Evacuate Collection Set: 0.7ms
[2021-03-19T15:23:50.937+0600][gc,phases   ] GC(1176)   Other: 0.7ms
[2021-03-19T15:23:50.937+0600][gc,heap     ] GC(1176) Eden regions: 605->0(605)
[2021-03-19T15:23:50.937+0600][gc,heap     ] GC(1176) Survivor regions: 9->9(77)
[2021-03-19T15:23:50.937+0600][gc,heap     ] GC(1176) Old regions: 54->54
[2021-03-19T15:23:50.937+0600][gc,heap     ] GC(1176) Archive regions: 2->2
[2021-03-19T15:23:50.937+0600][gc,heap     ] GC(1176) Humongous regions: 129->129
[2021-03-19T15:23:50.937+0600][gc,metaspace] GC(1176) Metaspace: 40242K(41216K)->40242K(41216K) NonClass: 35935K(36608K)->35935K(36608K) Class: 4306K(4608K)->4306K(4608K)
[2021-03-19T15:23:50.937+0600][gc          ] GC(1176) Pause Young (Normal) (G1 Evacuation Pause) 796M->192M(1024M) 19.545ms
[2021-03-19T15:23:50.937+0600][gc,cpu      ] GC(1176) User=0.07s Sys=0.00s Real=0.02s
[2021-03-19T15:24:05.185+0600][gc,start    ] GC(1177) Pause Young (Normal) (G1 Evacuation Pause)
[2021-03-19T15:24:05.185+0600][gc,task     ] GC(1177) Using 8 workers of 8 for evacuation
[2021-03-19T15:24:05.200+0600][gc,phases   ] GC(1177)   Pre Evacuate Collection Set: 0.2ms
[2021-03-19T15:24:05.200+0600][gc,phases   ] GC(1177)   Merge Heap Roots: 0.2ms
[2021-03-19T15:24:05.200+0600][gc,phases   ] GC(1177)   Evacuate Collection Set: 13.6ms
[2021-03-19T15:24:05.200+0600][gc,phases   ] GC(1177)   Post Evacuate Collection Set: 0.7ms
[2021-03-19T15:24:05.200+0600][gc,phases   ] GC(1177)   Other: 0.7ms
[2021-03-19T15:24:05.200+0600][gc,heap     ] GC(1177) Eden regions: 605->0(604)
[2021-03-19T15:24:05.200+0600][gc,heap     ] GC(1177) Survivor regions: 9->10(77)
[2021-03-19T15:24:05.200+0600][gc,heap     ] GC(1177) Old regions: 54->55
[2021-03-19T15:24:05.200+0600][gc,heap     ] GC(1177) Archive regions: 2->2
[2021-03-19T15:24:05.200+0600][gc,heap     ] GC(1177) Humongous regions: 129->129
[2021-03-19T15:24:05.200+0600][gc,metaspace] GC(1177) Metaspace: 40242K(41216K)->40242K(41216K) NonClass: 35935K(36608K)->35935K(36608K) Class: 4306K(4608K)->4306K(4608K)
[2021-03-19T15:24:05.200+0600][gc          ] GC(1177) Pause Young (Normal) (G1 Evacuation Pause) 797M->193M(1024M) 15.533ms
[2021-03-19T15:24:05.201+0600][gc,cpu      ] GC(1177) User=0.05s Sys=0.01s Real=0.02s
[2021-03-19T15:24:19.061+0600][gc,start    ] GC(1178) Pause Young (Normal) (G1 Evacuation Pause)
[2021-03-19T15:24:19.061+0600][gc,task     ] GC(1178) Using 8 workers of 8 for evacuation
[2021-03-19T15:24:19.076+0600][gc,phases   ] GC(1178)   Pre Evacuate Collection Set: 0.3ms
[2021-03-19T15:24:19.076+0600][gc,phases   ] GC(1178)   Merge Heap Roots: 0.2ms
[2021-03-19T15:24:19.076+0600][gc,phases   ] GC(1178)   Evacuate Collection Set: 13.2ms
[2021-03-19T15:24:19.076+0600][gc,phases   ] GC(1178)   Post Evacuate Collection Set: 0.7ms
[2021-03-19T15:24:19.076+0600][gc,phases   ] GC(1178)   Other: 0.8ms
[2021-03-19T15:24:19.076+0600][gc,heap     ] GC(1178) Eden regions: 604->0(604)
[2021-03-19T15:24:19.076+0600][gc,heap     ] GC(1178) Survivor regions: 10->10(77)
[2021-03-19T15:24:19.076+0600][gc,heap     ] GC(1178) Old regions: 55->55
[2021-03-19T15:24:19.076+0600][gc,heap     ] GC(1178) Archive regions: 2->2
[2021-03-19T15:24:19.076+0600][gc,heap     ] GC(1178) Humongous regions: 129->129
[2021-03-19T15:24:19.076+0600][gc,metaspace] GC(1178) Metaspace: 40242K(41216K)->40242K(41216K) NonClass: 35935K(36608K)->35935K(36608K) Class: 4306K(4608K)->4306K(4608K)
[2021-03-19T15:24:19.076+0600][gc          ] GC(1178) Pause Young (Normal) (G1 Evacuation Pause) 797M->193M(1024M) 15.447ms
[2021-03-19T15:24:19.076+0600][gc,cpu      ] GC(1178) User=0.05s Sys=0.01s Real=0.01s
[2021-03-19T15:24:32.994+0600][gc,start    ] GC(1179) Pause Young (Normal) (G1 Evacuation Pause)
[2021-03-19T15:24:32.994+0600][gc,task     ] GC(1179) Using 8 workers of 8 for evacuation
[2021-03-19T15:24:33.010+0600][gc,phases   ] GC(1179)   Pre Evacuate Collection Set: 0.3ms
[2021-03-19T15:24:33.010+0600][gc,phases   ] GC(1179)   Merge Heap Roots: 0.2ms
[2021-03-19T15:24:33.010+0600][gc,phases   ] GC(1179)   Evacuate Collection Set: 14.8ms
[2021-03-19T15:24:33.010+0600][gc,phases   ] GC(1179)   Post Evacuate Collection Set: 0.7ms
[2021-03-19T15:24:33.010+0600][gc,phases   ] GC(1179)   Other: 0.5ms
[2021-03-19T15:24:33.010+0600][gc,heap     ] GC(1179) Eden regions: 604->0(605)
[2021-03-19T15:24:33.010+0600][gc,heap     ] GC(1179) Survivor regions: 10->9(77)
[2021-03-19T15:24:33.010+0600][gc,heap     ] GC(1179) Old regions: 55->56
[2021-03-19T15:24:33.010+0600][gc,heap     ] GC(1179) Archive regions: 2->2
[2021-03-19T15:24:33.010+0600][gc,heap     ] GC(1179) Humongous regions: 129->129
[2021-03-19T15:24:33.010+0600][gc,metaspace] GC(1179) Metaspace: 40242K(41216K)->40242K(41216K) NonClass: 35935K(36608K)->35935K(36608K) Class: 4306K(4608K)->4306K(4608K)
[2021-03-19T15:24:33.010+0600][gc          ] GC(1179) Pause Young (Normal) (G1 Evacuation Pause) 797M->194M(1024M) 16.716ms
[2021-03-19T15:24:33.011+0600][gc,cpu      ] GC(1179) User=0.06s Sys=0.01s Real=0.02s
[2021-03-19T15:24:45.732+0600][gc,start    ] GC(1180) Pause Young (Normal) (G1 Evacuation Pause)
[2021-03-19T15:24:45.733+0600][gc,task     ] GC(1180) Using 8 workers of 8 for evacuation
[2021-03-19T15:24:45.755+0600][gc,mmu      ] GC(1180) MMU target violated: 21.0ms (20.0ms/21.0ms)
[2021-03-19T15:24:45.755+0600][gc,phases   ] GC(1180)   Pre Evacuate Collection Set: 0.4ms
[2021-03-19T15:24:45.755+0600][gc,phases   ] GC(1180)   Merge Heap Roots: 0.5ms
[2021-03-19T15:24:45.755+0600][gc,phases   ] GC(1180)   Evacuate Collection Set: 20.9ms
[2021-03-19T15:24:45.755+0600][gc,phases   ] GC(1180)   Post Evacuate Collection Set: 0.6ms
[2021-03-19T15:24:45.755+0600][gc,phases   ] GC(1180)   Other: 0.8ms
[2021-03-19T15:24:45.755+0600][gc,heap     ] GC(1180) Eden regions: 605->0(604)
[2021-03-19T15:24:45.755+0600][gc,heap     ] GC(1180) Survivor regions: 9->10(77)
[2021-03-19T15:24:45.755+0600][gc,heap     ] GC(1180) Old regions: 56->56
[2021-03-19T15:24:45.755+0600][gc,heap     ] GC(1180) Archive regions: 2->2
[2021-03-19T15:24:45.755+0600][gc,heap     ] GC(1180) Humongous regions: 129->129
[2021-03-19T15:24:45.755+0600][gc,metaspace] GC(1180) Metaspace: 40242K(41216K)->40242K(41216K) NonClass: 35935K(36608K)->35935K(36608K) Class: 4306K(4608K)->4306K(4608K)
[2021-03-19T15:24:45.756+0600][gc          ] GC(1180) Pause Young (Normal) (G1 Evacuation Pause) 799M->195M(1024M) 23.227ms
[2021-03-19T15:24:45.756+0600][gc,cpu      ] GC(1180) User=0.06s Sys=0.00s Real=0.02s
[2021-03-19T15:24:58.929+0600][gc,start    ] GC(1181) Pause Young (Normal) (G1 Evacuation Pause)
[2021-03-19T15:24:58.929+0600][gc,task     ] GC(1181) Using 8 workers of 8 for evacuation
[2021-03-19T15:24:58.945+0600][gc,phases   ] GC(1181)   Pre Evacuate Collection Set: 0.2ms
[2021-03-19T15:24:58.945+0600][gc,phases   ] GC(1181)   Merge Heap Roots: 0.2ms
[2021-03-19T15:24:58.945+0600][gc,phases   ] GC(1181)   Evacuate Collection Set: 14.8ms
[2021-03-19T15:24:58.945+0600][gc,phases   ] GC(1181)   Post Evacuate Collection Set: 0.6ms
[2021-03-19T15:24:58.945+0600][gc,phases   ] GC(1181)   Other: 0.4ms
[2021-03-19T15:24:58.945+0600][gc,heap     ] GC(1181) Eden regions: 604->0(604)
[2021-03-19T15:24:58.945+0600][gc,heap     ] GC(1181) Survivor regions: 10->10(77)
[2021-03-19T15:24:58.945+0600][gc,heap     ] GC(1181) Old regions: 56->57
[2021-03-19T15:24:58.945+0600][gc,heap     ] GC(1181) Archive regions: 2->2
[2021-03-19T15:24:58.945+0600][gc,heap     ] GC(1181) Humongous regions: 129->129
[2021-03-19T15:24:58.945+0600][gc,metaspace] GC(1181) Metaspace: 40242K(41216K)->40242K(41216K) NonClass: 35935K(36608K)->35935K(36608K) Class: 4306K(4608K)->4306K(4608K)
[2021-03-19T15:24:58.945+0600][gc          ] GC(1181) Pause Young (Normal) (G1 Evacuation Pause) 799M->195M(1024M) 16.478ms
[2021-03-19T15:24:58.945+0600][gc,cpu      ] GC(1181) User=0.06s Sys=0.00s Real=0.02s
[2021-03-19T15:25:12.108+0600][gc,start    ] GC(1182) Pause Young (Normal) (G1 Evacuation Pause)
[2021-03-19T15:25:12.109+0600][gc,task     ] GC(1182) Using 8 workers of 8 for evacuation
[2021-03-19T15:25:12.126+0600][gc,phases   ] GC(1182)   Pre Evacuate Collection Set: 0.4ms
[2021-03-19T15:25:12.126+0600][gc,phases   ] GC(1182)   Merge Heap Roots: 0.6ms
[2021-03-19T15:25:12.126+0600][gc,phases   ] GC(1182)   Evacuate Collection Set: 15.3ms
[2021-03-19T15:25:12.126+0600][gc,phases   ] GC(1182)   Post Evacuate Collection Set: 0.6ms
[2021-03-19T15:25:12.126+0600][gc,phases   ] GC(1182)   Other: 0.8ms
[2021-03-19T15:25:12.126+0600][gc,heap     ] GC(1182) Eden regions: 604->0(605)
[2021-03-19T15:25:12.126+0600][gc,heap     ] GC(1182) Survivor regions: 10->9(77)
[2021-03-19T15:25:12.126+0600][gc,heap     ] GC(1182) Old regions: 57->58
[2021-03-19T15:25:12.126+0600][gc,heap     ] GC(1182) Archive regions: 2->2
[2021-03-19T15:25:12.126+0600][gc,heap     ] GC(1182) Humongous regions: 129->129
[2021-03-19T15:25:12.126+0600][gc,metaspace] GC(1182) Metaspace: 40242K(41216K)->40242K(41216K) NonClass: 35935K(36608K)->35935K(36608K) Class: 4306K(4608K)->4306K(4608K)
[2021-03-19T15:25:12.126+0600][gc          ] GC(1182) Pause Young (Normal) (G1 Evacuation Pause) 799M->195M(1024M) 17.831ms
[2021-03-19T15:25:12.126+0600][gc,cpu      ] GC(1182) User=0.07s Sys=0.01s Real=0.02s
[2021-03-19T15:25:25.761+0600][gc,start    ] GC(1183) Pause Young (Normal) (G1 Evacuation Pause)
[2021-03-19T15:25:25.761+0600][gc,task     ] GC(1183) Using 8 workers of 8 for evacuation
[2021-03-19T15:25:25.778+0600][gc,phases   ] GC(1183)   Pre Evacuate Collection Set: 0.3ms
[2021-03-19T15:25:25.778+0600][gc,phases   ] GC(1183)   Merge Heap Roots: 0.4ms
[2021-03-19T15:25:25.778+0600][gc,phases   ] GC(1183)   Evacuate Collection Set: 15.3ms
[2021-03-19T15:25:25.778+0600][gc,phases   ] GC(1183)   Post Evacuate Collection Set: 0.8ms
[2021-03-19T15:25:25.778+0600][gc,phases   ] GC(1183)   Other: 0.6ms
[2021-03-19T15:25:25.778+0600][gc,heap     ] GC(1183) Eden regions: 605->0(605)
[2021-03-19T15:25:25.778+0600][gc,heap     ] GC(1183) Survivor regions: 9->9(77)
[2021-03-19T15:25:25.778+0600][gc,heap     ] GC(1183) Old regions: 58->58
[2021-03-19T15:25:25.778+0600][gc,heap     ] GC(1183) Archive regions: 2->2
[2021-03-19T15:25:25.778+0600][gc,heap     ] GC(1183) Humongous regions: 129->129
[2021-03-19T15:25:25.778+0600][gc,metaspace] GC(1183) Metaspace: 40242K(41216K)->40242K(41216K) NonClass: 35935K(36608K)->35935K(36608K) Class: 4306K(4608K)->4306K(4608K)
[2021-03-19T15:25:25.778+0600][gc          ] GC(1183) Pause Young (Normal) (G1 Evacuation Pause) 800M->196M(1024M) 17.627ms
[2021-03-19T15:25:25.778+0600][gc,cpu      ] GC(1183) User=0.06s Sys=0.00s Real=0.01s
[2021-03-19T15:25:41.237+0600][gc,start    ] GC(1184) Pause Young (Normal) (G1 Evacuation Pause)
[2021-03-19T15:25:41.237+0600][gc,task     ] GC(1184) Using 8 workers of 8 for evacuation
[2021-03-19T15:25:41.253+0600][gc,phases   ] GC(1184)   Pre Evacuate Collection Set: 0.2ms
[2021-03-19T15:25:41.253+0600][gc,phases   ] GC(1184)   Merge Heap Roots: 0.2ms
[2021-03-19T15:25:41.253+0600][gc,phases   ] GC(1184)   Evacuate Collection Set: 14.6ms
[2021-03-19T15:25:41.253+0600][gc,phases   ] GC(1184)   Post Evacuate Collection Set: 0.6ms
[2021-03-19T15:25:41.253+0600][gc,phases   ] GC(1184)   Other: 0.4ms
[2021-03-19T15:25:41.253+0600][gc,heap     ] GC(1184) Eden regions: 605->0(605)
[2021-03-19T15:25:41.253+0600][gc,heap     ] GC(1184) Survivor regions: 9->9(77)
[2021-03-19T15:25:41.253+0600][gc,heap     ] GC(1184) Old regions: 58->59
[2021-03-19T15:25:41.253+0600][gc,heap     ] GC(1184) Archive regions: 2->2
[2021-03-19T15:25:41.253+0600][gc,heap     ] GC(1184) Humongous regions: 129->129
[2021-03-19T15:25:41.253+0600][gc,metaspace] GC(1184) Metaspace: 40242K(41216K)->40242K(41216K) NonClass: 35935K(36608K)->35935K(36608K) Class: 4306K(4608K)->4306K(4608K)
[2021-03-19T15:25:41.253+0600][gc          ] GC(1184) Pause Young (Normal) (G1 Evacuation Pause) 801M->196M(1024M) 16.206ms
[2021-03-19T15:25:41.253+0600][gc,cpu      ] GC(1184) User=0.06s Sys=0.00s Real=0.02s
[2021-03-19T15:25:54.658+0600][gc,start    ] GC(1185) Pause Young (Normal) (G1 Evacuation Pause)
[2021-03-19T15:25:54.659+0600][gc,task     ] GC(1185) Using 8 workers of 8 for evacuation
[2021-03-19T15:25:54.674+0600][gc,phases   ] GC(1185)   Pre Evacuate Collection Set: 0.2ms
[2021-03-19T15:25:54.674+0600][gc,phases   ] GC(1185)   Merge Heap Roots: 0.2ms
[2021-03-19T15:25:54.674+0600][gc,phases   ] GC(1185)   Evacuate Collection Set: 14.2ms
[2021-03-19T15:25:54.674+0600][gc,phases   ] GC(1185)   Post Evacuate Collection Set: 0.4ms
[2021-03-19T15:25:54.674+0600][gc,phases   ] GC(1185)   Other: 0.6ms
[2021-03-19T15:25:54.674+0600][gc,heap     ] GC(1185) Eden regions: 605->0(605)
[2021-03-19T15:25:54.674+0600][gc,heap     ] GC(1185) Survivor regions: 9->9(77)
[2021-03-19T15:25:54.674+0600][gc,heap     ] GC(1185) Old regions: 59->59
[2021-03-19T15:25:54.674+0600][gc,heap     ] GC(1185) Archive regions: 2->2
[2021-03-19T15:25:54.674+0600][gc,heap     ] GC(1185) Humongous regions: 129->129
[2021-03-19T15:25:54.674+0600][gc,metaspace] GC(1185) Metaspace: 40242K(41216K)->40242K(41216K) NonClass: 35935K(36608K)->35935K(36608K) Class: 4306K(4608K)->4306K(4608K)
[2021-03-19T15:25:54.674+0600][gc          ] GC(1185) Pause Young (Normal) (G1 Evacuation Pause) 801M->197M(1024M) 15.707ms
[2021-03-19T15:25:54.674+0600][gc,cpu      ] GC(1185) User=0.06s Sys=0.01s Real=0.02s
[2021-03-19T15:26:07.796+0600][gc,start    ] GC(1186) Pause Young (Normal) (G1 Evacuation Pause)
[2021-03-19T15:26:07.797+0600][gc,task     ] GC(1186) Using 8 workers of 8 for evacuation
[2021-03-19T15:26:07.824+0600][gc,mmu      ] GC(1186) MMU target violated: 21.0ms (20.0ms/21.0ms)
[2021-03-19T15:26:07.824+0600][gc,phases   ] GC(1186)   Pre Evacuate Collection Set: 0.4ms
[2021-03-19T15:26:07.824+0600][gc,phases   ] GC(1186)   Merge Heap Roots: 0.4ms
[2021-03-19T15:26:07.824+0600][gc,phases   ] GC(1186)   Evacuate Collection Set: 23.6ms
[2021-03-19T15:26:07.824+0600][gc,phases   ] GC(1186)   Post Evacuate Collection Set: 2.2ms
[2021-03-19T15:26:07.824+0600][gc,phases   ] GC(1186)   Other: 1.9ms
[2021-03-19T15:26:07.824+0600][gc,heap     ] GC(1186) Eden regions: 605->0(605)
[2021-03-19T15:26:07.824+0600][gc,heap     ] GC(1186) Survivor regions: 9->9(77)
[2021-03-19T15:26:07.825+0600][gc,heap     ] GC(1186) Old regions: 59->60
[2021-03-19T15:26:07.825+0600][gc,heap     ] GC(1186) Archive regions: 2->2
[2021-03-19T15:26:07.825+0600][gc,heap     ] GC(1186) Humongous regions: 129->129
[2021-03-19T15:26:07.825+0600][gc,metaspace] GC(1186) Metaspace: 40242K(41216K)->40242K(41216K) NonClass: 35935K(36608K)->35935K(36608K) Class: 4306K(4608K)->4306K(4608K)
[2021-03-19T15:26:07.825+0600][gc          ] GC(1186) Pause Young (Normal) (G1 Evacuation Pause) 802M->197M(1024M) 28.572ms
[2021-03-19T15:26:07.825+0600][gc,cpu      ] GC(1186) User=0.07s Sys=0.04s Real=0.03s
[2021-03-19T15:26:25.220+0600][gc,start    ] GC(1187) Pause Young (Normal) (G1 Evacuation Pause)
[2021-03-19T15:26:25.220+0600][gc,task     ] GC(1187) Using 8 workers of 8 for evacuation
[2021-03-19T15:26:25.240+0600][gc,mmu      ] GC(1187) MMU target violated: 20.3ms (20.0ms/21.0ms)
[2021-03-19T15:26:25.240+0600][gc,phases   ] GC(1187)   Pre Evacuate Collection Set: 0.4ms
[2021-03-19T15:26:25.240+0600][gc,phases   ] GC(1187)   Merge Heap Roots: 0.5ms
[2021-03-19T15:26:25.240+0600][gc,phases   ] GC(1187)   Evacuate Collection Set: 18.7ms
[2021-03-19T15:26:25.240+0600][gc,phases   ] GC(1187)   Post Evacuate Collection Set: 0.6ms
[2021-03-19T15:26:25.240+0600][gc,phases   ] GC(1187)   Other: 0.8ms
[2021-03-19T15:26:25.240+0600][gc,heap     ] GC(1187) Eden regions: 605->0(605)
[2021-03-19T15:26:25.240+0600][gc,heap     ] GC(1187) Survivor regions: 9->9(77)
[2021-03-19T15:26:25.241+0600][gc,heap     ] GC(1187) Old regions: 60->61
[2021-03-19T15:26:25.241+0600][gc,heap     ] GC(1187) Archive regions: 2->2
[2021-03-19T15:26:25.241+0600][gc,heap     ] GC(1187) Humongous regions: 129->129
[2021-03-19T15:26:25.241+0600][gc,metaspace] GC(1187) Metaspace: 40242K(41216K)->40242K(41216K) NonClass: 35935K(36608K)->35935K(36608K) Class: 4306K(4608K)->4306K(4608K)
[2021-03-19T15:26:25.241+0600][gc          ] GC(1187) Pause Young (Normal) (G1 Evacuation Pause) 802M->198M(1024M) 20.971ms
[2021-03-19T15:26:25.241+0600][gc,cpu      ] GC(1187) User=0.07s Sys=0.01s Real=0.02s
[2021-03-19T15:26:39.868+0600][gc,start    ] GC(1188) Pause Young (Normal) (G1 Evacuation Pause)
[2021-03-19T15:26:39.868+0600][gc,task     ] GC(1188) Using 8 workers of 8 for evacuation
[2021-03-19T15:26:39.886+0600][gc,phases   ] GC(1188)   Pre Evacuate Collection Set: 0.4ms
[2021-03-19T15:26:39.886+0600][gc,phases   ] GC(1188)   Merge Heap Roots: 0.4ms
[2021-03-19T15:26:39.886+0600][gc,phases   ] GC(1188)   Evacuate Collection Set: 15.2ms
[2021-03-19T15:26:39.886+0600][gc,phases   ] GC(1188)   Post Evacuate Collection Set: 0.9ms
[2021-03-19T15:26:39.886+0600][gc,phases   ] GC(1188)   Other: 0.8ms
[2021-03-19T15:26:39.886+0600][gc,heap     ] GC(1188) Eden regions: 605->0(605)
[2021-03-19T15:26:39.886+0600][gc,heap     ] GC(1188) Survivor regions: 9->9(77)
[2021-03-19T15:26:39.886+0600][gc,heap     ] GC(1188) Old regions: 61->61
[2021-03-19T15:26:39.886+0600][gc,heap     ] GC(1188) Archive regions: 2->2
[2021-03-19T15:26:39.886+0600][gc,heap     ] GC(1188) Humongous regions: 129->129
[2021-03-19T15:26:39.886+0600][gc,metaspace] GC(1188) Metaspace: 40242K(41216K)->40242K(41216K) NonClass: 35935K(36608K)->35935K(36608K) Class: 4306K(4608K)->4306K(4608K)
[2021-03-19T15:26:39.886+0600][gc          ] GC(1188) Pause Young (Normal) (G1 Evacuation Pause) 803M->199M(1024M) 17.915ms
[2021-03-19T15:26:39.886+0600][gc,cpu      ] GC(1188) User=0.07s Sys=0.00s Real=0.02s
[2021-03-19T15:26:53.638+0600][gc,start    ] GC(1189) Pause Young (Normal) (G1 Evacuation Pause)
[2021-03-19T15:26:53.638+0600][gc,task     ] GC(1189) Using 8 workers of 8 for evacuation
[2021-03-19T15:26:53.659+0600][gc,mmu      ] GC(1189) MMU target violated: 20.2ms (20.0ms/21.0ms)
[2021-03-19T15:26:53.659+0600][gc,phases   ] GC(1189)   Pre Evacuate Collection Set: 0.4ms
[2021-03-19T15:26:53.659+0600][gc,phases   ] GC(1189)   Merge Heap Roots: 0.3ms
[2021-03-19T15:26:53.659+0600][gc,phases   ] GC(1189)   Evacuate Collection Set: 18.3ms
[2021-03-19T15:26:53.659+0600][gc,phases   ] GC(1189)   Post Evacuate Collection Set: 1.0ms
[2021-03-19T15:26:53.659+0600][gc,phases   ] GC(1189)   Other: 0.7ms
[2021-03-19T15:26:53.659+0600][gc,heap     ] GC(1189) Eden regions: 605->0(605)
[2021-03-19T15:26:53.659+0600][gc,heap     ] GC(1189) Survivor regions: 9->9(77)
[2021-03-19T15:26:53.659+0600][gc,heap     ] GC(1189) Old regions: 61->62
[2021-03-19T15:26:53.659+0600][gc,heap     ] GC(1189) Archive regions: 2->2
[2021-03-19T15:26:53.659+0600][gc,heap     ] GC(1189) Humongous regions: 129->129
[2021-03-19T15:26:53.659+0600][gc,metaspace] GC(1189) Metaspace: 40242K(41216K)->40242K(41216K) NonClass: 35935K(36608K)->35935K(36608K) Class: 4306K(4608K)->4306K(4608K)
[2021-03-19T15:26:53.659+0600][gc          ] GC(1189) Pause Young (Normal) (G1 Evacuation Pause) 804M->199M(1024M) 21.013ms
[2021-03-19T15:26:53.659+0600][gc,cpu      ] GC(1189) User=0.07s Sys=0.01s Real=0.02s
[2021-03-19T15:27:09.521+0600][gc,start    ] GC(1190) Pause Young (Normal) (G1 Evacuation Pause)
[2021-03-19T15:27:09.522+0600][gc,task     ] GC(1190) Using 8 workers of 8 for evacuation
[2021-03-19T15:27:09.538+0600][gc,phases   ] GC(1190)   Pre Evacuate Collection Set: 0.4ms
[2021-03-19T15:27:09.538+0600][gc,phases   ] GC(1190)   Merge Heap Roots: 0.4ms
[2021-03-19T15:27:09.538+0600][gc,phases   ] GC(1190)   Evacuate Collection Set: 14.8ms
[2021-03-19T15:27:09.538+0600][gc,phases   ] GC(1190)   Post Evacuate Collection Set: 0.5ms
[2021-03-19T15:27:09.538+0600][gc,phases   ] GC(1190)   Other: 0.8ms
[2021-03-19T15:27:09.538+0600][gc,heap     ] GC(1190) Eden regions: 605->0(606)
[2021-03-19T15:27:09.538+0600][gc,heap     ] GC(1190) Survivor regions: 9->8(77)
[2021-03-19T15:27:09.538+0600][gc,heap     ] GC(1190) Old regions: 62->62
[2021-03-19T15:27:09.538+0600][gc,heap     ] GC(1190) Archive regions: 2->2
[2021-03-19T15:27:09.538+0600][gc,heap     ] GC(1190) Humongous regions: 129->129
[2021-03-19T15:27:09.538+0600][gc,metaspace] GC(1190) Metaspace: 40242K(41216K)->40242K(41216K) NonClass: 35935K(36608K)->35935K(36608K) Class: 4306K(4608K)->4306K(4608K)
[2021-03-19T15:27:09.538+0600][gc          ] GC(1190) Pause Young (Normal) (G1 Evacuation Pause) 804M->199M(1024M) 16.961ms
[2021-03-19T15:27:09.538+0600][gc,cpu      ] GC(1190) User=0.07s Sys=0.00s Real=0.01s
[2021-03-19T15:27:25.909+0600][gc,start    ] GC(1191) Pause Young (Normal) (G1 Evacuation Pause)
[2021-03-19T15:27:25.909+0600][gc,task     ] GC(1191) Using 8 workers of 8 for evacuation
[2021-03-19T15:27:25.926+0600][gc,phases   ] GC(1191)   Pre Evacuate Collection Set: 0.4ms
[2021-03-19T15:27:25.926+0600][gc,phases   ] GC(1191)   Merge Heap Roots: 1.7ms
[2021-03-19T15:27:25.926+0600][gc,phases   ] GC(1191)   Evacuate Collection Set: 14.2ms
[2021-03-19T15:27:25.926+0600][gc,phases   ] GC(1191)   Post Evacuate Collection Set: 0.6ms
[2021-03-19T15:27:25.926+0600][gc,phases   ] GC(1191)   Other: 0.7ms
[2021-03-19T15:27:25.926+0600][gc,heap     ] GC(1191) Eden regions: 606->0(606)
[2021-03-19T15:27:25.926+0600][gc,heap     ] GC(1191) Survivor regions: 8->8(77)
[2021-03-19T15:27:25.926+0600][gc,heap     ] GC(1191) Old regions: 62->63
[2021-03-19T15:27:25.926+0600][gc,heap     ] GC(1191) Archive regions: 2->2
[2021-03-19T15:27:25.926+0600][gc,heap     ] GC(1191) Humongous regions: 129->129
[2021-03-19T15:27:25.926+0600][gc,metaspace] GC(1191) Metaspace: 40242K(41216K)->40242K(41216K) NonClass: 35935K(36608K)->35935K(36608K) Class: 4306K(4608K)->4306K(4608K)
[2021-03-19T15:27:25.926+0600][gc          ] GC(1191) Pause Young (Normal) (G1 Evacuation Pause) 805M->200M(1024M) 17.667ms
[2021-03-19T15:27:25.926+0600][gc,cpu      ] GC(1191) User=0.06s Sys=0.00s Real=0.02s
[2021-03-19T15:27:42.184+0600][gc,start    ] GC(1192) Pause Young (Normal) (G1 Evacuation Pause)
[2021-03-19T15:27:42.184+0600][gc,task     ] GC(1192) Using 8 workers of 8 for evacuation
[2021-03-19T15:27:42.200+0600][gc,phases   ] GC(1192)   Pre Evacuate Collection Set: 0.3ms
[2021-03-19T15:27:42.200+0600][gc,phases   ] GC(1192)   Merge Heap Roots: 0.3ms
[2021-03-19T15:27:42.200+0600][gc,phases   ] GC(1192)   Evacuate Collection Set: 14.0ms
[2021-03-19T15:27:42.200+0600][gc,phases   ] GC(1192)   Post Evacuate Collection Set: 1.2ms
[2021-03-19T15:27:42.200+0600][gc,phases   ] GC(1192)   Other: 0.7ms
[2021-03-19T15:27:42.200+0600][gc,heap     ] GC(1192) Eden regions: 606->0(606)
[2021-03-19T15:27:42.200+0600][gc,heap     ] GC(1192) Survivor regions: 8->8(77)
[2021-03-19T15:27:42.200+0600][gc,heap     ] GC(1192) Old regions: 63->64
[2021-03-19T15:27:42.200+0600][gc,heap     ] GC(1192) Archive regions: 2->2
[2021-03-19T15:27:42.200+0600][gc,heap     ] GC(1192) Humongous regions: 129->129
[2021-03-19T15:27:42.200+0600][gc,metaspace] GC(1192) Metaspace: 40242K(41216K)->40242K(41216K) NonClass: 35935K(36608K)->35935K(36608K) Class: 4306K(4608K)->4306K(4608K)
[2021-03-19T15:27:42.201+0600][gc          ] GC(1192) Pause Young (Normal) (G1 Evacuation Pause) 806M->200M(1024M) 16.701ms
[2021-03-19T15:27:42.201+0600][gc,cpu      ] GC(1192) User=0.07s Sys=0.00s Real=0.02s
[2021-03-19T15:27:58.344+0600][gc,start    ] GC(1193) Pause Young (Normal) (G1 Evacuation Pause)
[2021-03-19T15:27:58.344+0600][gc,task     ] GC(1193) Using 8 workers of 8 for evacuation
[2021-03-19T15:27:58.362+0600][gc,phases   ] GC(1193)   Pre Evacuate Collection Set: 0.3ms
[2021-03-19T15:27:58.362+0600][gc,phases   ] GC(1193)   Merge Heap Roots: 0.3ms
[2021-03-19T15:27:58.362+0600][gc,phases   ] GC(1193)   Evacuate Collection Set: 16.2ms
[2021-03-19T15:27:58.362+0600][gc,phases   ] GC(1193)   Post Evacuate Collection Set: 0.8ms
[2021-03-19T15:27:58.362+0600][gc,phases   ] GC(1193)   Other: 0.4ms
[2021-03-19T15:27:58.362+0600][gc,heap     ] GC(1193) Eden regions: 606->0(605)
[2021-03-19T15:27:58.362+0600][gc,heap     ] GC(1193) Survivor regions: 8->9(77)
[2021-03-19T15:27:58.362+0600][gc,heap     ] GC(1193) Old regions: 64->64
[2021-03-19T15:27:58.362+0600][gc,heap     ] GC(1193) Archive regions: 2->2
[2021-03-19T15:27:58.362+0600][gc,heap     ] GC(1193) Humongous regions: 129->129
[2021-03-19T15:27:58.362+0600][gc,metaspace] GC(1193) Metaspace: 40242K(41216K)->40242K(41216K) NonClass: 35935K(36608K)->35935K(36608K) Class: 4306K(4608K)->4306K(4608K)
[2021-03-19T15:27:58.362+0600][gc          ] GC(1193) Pause Young (Normal) (G1 Evacuation Pause) 806M->201M(1024M) 18.356ms
[2021-03-19T15:27:58.363+0600][gc,cpu      ] GC(1193) User=0.06s Sys=0.00s Real=0.02s
[2021-03-19T15:28:14.694+0600][gc,start    ] GC(1194) Pause Young (Normal) (G1 Evacuation Pause)
[2021-03-19T15:28:14.694+0600][gc,task     ] GC(1194) Using 8 workers of 8 for evacuation
