[2021-03-19T16:01:09.729+0600][gc,metaspace] GC(1340) Metaspace: 40252K(41216K)->40252K(41216K) NonClass: 35945K(36608K)->35945K(36608K) Class: 4306K(4608K)->4306K(4608K)
[2021-03-19T16:01:09.729+0600][gc          ] GC(1340) Pause Young (Normal) (G1 Evacuation Pause) 875M->271M(1024M) 21.605ms
[2021-03-19T16:01:09.729+0600][gc,cpu      ] GC(1340) User=0.07s Sys=0.01s Real=0.02s
[2021-03-19T16:01:27.255+0600][gc,start    ] GC(1341) Pause Young (Normal) (G1 Evacuation Pause)
[2021-03-19T16:01:27.257+0600][gc,task     ] GC(1341) Using 8 workers of 8 for evacuation
[2021-03-19T16:01:27.276+0600][gc,phases   ] GC(1341)   Pre Evacuate Collection Set: 0.4ms
[2021-03-19T16:01:27.276+0600][gc,phases   ] GC(1341)   Merge Heap Roots: 0.3ms
[2021-03-19T16:01:27.276+0600][gc,phases   ] GC(1341)   Evacuate Collection Set: 17.9ms
[2021-03-19T16:01:27.276+0600][gc,phases   ] GC(1341)   Post Evacuate Collection Set: 0.7ms
[2021-03-19T16:01:27.276+0600][gc,phases   ] GC(1341)   Other: 1.6ms
[2021-03-19T16:01:27.276+0600][gc,heap     ] GC(1341) Eden regions: 604->0(604)
[2021-03-19T16:01:27.276+0600][gc,heap     ] GC(1341) Survivor regions: 10->10(77)
[2021-03-19T16:01:27.276+0600][gc,heap     ] GC(1341) Old regions: 133->133
[2021-03-19T16:01:27.276+0600][gc,heap     ] GC(1341) Archive regions: 2->2
[2021-03-19T16:01:27.276+0600][gc,heap     ] GC(1341) Humongous regions: 129->129
[2021-03-19T16:01:27.276+0600][gc,metaspace] GC(1341) Metaspace: 40252K(41216K)->40252K(41216K) NonClass: 35945K(36608K)->35945K(36608K) Class: 4306K(4608K)->4306K(4608K)
[2021-03-19T16:01:27.276+0600][gc          ] GC(1341) Pause Young (Normal) (G1 Evacuation Pause) 875M->272M(1024M) 20.908ms
[2021-03-19T16:01:27.276+0600][gc,cpu      ] GC(1341) User=0.07s Sys=0.01s Real=0.02s
[2021-03-19T16:01:37.318+0600][gc,start    ] GC(1342) Pause Young (Normal) (G1 Evacuation Pause)
[2021-03-19T16:01:37.319+0600][gc,task     ] GC(1342) Using 8 workers of 8 for evacuation
[2021-03-19T16:01:37.333+0600][gc,phases   ] GC(1342)   Pre Evacuate Collection Set: 0.3ms
[2021-03-19T16:01:37.334+0600][gc,phases   ] GC(1342)   Merge Heap Roots: 0.3ms
[2021-03-19T16:01:37.334+0600][gc,phases   ] GC(1342)   Evacuate Collection Set: 12.8ms
[2021-03-19T16:01:37.334+0600][gc,phases   ] GC(1342)   Post Evacuate Collection Set: 0.7ms
[2021-03-19T16:01:37.334+0600][gc,phases   ] GC(1342)   Other: 1.2ms
[2021-03-19T16:01:37.334+0600][gc,heap     ] GC(1342) Eden regions: 604->0(604)
[2021-03-19T16:01:37.334+0600][gc,heap     ] GC(1342) Survivor regions: 10->10(77)
[2021-03-19T16:01:37.334+0600][gc,heap     ] GC(1342) Old regions: 133->134
[2021-03-19T16:01:37.334+0600][gc,heap     ] GC(1342) Archive regions: 2->2
[2021-03-19T16:01:37.334+0600][gc,heap     ] GC(1342) Humongous regions: 129->129
[2021-03-19T16:01:37.334+0600][gc,metaspace] GC(1342) Metaspace: 40252K(41216K)->40252K(41216K) NonClass: 35945K(36608K)->35945K(36608K) Class: 4306K(4608K)->4306K(4608K)
[2021-03-19T16:01:37.334+0600][gc          ] GC(1342) Pause Young (Normal) (G1 Evacuation Pause) 876M->272M(1024M) 15.357ms
[2021-03-19T16:01:37.334+0600][gc,cpu      ] GC(1342) User=0.06s Sys=0.01s Real=0.02s
[2021-03-19T16:01:45.619+0600][gc,start    ] GC(1343) Pause Young (Normal) (G1 Evacuation Pause)
[2021-03-19T16:01:45.620+0600][gc,task     ] GC(1343) Using 8 workers of 8 for evacuation
[2021-03-19T16:01:45.636+0600][gc,phases   ] GC(1343)   Pre Evacuate Collection Set: 0.3ms
[2021-03-19T16:01:45.636+0600][gc,phases   ] GC(1343)   Merge Heap Roots: 0.4ms
[2021-03-19T16:01:45.636+0600][gc,phases   ] GC(1343)   Evacuate Collection Set: 14.9ms
[2021-03-19T16:01:45.636+0600][gc,phases   ] GC(1343)   Post Evacuate Collection Set: 0.6ms
[2021-03-19T16:01:45.636+0600][gc,phases   ] GC(1343)   Other: 1.2ms
[2021-03-19T16:01:45.636+0600][gc,heap     ] GC(1343) Eden regions: 604->0(604)
[2021-03-19T16:01:45.636+0600][gc,heap     ] GC(1343) Survivor regions: 10->10(77)
[2021-03-19T16:01:45.636+0600][gc,heap     ] GC(1343) Old regions: 134->134
[2021-03-19T16:01:45.636+0600][gc,heap     ] GC(1343) Archive regions: 2->2
[2021-03-19T16:01:45.636+0600][gc,heap     ] GC(1343) Humongous regions: 129->129
[2021-03-19T16:01:45.637+0600][gc,metaspace] GC(1343) Metaspace: 40252K(41216K)->40252K(41216K) NonClass: 35945K(36608K)->35945K(36608K) Class: 4306K(4608K)->4306K(4608K)
[2021-03-19T16:01:45.637+0600][gc          ] GC(1343) Pause Young (Normal) (G1 Evacuation Pause) 876M->273M(1024M) 17.495ms
[2021-03-19T16:01:45.637+0600][gc,cpu      ] GC(1343) User=0.06s Sys=0.00s Real=0.02s
[2021-03-19T16:01:48.851+0600][gc,start    ] GC(1344) Pause Young (Normal) (G1 Evacuation Pause)
[2021-03-19T16:01:48.851+0600][gc,task     ] GC(1344) Using 8 workers of 8 for evacuation
[2021-03-19T16:01:48.857+0600][gc,phases   ] GC(1344)   Pre Evacuate Collection Set: 0.2ms
[2021-03-19T16:01:48.857+0600][gc,phases   ] GC(1344)   Merge Heap Roots: 0.1ms
[2021-03-19T16:01:48.857+0600][gc,phases   ] GC(1344)   Evacuate Collection Set: 5.3ms
[2021-03-19T16:01:48.857+0600][gc,phases   ] GC(1344)   Post Evacuate Collection Set: 0.6ms
[2021-03-19T16:01:48.857+0600][gc,phases   ] GC(1344)   Other: 0.2ms
[2021-03-19T16:01:48.857+0600][gc,heap     ] GC(1344) Eden regions: 604->0(604)
[2021-03-19T16:01:48.857+0600][gc,heap     ] GC(1344) Survivor regions: 10->10(77)
[2021-03-19T16:01:48.857+0600][gc,heap     ] GC(1344) Old regions: 134->135
[2021-03-19T16:01:48.857+0600][gc,heap     ] GC(1344) Archive regions: 2->2
[2021-03-19T16:01:48.857+0600][gc,heap     ] GC(1344) Humongous regions: 129->129
[2021-03-19T16:01:48.857+0600][gc,metaspace] GC(1344) Metaspace: 40252K(41216K)->40252K(41216K) NonClass: 35945K(36608K)->35945K(36608K) Class: 4306K(4608K)->4306K(4608K)
[2021-03-19T16:01:48.857+0600][gc          ] GC(1344) Pause Young (Normal) (G1 Evacuation Pause) 877M->273M(1024M) 6.466ms
[2021-03-19T16:01:48.857+0600][gc,cpu      ] GC(1344) User=0.03s Sys=0.00s Real=0.00s
[2021-03-19T16:01:51.725+0600][gc,start    ] GC(1345) Pause Young (Normal) (G1 Evacuation Pause)
[2021-03-19T16:01:51.725+0600][gc,task     ] GC(1345) Using 8 workers of 8 for evacuation
[2021-03-19T16:01:51.731+0600][gc,phases   ] GC(1345)   Pre Evacuate Collection Set: 0.1ms
[2021-03-19T16:01:51.731+0600][gc,phases   ] GC(1345)   Merge Heap Roots: 0.1ms
[2021-03-19T16:01:51.731+0600][gc,phases   ] GC(1345)   Evacuate Collection Set: 5.0ms
[2021-03-19T16:01:51.731+0600][gc,phases   ] GC(1345)   Post Evacuate Collection Set: 0.4ms
[2021-03-19T16:01:51.731+0600][gc,phases   ] GC(1345)   Other: 0.1ms
[2021-03-19T16:01:51.731+0600][gc,heap     ] GC(1345) Eden regions: 604->0(604)
[2021-03-19T16:01:51.731+0600][gc,heap     ] GC(1345) Survivor regions: 10->10(77)
[2021-03-19T16:01:51.731+0600][gc,heap     ] GC(1345) Old regions: 135->136
[2021-03-19T16:01:51.731+0600][gc,heap     ] GC(1345) Archive regions: 2->2
[2021-03-19T16:01:51.731+0600][gc,heap     ] GC(1345) Humongous regions: 129->129
[2021-03-19T16:01:51.731+0600][gc,metaspace] GC(1345) Metaspace: 40252K(41216K)->40252K(41216K) NonClass: 35945K(36608K)->35945K(36608K) Class: 4306K(4608K)->4306K(4608K)
[2021-03-19T16:01:51.731+0600][gc          ] GC(1345) Pause Young (Normal) (G1 Evacuation Pause) 877M->274M(1024M) 5.868ms
[2021-03-19T16:01:51.731+0600][gc,cpu      ] GC(1345) User=0.03s Sys=0.00s Real=0.01s
[2021-03-19T16:01:54.490+0600][gc,start    ] GC(1346) Pause Young (Normal) (G1 Evacuation Pause)
[2021-03-19T16:01:54.490+0600][gc,task     ] GC(1346) Using 8 workers of 8 for evacuation
[2021-03-19T16:01:54.496+0600][gc,phases   ] GC(1346)   Pre Evacuate Collection Set: 0.1ms
[2021-03-19T16:01:54.496+0600][gc,phases   ] GC(1346)   Merge Heap Roots: 0.1ms
[2021-03-19T16:01:54.496+0600][gc,phases   ] GC(1346)   Evacuate Collection Set: 5.2ms
[2021-03-19T16:01:54.496+0600][gc,phases   ] GC(1346)   Post Evacuate Collection Set: 0.5ms
[2021-03-19T16:01:54.496+0600][gc,phases   ] GC(1346)   Other: 0.2ms
[2021-03-19T16:01:54.496+0600][gc,heap     ] GC(1346) Eden regions: 604->0(605)
[2021-03-19T16:01:54.496+0600][gc,heap     ] GC(1346) Survivor regions: 10->9(77)
[2021-03-19T16:01:54.496+0600][gc,heap     ] GC(1346) Old regions: 136->136
[2021-03-19T16:01:54.496+0600][gc,heap     ] GC(1346) Archive regions: 2->2
[2021-03-19T16:01:54.496+0600][gc,heap     ] GC(1346) Humongous regions: 129->129
[2021-03-19T16:01:54.496+0600][gc,metaspace] GC(1346) Metaspace: 40252K(41216K)->40252K(41216K) NonClass: 35945K(36608K)->35945K(36608K) Class: 4306K(4608K)->4306K(4608K)
[2021-03-19T16:01:54.496+0600][gc          ] GC(1346) Pause Young (Normal) (G1 Evacuation Pause) 878M->274M(1024M) 6.230ms
[2021-03-19T16:01:54.496+0600][gc,cpu      ] GC(1346) User=0.03s Sys=0.00s Real=0.00s
[2021-03-19T16:01:57.473+0600][gc,start    ] GC(1347) Pause Young (Normal) (G1 Evacuation Pause)
[2021-03-19T16:01:57.473+0600][gc,task     ] GC(1347) Using 8 workers of 8 for evacuation
[2021-03-19T16:01:57.480+0600][gc,phases   ] GC(1347)   Pre Evacuate Collection Set: 0.2ms
[2021-03-19T16:01:57.480+0600][gc,phases   ] GC(1347)   Merge Heap Roots: 0.1ms
[2021-03-19T16:01:57.480+0600][gc,phases   ] GC(1347)   Evacuate Collection Set: 5.5ms
[2021-03-19T16:01:57.480+0600][gc,phases   ] GC(1347)   Post Evacuate Collection Set: 0.8ms
[2021-03-19T16:01:57.480+0600][gc,phases   ] GC(1347)   Other: 0.3ms
[2021-03-19T16:01:57.480+0600][gc,heap     ] GC(1347) Eden regions: 605->0(605)
[2021-03-19T16:01:57.480+0600][gc,heap     ] GC(1347) Survivor regions: 9->9(77)
[2021-03-19T16:01:57.480+0600][gc,heap     ] GC(1347) Old regions: 136->137
[2021-03-19T16:01:57.480+0600][gc,heap     ] GC(1347) Archive regions: 2->2
[2021-03-19T16:01:57.480+0600][gc,heap     ] GC(1347) Humongous regions: 129->129
[2021-03-19T16:01:57.480+0600][gc,metaspace] GC(1347) Metaspace: 40252K(41216K)->40252K(41216K) NonClass: 35945K(36608K)->35945K(36608K) Class: 4306K(4608K)->4306K(4608K)
[2021-03-19T16:01:57.480+0600][gc          ] GC(1347) Pause Young (Normal) (G1 Evacuation Pause) 879M->274M(1024M) 7.007ms
[2021-03-19T16:01:57.480+0600][gc,cpu      ] GC(1347) User=0.03s Sys=0.01s Real=0.01s
[2021-03-19T16:02:00.490+0600][gc,start    ] GC(1348) Pause Young (Normal) (G1 Evacuation Pause)
[2021-03-19T16:02:00.490+0600][gc,task     ] GC(1348) Using 8 workers of 8 for evacuation
[2021-03-19T16:02:00.496+0600][gc,phases   ] GC(1348)   Pre Evacuate Collection Set: 0.1ms
[2021-03-19T16:02:00.496+0600][gc,phases   ] GC(1348)   Merge Heap Roots: 0.1ms
[2021-03-19T16:02:00.496+0600][gc,phases   ] GC(1348)   Evacuate Collection Set: 4.6ms
[2021-03-19T16:02:00.496+0600][gc,phases   ] GC(1348)   Post Evacuate Collection Set: 0.4ms
[2021-03-19T16:02:00.496+0600][gc,phases   ] GC(1348)   Other: 0.2ms
[2021-03-19T16:02:00.496+0600][gc,heap     ] GC(1348) Eden regions: 605->0(605)
[2021-03-19T16:02:00.496+0600][gc,heap     ] GC(1348) Survivor regions: 9->9(77)
[2021-03-19T16:02:00.496+0600][gc,heap     ] GC(1348) Old regions: 137->137
[2021-03-19T16:02:00.496+0600][gc,heap     ] GC(1348) Archive regions: 2->2
[2021-03-19T16:02:00.496+0600][gc,heap     ] GC(1348) Humongous regions: 129->129
[2021-03-19T16:02:00.496+0600][gc,metaspace] GC(1348) Metaspace: 40252K(41216K)->40252K(41216K) NonClass: 35945K(36608K)->35945K(36608K) Class: 4306K(4608K)->4306K(4608K)
[2021-03-19T16:02:00.496+0600][gc          ] GC(1348) Pause Young (Normal) (G1 Evacuation Pause) 879M->275M(1024M) 5.524ms
[2021-03-19T16:02:00.496+0600][gc,cpu      ] GC(1348) User=0.03s Sys=0.01s Real=0.00s
