[2021-03-19T13:49:54.016+0600][gc          ] GC(1047) Pause Young (Normal) (G1 Evacuation Pause) 917M->330M(1024M) 16.166ms
[2021-03-19T13:49:54.016+0600][gc,cpu      ] GC(1047) User=0.02s Sys=0.01s Real=0.01s
[2021-03-19T13:50:04.369+0600][gc,start    ] GC(1048) Pause Young (Normal) (G1 Evacuation Pause)
[2021-03-19T13:50:04.369+0600][gc,task     ] GC(1048) Using 8 workers of 8 for evacuation
[2021-03-19T13:50:04.381+0600][gc,phases   ] GC(1048)   Pre Evacuate Collection Set: 0.3ms
[2021-03-19T13:50:04.381+0600][gc,phases   ] GC(1048)   Merge Heap Roots: 0.4ms
[2021-03-19T13:50:04.381+0600][gc,phases   ] GC(1048)   Evacuate Collection Set: 10.4ms
[2021-03-19T13:50:04.381+0600][gc,phases   ] GC(1048)   Post Evacuate Collection Set: 0.8ms
[2021-03-19T13:50:04.381+0600][gc,phases   ] GC(1048)   Other: 0.5ms
[2021-03-19T13:50:04.381+0600][gc,heap     ] GC(1048) Eden regions: 587->0(586)
[2021-03-19T13:50:04.381+0600][gc,heap     ] GC(1048) Survivor regions: 2->2(74)
[2021-03-19T13:50:04.381+0600][gc,heap     ] GC(1048) Old regions: 199->200
[2021-03-19T13:50:04.381+0600][gc,heap     ] GC(1048) Archive regions: 2->2
[2021-03-19T13:50:04.381+0600][gc,heap     ] GC(1048) Humongous regions: 129->129
[2021-03-19T13:50:04.381+0600][gc,metaspace] GC(1048) Metaspace: 40310K(41216K)->40310K(41216K) NonClass: 35987K(36608K)->35987K(36608K) Class: 4323K(4608K)->4323K(4608K)
[2021-03-19T13:50:04.381+0600][gc          ] GC(1048) Pause Young (Normal) (G1 Evacuation Pause) 917M->330M(1024M) 12.592ms
[2021-03-19T13:50:04.381+0600][gc,cpu      ] GC(1048) User=0.04s Sys=0.00s Real=0.02s
[2021-03-19T13:50:13.444+0600][gc,start    ] GC(1049) Pause Young (Normal) (G1 Evacuation Pause)
[2021-03-19T13:50:13.444+0600][gc,task     ] GC(1049) Using 8 workers of 8 for evacuation
[2021-03-19T13:50:13.448+0600][gc,phases   ] GC(1049)   Pre Evacuate Collection Set: 0.2ms
[2021-03-19T13:50:13.448+0600][gc,phases   ] GC(1049)   Merge Heap Roots: 0.1ms
[2021-03-19T13:50:13.448+0600][gc,phases   ] GC(1049)   Evacuate Collection Set: 2.4ms
[2021-03-19T13:50:13.448+0600][gc,phases   ] GC(1049)   Post Evacuate Collection Set: 0.5ms
[2021-03-19T13:50:13.448+0600][gc,phases   ] GC(1049)   Other: 0.9ms
[2021-03-19T13:50:13.448+0600][gc,heap     ] GC(1049) Eden regions: 586->0(586)
[2021-03-19T13:50:13.448+0600][gc,heap     ] GC(1049) Survivor regions: 2->2(74)
[2021-03-19T13:50:13.448+0600][gc,heap     ] GC(1049) Old regions: 200->200
[2021-03-19T13:50:13.448+0600][gc,heap     ] GC(1049) Archive regions: 2->2
[2021-03-19T13:50:13.448+0600][gc,heap     ] GC(1049) Humongous regions: 129->129
[2021-03-19T13:50:13.448+0600][gc,metaspace] GC(1049) Metaspace: 40310K(41216K)->40310K(41216K) NonClass: 35987K(36608K)->35987K(36608K) Class: 4323K(4608K)->4323K(4608K)
[2021-03-19T13:50:13.448+0600][gc          ] GC(1049) Pause Young (Normal) (G1 Evacuation Pause) 916M->330M(1024M) 4.315ms
[2021-03-19T13:50:13.448+0600][gc,cpu      ] GC(1049) User=0.01s Sys=0.00s Real=0.00s
[2021-03-19T13:50:16.129+0600][gc,start    ] GC(1050) Pause Young (Normal) (G1 Evacuation Pause)
[2021-03-19T13:50:16.129+0600][gc,task     ] GC(1050) Using 8 workers of 8 for evacuation
[2021-03-19T13:50:16.133+0600][gc,phases   ] GC(1050)   Pre Evacuate Collection Set: 0.1ms
[2021-03-19T13:50:16.133+0600][gc,phases   ] GC(1050)   Merge Heap Roots: 0.1ms
[2021-03-19T13:50:16.133+0600][gc,phases   ] GC(1050)   Evacuate Collection Set: 3.3ms
[2021-03-19T13:50:16.133+0600][gc,phases   ] GC(1050)   Post Evacuate Collection Set: 0.5ms
[2021-03-19T13:50:16.133+0600][gc,phases   ] GC(1050)   Other: 0.2ms
[2021-03-19T13:50:16.133+0600][gc,heap     ] GC(1050) Eden regions: 586->0(586)
[2021-03-19T13:50:16.133+0600][gc,heap     ] GC(1050) Survivor regions: 2->2(74)
[2021-03-19T13:50:16.133+0600][gc,heap     ] GC(1050) Old regions: 200->200
[2021-03-19T13:50:16.133+0600][gc,heap     ] GC(1050) Archive regions: 2->2
[2021-03-19T13:50:16.133+0600][gc,heap     ] GC(1050) Humongous regions: 129->129
[2021-03-19T13:50:16.133+0600][gc,metaspace] GC(1050) Metaspace: 40310K(41216K)->40310K(41216K) NonClass: 35987K(36608K)->35987K(36608K) Class: 4323K(4608K)->4323K(4608K)
[2021-03-19T13:50:16.133+0600][gc          ] GC(1050) Pause Young (Normal) (G1 Evacuation Pause) 916M->330M(1024M) 4.240ms
[2021-03-19T13:50:16.133+0600][gc,cpu      ] GC(1050) User=0.01s Sys=0.00s Real=0.01s
[2021-03-19T13:50:18.674+0600][gc,start    ] GC(1051) Pause Young (Normal) (G1 Evacuation Pause)
[2021-03-19T13:50:18.674+0600][gc,task     ] GC(1051) Using 8 workers of 8 for evacuation
[2021-03-19T13:50:18.677+0600][gc,phases   ] GC(1051)   Pre Evacuate Collection Set: 0.2ms
[2021-03-19T13:50:18.677+0600][gc,phases   ] GC(1051)   Merge Heap Roots: 0.1ms
[2021-03-19T13:50:18.677+0600][gc,phases   ] GC(1051)   Evacuate Collection Set: 1.9ms
[2021-03-19T13:50:18.677+0600][gc,phases   ] GC(1051)   Post Evacuate Collection Set: 0.4ms
[2021-03-19T13:50:18.677+0600][gc,phases   ] GC(1051)   Other: 0.2ms
[2021-03-19T13:50:18.677+0600][gc,heap     ] GC(1051) Eden regions: 586->0(586)
[2021-03-19T13:50:18.677+0600][gc,heap     ] GC(1051) Survivor regions: 2->2(74)
[2021-03-19T13:50:18.677+0600][gc,heap     ] GC(1051) Old regions: 200->200
[2021-03-19T13:50:18.677+0600][gc,heap     ] GC(1051) Archive regions: 2->2
[2021-03-19T13:50:18.677+0600][gc,heap     ] GC(1051) Humongous regions: 129->129
[2021-03-19T13:50:18.677+0600][gc,metaspace] GC(1051) Metaspace: 40310K(41216K)->40310K(41216K) NonClass: 35987K(36608K)->35987K(36608K) Class: 4323K(4608K)->4323K(4608K)
[2021-03-19T13:50:18.677+0600][gc          ] GC(1051) Pause Young (Normal) (G1 Evacuation Pause) 916M->330M(1024M) 2.846ms
[2021-03-19T13:50:18.677+0600][gc,cpu      ] GC(1051) User=0.02s Sys=0.01s Real=0.00s
[2021-03-19T13:50:21.217+0600][gc,start    ] GC(1052) Pause Young (Normal) (G1 Evacuation Pause)
[2021-03-19T13:50:21.217+0600][gc,task     ] GC(1052) Using 8 workers of 8 for evacuation
[2021-03-19T13:50:21.220+0600][gc,phases   ] GC(1052)   Pre Evacuate Collection Set: 0.1ms
[2021-03-19T13:50:21.220+0600][gc,phases   ] GC(1052)   Merge Heap Roots: 0.1ms
[2021-03-19T13:50:21.220+0600][gc,phases   ] GC(1052)   Evacuate Collection Set: 2.2ms
[2021-03-19T13:50:21.220+0600][gc,phases   ] GC(1052)   Post Evacuate Collection Set: 0.5ms
[2021-03-19T13:50:21.220+0600][gc,phases   ] GC(1052)   Other: 0.2ms
[2021-03-19T13:50:21.220+0600][gc,heap     ] GC(1052) Eden regions: 586->0(586)
[2021-03-19T13:50:21.220+0600][gc,heap     ] GC(1052) Survivor regions: 2->2(74)
[2021-03-19T13:50:21.220+0600][gc,heap     ] GC(1052) Old regions: 200->200
[2021-03-19T13:50:21.220+0600][gc,heap     ] GC(1052) Archive regions: 2->2
[2021-03-19T13:50:21.220+0600][gc,heap     ] GC(1052) Humongous regions: 129->129
[2021-03-19T13:50:21.220+0600][gc,metaspace] GC(1052) Metaspace: 40310K(41216K)->40310K(41216K) NonClass: 35987K(36608K)->35987K(36608K) Class: 4323K(4608K)->4323K(4608K)
[2021-03-19T13:50:21.220+0600][gc          ] GC(1052) Pause Young (Normal) (G1 Evacuation Pause) 916M->331M(1024M) 3.196ms
[2021-03-19T13:50:21.220+0600][gc,cpu      ] GC(1052) User=0.01s Sys=0.00s Real=0.01s
[2021-03-19T13:50:29.327+0600][gc,start    ] GC(1053) Pause Young (Normal) (G1 Evacuation Pause)
[2021-03-19T13:50:29.327+0600][gc,task     ] GC(1053) Using 8 workers of 8 for evacuation
[2021-03-19T13:50:29.336+0600][gc,phases   ] GC(1053)   Pre Evacuate Collection Set: 0.2ms
[2021-03-19T13:50:29.336+0600][gc,phases   ] GC(1053)   Merge Heap Roots: 0.2ms
[2021-03-19T13:50:29.336+0600][gc,phases   ] GC(1053)   Evacuate Collection Set: 7.4ms
[2021-03-19T13:50:29.336+0600][gc,phases   ] GC(1053)   Post Evacuate Collection Set: 0.9ms
[2021-03-19T13:50:29.336+0600][gc,phases   ] GC(1053)   Other: 0.3ms
[2021-03-19T13:50:29.336+0600][gc,heap     ] GC(1053) Eden regions: 586->0(586)
[2021-03-19T13:50:29.336+0600][gc,heap     ] GC(1053) Survivor regions: 2->2(74)
[2021-03-19T13:50:29.336+0600][gc,heap     ] GC(1053) Old regions: 200->200
[2021-03-19T13:50:29.336+0600][gc,heap     ] GC(1053) Archive regions: 2->2
[2021-03-19T13:50:29.336+0600][gc,heap     ] GC(1053) Humongous regions: 129->129
[2021-03-19T13:50:29.336+0600][gc,metaspace] GC(1053) Metaspace: 40310K(41216K)->40310K(41216K) NonClass: 35987K(36608K)->35987K(36608K) Class: 4323K(4608K)->4323K(4608K)
[2021-03-19T13:50:29.336+0600][gc          ] GC(1053) Pause Young (Normal) (G1 Evacuation Pause) 917M->331M(1024M) 9.280ms
[2021-03-19T13:50:29.336+0600][gc,cpu      ] GC(1053) User=0.02s Sys=0.00s Real=0.01s
[2021-03-19T13:50:37.587+0600][gc,start    ] GC(1054) Pause Young (Normal) (G1 Evacuation Pause)
[2021-03-19T13:50:37.587+0600][gc,task     ] GC(1054) Using 8 workers of 8 for evacuation
[2021-03-19T13:50:37.599+0600][gc,phases   ] GC(1054)   Pre Evacuate Collection Set: 0.2ms
[2021-03-19T13:50:37.599+0600][gc,phases   ] GC(1054)   Merge Heap Roots: 0.2ms
[2021-03-19T13:50:37.599+0600][gc,phases   ] GC(1054)   Evacuate Collection Set: 10.0ms
[2021-03-19T13:50:37.599+0600][gc,phases   ] GC(1054)   Post Evacuate Collection Set: 0.9ms
[2021-03-19T13:50:37.599+0600][gc,phases   ] GC(1054)   Other: 0.4ms
[2021-03-19T13:50:37.599+0600][gc,heap     ] GC(1054) Eden regions: 586->0(586)
[2021-03-19T13:50:37.599+0600][gc,heap     ] GC(1054) Survivor regions: 2->2(74)
[2021-03-19T13:50:37.599+0600][gc,heap     ] GC(1054) Old regions: 200->200
[2021-03-19T13:50:37.599+0600][gc,heap     ] GC(1054) Archive regions: 2->2
[2021-03-19T13:50:37.599+0600][gc,heap     ] GC(1054) Humongous regions: 129->129
[2021-03-19T13:50:37.599+0600][gc,metaspace] GC(1054) Metaspace: 40310K(41216K)->40310K(41216K) NonClass: 35987K(36608K)->35987K(36608K) Class: 4323K(4608K)->4323K(4608K)
[2021-03-19T13:50:37.599+0600][gc          ] GC(1054) Pause Young (Normal) (G1 Evacuation Pause) 917M->331M(1024M) 11.957ms
[2021-03-19T13:50:37.599+0600][gc,cpu      ] GC(1054) User=0.04s Sys=0.00s Real=0.01s
[2021-03-19T13:50:48.770+0600][gc,start    ] GC(1055) Pause Young (Normal) (G1 Evacuation Pause)
[2021-03-19T13:50:48.770+0600][gc,task     ] GC(1055) Using 8 workers of 8 for evacuation
[2021-03-19T13:50:48.774+0600][gc,phases   ] GC(1055)   Pre Evacuate Collection Set: 0.1ms
[2021-03-19T13:50:48.774+0600][gc,phases   ] GC(1055)   Merge Heap Roots: 0.1ms
[2021-03-19T13:50:48.774+0600][gc,phases   ] GC(1055)   Evacuate Collection Set: 3.4ms
[2021-03-19T13:50:48.774+0600][gc,phases   ] GC(1055)   Post Evacuate Collection Set: 0.4ms
[2021-03-19T13:50:48.774+0600][gc,phases   ] GC(1055)   Other: 0.5ms
[2021-03-19T13:50:48.774+0600][gc,heap     ] GC(1055) Eden regions: 586->0(584)
[2021-03-19T13:50:48.774+0600][gc,heap     ] GC(1055) Survivor regions: 2->3(74)
[2021-03-19T13:50:48.774+0600][gc,heap     ] GC(1055) Old regions: 200->200
[2021-03-19T13:50:48.774+0600][gc,heap     ] GC(1055) Archive regions: 2->2
[2021-03-19T13:50:48.774+0600][gc,heap     ] GC(1055) Humongous regions: 129->129
[2021-03-19T13:50:48.774+0600][gc,metaspace] GC(1055) Metaspace: 40310K(41216K)->40310K(41216K) NonClass: 35987K(36608K)->35987K(36608K) Class: 4323K(4608K)->4323K(4608K)
[2021-03-19T13:50:48.774+0600][gc          ] GC(1055) Pause Young (Normal) (G1 Evacuation Pause) 917M->331M(1024M) 4.574ms
[2021-03-19T13:50:48.774+0600][gc,cpu      ] GC(1055) User=0.02s Sys=0.00s Real=0.00s
[2021-03-19T13:50:51.577+0600][gc,start    ] GC(1056) Pause Young (Normal) (G1 Evacuation Pause)
[2021-03-19T13:50:51.577+0600][gc,task     ] GC(1056) Using 8 workers of 8 for evacuation
[2021-03-19T13:50:51.580+0600][gc,phases   ] GC(1056)   Pre Evacuate Collection Set: 0.1ms
[2021-03-19T13:50:51.580+0600][gc,phases   ] GC(1056)   Merge Heap Roots: 0.1ms
[2021-03-19T13:50:51.580+0600][gc,phases   ] GC(1056)   Evacuate Collection Set: 2.8ms
[2021-03-19T13:50:51.580+0600][gc,phases   ] GC(1056)   Post Evacuate Collection Set: 0.5ms
[2021-03-19T13:50:51.580+0600][gc,phases   ] GC(1056)   Other: 0.2ms
[2021-03-19T13:50:51.580+0600][gc,heap     ] GC(1056) Eden regions: 584->0(584)
[2021-03-19T13:50:51.580+0600][gc,heap     ] GC(1056) Survivor regions: 3->3(74)
[2021-03-19T13:50:51.580+0600][gc,heap     ] GC(1056) Old regions: 200->200
[2021-03-19T13:50:51.580+0600][gc,heap     ] GC(1056) Archive regions: 2->2
[2021-03-19T13:50:51.580+0600][gc,heap     ] GC(1056) Humongous regions: 129->129
[2021-03-19T13:50:51.580+0600][gc,metaspace] GC(1056) Metaspace: 40310K(41216K)->40310K(41216K) NonClass: 35987K(36608K)->35987K(36608K) Class: 4323K(4608K)->4323K(4608K)
[2021-03-19T13:50:51.580+0600][gc          ] GC(1056) Pause Young (Normal) (G1 Evacuation Pause) 915M->331M(1024M) 3.831ms
[2021-03-19T13:50:51.580+0600][gc,cpu      ] GC(1056) User=0.02s Sys=0.00s Real=0.01s
[2021-03-19T13:50:54.265+0600][gc,start    ] GC(1057) Pause Young (Normal) (G1 Evacuation Pause)
[2021-03-19T13:50:54.265+0600][gc,task     ] GC(1057) Using 8 workers of 8 for evacuation
[2021-03-19T13:50:54.269+0600][gc,phases   ] GC(1057)   Pre Evacuate Collection Set: 0.2ms
[2021-03-19T13:50:54.269+0600][gc,phases   ] GC(1057)   Merge Heap Roots: 0.1ms
[2021-03-19T13:50:54.269+0600][gc,phases   ] GC(1057)   Evacuate Collection Set: 2.5ms
[2021-03-19T13:50:54.269+0600][gc,phases   ] GC(1057)   Post Evacuate Collection Set: 0.5ms
[2021-03-19T13:50:54.269+0600][gc,phases   ] GC(1057)   Other: 0.2ms
[2021-03-19T13:50:54.269+0600][gc,heap     ] GC(1057) Eden regions: 584->0(584)
[2021-03-19T13:50:54.269+0600][gc,heap     ] GC(1057) Survivor regions: 3->3(74)
[2021-03-19T13:50:54.269+0600][gc,heap     ] GC(1057) Old regions: 200->200
[2021-03-19T13:50:54.269+0600][gc,heap     ] GC(1057) Archive regions: 2->2
[2021-03-19T13:50:54.269+0600][gc,heap     ] GC(1057) Humongous regions: 129->129
[2021-03-19T13:50:54.269+0600][gc,metaspace] GC(1057) Metaspace: 40310K(41216K)->40310K(41216K) NonClass: 35987K(36608K)->35987K(36608K) Class: 4323K(4608K)->4323K(4608K)
[2021-03-19T13:50:54.269+0600][gc          ] GC(1057) Pause Young (Normal) (G1 Evacuation Pause) 915M->331M(1024M) 3.546ms
[2021-03-19T13:50:54.269+0600][gc,cpu      ] GC(1057) User=0.02s Sys=0.00s Real=0.00s
[2021-03-19T13:50:56.861+0600][gc,start    ] GC(1058) Pause Young (Normal) (G1 Evacuation Pause)
[2021-03-19T13:50:56.861+0600][gc,task     ] GC(1058) Using 8 workers of 8 for evacuation
[2021-03-19T13:50:56.865+0600][gc,phases   ] GC(1058)   Pre Evacuate Collection Set: 0.2ms
[2021-03-19T13:50:56.865+0600][gc,phases   ] GC(1058)   Merge Heap Roots: 0.1ms
[2021-03-19T13:50:56.865+0600][gc,phases   ] GC(1058)   Evacuate Collection Set: 2.6ms
[2021-03-19T13:50:56.865+0600][gc,phases   ] GC(1058)   Post Evacuate Collection Set: 0.6ms
[2021-03-19T13:50:56.865+0600][gc,phases   ] GC(1058)   Other: 0.2ms
[2021-03-19T13:50:56.865+0600][gc,heap     ] GC(1058) Eden regions: 584->0(584)
[2021-03-19T13:50:56.865+0600][gc,heap     ] GC(1058) Survivor regions: 3->3(74)
[2021-03-19T13:50:56.865+0600][gc,heap     ] GC(1058) Old regions: 200->200
[2021-03-19T13:50:56.865+0600][gc,heap     ] GC(1058) Archive regions: 2->2
[2021-03-19T13:50:56.865+0600][gc,heap     ] GC(1058) Humongous regions: 129->129
[2021-03-19T13:50:56.865+0600][gc,metaspace] GC(1058) Metaspace: 40310K(41216K)->40310K(41216K) NonClass: 35987K(36608K)->35987K(36608K) Class: 4323K(4608K)->4323K(4608K)
[2021-03-19T13:50:56.865+0600][gc          ] GC(1058) Pause Young (Normal) (G1 Evacuation Pause) 915M->332M(1024M) 3.839ms
[2021-03-19T13:50:56.865+0600][gc,cpu      ] GC(1058) User=0.01s Sys=0.01s Real=0.00s
[2021-03-19T13:50:59.427+0600][gc,start    ] GC(1059) Pause Young (Normal) (G1 Evacuation Pause)
[2021-03-19T13:50:59.427+0600][gc,task     ] GC(1059) Using 8 workers of 8 for evacuation
[2021-03-19T13:50:59.430+0600][gc,phases   ] GC(1059)   Pre Evacuate Collection Set: 0.1ms
[2021-03-19T13:50:59.430+0600][gc,phases   ] GC(1059)   Merge Heap Roots: 0.1ms
[2021-03-19T13:50:59.430+0600][gc,phases   ] GC(1059)   Evacuate Collection Set: 2.5ms
[2021-03-19T13:50:59.430+0600][gc,phases   ] GC(1059)   Post Evacuate Collection Set: 0.4ms
[2021-03-19T13:50:59.430+0600][gc,phases   ] GC(1059)   Other: 0.2ms
[2021-03-19T13:50:59.430+0600][gc,heap     ] GC(1059) Eden regions: 584->0(583)
[2021-03-19T13:50:59.430+0600][gc,heap     ] GC(1059) Survivor regions: 3->3(74)
[2021-03-19T13:50:59.430+0600][gc,heap     ] GC(1059) Old regions: 200->201
[2021-03-19T13:50:59.430+0600][gc,heap     ] GC(1059) Archive regions: 2->2
[2021-03-19T13:50:59.430+0600][gc,heap     ] GC(1059) Humongous regions: 129->129
[2021-03-19T13:50:59.430+0600][gc,metaspace] GC(1059) Metaspace: 40310K(41216K)->40310K(41216K) NonClass: 35987K(36608K)->35987K(36608K) Class: 4323K(4608K)->4323K(4608K)
[2021-03-19T13:50:59.430+0600][gc          ] GC(1059) Pause Young (Normal) (G1 Evacuation Pause) 916M->332M(1024M) 3.423ms
[2021-03-19T13:50:59.430+0600][gc,cpu      ] GC(1059) User=0.02s Sys=0.00s Real=0.01s
[2021-03-19T13:51:02.076+0600][gc,start    ] GC(1060) Pause Young (Normal) (G1 Evacuation Pause)
[2021-03-19T13:51:02.076+0600][gc,task     ] GC(1060) Using 8 workers of 8 for evacuation
[2021-03-19T13:51:02.080+0600][gc,phases   ] GC(1060)   Pre Evacuate Collection Set: 0.1ms
[2021-03-19T13:51:02.080+0600][gc,phases   ] GC(1060)   Merge Heap Roots: 0.1ms
[2021-03-19T13:51:02.080+0600][gc,phases   ] GC(1060)   Evacuate Collection Set: 2.8ms
[2021-03-19T13:51:02.080+0600][gc,phases   ] GC(1060)   Post Evacuate Collection Set: 0.5ms
[2021-03-19T13:51:02.080+0600][gc,phases   ] GC(1060)   Other: 0.1ms
[2021-03-19T13:51:02.080+0600][gc,heap     ] GC(1060) Eden regions: 583->0(583)
[2021-03-19T13:51:02.080+0600][gc,heap     ] GC(1060) Survivor regions: 3->3(74)
[2021-03-19T13:51:02.080+0600][gc,heap     ] GC(1060) Old regions: 201->201
[2021-03-19T13:51:02.080+0600][gc,heap     ] GC(1060) Archive regions: 2->2
[2021-03-19T13:51:02.080+0600][gc,heap     ] GC(1060) Humongous regions: 129->129
[2021-03-19T13:51:02.080+0600][gc,metaspace] GC(1060) Metaspace: 40310K(41216K)->40310K(41216K) NonClass: 35987K(36608K)->35987K(36608K) Class: 4323K(4608K)->4323K(4608K)
[2021-03-19T13:51:02.080+0600][gc          ] GC(1060) Pause Young (Normal) (G1 Evacuation Pause) 915M->332M(1024M) 3.736ms
[2021-03-19T13:51:02.080+0600][gc,cpu      ] GC(1060) User=0.02s Sys=0.00s Real=0.01s
[2021-03-19T13:51:04.699+0600][gc,start    ] GC(1061) Pause Young (Normal) (G1 Evacuation Pause)
[2021-03-19T13:51:04.699+0600][gc,task     ] GC(1061) Using 8 workers of 8 for evacuation
[2021-03-19T13:51:04.704+0600][gc,phases   ] GC(1061)   Pre Evacuate Collection Set: 0.1ms
[2021-03-19T13:51:04.704+0600][gc,phases   ] GC(1061)   Merge Heap Roots: 0.1ms
[2021-03-19T13:51:04.704+0600][gc,phases   ] GC(1061)   Evacuate Collection Set: 3.5ms
[2021-03-19T13:51:04.704+0600][gc,phases   ] GC(1061)   Post Evacuate Collection Set: 0.6ms
[2021-03-19T13:51:04.704+0600][gc,phases   ] GC(1061)   Other: 0.2ms
[2021-03-19T13:51:04.704+0600][gc,heap     ] GC(1061) Eden regions: 583->0(583)
[2021-03-19T13:51:04.704+0600][gc,heap     ] GC(1061) Survivor regions: 3->3(74)
[2021-03-19T13:51:04.704+0600][gc,heap     ] GC(1061) Old regions: 201->201
[2021-03-19T13:51:04.704+0600][gc,heap     ] GC(1061) Archive regions: 2->2
[2021-03-19T13:51:04.704+0600][gc,heap     ] GC(1061) Humongous regions: 129->129
[2021-03-19T13:51:04.704+0600][gc,metaspace] GC(1061) Metaspace: 40310K(41216K)->40310K(41216K) NonClass: 35987K(36608K)->35987K(36608K) Class: 4323K(4608K)->4323K(4608K)
[2021-03-19T13:51:04.704+0600][gc          ] GC(1061) Pause Young (Normal) (G1 Evacuation Pause) 915M->332M(1024M) 4.602ms
[2021-03-19T13:51:04.704+0600][gc,cpu      ] GC(1061) User=0.02s Sys=0.00s Real=0.01s
[2021-03-19T13:51:07.335+0600][gc,start    ] GC(1062) Pause Young (Normal) (G1 Evacuation Pause)
[2021-03-19T13:51:07.335+0600][gc,task     ] GC(1062) Using 8 workers of 8 for evacuation
[2021-03-19T13:51:07.338+0600][gc,phases   ] GC(1062)   Pre Evacuate Collection Set: 0.1ms
[2021-03-19T13:51:07.338+0600][gc,phases   ] GC(1062)   Merge Heap Roots: 0.1ms
[2021-03-19T13:51:07.338+0600][gc,phases   ] GC(1062)   Evacuate Collection Set: 2.4ms
[2021-03-19T13:51:07.338+0600][gc,phases   ] GC(1062)   Post Evacuate Collection Set: 0.4ms
[2021-03-19T13:51:07.338+0600][gc,phases   ] GC(1062)   Other: 0.2ms
[2021-03-19T13:51:07.338+0600][gc,heap     ] GC(1062) Eden regions: 583->0(583)
[2021-03-19T13:51:07.338+0600][gc,heap     ] GC(1062) Survivor regions: 3->3(74)
[2021-03-19T13:51:07.338+0600][gc,heap     ] GC(1062) Old regions: 201->201
[2021-03-19T13:51:07.338+0600][gc,heap     ] GC(1062) Archive regions: 2->2
[2021-03-19T13:51:07.338+0600][gc,heap     ] GC(1062) Humongous regions: 129->129
[2021-03-19T13:51:07.338+0600][gc,metaspace] GC(1062) Metaspace: 40310K(41216K)->40310K(41216K) NonClass: 35987K(36608K)->35987K(36608K) Class: 4323K(4608K)->4323K(4608K)
[2021-03-19T13:51:07.338+0600][gc          ] GC(1062) Pause Young (Normal) (G1 Evacuation Pause) 915M->332M(1024M) 3.427ms
[2021-03-19T13:51:07.338+0600][gc,cpu      ] GC(1062) User=0.02s Sys=0.00s Real=0.00s
[2021-03-19T13:51:10.017+0600][gc,start    ] GC(1063) Pause Young (Normal) (G1 Evacuation Pause)
[2021-03-19T13:51:10.017+0600][gc,task     ] GC(1063) Using 8 workers of 8 for evacuation
[2021-03-19T13:51:10.020+0600][gc,phases   ] GC(1063)   Pre Evacuate Collection Set: 0.1ms
[2021-03-19T13:51:10.020+0600][gc,phases   ] GC(1063)   Merge Heap Roots: 0.1ms
[2021-03-19T13:51:10.020+0600][gc,phases   ] GC(1063)   Evacuate Collection Set: 2.6ms
[2021-03-19T13:51:10.020+0600][gc,phases   ] GC(1063)   Post Evacuate Collection Set: 0.4ms
[2021-03-19T13:51:10.020+0600][gc,phases   ] GC(1063)   Other: 0.2ms
[2021-03-19T13:51:10.020+0600][gc,heap     ] GC(1063) Eden regions: 583->0(583)
[2021-03-19T13:51:10.020+0600][gc,heap     ] GC(1063) Survivor regions: 3->3(74)
[2021-03-19T13:51:10.020+0600][gc,heap     ] GC(1063) Old regions: 201->201
[2021-03-19T13:51:10.020+0600][gc,heap     ] GC(1063) Archive regions: 2->2
[2021-03-19T13:51:10.020+0600][gc,heap     ] GC(1063) Humongous regions: 129->129
[2021-03-19T13:51:10.020+0600][gc,metaspace] GC(1063) Metaspace: 40310K(41216K)->40310K(41216K) NonClass: 35987K(36608K)->35987K(36608K) Class: 4323K(4608K)->4323K(4608K)
[2021-03-19T13:51:10.020+0600][gc          ] GC(1063) Pause Young (Normal) (G1 Evacuation Pause) 915M->332M(1024M) 3.449ms
[2021-03-19T13:51:10.020+0600][gc,cpu      ] GC(1063) User=0.01s Sys=0.00s Real=0.01s
[2021-03-19T13:51:12.638+0600][gc,start    ] GC(1064) Pause Young (Normal) (G1 Evacuation Pause)
[2021-03-19T13:51:12.638+0600][gc,task     ] GC(1064) Using 8 workers of 8 for evacuation
[2021-03-19T13:51:12.642+0600][gc,phases   ] GC(1064)   Pre Evacuate Collection Set: 0.1ms
[2021-03-19T13:51:12.642+0600][gc,phases   ] GC(1064)   Merge Heap Roots: 0.1ms
[2021-03-19T13:51:12.642+0600][gc,phases   ] GC(1064)   Evacuate Collection Set: 3.1ms
[2021-03-19T13:51:12.642+0600][gc,phases   ] GC(1064)   Post Evacuate Collection Set: 0.5ms
[2021-03-19T13:51:12.642+0600][gc,phases   ] GC(1064)   Other: 0.2ms
[2021-03-19T13:51:12.642+0600][gc,heap     ] GC(1064) Eden regions: 583->0(583)
[2021-03-19T13:51:12.642+0600][gc,heap     ] GC(1064) Survivor regions: 3->3(74)
[2021-03-19T13:51:12.642+0600][gc,heap     ] GC(1064) Old regions: 201->201
[2021-03-19T13:51:12.642+0600][gc,heap     ] GC(1064) Archive regions: 2->2
[2021-03-19T13:51:12.642+0600][gc,heap     ] GC(1064) Humongous regions: 129->129
[2021-03-19T13:51:12.642+0600][gc,metaspace] GC(1064) Metaspace: 40310K(41216K)->40310K(41216K) NonClass: 35987K(36608K)->35987K(36608K) Class: 4323K(4608K)->4323K(4608K)
[2021-03-19T13:51:12.642+0600][gc          ] GC(1064) Pause Young (Normal) (G1 Evacuation Pause) 915M->333M(1024M) 4.127ms
[2021-03-19T13:51:12.642+0600][gc,cpu      ] GC(1064) User=0.02s Sys=0.00s Real=0.01s
[2021-03-19T13:51:15.246+0600][gc,start    ] GC(1065) Pause Young (Normal) (G1 Evacuation Pause)
[2021-03-19T13:51:15.246+0600][gc,task     ] GC(1065) Using 8 workers of 8 for evacuation
[2021-03-19T13:51:15.250+0600][gc,phases   ] GC(1065)   Pre Evacuate Collection Set: 0.1ms
[2021-03-19T13:51:15.250+0600][gc,phases   ] GC(1065)   Merge Heap Roots: 0.1ms
[2021-03-19T13:51:15.250+0600][gc,phases   ] GC(1065)   Evacuate Collection Set: 2.8ms
[2021-03-19T13:51:15.250+0600][gc,phases   ] GC(1065)   Post Evacuate Collection Set: 0.4ms
[2021-03-19T13:51:15.250+0600][gc,phases   ] GC(1065)   Other: 0.2ms
[2021-03-19T13:51:15.250+0600][gc,heap     ] GC(1065) Eden regions: 583->0(583)
[2021-03-19T13:51:15.250+0600][gc,heap     ] GC(1065) Survivor regions: 3->3(74)
[2021-03-19T13:51:15.250+0600][gc,heap     ] GC(1065) Old regions: 201->201
[2021-03-19T13:51:15.250+0600][gc,heap     ] GC(1065) Archive regions: 2->2
[2021-03-19T13:51:15.250+0600][gc,heap     ] GC(1065) Humongous regions: 129->129
[2021-03-19T13:51:15.250+0600][gc,metaspace] GC(1065) Metaspace: 40310K(41216K)->40310K(41216K) NonClass: 35987K(36608K)->35987K(36608K) Class: 4323K(4608K)->4323K(4608K)
[2021-03-19T13:51:15.250+0600][gc          ] GC(1065) Pause Young (Normal) (G1 Evacuation Pause) 916M->333M(1024M) 3.803ms
[2021-03-19T13:51:15.250+0600][gc,cpu      ] GC(1065) User=0.02s Sys=0.00s Real=0.01s
[2021-03-19T13:51:17.797+0600][gc,start    ] GC(1066) Pause Young (Normal) (G1 Evacuation Pause)
[2021-03-19T13:51:17.797+0600][gc,task     ] GC(1066) Using 8 workers of 8 for evacuation
[2021-03-19T13:51:17.801+0600][gc,phases   ] GC(1066)   Pre Evacuate Collection Set: 0.1ms
[2021-03-19T13:51:17.801+0600][gc,phases   ] GC(1066)   Merge Heap Roots: 0.1ms
[2021-03-19T13:51:17.801+0600][gc,phases   ] GC(1066)   Evacuate Collection Set: 2.7ms
[2021-03-19T13:51:17.801+0600][gc,phases   ] GC(1066)   Post Evacuate Collection Set: 0.6ms
[2021-03-19T13:51:17.801+0600][gc,phases   ] GC(1066)   Other: 0.2ms
[2021-03-19T13:51:17.801+0600][gc,heap     ] GC(1066) Eden regions: 583->0(582)
[2021-03-19T13:51:17.801+0600][gc,heap     ] GC(1066) Survivor regions: 3->3(74)
[2021-03-19T13:51:17.801+0600][gc,heap     ] GC(1066) Old regions: 201->202
[2021-03-19T13:51:17.801+0600][gc,heap     ] GC(1066) Archive regions: 2->2
[2021-03-19T13:51:17.801+0600][gc,heap     ] GC(1066) Humongous regions: 129->129
[2021-03-19T13:51:17.801+0600][gc,metaspace] GC(1066) Metaspace: 40310K(41216K)->40310K(41216K) NonClass: 35987K(36608K)->35987K(36608K) Class: 4323K(4608K)->4323K(4608K)
[2021-03-19T13:51:17.801+0600][gc          ] GC(1066) Pause Young (Normal) (G1 Evacuation Pause) 916M->333M(1024M) 3.851ms
[2021-03-19T13:51:17.801+0600][gc,cpu      ] GC(1066) User=0.02s Sys=0.00s Real=0.01s
[2021-03-19T13:51:20.370+0600][gc,start    ] GC(1067) Pause Young (Normal) (G1 Evacuation Pause)
[2021-03-19T13:51:20.370+0600][gc,task     ] GC(1067) Using 8 workers of 8 for evacuation
[2021-03-19T13:51:20.373+0600][gc,phases   ] GC(1067)   Pre Evacuate Collection Set: 0.1ms
[2021-03-19T13:51:20.373+0600][gc,phases   ] GC(1067)   Merge Heap Roots: 0.1ms
[2021-03-19T13:51:20.373+0600][gc,phases   ] GC(1067)   Evacuate Collection Set: 2.3ms
[2021-03-19T13:51:20.373+0600][gc,phases   ] GC(1067)   Post Evacuate Collection Set: 0.5ms
[2021-03-19T13:51:20.373+0600][gc,phases   ] GC(1067)   Other: 0.2ms
[2021-03-19T13:51:20.373+0600][gc,heap     ] GC(1067) Eden regions: 582->0(582)
[2021-03-19T13:51:20.373+0600][gc,heap     ] GC(1067) Survivor regions: 3->3(74)
[2021-03-19T13:51:20.373+0600][gc,heap     ] GC(1067) Old regions: 202->202
[2021-03-19T13:51:20.373+0600][gc,heap     ] GC(1067) Archive regions: 2->2
[2021-03-19T13:51:20.373+0600][gc,heap     ] GC(1067) Humongous regions: 129->129
[2021-03-19T13:51:20.373+0600][gc,metaspace] GC(1067) Metaspace: 40310K(41216K)->40310K(41216K) NonClass: 35987K(36608K)->35987K(36608K) Class: 4323K(4608K)->4323K(4608K)
[2021-03-19T13:51:20.373+0600][gc          ] GC(1067) Pause Young (Normal) (G1 Evacuation Pause) 915M->333M(1024M) 3.275ms
[2021-03-19T13:51:20.373+0600][gc,cpu      ] GC(1067) User=0.01s Sys=0.00s Real=0.00s
[2021-03-19T13:51:27.162+0600][gc,start    ] GC(1068) Pause Young (Normal) (G1 Evacuation Pause)
[2021-03-19T13:51:27.162+0600][gc,task     ] GC(1068) Using 8 workers of 8 for evacuation
[2021-03-19T13:51:27.177+0600][gc,phases   ] GC(1068)   Pre Evacuate Collection Set: 0.4ms
[2021-03-19T13:51:27.177+0600][gc,phases   ] GC(1068)   Merge Heap Roots: 0.4ms
[2021-03-19T13:51:27.177+0600][gc,phases   ] GC(1068)   Evacuate Collection Set: 13.3ms
[2021-03-19T13:51:27.177+0600][gc,phases   ] GC(1068)   Post Evacuate Collection Set: 0.9ms
[2021-03-19T13:51:27.177+0600][gc,phases   ] GC(1068)   Other: 0.7ms
[2021-03-19T13:51:27.177+0600][gc,heap     ] GC(1068) Eden regions: 582->0(582)
[2021-03-19T13:51:27.177+0600][gc,heap     ] GC(1068) Survivor regions: 3->3(74)
[2021-03-19T13:51:27.177+0600][gc,heap     ] GC(1068) Old regions: 202->202
[2021-03-19T13:51:27.177+0600][gc,heap     ] GC(1068) Archive regions: 2->2
[2021-03-19T13:51:27.177+0600][gc,heap     ] GC(1068) Humongous regions: 129->129
[2021-03-19T13:51:27.178+0600][gc,metaspace] GC(1068) Metaspace: 40310K(41216K)->40310K(41216K) NonClass: 35987K(36608K)->35987K(36608K) Class: 4323K(4608K)->4323K(4608K)
[2021-03-19T13:51:27.178+0600][gc          ] GC(1068) Pause Young (Normal) (G1 Evacuation Pause) 915M->333M(1024M) 15.844ms
[2021-03-19T13:51:27.178+0600][gc,cpu      ] GC(1068) User=0.06s Sys=0.00s Real=0.01s
[2021-03-19T13:51:38.533+0600][gc,start    ] GC(1069) Pause Young (Normal) (G1 Evacuation Pause)
[2021-03-19T13:51:38.534+0600][gc,task     ] GC(1069) Using 8 workers of 8 for evacuation
[2021-03-19T13:51:38.549+0600][gc,phases   ] GC(1069)   Pre Evacuate Collection Set: 0.4ms
[2021-03-19T13:51:38.549+0600][gc,phases   ] GC(1069)   Merge Heap Roots: 0.4ms
[2021-03-19T13:51:38.549+0600][gc,phases   ] GC(1069)   Evacuate Collection Set: 13.5ms
[2021-03-19T13:51:38.549+0600][gc,phases   ] GC(1069)   Post Evacuate Collection Set: 0.6ms
[2021-03-19T13:51:38.549+0600][gc,phases   ] GC(1069)   Other: 0.7ms
[2021-03-19T13:51:38.549+0600][gc,heap     ] GC(1069) Eden regions: 582->0(582)
[2021-03-19T13:51:38.549+0600][gc,heap     ] GC(1069) Survivor regions: 3->3(74)
[2021-03-19T13:51:38.549+0600][gc,heap     ] GC(1069) Old regions: 202->202
[2021-03-19T13:51:38.549+0600][gc,heap     ] GC(1069) Archive regions: 2->2
[2021-03-19T13:51:38.549+0600][gc,heap     ] GC(1069) Humongous regions: 129->129
[2021-03-19T13:51:38.549+0600][gc,metaspace] GC(1069) Metaspace: 40310K(41216K)->40310K(41216K) NonClass: 35987K(36608K)->35987K(36608K) Class: 4323K(4608K)->4323K(4608K)
[2021-03-19T13:51:38.549+0600][gc          ] GC(1069) Pause Young (Normal) (G1 Evacuation Pause) 915M->333M(1024M) 15.671ms
[2021-03-19T13:51:38.549+0600][gc,cpu      ] GC(1069) User=0.05s Sys=0.01s Real=0.01s
[2021-03-19T13:51:53.197+0600][gc,start    ] GC(1070) Pause Young (Normal) (G1 Evacuation Pause)
[2021-03-19T13:51:53.197+0600][gc,task     ] GC(1070) Using 8 workers of 8 for evacuation
[2021-03-19T13:51:53.210+0600][gc,phases   ] GC(1070)   Pre Evacuate Collection Set: 0.4ms
[2021-03-19T13:51:53.210+0600][gc,phases   ] GC(1070)   Merge Heap Roots: 0.4ms
[2021-03-19T13:51:53.210+0600][gc,phases   ] GC(1070)   Evacuate Collection Set: 11.1ms
[2021-03-19T13:51:53.210+0600][gc,phases   ] GC(1070)   Post Evacuate Collection Set: 0.5ms
[2021-03-19T13:51:53.210+0600][gc,phases   ] GC(1070)   Other: 0.8ms
[2021-03-19T13:51:53.210+0600][gc,heap     ] GC(1070) Eden regions: 582->0(582)
[2021-03-19T13:51:53.210+0600][gc,heap     ] GC(1070) Survivor regions: 3->3(74)
[2021-03-19T13:51:53.210+0600][gc,heap     ] GC(1070) Old regions: 202->202
[2021-03-19T13:51:53.210+0600][gc,heap     ] GC(1070) Archive regions: 2->2
[2021-03-19T13:51:53.210+0600][gc,heap     ] GC(1070) Humongous regions: 129->129
[2021-03-19T13:51:53.210+0600][gc,metaspace] GC(1070) Metaspace: 40310K(41216K)->40310K(41216K) NonClass: 35987K(36608K)->35987K(36608K) Class: 4323K(4608K)->4323K(4608K)
[2021-03-19T13:51:53.210+0600][gc          ] GC(1070) Pause Young (Normal) (G1 Evacuation Pause) 915M->333M(1024M) 13.257ms
[2021-03-19T13:51:53.210+0600][gc,cpu      ] GC(1070) User=0.05s Sys=0.01s Real=0.02s
[2021-03-19T13:52:08.638+0600][gc,start    ] GC(1071) Pause Young (Normal) (G1 Evacuation Pause)
[2021-03-19T13:52:08.638+0600][gc,task     ] GC(1071) Using 8 workers of 8 for evacuation
[2021-03-19T13:52:08.653+0600][gc,phases   ] GC(1071)   Pre Evacuate Collection Set: 0.3ms
[2021-03-19T13:52:08.653+0600][gc,phases   ] GC(1071)   Merge Heap Roots: 0.3ms
[2021-03-19T13:52:08.653+0600][gc,phases   ] GC(1071)   Evacuate Collection Set: 13.1ms
[2021-03-19T13:52:08.653+0600][gc,phases   ] GC(1071)   Post Evacuate Collection Set: 0.7ms
[2021-03-19T13:52:08.653+0600][gc,phases   ] GC(1071)   Other: 0.7ms
[2021-03-19T13:52:08.653+0600][gc,heap     ] GC(1071) Eden regions: 582->0(582)
[2021-03-19T13:52:08.653+0600][gc,heap     ] GC(1071) Survivor regions: 3->3(74)
[2021-03-19T13:52:08.653+0600][gc,heap     ] GC(1071) Old regions: 202->202
[2021-03-19T13:52:08.653+0600][gc,heap     ] GC(1071) Archive regions: 2->2
[2021-03-19T13:52:08.653+0600][gc,heap     ] GC(1071) Humongous regions: 129->129
[2021-03-19T13:52:08.653+0600][gc,metaspace] GC(1071) Metaspace: 40310K(41216K)->40310K(41216K) NonClass: 35987K(36608K)->35987K(36608K) Class: 4323K(4608K)->4323K(4608K)
[2021-03-19T13:52:08.653+0600][gc          ] GC(1071) Pause Young (Normal) (G1 Evacuation Pause) 915M->334M(1024M) 15.232ms
[2021-03-19T13:52:08.653+0600][gc,cpu      ] GC(1071) User=0.05s Sys=0.00s Real=0.02s
[2021-03-19T13:52:23.637+0600][gc,start    ] GC(1072) Pause Young (Normal) (G1 Evacuation Pause)
[2021-03-19T13:52:23.637+0600][gc,task     ] GC(1072) Using 8 workers of 8 for evacuation
[2021-03-19T13:52:23.653+0600][gc,phases   ] GC(1072)   Pre Evacuate Collection Set: 0.4ms
[2021-03-19T13:52:23.653+0600][gc,phases   ] GC(1072)   Merge Heap Roots: 0.4ms
[2021-03-19T13:52:23.653+0600][gc,phases   ] GC(1072)   Evacuate Collection Set: 13.7ms
[2021-03-19T13:52:23.653+0600][gc,phases   ] GC(1072)   Post Evacuate Collection Set: 1.0ms
[2021-03-19T13:52:23.653+0600][gc,phases   ] GC(1072)   Other: 0.8ms
[2021-03-19T13:52:23.653+0600][gc,heap     ] GC(1072) Eden regions: 582->0(581)
[2021-03-19T13:52:23.653+0600][gc,heap     ] GC(1072) Survivor regions: 3->3(74)
[2021-03-19T13:52:23.653+0600][gc,heap     ] GC(1072) Old regions: 202->203
[2021-03-19T13:52:23.653+0600][gc,heap     ] GC(1072) Archive regions: 2->2
[2021-03-19T13:52:23.653+0600][gc,heap     ] GC(1072) Humongous regions: 129->129
[2021-03-19T13:52:23.653+0600][gc,metaspace] GC(1072) Metaspace: 40310K(41216K)->40310K(41216K) NonClass: 35987K(36608K)->35987K(36608K) Class: 4323K(4608K)->4323K(4608K)
[2021-03-19T13:52:23.653+0600][gc          ] GC(1072) Pause Young (Normal) (G1 Evacuation Pause) 916M->334M(1024M) 16.301ms
[2021-03-19T13:52:23.653+0600][gc,cpu      ] GC(1072) User=0.06s Sys=0.00s Real=0.02s
[2021-03-19T13:52:39.653+0600][gc,start    ] GC(1073) Pause Young (Normal) (G1 Evacuation Pause)
[2021-03-19T13:52:39.653+0600][gc,task     ] GC(1073) Using 8 workers of 8 for evacuation
[2021-03-19T13:52:39.669+0600][gc,phases   ] GC(1073)   Pre Evacuate Collection Set: 0.4ms
[2021-03-19T13:52:39.669+0600][gc,phases   ] GC(1073)   Merge Heap Roots: 0.3ms
[2021-03-19T13:52:39.669+0600][gc,phases   ] GC(1073)   Evacuate Collection Set: 13.3ms
[2021-03-19T13:52:39.669+0600][gc,phases   ] GC(1073)   Post Evacuate Collection Set: 1.1ms
[2021-03-19T13:52:39.669+0600][gc,phases   ] GC(1073)   Other: 0.8ms
[2021-03-19T13:52:39.669+0600][gc,heap     ] GC(1073) Eden regions: 581->0(581)
[2021-03-19T13:52:39.669+0600][gc,heap     ] GC(1073) Survivor regions: 3->3(73)
[2021-03-19T13:52:39.669+0600][gc,heap     ] GC(1073) Old regions: 203->203
[2021-03-19T13:52:39.669+0600][gc,heap     ] GC(1073) Archive regions: 2->2
[2021-03-19T13:52:39.669+0600][gc,heap     ] GC(1073) Humongous regions: 129->129
[2021-03-19T13:52:39.669+0600][gc,metaspace] GC(1073) Metaspace: 40310K(41216K)->40310K(41216K) NonClass: 35987K(36608K)->35987K(36608K) Class: 4323K(4608K)->4323K(4608K)
[2021-03-19T13:52:39.669+0600][gc          ] GC(1073) Pause Young (Normal) (G1 Evacuation Pause) 915M->334M(1024M) 16.039ms
[2021-03-19T13:52:39.669+0600][gc,cpu      ] GC(1073) User=0.05s Sys=0.00s Real=0.01s
[2021-03-19T13:52:54.863+0600][gc,start    ] GC(1074) Pause Young (Normal) (G1 Evacuation Pause)
[2021-03-19T13:52:54.863+0600][gc,task     ] GC(1074) Using 8 workers of 8 for evacuation
[2021-03-19T13:52:54.873+0600][gc,phases   ] GC(1074)   Pre Evacuate Collection Set: 0.2ms
[2021-03-19T13:52:54.873+0600][gc,phases   ] GC(1074)   Merge Heap Roots: 0.2ms
[2021-03-19T13:52:54.873+0600][gc,phases   ] GC(1074)   Evacuate Collection Set: 8.5ms
[2021-03-19T13:52:54.873+0600][gc,phases   ] GC(1074)   Post Evacuate Collection Set: 0.5ms
[2021-03-19T13:52:54.873+0600][gc,phases   ] GC(1074)   Other: 0.3ms
[2021-03-19T13:52:54.873+0600][gc,heap     ] GC(1074) Eden regions: 581->0(581)
[2021-03-19T13:52:54.873+0600][gc,heap     ] GC(1074) Survivor regions: 3->3(73)
[2021-03-19T13:52:54.873+0600][gc,heap     ] GC(1074) Old regions: 203->203
[2021-03-19T13:52:54.873+0600][gc,heap     ] GC(1074) Archive regions: 2->2
[2021-03-19T13:52:54.873+0600][gc,heap     ] GC(1074) Humongous regions: 129->129
[2021-03-19T13:52:54.873+0600][gc,metaspace] GC(1074) Metaspace: 40310K(41216K)->40310K(41216K) NonClass: 35987K(36608K)->35987K(36608K) Class: 4323K(4608K)->4323K(4608K)
[2021-03-19T13:52:54.873+0600][gc          ] GC(1074) Pause Young (Normal) (G1 Evacuation Pause) 915M->334M(1024M) 9.874ms
[2021-03-19T13:52:54.873+0600][gc,cpu      ] GC(1074) User=0.03s Sys=0.00s Real=0.01s
[2021-03-19T13:53:08.919+0600][gc,start    ] GC(1075) Pause Young (Normal) (G1 Evacuation Pause)
[2021-03-19T13:53:08.920+0600][gc,task     ] GC(1075) Using 8 workers of 8 for evacuation
[2021-03-19T13:53:08.934+0600][gc,phases   ] GC(1075)   Pre Evacuate Collection Set: 0.3ms
[2021-03-19T13:53:08.934+0600][gc,phases   ] GC(1075)   Merge Heap Roots: 0.2ms
[2021-03-19T13:53:08.934+0600][gc,phases   ] GC(1075)   Evacuate Collection Set: 12.6ms
[2021-03-19T13:53:08.934+0600][gc,phases   ] GC(1075)   Post Evacuate Collection Set: 0.6ms
[2021-03-19T13:53:08.934+0600][gc,phases   ] GC(1075)   Other: 0.6ms
[2021-03-19T13:53:08.934+0600][gc,heap     ] GC(1075) Eden regions: 581->0(581)
[2021-03-19T13:53:08.934+0600][gc,heap     ] GC(1075) Survivor regions: 3->3(73)
[2021-03-19T13:53:08.934+0600][gc,heap     ] GC(1075) Old regions: 203->203
[2021-03-19T13:53:08.934+0600][gc,heap     ] GC(1075) Archive regions: 2->2
[2021-03-19T13:53:08.934+0600][gc,heap     ] GC(1075) Humongous regions: 129->129
[2021-03-19T13:53:08.934+0600][gc,metaspace] GC(1075) Metaspace: 40310K(41216K)->40310K(41216K) NonClass: 35987K(36608K)->35987K(36608K) Class: 4323K(4608K)->4323K(4608K)
[2021-03-19T13:53:08.934+0600][gc          ] GC(1075) Pause Young (Normal) (G1 Evacuation Pause) 915M->335M(1024M) 14.485ms
[2021-03-19T13:53:08.934+0600][gc,cpu      ] GC(1075) User=0.05s Sys=0.01s Real=0.02s
[2021-03-19T13:53:26.037+0600][gc,start    ] GC(1076) Pause Young (Normal) (G1 Evacuation Pause)
[2021-03-19T13:53:26.038+0600][gc,task     ] GC(1076) Using 8 workers of 8 for evacuation
[2021-03-19T13:53:26.052+0600][gc,phases   ] GC(1076)   Pre Evacuate Collection Set: 0.4ms
[2021-03-19T13:53:26.052+0600][gc,phases   ] GC(1076)   Merge Heap Roots: 0.4ms
[2021-03-19T13:53:26.052+0600][gc,phases   ] GC(1076)   Evacuate Collection Set: 13.0ms
[2021-03-19T13:53:26.052+0600][gc,phases   ] GC(1076)   Post Evacuate Collection Set: 0.6ms
[2021-03-19T13:53:26.052+0600][gc,phases   ] GC(1076)   Other: 0.8ms
[2021-03-19T13:53:26.052+0600][gc,heap     ] GC(1076) Eden regions: 581->0(579)
[2021-03-19T13:53:26.052+0600][gc,heap     ] GC(1076) Survivor regions: 3->4(73)
[2021-03-19T13:53:26.052+0600][gc,heap     ] GC(1076) Old regions: 203->203
[2021-03-19T13:53:26.052+0600][gc,heap     ] GC(1076) Archive regions: 2->2
[2021-03-19T13:53:26.052+0600][gc,heap     ] GC(1076) Humongous regions: 129->129
[2021-03-19T13:53:26.053+0600][gc,metaspace] GC(1076) Metaspace: 40310K(41216K)->40310K(41216K) NonClass: 35987K(36608K)->35987K(36608K) Class: 4323K(4608K)->4323K(4608K)
[2021-03-19T13:53:26.053+0600][gc          ] GC(1076) Pause Young (Normal) (G1 Evacuation Pause) 916M->335M(1024M) 15.181ms
[2021-03-19T13:53:26.053+0600][gc,cpu      ] GC(1076) User=0.06s Sys=0.01s Real=0.02s
[2021-03-19T13:53:41.569+0600][gc,start    ] GC(1077) Pause Young (Normal) (G1 Evacuation Pause)
[2021-03-19T13:53:41.569+0600][gc,task     ] GC(1077) Using 8 workers of 8 for evacuation
[2021-03-19T13:53:41.585+0600][gc,phases   ] GC(1077)   Pre Evacuate Collection Set: 0.4ms
[2021-03-19T13:53:41.585+0600][gc,phases   ] GC(1077)   Merge Heap Roots: 0.3ms
[2021-03-19T13:53:41.585+0600][gc,phases   ] GC(1077)   Evacuate Collection Set: 14.4ms
[2021-03-19T13:53:41.585+0600][gc,phases   ] GC(1077)   Post Evacuate Collection Set: 0.6ms
[2021-03-19T13:53:41.585+0600][gc,phases   ] GC(1077)   Other: 0.7ms
[2021-03-19T13:53:41.585+0600][gc,heap     ] GC(1077) Eden regions: 579->0(579)
[2021-03-19T13:53:41.585+0600][gc,heap     ] GC(1077) Survivor regions: 4->4(73)
[2021-03-19T13:53:41.585+0600][gc,heap     ] GC(1077) Old regions: 203->203
[2021-03-19T13:53:41.585+0600][gc,heap     ] GC(1077) Archive regions: 2->2
[2021-03-19T13:53:41.585+0600][gc,heap     ] GC(1077) Humongous regions: 129->129
[2021-03-19T13:53:41.585+0600][gc,metaspace] GC(1077) Metaspace: 40310K(41216K)->40310K(41216K) NonClass: 35987K(36608K)->35987K(36608K) Class: 4323K(4608K)->4323K(4608K)
[2021-03-19T13:53:41.585+0600][gc          ] GC(1077) Pause Young (Normal) (G1 Evacuation Pause) 914M->335M(1024M) 16.441ms
[2021-03-19T13:53:41.585+0600][gc,cpu      ] GC(1077) User=0.05s Sys=0.00s Real=0.02s
[2021-03-19T13:53:46.459+0600][gc,start    ] GC(1078) Pause Young (Normal) (G1 Evacuation Pause)
[2021-03-19T13:53:46.459+0600][gc,task     ] GC(1078) Using 8 workers of 8 for evacuation
[2021-03-19T13:53:46.463+0600][gc,phases   ] GC(1078)   Pre Evacuate Collection Set: 0.2ms
[2021-03-19T13:53:46.463+0600][gc,phases   ] GC(1078)   Merge Heap Roots: 0.1ms
[2021-03-19T13:53:46.463+0600][gc,phases   ] GC(1078)   Evacuate Collection Set: 3.3ms
[2021-03-19T13:53:46.463+0600][gc,phases   ] GC(1078)   Post Evacuate Collection Set: 0.4ms
[2021-03-19T13:53:46.463+0600][gc,phases   ] GC(1078)   Other: 0.5ms
[2021-03-19T13:53:46.463+0600][gc,heap     ] GC(1078) Eden regions: 579->0(579)
[2021-03-19T13:53:46.463+0600][gc,heap     ] GC(1078) Survivor regions: 4->4(73)
[2021-03-19T13:53:46.463+0600][gc,heap     ] GC(1078) Old regions: 203->203
[2021-03-19T13:53:46.463+0600][gc,heap     ] GC(1078) Archive regions: 2->2
[2021-03-19T13:53:46.463+0600][gc,heap     ] GC(1078) Humongous regions: 129->129
[2021-03-19T13:53:46.463+0600][gc,metaspace] GC(1078) Metaspace: 40310K(41216K)->40310K(41216K) NonClass: 35987K(36608K)->35987K(36608K) Class: 4323K(4608K)->4323K(4608K)
[2021-03-19T13:53:46.463+0600][gc          ] GC(1078) Pause Young (Normal) (G1 Evacuation Pause) 914M->336M(1024M) 4.574ms
[2021-03-19T13:53:46.464+0600][gc,cpu      ] GC(1078) User=0.02s Sys=0.00s Real=0.01s
[2021-03-19T13:53:48.960+0600][gc,start    ] GC(1079) Pause Young (Normal) (G1 Evacuation Pause)
[2021-03-19T13:53:48.961+0600][gc,task     ] GC(1079) Using 8 workers of 8 for evacuation
[2021-03-19T13:53:48.965+0600][gc,phases   ] GC(1079)   Pre Evacuate Collection Set: 0.1ms
[2021-03-19T13:53:48.965+0600][gc,phases   ] GC(1079)   Merge Heap Roots: 0.1ms
[2021-03-19T13:53:48.965+0600][gc,phases   ] GC(1079)   Evacuate Collection Set: 3.2ms
[2021-03-19T13:53:48.965+0600][gc,phases   ] GC(1079)   Post Evacuate Collection Set: 0.6ms
[2021-03-19T13:53:48.965+0600][gc,phases   ] GC(1079)   Other: 0.2ms
[2021-03-19T13:53:48.965+0600][gc,heap     ] GC(1079) Eden regions: 579->0(578)
[2021-03-19T13:53:48.965+0600][gc,heap     ] GC(1079) Survivor regions: 4->4(73)
[2021-03-19T13:53:48.965+0600][gc,heap     ] GC(1079) Old regions: 203->204
[2021-03-19T13:53:48.965+0600][gc,heap     ] GC(1079) Archive regions: 2->2
[2021-03-19T13:53:48.965+0600][gc,heap     ] GC(1079) Humongous regions: 129->129
[2021-03-19T13:53:48.965+0600][gc,metaspace] GC(1079) Metaspace: 40310K(41216K)->40310K(41216K) NonClass: 35987K(36608K)->35987K(36608K) Class: 4323K(4608K)->4323K(4608K)
[2021-03-19T13:53:48.965+0600][gc          ] GC(1079) Pause Young (Normal) (G1 Evacuation Pause) 915M->336M(1024M) 4.375ms
[2021-03-19T13:53:48.965+0600][gc,cpu      ] GC(1079) User=0.02s Sys=0.00s Real=0.00s
[2021-03-19T14:28:47.389+0600][gc,start    ] GC(1080) Pause Young (Normal) (G1 Evacuation Pause)
[2021-03-19T14:28:47.391+0600][gc,task     ] GC(1080) Using 8 workers of 8 for evacuation
[2021-03-19T14:28:47.412+0600][gc,mmu      ] GC(1080) MMU target violated: 21.0ms (20.0ms/21.0ms)
[2021-03-19T14:28:47.412+0600][gc,phases   ] GC(1080)   Pre Evacuate Collection Set: 0.4ms
[2021-03-19T14:28:47.412+0600][gc,phases   ] GC(1080)   Merge Heap Roots: 0.4ms
[2021-03-19T14:28:47.412+0600][gc,phases   ] GC(1080)   Evacuate Collection Set: 19.8ms
[2021-03-19T14:28:47.412+0600][gc,phases   ] GC(1080)   Post Evacuate Collection Set: 0.5ms
[2021-03-19T14:28:47.412+0600][gc,phases   ] GC(1080)   Other: 1.9ms
[2021-03-19T14:28:47.412+0600][gc,heap     ] GC(1080) Eden regions: 578->0(562)
[2021-03-19T14:28:47.412+0600][gc,heap     ] GC(1080) Survivor regions: 4->12(73)
[2021-03-19T14:28:47.412+0600][gc,heap     ] GC(1080) Old regions: 204->204
[2021-03-19T14:28:47.412+0600][gc,heap     ] GC(1080) Archive regions: 2->2
[2021-03-19T14:28:47.412+0600][gc,heap     ] GC(1080) Humongous regions: 129->129
[2021-03-19T14:28:47.412+0600][gc,metaspace] GC(1080) Metaspace: 40310K(41216K)->40310K(41216K) NonClass: 35987K(36608K)->35987K(36608K) Class: 4323K(4608K)->4323K(4608K)
[2021-03-19T14:28:47.412+0600][gc          ] GC(1080) Pause Young (Normal) (G1 Evacuation Pause) 914M->344M(1024M) 23.028ms
[2021-03-19T14:28:47.412+0600][gc,cpu      ] GC(1080) User=0.10s Sys=0.00s Real=0.03s
[2021-03-19T15:03:28.268+0600][gc,start    ] GC(1081) Pause Young (Normal) (G1 Evacuation Pause)
[2021-03-19T15:03:28.268+0600][gc,task     ] GC(1081) Using 8 workers of 8 for evacuation
[2021-03-19T15:03:28.279+0600][gc,phases   ] GC(1081)   Pre Evacuate Collection Set: 0.2ms
[2021-03-19T15:03:28.279+0600][gc,phases   ] GC(1081)   Merge Heap Roots: 0.1ms
[2021-03-19T15:03:28.279+0600][gc,phases   ] GC(1081)   Evacuate Collection Set: 9.8ms
[2021-03-19T15:03:28.279+0600][gc,phases   ] GC(1081)   Post Evacuate Collection Set: 0.5ms
[2021-03-19T15:03:28.279+0600][gc,phases   ] GC(1081)   Other: 0.4ms
[2021-03-19T15:03:28.279+0600][gc,heap     ] GC(1081) Eden regions: 562->0(548)
[2021-03-19T15:03:28.279+0600][gc,heap     ] GC(1081) Survivor regions: 12->19(72)
[2021-03-19T15:03:28.279+0600][gc,heap     ] GC(1081) Old regions: 204->204
[2021-03-19T15:03:28.279+0600][gc,heap     ] GC(1081) Archive regions: 2->2
[2021-03-19T15:03:28.279+0600][gc,heap     ] GC(1081) Humongous regions: 129->129
[2021-03-19T15:03:28.279+0600][gc,metaspace] GC(1081) Metaspace: 40310K(41216K)->40310K(41216K) NonClass: 35987K(36608K)->35987K(36608K) Class: 4323K(4608K)->4323K(4608K)
[2021-03-19T15:03:28.279+0600][gc          ] GC(1081) Pause Young (Normal) (G1 Evacuation Pause) 906M->352M(1024M) 10.991ms
[2021-03-19T15:03:28.279+0600][gc,cpu      ] GC(1081) User=0.07s Sys=0.01s Real=0.01s
[2021-03-19T15:03:30.684+0600][gc,start    ] GC(1082) Pause Young (Normal) (G1 Evacuation Pause)
[2021-03-19T15:03:30.684+0600][gc,task     ] GC(1082) Using 8 workers of 8 for evacuation
[2021-03-19T15:03:30.693+0600][gc,phases   ] GC(1082)   Pre Evacuate Collection Set: 0.2ms
[2021-03-19T15:03:30.693+0600][gc,phases   ] GC(1082)   Merge Heap Roots: 0.1ms
[2021-03-19T15:03:30.693+0600][gc,phases   ] GC(1082)   Evacuate Collection Set: 7.7ms
[2021-03-19T15:03:30.693+0600][gc,phases   ] GC(1082)   Post Evacuate Collection Set: 0.6ms
[2021-03-19T15:03:30.693+0600][gc,phases   ] GC(1082)   Other: 0.2ms
[2021-03-19T15:03:30.693+0600][gc,heap     ] GC(1082) Eden regions: 548->0(540)
[2021-03-19T15:03:30.693+0600][gc,heap     ] GC(1082) Survivor regions: 19->23(71)
[2021-03-19T15:03:30.693+0600][gc,heap     ] GC(1082) Old regions: 204->204
[2021-03-19T15:03:30.693+0600][gc,heap     ] GC(1082) Archive regions: 2->2
[2021-03-19T15:03:30.693+0600][gc,heap     ] GC(1082) Humongous regions: 129->129
[2021-03-19T15:03:30.693+0600][gc,metaspace] GC(1082) Metaspace: 40310K(41216K)->40310K(41216K) NonClass: 35987K(36608K)->35987K(36608K) Class: 4323K(4608K)->4323K(4608K)
[2021-03-19T15:03:30.693+0600][gc          ] GC(1082) Pause Young (Normal) (G1 Evacuation Pause) 900M->355M(1024M) 8.856ms
[2021-03-19T15:03:30.693+0600][gc,cpu      ] GC(1082) User=0.06s Sys=0.00s Real=0.01s
[2021-03-19T15:03:33.015+0600][gc,start    ] GC(1083) Pause Young (Normal) (G1 Evacuation Pause)
[2021-03-19T15:03:33.015+0600][gc,task     ] GC(1083) Using 8 workers of 8 for evacuation
[2021-03-19T15:03:33.024+0600][gc,phases   ] GC(1083)   Pre Evacuate Collection Set: 0.1ms
[2021-03-19T15:03:33.024+0600][gc,phases   ] GC(1083)   Merge Heap Roots: 0.1ms
[2021-03-19T15:03:33.024+0600][gc,phases   ] GC(1083)   Evacuate Collection Set: 8.0ms
[2021-03-19T15:03:33.024+0600][gc,phases   ] GC(1083)   Post Evacuate Collection Set: 0.5ms
[2021-03-19T15:03:33.024+0600][gc,phases   ] GC(1083)   Other: 0.2ms
[2021-03-19T15:03:33.024+0600][gc,heap     ] GC(1083) Eden regions: 540->0(536)
[2021-03-19T15:03:33.024+0600][gc,heap     ] GC(1083) Survivor regions: 23->25(71)
[2021-03-19T15:03:33.024+0600][gc,heap     ] GC(1083) Old regions: 204->204
[2021-03-19T15:03:33.024+0600][gc,heap     ] GC(1083) Archive regions: 2->2
[2021-03-19T15:03:33.024+0600][gc,heap     ] GC(1083) Humongous regions: 129->129
[2021-03-19T15:03:33.024+0600][gc,metaspace] GC(1083) Metaspace: 40310K(41216K)->40310K(41216K) NonClass: 35987K(36608K)->35987K(36608K) Class: 4323K(4608K)->4323K(4608K)
[2021-03-19T15:03:33.024+0600][gc          ] GC(1083) Pause Young (Normal) (G1 Evacuation Pause) 895M->357M(1024M) 9.158ms
[2021-03-19T15:03:33.024+0600][gc,cpu      ] GC(1083) User=0.06s Sys=0.00s Real=0.01s
[2021-03-19T15:03:35.674+0600][gc,start    ] GC(1084) Pause Young (Normal) (G1 Evacuation Pause)
[2021-03-19T15:03:35.674+0600][gc,task     ] GC(1084) Using 8 workers of 8 for evacuation
[2021-03-19T15:03:35.693+0600][gc,phases   ] GC(1084)   Pre Evacuate Collection Set: 0.3ms
[2021-03-19T15:03:35.693+0600][gc,phases   ] GC(1084)   Merge Heap Roots: 0.3ms
[2021-03-19T15:03:35.693+0600][gc,phases   ] GC(1084)   Evacuate Collection Set: 17.0ms
[2021-03-19T15:03:35.693+0600][gc,phases   ] GC(1084)   Post Evacuate Collection Set: 0.9ms
[2021-03-19T15:03:35.693+0600][gc,phases   ] GC(1084)   Other: 0.6ms
[2021-03-19T15:03:35.693+0600][gc,heap     ] GC(1084) Eden regions: 536->0(538)
[2021-03-19T15:03:35.693+0600][gc,heap     ] GC(1084) Survivor regions: 25->24(71)
[2021-03-19T15:03:35.693+0600][gc,heap     ] GC(1084) Old regions: 204->204
[2021-03-19T15:03:35.693+0600][gc,heap     ] GC(1084) Archive regions: 2->2
[2021-03-19T15:03:35.693+0600][gc,heap     ] GC(1084) Humongous regions: 129->129
[2021-03-19T15:03:35.693+0600][gc,metaspace] GC(1084) Metaspace: 40310K(41216K)->40310K(41216K) NonClass: 35987K(36608K)->35987K(36608K) Class: 4323K(4608K)->4323K(4608K)
[2021-03-19T15:03:35.694+0600][gc          ] GC(1084) Pause Young (Normal) (G1 Evacuation Pause) 893M->357M(1024M) 19.182ms
[2021-03-19T15:03:35.694+0600][gc,cpu      ] GC(1084) User=0.10s Sys=0.00s Real=0.02s
[2021-03-19T15:03:49.843+0600][gc,start    ] GC(1085) Pause Young (Normal) (G1 Evacuation Pause)
[2021-03-19T15:03:49.843+0600][gc,task     ] GC(1085) Using 8 workers of 8 for evacuation
[2021-03-19T15:03:49.867+0600][gc,mmu      ] GC(1085) MMU target violated: 21.0ms (20.0ms/21.0ms)
[2021-03-19T15:03:49.867+0600][gc,phases   ] GC(1085)   Pre Evacuate Collection Set: 0.3ms
[2021-03-19T15:03:49.867+0600][gc,phases   ] GC(1085)   Merge Heap Roots: 0.3ms
[2021-03-19T15:03:49.867+0600][gc,phases   ] GC(1085)   Evacuate Collection Set: 22.0ms
[2021-03-19T15:03:49.867+0600][gc,phases   ] GC(1085)   Post Evacuate Collection Set: 0.9ms
[2021-03-19T15:03:49.867+0600][gc,phases   ] GC(1085)   Other: 0.8ms
[2021-03-19T15:03:49.867+0600][gc,heap     ] GC(1085) Eden regions: 538->0(535)
[2021-03-19T15:03:49.867+0600][gc,heap     ] GC(1085) Survivor regions: 24->25(71)
[2021-03-19T15:03:49.867+0600][gc,heap     ] GC(1085) Old regions: 204->205
[2021-03-19T15:03:49.867+0600][gc,heap     ] GC(1085) Archive regions: 2->2
[2021-03-19T15:03:49.867+0600][gc,heap     ] GC(1085) Humongous regions: 129->129
[2021-03-19T15:03:49.867+0600][gc,metaspace] GC(1085) Metaspace: 40310K(41216K)->40310K(41216K) NonClass: 35987K(36608K)->35987K(36608K) Class: 4323K(4608K)->4323K(4608K)
[2021-03-19T15:03:49.867+0600][gc          ] GC(1085) Pause Young (Normal) (G1 Evacuation Pause) 895M->358M(1024M) 24.370ms
[2021-03-19T15:03:49.867+0600][gc,cpu      ] GC(1085) User=0.12s Sys=0.00s Real=0.02s
[2021-03-19T15:04:03.917+0600][gc,start    ] GC(1086) Pause Young (Normal) (G1 Evacuation Pause)
[2021-03-19T15:04:03.917+0600][gc,task     ] GC(1086) Using 8 workers of 8 for evacuation
[2021-03-19T15:04:03.936+0600][gc,phases   ] GC(1086)   Pre Evacuate Collection Set: 0.2ms
[2021-03-19T15:04:03.936+0600][gc,phases   ] GC(1086)   Merge Heap Roots: 0.3ms
[2021-03-19T15:04:03.936+0600][gc,phases   ] GC(1086)   Evacuate Collection Set: 17.7ms
[2021-03-19T15:04:03.936+0600][gc,phases   ] GC(1086)   Post Evacuate Collection Set: 0.5ms
[2021-03-19T15:04:03.936+0600][gc,phases   ] GC(1086)   Other: 0.3ms
[2021-03-19T15:04:03.936+0600][gc,heap     ] GC(1086) Eden regions: 535->0(533)
[2021-03-19T15:04:03.936+0600][gc,heap     ] GC(1086) Survivor regions: 25->26(70)
[2021-03-19T15:04:03.936+0600][gc,heap     ] GC(1086) Old regions: 205->205
[2021-03-19T15:04:03.936+0600][gc,heap     ] GC(1086) Archive regions: 2->2
[2021-03-19T15:04:03.936+0600][gc,heap     ] GC(1086) Humongous regions: 129->129
[2021-03-19T15:04:03.936+0600][gc,metaspace] GC(1086) Metaspace: 40310K(41216K)->40310K(41216K) NonClass: 35987K(36608K)->35987K(36608K) Class: 4323K(4608K)->4323K(4608K)
[2021-03-19T15:04:03.936+0600][gc          ] GC(1086) Pause Young (Normal) (G1 Evacuation Pause) 893M->359M(1024M) 19.110ms
[2021-03-19T15:04:03.936+0600][gc,cpu      ] GC(1086) User=0.08s Sys=0.00s Real=0.02s
[2021-03-19T15:04:10.077+0600][gc,start    ] GC(1087) Pause Young (Normal) (G1 Evacuation Pause)
[2021-03-19T15:04:10.077+0600][gc,task     ] GC(1087) Using 8 workers of 8 for evacuation
[2021-03-19T15:04:10.088+0600][gc,phases   ] GC(1087)   Pre Evacuate Collection Set: 0.1ms
[2021-03-19T15:04:10.088+0600][gc,phases   ] GC(1087)   Merge Heap Roots: 0.1ms
[2021-03-19T15:04:10.088+0600][gc,phases   ] GC(1087)   Evacuate Collection Set: 9.8ms
[2021-03-19T15:04:10.088+0600][gc,phases   ] GC(1087)   Post Evacuate Collection Set: 0.6ms
[2021-03-19T15:04:10.088+0600][gc,phases   ] GC(1087)   Other: 0.3ms
[2021-03-19T15:04:10.088+0600][gc,heap     ] GC(1087) Eden regions: 533->0(533)
[2021-03-19T15:04:10.088+0600][gc,heap     ] GC(1087) Survivor regions: 26->26(70)
[2021-03-19T15:04:10.088+0600][gc,heap     ] GC(1087) Old regions: 205->205
[2021-03-19T15:04:10.088+0600][gc,heap     ] GC(1087) Archive regions: 2->2
[2021-03-19T15:04:10.088+0600][gc,heap     ] GC(1087) Humongous regions: 129->129
[2021-03-19T15:04:10.088+0600][gc,metaspace] GC(1087) Metaspace: 40310K(41216K)->40310K(41216K) NonClass: 35987K(36608K)->35987K(36608K) Class: 4323K(4608K)->4323K(4608K)
[2021-03-19T15:04:10.088+0600][gc          ] GC(1087) Pause Young (Normal) (G1 Evacuation Pause) 892M->360M(1024M) 11.058ms
[2021-03-19T15:04:10.088+0600][gc,cpu      ] GC(1087) User=0.06s Sys=0.00s Real=0.01s
[2021-03-19T15:04:12.465+0600][gc,start    ] GC(1088) Pause Young (Normal) (G1 Evacuation Pause)
[2021-03-19T15:04:12.465+0600][gc,task     ] GC(1088) Using 8 workers of 8 for evacuation
[2021-03-19T15:04:12.474+0600][gc,phases   ] GC(1088)   Pre Evacuate Collection Set: 0.1ms
[2021-03-19T15:04:12.474+0600][gc,phases   ] GC(1088)   Merge Heap Roots: 0.1ms
[2021-03-19T15:04:12.474+0600][gc,phases   ] GC(1088)   Evacuate Collection Set: 8.8ms
[2021-03-19T15:04:12.474+0600][gc,phases   ] GC(1088)   Post Evacuate Collection Set: 0.6ms
[2021-03-19T15:04:12.475+0600][gc,phases   ] GC(1088)   Other: 0.2ms
[2021-03-19T15:04:12.475+0600][gc,heap     ] GC(1088) Eden regions: 533->0(531)
[2021-03-19T15:04:12.475+0600][gc,heap     ] GC(1088) Survivor regions: 26->27(70)
[2021-03-19T15:04:12.475+0600][gc,heap     ] GC(1088) Old regions: 205->205
[2021-03-19T15:04:12.475+0600][gc,heap     ] GC(1088) Archive regions: 2->2
[2021-03-19T15:04:12.475+0600][gc,heap     ] GC(1088) Humongous regions: 129->129
[2021-03-19T15:04:12.475+0600][gc,metaspace] GC(1088) Metaspace: 40310K(41216K)->40310K(41216K) NonClass: 35987K(36608K)->35987K(36608K) Class: 4323K(4608K)->4323K(4608K)
[2021-03-19T15:04:12.475+0600][gc          ] GC(1088) Pause Young (Normal) (G1 Evacuation Pause) 893M->361M(1024M) 9.907ms
[2021-03-19T15:04:12.475+0600][gc,cpu      ] GC(1088) User=0.06s Sys=0.01s Real=0.01s
[2021-03-19T15:04:15.033+0600][gc,start    ] GC(1089) Pause Young (Normal) (G1 Evacuation Pause)
[2021-03-19T15:04:15.033+0600][gc,task     ] GC(1089) Using 8 workers of 8 for evacuation
[2021-03-19T15:04:15.043+0600][gc,phases   ] GC(1089)   Pre Evacuate Collection Set: 0.2ms
[2021-03-19T15:04:15.043+0600][gc,phases   ] GC(1089)   Merge Heap Roots: 0.1ms
[2021-03-19T15:04:15.043+0600][gc,phases   ] GC(1089)   Evacuate Collection Set: 9.0ms
[2021-03-19T15:04:15.043+0600][gc,phases   ] GC(1089)   Post Evacuate Collection Set: 0.6ms
[2021-03-19T15:04:15.043+0600][gc,phases   ] GC(1089)   Other: 0.2ms
[2021-03-19T15:04:15.043+0600][gc,heap     ] GC(1089) Eden regions: 531->0(532)
[2021-03-19T15:04:15.043+0600][gc,heap     ] GC(1089) Survivor regions: 27->26(70)
[2021-03-19T15:04:15.043+0600][gc,heap     ] GC(1089) Old regions: 205->206
[2021-03-19T15:04:15.043+0600][gc,heap     ] GC(1089) Archive regions: 2->2
[2021-03-19T15:04:15.043+0600][gc,heap     ] GC(1089) Humongous regions: 129->129
[2021-03-19T15:04:15.043+0600][gc,metaspace] GC(1089) Metaspace: 40310K(41216K)->40310K(41216K) NonClass: 35987K(36608K)->35987K(36608K) Class: 4323K(4608K)->4323K(4608K)
[2021-03-19T15:04:15.043+0600][gc          ] GC(1089) Pause Young (Normal) (G1 Evacuation Pause) 892M->360M(1024M) 10.223ms
[2021-03-19T15:04:15.043+0600][gc,cpu      ] GC(1089) User=0.06s Sys=0.01s Real=0.01s
[2021-03-19T15:04:17.374+0600][gc,start    ] GC(1090) Pause Young (Normal) (G1 Evacuation Pause)
[2021-03-19T15:04:17.375+0600][gc,task     ] GC(1090) Using 8 workers of 8 for evacuation
[2021-03-19T15:04:17.383+0600][gc,phases   ] GC(1090)   Pre Evacuate Collection Set: 0.2ms
[2021-03-19T15:04:17.383+0600][gc,phases   ] GC(1090)   Merge Heap Roots: 0.1ms
[2021-03-19T15:04:17.383+0600][gc,phases   ] GC(1090)   Evacuate Collection Set: 8.0ms
[2021-03-19T15:04:17.383+0600][gc,phases   ] GC(1090)   Post Evacuate Collection Set: 0.4ms
[2021-03-19T15:04:17.383+0600][gc,phases   ] GC(1090)   Other: 0.3ms
[2021-03-19T15:04:17.383+0600][gc,heap     ] GC(1090) Eden regions: 532->0(532)
[2021-03-19T15:04:17.383+0600][gc,heap     ] GC(1090) Survivor regions: 26->26(70)
[2021-03-19T15:04:17.383+0600][gc,heap     ] GC(1090) Old regions: 206->206
[2021-03-19T15:04:17.383+0600][gc,heap     ] GC(1090) Archive regions: 2->2
[2021-03-19T15:04:17.383+0600][gc,heap     ] GC(1090) Humongous regions: 129->129
[2021-03-19T15:04:17.383+0600][gc,metaspace] GC(1090) Metaspace: 40310K(41216K)->40310K(41216K) NonClass: 35987K(36608K)->35987K(36608K) Class: 4323K(4608K)->4323K(4608K)
[2021-03-19T15:04:17.384+0600][gc          ] GC(1090) Pause Young (Normal) (G1 Evacuation Pause) 892M->361M(1024M) 9.163ms
[2021-03-19T15:04:17.384+0600][gc,cpu      ] GC(1090) User=0.06s Sys=0.00s Real=0.01s
[2021-03-19T15:04:19.728+0600][gc,start    ] GC(1091) Pause Young (Normal) (G1 Evacuation Pause)
[2021-03-19T15:04:19.728+0600][gc,task     ] GC(1091) Using 8 workers of 8 for evacuation
[2021-03-19T15:04:19.738+0600][gc,phases   ] GC(1091)   Pre Evacuate Collection Set: 0.2ms
[2021-03-19T15:04:19.739+0600][gc,phases   ] GC(1091)   Merge Heap Roots: 0.1ms
[2021-03-19T15:04:19.739+0600][gc,phases   ] GC(1091)   Evacuate Collection Set: 9.9ms
[2021-03-19T15:04:19.739+0600][gc,phases   ] GC(1091)   Post Evacuate Collection Set: 0.6ms
[2021-03-19T15:04:19.739+0600][gc,phases   ] GC(1091)   Other: 0.2ms
[2021-03-19T15:04:19.739+0600][gc,heap     ] GC(1091) Eden regions: 532->0(530)
[2021-03-19T15:04:19.739+0600][gc,heap     ] GC(1091) Survivor regions: 26->27(70)
[2021-03-19T15:04:19.739+0600][gc,heap     ] GC(1091) Old regions: 206->206
[2021-03-19T15:04:19.739+0600][gc,heap     ] GC(1091) Archive regions: 2->2
[2021-03-19T15:04:19.739+0600][gc,heap     ] GC(1091) Humongous regions: 129->129
[2021-03-19T15:04:19.739+0600][gc,metaspace] GC(1091) Metaspace: 40310K(41216K)->40310K(41216K) NonClass: 35987K(36608K)->35987K(36608K) Class: 4323K(4608K)->4323K(4608K)
[2021-03-19T15:04:19.739+0600][gc          ] GC(1091) Pause Young (Normal) (G1 Evacuation Pause) 893M->361M(1024M) 11.119ms
[2021-03-19T15:04:19.739+0600][gc,cpu      ] GC(1091) User=0.05s Sys=0.00s Real=0.01s
[2021-03-19T15:04:22.135+0600][gc,start    ] GC(1092) Pause Young (Normal) (G1 Evacuation Pause)
[2021-03-19T15:04:22.135+0600][gc,task     ] GC(1092) Using 8 workers of 8 for evacuation
[2021-03-19T15:04:22.145+0600][gc,phases   ] GC(1092)   Pre Evacuate Collection Set: 0.2ms
[2021-03-19T15:04:22.145+0600][gc,phases   ] GC(1092)   Merge Heap Roots: 0.1ms
[2021-03-19T15:04:22.145+0600][gc,phases   ] GC(1092)   Evacuate Collection Set: 8.8ms
[2021-03-19T15:04:22.145+0600][gc,phases   ] GC(1092)   Post Evacuate Collection Set: 0.6ms
[2021-03-19T15:04:22.145+0600][gc,phases   ] GC(1092)   Other: 0.2ms
[2021-03-19T15:04:22.145+0600][gc,heap     ] GC(1092) Eden regions: 530->0(531)
[2021-03-19T15:04:22.145+0600][gc,heap     ] GC(1092) Survivor regions: 27->26(70)
[2021-03-19T15:04:22.145+0600][gc,heap     ] GC(1092) Old regions: 206->207
[2021-03-19T15:04:22.145+0600][gc,heap     ] GC(1092) Archive regions: 2->2
[2021-03-19T15:04:22.145+0600][gc,heap     ] GC(1092) Humongous regions: 129->129
[2021-03-19T15:04:22.145+0600][gc,metaspace] GC(1092) Metaspace: 40310K(41216K)->40310K(41216K) NonClass: 35987K(36608K)->35987K(36608K) Class: 4323K(4608K)->4323K(4608K)
[2021-03-19T15:04:22.145+0600][gc          ] GC(1092) Pause Young (Normal) (G1 Evacuation Pause) 891M->361M(1024M) 9.984ms
[2021-03-19T15:04:22.145+0600][gc,cpu      ] GC(1092) User=0.06s Sys=0.00s Real=0.01s
[2021-03-19T15:04:24.666+0600][gc,start    ] GC(1093) Pause Young (Normal) (G1 Evacuation Pause)
[2021-03-19T15:04:24.667+0600][gc,task     ] GC(1093) Using 8 workers of 8 for evacuation
[2021-03-19T15:04:24.679+0600][gc,phases   ] GC(1093)   Pre Evacuate Collection Set: 0.2ms
[2021-03-19T15:04:24.679+0600][gc,phases   ] GC(1093)   Merge Heap Roots: 0.2ms
[2021-03-19T15:04:24.679+0600][gc,phases   ] GC(1093)   Evacuate Collection Set: 10.9ms
[2021-03-19T15:04:24.679+0600][gc,phases   ] GC(1093)   Post Evacuate Collection Set: 0.7ms
[2021-03-19T15:04:24.679+0600][gc,phases   ] GC(1093)   Other: 0.6ms
[2021-03-19T15:04:24.679+0600][gc,heap     ] GC(1093) Eden regions: 531->0(529)
[2021-03-19T15:04:24.679+0600][gc,heap     ] GC(1093) Survivor regions: 26->27(70)
[2021-03-19T15:04:24.679+0600][gc,heap     ] GC(1093) Old regions: 207->207
[2021-03-19T15:04:24.679+0600][gc,heap     ] GC(1093) Archive regions: 2->2
[2021-03-19T15:04:24.679+0600][gc,heap     ] GC(1093) Humongous regions: 129->129
[2021-03-19T15:04:24.679+0600][gc,metaspace] GC(1093) Metaspace: 40310K(41216K)->40310K(41216K) NonClass: 35987K(36608K)->35987K(36608K) Class: 4323K(4608K)->4323K(4608K)
[2021-03-19T15:04:24.679+0600][gc          ] GC(1093) Pause Young (Normal) (G1 Evacuation Pause) 892M->362M(1024M) 12.754ms
[2021-03-19T15:04:24.679+0600][gc,cpu      ] GC(1093) User=0.07s Sys=0.01s Real=0.01s
[2021-03-19T15:04:26.979+0600][gc,start    ] GC(1094) Pause Young (Normal) (G1 Evacuation Pause)
[2021-03-19T15:04:26.980+0600][gc,task     ] GC(1094) Using 8 workers of 8 for evacuation
[2021-03-19T15:04:26.990+0600][gc,phases   ] GC(1094)   Pre Evacuate Collection Set: 0.2ms
[2021-03-19T15:04:26.990+0600][gc,phases   ] GC(1094)   Merge Heap Roots: 0.1ms
[2021-03-19T15:04:26.990+0600][gc,phases   ] GC(1094)   Evacuate Collection Set: 8.2ms
[2021-03-19T15:04:26.990+0600][gc,phases   ] GC(1094)   Post Evacuate Collection Set: 0.6ms
[2021-03-19T15:04:26.990+0600][gc,phases   ] GC(1094)   Other: 1.0ms
[2021-03-19T15:04:26.990+0600][gc,heap     ] GC(1094) Eden regions: 529->0(529)
[2021-03-19T15:04:26.990+0600][gc,heap     ] GC(1094) Survivor regions: 27->27(70)
[2021-03-19T15:04:26.990+0600][gc,heap     ] GC(1094) Old regions: 207->207
[2021-03-19T15:04:26.990+0600][gc,heap     ] GC(1094) Archive regions: 2->2
[2021-03-19T15:04:26.990+0600][gc,heap     ] GC(1094) Humongous regions: 129->129
[2021-03-19T15:04:26.990+0600][gc,metaspace] GC(1094) Metaspace: 40310K(41216K)->40310K(41216K) NonClass: 35987K(36608K)->35987K(36608K) Class: 4323K(4608K)->4323K(4608K)
[2021-03-19T15:04:26.990+0600][gc          ] GC(1094) Pause Young (Normal) (G1 Evacuation Pause) 891M->363M(1024M) 10.292ms
[2021-03-19T15:04:26.990+0600][gc,cpu      ] GC(1094) User=0.06s Sys=0.00s Real=0.02s
[2021-03-19T15:04:29.456+0600][gc,start    ] GC(1095) Pause Young (Normal) (G1 Evacuation Pause)
[2021-03-19T15:04:29.456+0600][gc,task     ] GC(1095) Using 8 workers of 8 for evacuation
[2021-03-19T15:04:29.466+0600][gc,phases   ] GC(1095)   Pre Evacuate Collection Set: 0.1ms
[2021-03-19T15:04:29.466+0600][gc,phases   ] GC(1095)   Merge Heap Roots: 0.1ms
[2021-03-19T15:04:29.466+0600][gc,phases   ] GC(1095)   Evacuate Collection Set: 9.2ms
[2021-03-19T15:04:29.466+0600][gc,phases   ] GC(1095)   Post Evacuate Collection Set: 0.4ms
[2021-03-19T15:04:29.466+0600][gc,phases   ] GC(1095)   Other: 0.2ms
[2021-03-19T15:04:29.466+0600][gc,heap     ] GC(1095) Eden regions: 529->0(537)
[2021-03-19T15:04:29.466+0600][gc,heap     ] GC(1095) Survivor regions: 27->19(70)
[2021-03-19T15:04:29.466+0600][gc,heap     ] GC(1095) Old regions: 207->215
[2021-03-19T15:04:29.466+0600][gc,heap     ] GC(1095) Archive regions: 2->2
[2021-03-19T15:04:29.466+0600][gc,heap     ] GC(1095) Humongous regions: 129->129
[2021-03-19T15:04:29.466+0600][gc,metaspace] GC(1095) Metaspace: 40310K(41216K)->40310K(41216K) NonClass: 35987K(36608K)->35987K(36608K) Class: 4323K(4608K)->4323K(4608K)
[2021-03-19T15:04:29.466+0600][gc          ] GC(1095) Pause Young (Normal) (G1 Evacuation Pause) 892M->362M(1024M) 10.014ms
[2021-03-19T15:04:29.466+0600][gc,cpu      ] GC(1095) User=0.06s Sys=0.00s Real=0.01s
[2021-03-19T15:04:31.808+0600][gc,start    ] GC(1096) Pause Young (Normal) (G1 Evacuation Pause)
[2021-03-19T15:04:31.808+0600][gc,task     ] GC(1096) Using 8 workers of 8 for evacuation
[2021-03-19T15:04:31.815+0600][gc,phases   ] GC(1096)   Pre Evacuate Collection Set: 0.1ms
[2021-03-19T15:04:31.815+0600][gc,phases   ] GC(1096)   Merge Heap Roots: 0.1ms
[2021-03-19T15:04:31.815+0600][gc,phases   ] GC(1096)   Evacuate Collection Set: 6.3ms
[2021-03-19T15:04:31.815+0600][gc,phases   ] GC(1096)   Post Evacuate Collection Set: 0.4ms
[2021-03-19T15:04:31.815+0600][gc,phases   ] GC(1096)   Other: 0.2ms
[2021-03-19T15:04:31.815+0600][gc,heap     ] GC(1096) Eden regions: 537->0(543)
[2021-03-19T15:04:31.815+0600][gc,heap     ] GC(1096) Survivor regions: 19->12(70)
[2021-03-19T15:04:31.815+0600][gc,heap     ] GC(1096) Old regions: 215->223
[2021-03-19T15:04:31.815+0600][gc,heap     ] GC(1096) Archive regions: 2->2
[2021-03-19T15:04:31.815+0600][gc,heap     ] GC(1096) Humongous regions: 129->129
[2021-03-19T15:04:31.815+0600][gc,metaspace] GC(1096) Metaspace: 40310K(41216K)->40310K(41216K) NonClass: 35987K(36608K)->35987K(36608K) Class: 4323K(4608K)->4323K(4608K)
[2021-03-19T15:04:31.815+0600][gc          ] GC(1096) Pause Young (Normal) (G1 Evacuation Pause) 899M->363M(1024M) 7.209ms
[2021-03-19T15:04:31.815+0600][gc,cpu      ] GC(1096) User=0.04s Sys=0.00s Real=0.01s
[2021-03-19T15:04:34.462+0600][gc,start    ] GC(1097) Pause Young (Normal) (G1 Evacuation Pause)
[2021-03-19T15:04:34.462+0600][gc,task     ] GC(1097) Using 8 workers of 8 for evacuation
[2021-03-19T15:04:34.467+0600][gc,phases   ] GC(1097)   Pre Evacuate Collection Set: 0.1ms
[2021-03-19T15:04:34.467+0600][gc,phases   ] GC(1097)   Merge Heap Roots: 0.1ms
[2021-03-19T15:04:34.467+0600][gc,phases   ] GC(1097)   Evacuate Collection Set: 4.5ms
[2021-03-19T15:04:34.467+0600][gc,phases   ] GC(1097)   Post Evacuate Collection Set: 0.5ms
[2021-03-19T15:04:34.467+0600][gc,phases   ] GC(1097)   Other: 0.2ms
[2021-03-19T15:04:34.467+0600][gc,heap     ] GC(1097) Eden regions: 543->0(548)
[2021-03-19T15:04:34.467+0600][gc,heap     ] GC(1097) Survivor regions: 12->8(70)
[2021-03-19T15:04:34.467+0600][gc,heap     ] GC(1097) Old regions: 223->226
[2021-03-19T15:04:34.467+0600][gc,heap     ] GC(1097) Archive regions: 2->2
[2021-03-19T15:04:34.467+0600][gc,heap     ] GC(1097) Humongous regions: 129->129
[2021-03-19T15:04:34.467+0600][gc,metaspace] GC(1097) Metaspace: 40310K(41216K)->40310K(41216K) NonClass: 35987K(36608K)->35987K(36608K) Class: 4323K(4608K)->4323K(4608K)
[2021-03-19T15:04:34.467+0600][gc          ] GC(1097) Pause Young (Normal) (G1 Evacuation Pause) 906M->363M(1024M) 5.551ms
[2021-03-19T15:04:34.467+0600][gc,cpu      ] GC(1097) User=0.02s Sys=0.00s Real=0.00s
[2021-03-19T15:04:43.266+0600][gc,start    ] GC(1098) Pause Young (Normal) (G1 Evacuation Pause)
[2021-03-19T15:04:43.266+0600][gc,task     ] GC(1098) Using 8 workers of 8 for evacuation
[2021-03-19T15:04:43.280+0600][gc,phases   ] GC(1098)   Pre Evacuate Collection Set: 0.3ms
[2021-03-19T15:04:43.280+0600][gc,phases   ] GC(1098)   Merge Heap Roots: 0.4ms
[2021-03-19T15:04:43.280+0600][gc,phases   ] GC(1098)   Evacuate Collection Set: 13.1ms
[2021-03-19T15:04:43.280+0600][gc,phases   ] GC(1098)   Post Evacuate Collection Set: 0.5ms
[2021-03-19T15:04:43.280+0600][gc,phases   ] GC(1098)   Other: 0.5ms
[2021-03-19T15:04:43.280+0600][gc,heap     ] GC(1098) Eden regions: 548->0(548)
[2021-03-19T15:04:43.280+0600][gc,heap     ] GC(1098) Survivor regions: 8->7(70)
[2021-03-19T15:04:43.280+0600][gc,heap     ] GC(1098) Old regions: 226->228
[2021-03-19T15:04:43.280+0600][gc,heap     ] GC(1098) Archive regions: 2->2
[2021-03-19T15:04:43.280+0600][gc,heap     ] GC(1098) Humongous regions: 129->129
[2021-03-19T15:04:43.280+0600][gc,metaspace] GC(1098) Metaspace: 40310K(41216K)->40310K(41216K) NonClass: 35987K(36608K)->35987K(36608K) Class: 4323K(4608K)->4323K(4608K)
[2021-03-19T15:04:43.280+0600][gc          ] GC(1098) Pause Young (Normal) (G1 Evacuation Pause) 911M->363M(1024M) 14.869ms
[2021-03-19T15:04:43.281+0600][gc,cpu      ] GC(1098) User=0.04s Sys=0.00s Real=0.02s
[2021-03-19T15:04:56.350+0600][gc,start    ] GC(1099) Pause Young (Concurrent Start) (G1 Evacuation Pause)
[2021-03-19T15:04:56.351+0600][gc,task     ] GC(1099) Using 8 workers of 8 for evacuation
[2021-03-19T15:04:56.373+0600][gc,mmu      ] GC(1099) MMU target violated: 21.0ms (20.0ms/21.0ms)
[2021-03-19T15:04:56.373+0600][gc,phases   ] GC(1099)   Pre Evacuate Collection Set: 1.3ms
[2021-03-19T15:04:56.373+0600][gc,phases   ] GC(1099)   Merge Heap Roots: 0.8ms
[2021-03-19T15:04:56.373+0600][gc,phases   ] GC(1099)   Evacuate Collection Set: 16.3ms
[2021-03-19T15:04:56.373+0600][gc,phases   ] GC(1099)   Post Evacuate Collection Set: 0.8ms
[2021-03-19T15:04:56.373+0600][gc,phases   ] GC(1099)   Other: 4.3ms
[2021-03-19T15:04:56.373+0600][gc,heap     ] GC(1099) Eden regions: 548->0(550)
[2021-03-19T15:04:56.373+0600][gc,heap     ] GC(1099) Survivor regions: 7->6(70)
[2021-03-19T15:04:56.373+0600][gc,heap     ] GC(1099) Old regions: 228->228
[2021-03-19T15:04:56.373+0600][gc,heap     ] GC(1099) Archive regions: 2->2
[2021-03-19T15:04:56.373+0600][gc,heap     ] GC(1099) Humongous regions: 129->129
[2021-03-19T15:04:56.373+0600][gc,metaspace] GC(1099) Metaspace: 40310K(41216K)->40310K(41216K) NonClass: 35987K(36608K)->35987K(36608K) Class: 4323K(4608K)->4323K(4608K)
[2021-03-19T15:04:56.373+0600][gc          ] GC(1099) Pause Young (Concurrent Start) (G1 Evacuation Pause) 911M->363M(1024M) 23.673ms
[2021-03-19T15:04:56.373+0600][gc,cpu      ] GC(1099) User=0.05s Sys=0.02s Real=0.02s
[2021-03-19T15:04:56.374+0600][gc          ] GC(1100) Concurrent Cycle
[2021-03-19T15:04:56.374+0600][gc,marking  ] GC(1100) Concurrent Clear Claimed Marks
[2021-03-19T15:04:56.374+0600][gc,marking  ] GC(1100) Concurrent Clear Claimed Marks 0.106ms
[2021-03-19T15:04:56.374+0600][gc,marking  ] GC(1100) Concurrent Scan Root Regions
[2021-03-19T15:04:56.380+0600][gc,marking  ] GC(1100) Concurrent Scan Root Regions 5.828ms
[2021-03-19T15:04:56.380+0600][gc,marking  ] GC(1100) Concurrent Mark (43102.785s)
[2021-03-19T15:04:56.380+0600][gc,marking  ] GC(1100) Concurrent Mark From Roots
[2021-03-19T15:04:56.380+0600][gc,task     ] GC(1100) Using 2 workers of 2 for marking
[2021-03-19T15:04:56.426+0600][gc,marking  ] GC(1100) Concurrent Mark From Roots 45.828ms
[2021-03-19T15:04:56.426+0600][gc,marking  ] GC(1100) Concurrent Preclean
[2021-03-19T15:04:56.426+0600][gc,marking  ] GC(1100) Concurrent Preclean 0.203ms
[2021-03-19T15:04:56.426+0600][gc,marking  ] GC(1100) Concurrent Mark (43102.785s, 43102.831s) 46.107ms
[2021-03-19T15:04:56.426+0600][gc,start    ] GC(1100) Pause Remark
[2021-03-19T15:04:56.486+0600][gc,mmu      ] GC(1100) MMU target violated: 21.0ms (20.0ms/21.0ms)
[2021-03-19T15:04:56.486+0600][gc          ] GC(1100) Pause Remark 369M->289M(1024M) 59.921ms
[2021-03-19T15:04:56.486+0600][gc,cpu      ] GC(1100) User=0.03s Sys=0.07s Real=0.06s
[2021-03-19T15:04:56.486+0600][gc,marking  ] GC(1100) Concurrent Rebuild Remembered Sets
[2021-03-19T15:04:56.508+0600][gc,marking  ] GC(1100) Concurrent Rebuild Remembered Sets 21.719ms
[2021-03-19T15:04:56.509+0600][gc,start    ] GC(1100) Pause Cleanup
[2021-03-19T15:04:56.509+0600][gc          ] GC(1100) Pause Cleanup 289M->289M(1024M) 0.121ms
[2021-03-19T15:04:56.509+0600][gc,cpu      ] GC(1100) User=0.00s Sys=0.00s Real=0.00s
[2021-03-19T15:04:56.510+0600][gc,marking  ] GC(1100) Concurrent Cleanup for Next Mark
[2021-03-19T15:04:56.525+0600][gc,marking  ] GC(1100) Concurrent Cleanup for Next Mark 15.415ms
[2021-03-19T15:04:56.525+0600][gc          ] GC(1100) Concurrent Cycle 151.250ms
[2021-03-19T15:05:11.781+0600][gc,start    ] GC(1101) Pause Young (Prepare Mixed) (G1 Evacuation Pause)
[2021-03-19T15:05:11.782+0600][gc,task     ] GC(1101) Using 8 workers of 8 for evacuation
[2021-03-19T15:05:11.799+0600][gc,phases   ] GC(1101)   Pre Evacuate Collection Set: 0.4ms
[2021-03-19T15:05:11.799+0600][gc,phases   ] GC(1101)   Merge Heap Roots: 0.5ms
[2021-03-19T15:05:11.799+0600][gc,phases   ] GC(1101)   Evacuate Collection Set: 15.5ms
[2021-03-19T15:05:11.799+0600][gc,phases   ] GC(1101)   Post Evacuate Collection Set: 0.9ms
[2021-03-19T15:05:11.799+0600][gc,phases   ] GC(1101)   Other: 0.8ms
[2021-03-19T15:05:11.800+0600][gc,heap     ] GC(1101) Eden regions: 550->0(45)
[2021-03-19T15:05:11.800+0600][gc,heap     ] GC(1101) Survivor regions: 6->6(70)
[2021-03-19T15:05:11.800+0600][gc,heap     ] GC(1101) Old regions: 148->149
[2021-03-19T15:05:11.800+0600][gc,heap     ] GC(1101) Archive regions: 2->2
[2021-03-19T15:05:11.800+0600][gc,heap     ] GC(1101) Humongous regions: 129->129
[2021-03-19T15:05:11.800+0600][gc,metaspace] GC(1101) Metaspace: 40240K(41216K)->40240K(41216K) NonClass: 35933K(36608K)->35933K(36608K) Class: 4306K(4608K)->4306K(4608K)
[2021-03-19T15:05:11.800+0600][gc          ] GC(1101) Pause Young (Prepare Mixed) (G1 Evacuation Pause) 833M->283M(1024M) 18.185ms
[2021-03-19T15:05:11.800+0600][gc,cpu      ] GC(1101) User=0.05s Sys=0.01s Real=0.02s
[2021-03-19T15:05:13.063+0600][gc,start    ] GC(1102) Pause Young (Mixed) (G1 Evacuation Pause)
[2021-03-19T15:05:13.064+0600][gc,task     ] GC(1102) Using 8 workers of 8 for evacuation
[2021-03-19T15:05:13.082+0600][gc,phases   ] GC(1102)   Pre Evacuate Collection Set: 0.5ms
[2021-03-19T15:05:13.083+0600][gc,phases   ] GC(1102)   Merge Heap Roots: 0.3ms
[2021-03-19T15:05:13.083+0600][gc,phases   ] GC(1102)   Evacuate Collection Set: 16.5ms
[2021-03-19T15:05:13.083+0600][gc,phases   ] GC(1102)   Merge Optional Heap Roots: 0.1ms
[2021-03-19T15:05:13.083+0600][gc,phases   ] GC(1102)   Evacuate Optional Collection Set: 0.3ms
[2021-03-19T15:05:13.083+0600][gc,phases   ] GC(1102)   Post Evacuate Collection Set: 0.7ms
[2021-03-19T15:05:13.083+0600][gc,phases   ] GC(1102)   Other: 0.7ms
[2021-03-19T15:05:13.083+0600][gc,heap     ] GC(1102) Eden regions: 45->0(47)
[2021-03-19T15:05:13.083+0600][gc,heap     ] GC(1102) Survivor regions: 6->4(7)
[2021-03-19T15:05:13.083+0600][gc,heap     ] GC(1102) Old regions: 149->123
[2021-03-19T15:05:13.083+0600][gc,heap     ] GC(1102) Archive regions: 2->2
[2021-03-19T15:05:13.083+0600][gc,heap     ] GC(1102) Humongous regions: 129->129
[2021-03-19T15:05:13.083+0600][gc,metaspace] GC(1102) Metaspace: 40240K(41216K)->40240K(41216K) NonClass: 35933K(36608K)->35933K(36608K) Class: 4306K(4608K)->4306K(4608K)
[2021-03-19T15:05:13.083+0600][gc          ] GC(1102) Pause Young (Mixed) (G1 Evacuation Pause) 328M->255M(1024M) 19.404ms
[2021-03-19T15:05:13.083+0600][gc,cpu      ] GC(1102) User=0.06s Sys=0.01s Real=0.02s
[2021-03-19T15:05:14.325+0600][gc,start    ] GC(1103) Pause Young (Mixed) (G1 Evacuation Pause)
[2021-03-19T15:05:14.326+0600][gc,task     ] GC(1103) Using 8 workers of 8 for evacuation
[2021-03-19T15:05:14.344+0600][gc,phases   ] GC(1103)   Pre Evacuate Collection Set: 0.4ms
[2021-03-19T15:05:14.344+0600][gc,phases   ] GC(1103)   Merge Heap Roots: 0.4ms
[2021-03-19T15:05:14.344+0600][gc,phases   ] GC(1103)   Evacuate Collection Set: 13.6ms
[2021-03-19T15:05:14.344+0600][gc,phases   ] GC(1103)   Merge Optional Heap Roots: 0.1ms
[2021-03-19T15:05:14.344+0600][gc,phases   ] GC(1103)   Evacuate Optional Collection Set: 3.1ms
[2021-03-19T15:05:14.344+0600][gc,phases   ] GC(1103)   Post Evacuate Collection Set: 0.8ms
[2021-03-19T15:05:14.344+0600][gc,phases   ] GC(1103)   Other: 0.5ms
[2021-03-19T15:05:14.344+0600][gc,heap     ] GC(1103) Eden regions: 47->0(47)
[2021-03-19T15:05:14.344+0600][gc,heap     ] GC(1103) Survivor regions: 4->4(7)
[2021-03-19T15:05:14.344+0600][gc,heap     ] GC(1103) Old regions: 123->79
[2021-03-19T15:05:14.344+0600][gc,heap     ] GC(1103) Archive regions: 2->2
[2021-03-19T15:05:14.344+0600][gc,heap     ] GC(1103) Humongous regions: 129->129
[2021-03-19T15:05:14.344+0600][gc,metaspace] GC(1103) Metaspace: 40240K(41216K)->40240K(41216K) NonClass: 35933K(36608K)->35933K(36608K) Class: 4306K(4608K)->4306K(4608K)
[2021-03-19T15:05:14.345+0600][gc          ] GC(1103) Pause Young (Mixed) (G1 Evacuation Pause) 302M->212M(1024M) 19.102ms
[2021-03-19T15:05:14.345+0600][gc,cpu      ] GC(1103) User=0.05s Sys=0.03s Real=0.02s
[2021-03-19T15:05:15.615+0600][gc,start    ] GC(1104) Pause Young (Mixed) (G1 Evacuation Pause)
[2021-03-19T15:05:15.615+0600][gc,task     ] GC(1104) Using 8 workers of 8 for evacuation
[2021-03-19T15:05:15.637+0600][gc,mmu      ] GC(1104) MMU target violated: 20.9ms (20.0ms/21.0ms)
[2021-03-19T15:05:15.637+0600][gc,phases   ] GC(1104)   Pre Evacuate Collection Set: 0.5ms
[2021-03-19T15:05:15.637+0600][gc,phases   ] GC(1104)   Merge Heap Roots: 0.4ms
[2021-03-19T15:05:15.637+0600][gc,phases   ] GC(1104)   Evacuate Collection Set: 16.4ms
[2021-03-19T15:05:15.637+0600][gc,phases   ] GC(1104)   Merge Optional Heap Roots: 0.1ms
[2021-03-19T15:05:15.637+0600][gc,phases   ] GC(1104)   Evacuate Optional Collection Set: 2.9ms
[2021-03-19T15:05:15.637+0600][gc,phases   ] GC(1104)   Post Evacuate Collection Set: 0.6ms
[2021-03-19T15:05:15.637+0600][gc,phases   ] GC(1104)   Other: 0.6ms
[2021-03-19T15:05:15.637+0600][gc,heap     ] GC(1104) Eden regions: 47->0(610)
[2021-03-19T15:05:15.637+0600][gc,heap     ] GC(1104) Survivor regions: 4->4(7)
[2021-03-19T15:05:15.637+0600][gc,heap     ] GC(1104) Old regions: 79->24
[2021-03-19T15:05:15.637+0600][gc,heap     ] GC(1104) Archive regions: 2->2
[2021-03-19T15:05:15.637+0600][gc,heap     ] GC(1104) Humongous regions: 129->129
[2021-03-19T15:05:15.637+0600][gc,metaspace] GC(1104) Metaspace: 40240K(41216K)->40240K(41216K) NonClass: 35933K(36608K)->35933K(36608K) Class: 4306K(4608K)->4306K(4608K)
[2021-03-19T15:05:15.637+0600][gc          ] GC(1104) Pause Young (Mixed) (G1 Evacuation Pause) 259M->157M(1024M) 21.549ms
[2021-03-19T15:05:15.637+0600][gc,cpu      ] GC(1104) User=0.07s Sys=0.02s Real=0.02s
[2021-03-19T15:05:33.208+0600][gc,start    ] GC(1105) Pause Young (Normal) (G1 Evacuation Pause)
[2021-03-19T15:05:33.208+0600][gc,task     ] GC(1105) Using 8 workers of 8 for evacuation
[2021-03-19T15:05:33.228+0600][gc,phases   ] GC(1105)   Pre Evacuate Collection Set: 0.3ms
[2021-03-19T15:05:33.228+0600][gc,phases   ] GC(1105)   Merge Heap Roots: 0.4ms
[2021-03-19T15:05:33.228+0600][gc,phases   ] GC(1105)   Evacuate Collection Set: 17.3ms
[2021-03-19T15:05:33.228+0600][gc,phases   ] GC(1105)   Post Evacuate Collection Set: 1.1ms
[2021-03-19T15:05:33.228+0600][gc,phases   ] GC(1105)   Other: 0.6ms
[2021-03-19T15:05:33.228+0600][gc,heap     ] GC(1105) Eden regions: 610->0(610)
[2021-03-19T15:05:33.228+0600][gc,heap     ] GC(1105) Survivor regions: 4->4(77)
[2021-03-19T15:05:33.228+0600][gc,heap     ] GC(1105) Old regions: 24->25
[2021-03-19T15:05:33.228+0600][gc,heap     ] GC(1105) Archive regions: 2->2
[2021-03-19T15:05:33.228+0600][gc,heap     ] GC(1105) Humongous regions: 129->129
[2021-03-19T15:05:33.228+0600][gc,metaspace] GC(1105) Metaspace: 40240K(41216K)->40240K(41216K) NonClass: 35933K(36608K)->35933K(36608K) Class: 4306K(4608K)->4306K(4608K)
[2021-03-19T15:05:33.228+0600][gc          ] GC(1105) Pause Young (Normal) (G1 Evacuation Pause) 767M->157M(1024M) 20.058ms
[2021-03-19T15:05:33.228+0600][gc,cpu      ] GC(1105) User=0.06s Sys=0.01s Real=0.02s
[2021-03-19T15:05:50.532+0600][gc,start    ] GC(1106) Pause Young (Normal) (G1 Evacuation Pause)
[2021-03-19T15:05:50.532+0600][gc,task     ] GC(1106) Using 8 workers of 8 for evacuation
[2021-03-19T15:05:50.546+0600][gc,phases   ] GC(1106)   Pre Evacuate Collection Set: 0.3ms
[2021-03-19T15:05:50.546+0600][gc,phases   ] GC(1106)   Merge Heap Roots: 0.2ms
[2021-03-19T15:05:50.546+0600][gc,phases   ] GC(1106)   Evacuate Collection Set: 12.0ms
[2021-03-19T15:05:50.546+0600][gc,phases   ] GC(1106)   Post Evacuate Collection Set: 0.7ms
[2021-03-19T15:05:50.546+0600][gc,phases   ] GC(1106)   Other: 0.6ms
[2021-03-19T15:05:50.546+0600][gc,heap     ] GC(1106) Eden regions: 610->0(610)
[2021-03-19T15:05:50.546+0600][gc,heap     ] GC(1106) Survivor regions: 4->4(77)
[2021-03-19T15:05:50.546+0600][gc,heap     ] GC(1106) Old regions: 25->25
[2021-03-19T15:05:50.546+0600][gc,heap     ] GC(1106) Archive regions: 2->2
[2021-03-19T15:05:50.546+0600][gc,heap     ] GC(1106) Humongous regions: 129->129
[2021-03-19T15:05:50.546+0600][gc,metaspace] GC(1106) Metaspace: 40240K(41216K)->40240K(41216K) NonClass: 35933K(36608K)->35933K(36608K) Class: 4306K(4608K)->4306K(4608K)
[2021-03-19T15:05:50.546+0600][gc          ] GC(1106) Pause Young (Normal) (G1 Evacuation Pause) 767M->158M(1024M) 13.879ms
[2021-03-19T15:05:50.546+0600][gc,cpu      ] GC(1106) User=0.04s Sys=0.01s Real=0.01s
[2021-03-19T15:06:08.075+0600][gc,start    ] GC(1107) Pause Young (Normal) (G1 Evacuation Pause)
[2021-03-19T15:06:08.075+0600][gc,task     ] GC(1107) Using 8 workers of 8 for evacuation
[2021-03-19T15:06:08.085+0600][gc,phases   ] GC(1107)   Pre Evacuate Collection Set: 0.3ms
[2021-03-19T15:06:08.085+0600][gc,phases   ] GC(1107)   Merge Heap Roots: 0.2ms
[2021-03-19T15:06:08.085+0600][gc,phases   ] GC(1107)   Evacuate Collection Set: 7.9ms
[2021-03-19T15:06:08.085+0600][gc,phases   ] GC(1107)   Post Evacuate Collection Set: 0.9ms
[2021-03-19T15:06:08.085+0600][gc,phases   ] GC(1107)   Other: 0.7ms
[2021-03-19T15:06:08.085+0600][gc,heap     ] GC(1107) Eden regions: 610->0(610)
[2021-03-19T15:06:08.085+0600][gc,heap     ] GC(1107) Survivor regions: 4->4(77)
[2021-03-19T15:06:08.085+0600][gc,heap     ] GC(1107) Old regions: 25->26
[2021-03-19T15:06:08.085+0600][gc,heap     ] GC(1107) Archive regions: 2->2
[2021-03-19T15:06:08.085+0600][gc,heap     ] GC(1107) Humongous regions: 129->129
[2021-03-19T15:06:08.085+0600][gc,metaspace] GC(1107) Metaspace: 40240K(41216K)->40240K(41216K) NonClass: 35933K(36608K)->35933K(36608K) Class: 4306K(4608K)->4306K(4608K)
[2021-03-19T15:06:08.085+0600][gc          ] GC(1107) Pause Young (Normal) (G1 Evacuation Pause) 768M->158M(1024M) 10.203ms
[2021-03-19T15:06:08.085+0600][gc,cpu      ] GC(1107) User=0.03s Sys=0.01s Real=0.01s
[2021-03-19T15:06:25.839+0600][gc,start    ] GC(1108) Pause Young (Normal) (G1 Evacuation Pause)
[2021-03-19T15:06:25.839+0600][gc,task     ] GC(1108) Using 8 workers of 8 for evacuation
[2021-03-19T15:06:25.854+0600][gc,phases   ] GC(1108)   Pre Evacuate Collection Set: 0.4ms
[2021-03-19T15:06:25.854+0600][gc,phases   ] GC(1108)   Merge Heap Roots: 0.3ms
[2021-03-19T15:06:25.854+0600][gc,phases   ] GC(1108)   Evacuate Collection Set: 12.1ms
[2021-03-19T15:06:25.854+0600][gc,phases   ] GC(1108)   Post Evacuate Collection Set: 1.2ms
[2021-03-19T15:06:25.854+0600][gc,phases   ] GC(1108)   Other: 0.9ms
[2021-03-19T15:06:25.854+0600][gc,heap     ] GC(1108) Eden regions: 610->0(610)
[2021-03-19T15:06:25.854+0600][gc,heap     ] GC(1108) Survivor regions: 4->4(77)
[2021-03-19T15:06:25.854+0600][gc,heap     ] GC(1108) Old regions: 26->26
[2021-03-19T15:06:25.854+0600][gc,heap     ] GC(1108) Archive regions: 2->2
[2021-03-19T15:06:25.854+0600][gc,heap     ] GC(1108) Humongous regions: 129->129
[2021-03-19T15:06:25.854+0600][gc,metaspace] GC(1108) Metaspace: 40240K(41216K)->40240K(41216K) NonClass: 35933K(36608K)->35933K(36608K) Class: 4306K(4608K)->4306K(4608K)
[2021-03-19T15:06:25.854+0600][gc          ] GC(1108) Pause Young (Normal) (G1 Evacuation Pause) 768M->159M(1024M) 15.176ms
[2021-03-19T15:06:25.854+0600][gc,cpu      ] GC(1108) User=0.05s Sys=0.00s Real=0.02s
[2021-03-19T15:06:42.486+0600][gc,start    ] GC(1109) Pause Young (Normal) (G1 Evacuation Pause)
[2021-03-19T15:06:42.486+0600][gc,task     ] GC(1109) Using 8 workers of 8 for evacuation
[2021-03-19T15:06:42.498+0600][gc,phases   ] GC(1109)   Pre Evacuate Collection Set: 0.4ms
[2021-03-19T15:06:42.498+0600][gc,phases   ] GC(1109)   Merge Heap Roots: 0.2ms
[2021-03-19T15:06:42.498+0600][gc,phases   ] GC(1109)   Evacuate Collection Set: 8.5ms
[2021-03-19T15:06:42.498+0600][gc,phases   ] GC(1109)   Post Evacuate Collection Set: 1.0ms
[2021-03-19T15:06:42.498+0600][gc,phases   ] GC(1109)   Other: 2.6ms
[2021-03-19T15:06:42.499+0600][gc,heap     ] GC(1109) Eden regions: 610->0(610)
[2021-03-19T15:06:42.499+0600][gc,heap     ] GC(1109) Survivor regions: 4->4(77)
[2021-03-19T15:06:42.499+0600][gc,heap     ] GC(1109) Old regions: 26->26
[2021-03-19T15:06:42.499+0600][gc,heap     ] GC(1109) Archive regions: 2->2
[2021-03-19T15:06:42.499+0600][gc,heap     ] GC(1109) Humongous regions: 129->129
[2021-03-19T15:06:42.499+0600][gc,metaspace] GC(1109) Metaspace: 40240K(41216K)->40240K(41216K) NonClass: 35933K(36608K)->35933K(36608K) Class: 4306K(4608K)->4306K(4608K)
[2021-03-19T15:06:42.499+0600][gc          ] GC(1109) Pause Young (Normal) (G1 Evacuation Pause) 769M->159M(1024M) 13.076ms
[2021-03-19T15:06:42.499+0600][gc,cpu      ] GC(1109) User=0.03s Sys=0.01s Real=0.01s
[2021-03-19T15:07:00.073+0600][gc,start    ] GC(1110) Pause Young (Normal) (G1 Evacuation Pause)
[2021-03-19T15:07:00.074+0600][gc,task     ] GC(1110) Using 8 workers of 8 for evacuation
[2021-03-19T15:07:00.089+0600][gc,phases   ] GC(1110)   Pre Evacuate Collection Set: 0.4ms
[2021-03-19T15:07:00.090+0600][gc,phases   ] GC(1110)   Merge Heap Roots: 0.3ms
[2021-03-19T15:07:00.090+0600][gc,phases   ] GC(1110)   Evacuate Collection Set: 13.0ms
[2021-03-19T15:07:00.090+0600][gc,phases   ] GC(1110)   Post Evacuate Collection Set: 1.5ms
[2021-03-19T15:07:00.090+0600][gc,phases   ] GC(1110)   Other: 1.7ms
[2021-03-19T15:07:00.090+0600][gc,heap     ] GC(1110) Eden regions: 610->0(609)
[2021-03-19T15:07:00.090+0600][gc,heap     ] GC(1110) Survivor regions: 4->5(77)
[2021-03-19T15:07:00.090+0600][gc,heap     ] GC(1110) Old regions: 26->26
[2021-03-19T15:07:00.090+0600][gc,heap     ] GC(1110) Archive regions: 2->2
[2021-03-19T15:07:00.090+0600][gc,heap     ] GC(1110) Humongous regions: 129->129
[2021-03-19T15:07:00.090+0600][gc,metaspace] GC(1110) Metaspace: 40240K(41216K)->40240K(41216K) NonClass: 35933K(36608K)->35933K(36608K) Class: 4306K(4608K)->4306K(4608K)
[2021-03-19T15:07:00.090+0600][gc          ] GC(1110) Pause Young (Normal) (G1 Evacuation Pause) 769M->159M(1024M) 17.232ms
[2021-03-19T15:07:00.090+0600][gc,cpu      ] GC(1110) User=0.04s Sys=0.00s Real=0.02s
[2021-03-19T15:07:17.415+0600][gc,start    ] GC(1111) Pause Young (Normal) (G1 Evacuation Pause)
[2021-03-19T15:07:17.415+0600][gc,task     ] GC(1111) Using 8 workers of 8 for evacuation
[2021-03-19T15:07:17.432+0600][gc,phases   ] GC(1111)   Pre Evacuate Collection Set: 0.4ms
[2021-03-19T15:07:17.432+0600][gc,phases   ] GC(1111)   Merge Heap Roots: 0.4ms
[2021-03-19T15:07:17.432+0600][gc,phases   ] GC(1111)   Evacuate Collection Set: 15.3ms
[2021-03-19T15:07:17.432+0600][gc,phases   ] GC(1111)   Post Evacuate Collection Set: 0.7ms
[2021-03-19T15:07:17.432+0600][gc,phases   ] GC(1111)   Other: 0.8ms
[2021-03-19T15:07:17.432+0600][gc,heap     ] GC(1111) Eden regions: 609->0(609)
[2021-03-19T15:07:17.432+0600][gc,heap     ] GC(1111) Survivor regions: 5->5(77)
[2021-03-19T15:07:17.432+0600][gc,heap     ] GC(1111) Old regions: 26->27
[2021-03-19T15:07:17.432+0600][gc,heap     ] GC(1111) Archive regions: 2->2
[2021-03-19T15:07:17.432+0600][gc,heap     ] GC(1111) Humongous regions: 129->129
[2021-03-19T15:07:17.432+0600][gc,metaspace] GC(1111) Metaspace: 40240K(41216K)->40240K(41216K) NonClass: 35933K(36608K)->35933K(36608K) Class: 4306K(4608K)->4306K(4608K)
[2021-03-19T15:07:17.432+0600][gc          ] GC(1111) Pause Young (Normal) (G1 Evacuation Pause) 768M->160M(1024M) 17.579ms
[2021-03-19T15:07:17.432+0600][gc,cpu      ] GC(1111) User=0.05s Sys=0.00s Real=0.02s
[2021-03-19T15:07:34.616+0600][gc,start    ] GC(1112) Pause Young (Normal) (G1 Evacuation Pause)
[2021-03-19T15:07:34.616+0600][gc,task     ] GC(1112) Using 8 workers of 8 for evacuation
[2021-03-19T15:07:34.631+0600][gc,phases   ] GC(1112)   Pre Evacuate Collection Set: 0.4ms
[2021-03-19T15:07:34.631+0600][gc,phases   ] GC(1112)   Merge Heap Roots: 0.3ms
[2021-03-19T15:07:34.631+0600][gc,phases   ] GC(1112)   Evacuate Collection Set: 12.8ms
[2021-03-19T15:07:34.631+0600][gc,phases   ] GC(1112)   Post Evacuate Collection Set: 0.7ms
[2021-03-19T15:07:34.631+0600][gc,phases   ] GC(1112)   Other: 0.8ms
[2021-03-19T15:07:34.631+0600][gc,heap     ] GC(1112) Eden regions: 609->0(609)
[2021-03-19T15:07:34.631+0600][gc,heap     ] GC(1112) Survivor regions: 5->5(77)
[2021-03-19T15:07:34.631+0600][gc,heap     ] GC(1112) Old regions: 27->27
[2021-03-19T15:07:34.631+0600][gc,heap     ] GC(1112) Archive regions: 2->2
[2021-03-19T15:07:34.631+0600][gc,heap     ] GC(1112) Humongous regions: 129->129
[2021-03-19T15:07:34.631+0600][gc,metaspace] GC(1112) Metaspace: 40240K(41216K)->40240K(41216K) NonClass: 35933K(36608K)->35933K(36608K) Class: 4306K(4608K)->4306K(4608K)
[2021-03-19T15:07:34.631+0600][gc          ] GC(1112) Pause Young (Normal) (G1 Evacuation Pause) 769M->161M(1024M) 15.102ms
[2021-03-19T15:07:34.631+0600][gc,cpu      ] GC(1112) User=0.05s Sys=0.00s Real=0.02s
[2021-03-19T15:07:50.756+0600][gc,start    ] GC(1113) Pause Young (Normal) (G1 Evacuation Pause)
[2021-03-19T15:07:50.756+0600][gc,task     ] GC(1113) Using 8 workers of 8 for evacuation
[2021-03-19T15:07:50.769+0600][gc,phases   ] GC(1113)   Pre Evacuate Collection Set: 0.2ms
[2021-03-19T15:07:50.769+0600][gc,phases   ] GC(1113)   Merge Heap Roots: 0.2ms
[2021-03-19T15:07:50.769+0600][gc,phases   ] GC(1113)   Evacuate Collection Set: 11.8ms
[2021-03-19T15:07:50.769+0600][gc,phases   ] GC(1113)   Post Evacuate Collection Set: 0.7ms
[2021-03-19T15:07:50.769+0600][gc,phases   ] GC(1113)   Other: 0.8ms
[2021-03-19T15:07:50.769+0600][gc,heap     ] GC(1113) Eden regions: 609->0(608)
[2021-03-19T15:07:50.769+0600][gc,heap     ] GC(1113) Survivor regions: 5->6(77)
[2021-03-19T15:07:50.769+0600][gc,heap     ] GC(1113) Old regions: 27->27
[2021-03-19T15:07:50.769+0600][gc,heap     ] GC(1113) Archive regions: 2->2
[2021-03-19T15:07:50.769+0600][gc,heap     ] GC(1113) Humongous regions: 129->129
[2021-03-19T15:07:50.769+0600][gc,metaspace] GC(1113) Metaspace: 40240K(41216K)->40240K(41216K) NonClass: 35933K(36608K)->35933K(36608K) Class: 4306K(4608K)->4306K(4608K)
[2021-03-19T15:07:50.769+0600][gc          ] GC(1113) Pause Young (Normal) (G1 Evacuation Pause) 770M->161M(1024M) 13.858ms
[2021-03-19T15:07:50.769+0600][gc,cpu      ] GC(1113) User=0.04s Sys=0.00s Real=0.01s
[2021-03-19T15:08:04.239+0600][gc,start    ] GC(1114) Pause Young (Normal) (G1 Evacuation Pause)
[2021-03-19T15:08:04.240+0600][gc,task     ] GC(1114) Using 8 workers of 8 for evacuation
[2021-03-19T15:08:04.264+0600][gc,mmu      ] GC(1114) MMU target violated: 21.0ms (20.0ms/21.0ms)
[2021-03-19T15:08:04.264+0600][gc,phases   ] GC(1114)   Pre Evacuate Collection Set: 0.3ms
[2021-03-19T15:08:04.264+0600][gc,phases   ] GC(1114)   Merge Heap Roots: 0.5ms
[2021-03-19T15:08:04.264+0600][gc,phases   ] GC(1114)   Evacuate Collection Set: 21.3ms
[2021-03-19T15:08:04.264+0600][gc,phases   ] GC(1114)   Post Evacuate Collection Set: 1.1ms
[2021-03-19T15:08:04.264+0600][gc,phases   ] GC(1114)   Other: 1.6ms
[2021-03-19T15:08:04.264+0600][gc,heap     ] GC(1114) Eden regions: 608->0(608)
[2021-03-19T15:08:04.264+0600][gc,heap     ] GC(1114) Survivor regions: 6->6(77)
[2021-03-19T15:08:04.264+0600][gc,heap     ] GC(1114) Old regions: 27->27
[2021-03-19T15:08:04.264+0600][gc,heap     ] GC(1114) Archive regions: 2->2
[2021-03-19T15:08:04.264+0600][gc,heap     ] GC(1114) Humongous regions: 129->129
[2021-03-19T15:08:04.264+0600][gc,metaspace] GC(1114) Metaspace: 40240K(41216K)->40240K(41216K) NonClass: 35933K(36608K)->35933K(36608K) Class: 4306K(4608K)->4306K(4608K)
[2021-03-19T15:08:04.264+0600][gc          ] GC(1114) Pause Young (Normal) (G1 Evacuation Pause) 769M->162M(1024M) 24.701ms
[2021-03-19T15:08:04.264+0600][gc,cpu      ] GC(1114) User=0.04s Sys=0.01s Real=0.03s
[2021-03-19T15:08:17.481+0600][gc,start    ] GC(1115) Pause Young (Normal) (G1 Evacuation Pause)
[2021-03-19T15:08:17.482+0600][gc,task     ] GC(1115) Using 8 workers of 8 for evacuation
[2021-03-19T15:08:17.496+0600][gc,phases   ] GC(1115)   Pre Evacuate Collection Set: 0.4ms
[2021-03-19T15:08:17.496+0600][gc,phases   ] GC(1115)   Merge Heap Roots: 0.3ms
[2021-03-19T15:08:17.496+0600][gc,phases   ] GC(1115)   Evacuate Collection Set: 11.5ms
[2021-03-19T15:08:17.496+0600][gc,phases   ] GC(1115)   Post Evacuate Collection Set: 1.2ms
[2021-03-19T15:08:17.496+0600][gc,phases   ] GC(1115)   Other: 1.9ms
[2021-03-19T15:08:17.496+0600][gc,heap     ] GC(1115) Eden regions: 608->0(608)
[2021-03-19T15:08:17.496+0600][gc,heap     ] GC(1115) Survivor regions: 6->6(77)
[2021-03-19T15:08:17.496+0600][gc,heap     ] GC(1115) Old regions: 27->28
[2021-03-19T15:08:17.496+0600][gc,heap     ] GC(1115) Archive regions: 2->2
[2021-03-19T15:08:17.496+0600][gc,heap     ] GC(1115) Humongous regions: 129->129
[2021-03-19T15:08:17.496+0600][gc,metaspace] GC(1115) Metaspace: 40240K(41216K)->40240K(41216K) NonClass: 35933K(36608K)->35933K(36608K) Class: 4306K(4608K)->4306K(4608K)
[2021-03-19T15:08:17.496+0600][gc          ] GC(1115) Pause Young (Normal) (G1 Evacuation Pause) 770M->162M(1024M) 15.450ms
[2021-03-19T15:08:17.496+0600][gc,cpu      ] GC(1115) User=0.04s Sys=0.00s Real=0.01s
[2021-03-19T15:08:32.492+0600][gc,start    ] GC(1116) Pause Young (Normal) (G1 Evacuation Pause)
[2021-03-19T15:08:32.494+0600][gc,task     ] GC(1116) Using 8 workers of 8 for evacuation
[2021-03-19T15:08:32.528+0600][gc,mmu      ] GC(1116) MMU target violated: 21.0ms (20.0ms/21.0ms)
[2021-03-19T15:08:32.528+0600][gc,phases   ] GC(1116)   Pre Evacuate Collection Set: 0.5ms
[2021-03-19T15:08:32.528+0600][gc,phases   ] GC(1116)   Merge Heap Roots: 0.3ms
[2021-03-19T15:08:32.528+0600][gc,phases   ] GC(1116)   Evacuate Collection Set: 31.6ms
[2021-03-19T15:08:32.528+0600][gc,phases   ] GC(1116)   Post Evacuate Collection Set: 1.4ms
[2021-03-19T15:08:32.528+0600][gc,phases   ] GC(1116)   Other: 2.2ms
[2021-03-19T15:08:32.528+0600][gc,heap     ] GC(1116) Eden regions: 608->0(608)
[2021-03-19T15:08:32.528+0600][gc,heap     ] GC(1116) Survivor regions: 6->6(77)
[2021-03-19T15:08:32.528+0600][gc,heap     ] GC(1116) Old regions: 28->28
[2021-03-19T15:08:32.528+0600][gc,heap     ] GC(1116) Archive regions: 2->2
[2021-03-19T15:08:32.529+0600][gc,heap     ] GC(1116) Humongous regions: 129->129
[2021-03-19T15:08:32.529+0600][gc,metaspace] GC(1116) Metaspace: 40240K(41216K)->40240K(41216K) NonClass: 35933K(36608K)->35933K(36608K) Class: 4306K(4608K)->4306K(4608K)
[2021-03-19T15:08:32.529+0600][gc          ] GC(1116) Pause Young (Normal) (G1 Evacuation Pause) 770M->162M(1024M) 36.233ms
[2021-03-19T15:08:32.529+0600][gc,cpu      ] GC(1116) User=0.05s Sys=0.03s Real=0.03s
[2021-03-19T15:08:47.188+0600][gc,start    ] GC(1117) Pause Young (Normal) (G1 Evacuation Pause)
[2021-03-19T15:08:47.188+0600][gc,task     ] GC(1117) Using 8 workers of 8 for evacuation
[2021-03-19T15:08:47.205+0600][gc,phases   ] GC(1117)   Pre Evacuate Collection Set: 0.6ms
[2021-03-19T15:08:47.205+0600][gc,phases   ] GC(1117)   Merge Heap Roots: 1.4ms
[2021-03-19T15:08:47.205+0600][gc,phases   ] GC(1117)   Evacuate Collection Set: 13.9ms
[2021-03-19T15:08:47.205+0600][gc,phases   ] GC(1117)   Post Evacuate Collection Set: 1.2ms
[2021-03-19T15:08:47.205+0600][gc,phases   ] GC(1117)   Other: 0.7ms
[2021-03-19T15:08:47.206+0600][gc,heap     ] GC(1117) Eden regions: 608->0(607)
[2021-03-19T15:08:47.206+0600][gc,heap     ] GC(1117) Survivor regions: 6->7(77)
[2021-03-19T15:08:47.206+0600][gc,heap     ] GC(1117) Old regions: 28->28
[2021-03-19T15:08:47.206+0600][gc,heap     ] GC(1117) Archive regions: 2->2
[2021-03-19T15:08:47.206+0600][gc,heap     ] GC(1117) Humongous regions: 129->129
[2021-03-19T15:08:47.206+0600][gc,metaspace] GC(1117) Metaspace: 40240K(41216K)->40240K(41216K) NonClass: 35933K(36608K)->35933K(36608K) Class: 4306K(4608K)->4306K(4608K)
[2021-03-19T15:08:47.206+0600][gc          ] GC(1117) Pause Young (Normal) (G1 Evacuation Pause) 770M->163M(1024M) 18.080ms
[2021-03-19T15:08:47.206+0600][gc,cpu      ] GC(1117) User=0.04s Sys=0.01s Real=0.02s
[2021-03-19T15:09:03.391+0600][gc,start    ] GC(1118) Pause Young (Normal) (G1 Evacuation Pause)
[2021-03-19T15:09:03.391+0600][gc,task     ] GC(1118) Using 8 workers of 8 for evacuation
[2021-03-19T15:09:03.405+0600][gc,phases   ] GC(1118)   Pre Evacuate Collection Set: 0.2ms
[2021-03-19T15:09:03.405+0600][gc,phases   ] GC(1118)   Merge Heap Roots: 0.2ms
[2021-03-19T15:09:03.405+0600][gc,phases   ] GC(1118)   Evacuate Collection Set: 12.1ms
[2021-03-19T15:09:03.405+0600][gc,phases   ] GC(1118)   Post Evacuate Collection Set: 0.7ms
[2021-03-19T15:09:03.405+0600][gc,phases   ] GC(1118)   Other: 0.9ms
[2021-03-19T15:09:03.405+0600][gc,heap     ] GC(1118) Eden regions: 607->0(606)
[2021-03-19T15:09:03.405+0600][gc,heap     ] GC(1118) Survivor regions: 7->8(77)
[2021-03-19T15:09:03.405+0600][gc,heap     ] GC(1118) Old regions: 28->28
[2021-03-19T15:09:03.405+0600][gc,heap     ] GC(1118) Archive regions: 2->2
[2021-03-19T15:09:03.405+0600][gc,heap     ] GC(1118) Humongous regions: 129->129
[2021-03-19T15:09:03.405+0600][gc,metaspace] GC(1118) Metaspace: 40240K(41216K)->40240K(41216K) NonClass: 35933K(36608K)->35933K(36608K) Class: 4306K(4608K)->4306K(4608K)
[2021-03-19T15:09:03.405+0600][gc          ] GC(1118) Pause Young (Normal) (G1 Evacuation Pause) 770M->164M(1024M) 14.300ms
[2021-03-19T15:09:03.405+0600][gc,cpu      ] GC(1118) User=0.04s Sys=0.00s Real=0.01s
[2021-03-19T15:09:17.354+0600][gc,start    ] GC(1119) Pause Young (Normal) (G1 Evacuation Pause)
[2021-03-19T15:09:17.355+0600][gc,task     ] GC(1119) Using 8 workers of 8 for evacuation
[2021-03-19T15:09:17.368+0600][gc,phases   ] GC(1119)   Pre Evacuate Collection Set: 0.3ms
[2021-03-19T15:09:17.368+0600][gc,phases   ] GC(1119)   Merge Heap Roots: 0.3ms
[2021-03-19T15:09:17.368+0600][gc,phases   ] GC(1119)   Evacuate Collection Set: 11.9ms
[2021-03-19T15:09:17.368+0600][gc,phases   ] GC(1119)   Post Evacuate Collection Set: 0.9ms
[2021-03-19T15:09:17.368+0600][gc,phases   ] GC(1119)   Other: 0.5ms
[2021-03-19T15:09:17.368+0600][gc,heap     ] GC(1119) Eden regions: 606->0(606)
[2021-03-19T15:09:17.368+0600][gc,heap     ] GC(1119) Survivor regions: 8->8(77)
[2021-03-19T15:09:17.368+0600][gc,heap     ] GC(1119) Old regions: 28->28
[2021-03-19T15:09:17.368+0600][gc,heap     ] GC(1119) Archive regions: 2->2
[2021-03-19T15:09:17.368+0600][gc,heap     ] GC(1119) Humongous regions: 129->129
[2021-03-19T15:09:17.368+0600][gc,metaspace] GC(1119) Metaspace: 40240K(41216K)->40240K(41216K) NonClass: 35933K(36608K)->35933K(36608K) Class: 4306K(4608K)->4306K(4608K)
[2021-03-19T15:09:17.368+0600][gc          ] GC(1119) Pause Young (Normal) (G1 Evacuation Pause) 770M->164M(1024M) 14.050ms
[2021-03-19T15:09:17.368+0600][gc,cpu      ] GC(1119) User=0.05s Sys=0.00s Real=0.01s
[2021-03-19T15:09:30.938+0600][gc,start    ] GC(1120) Pause Young (Normal) (G1 Evacuation Pause)
[2021-03-19T15:09:30.938+0600][gc,task     ] GC(1120) Using 8 workers of 8 for evacuation
[2021-03-19T15:09:30.956+0600][gc,phases   ] GC(1120)   Pre Evacuate Collection Set: 0.4ms
[2021-03-19T15:09:30.956+0600][gc,phases   ] GC(1120)   Merge Heap Roots: 0.2ms
[2021-03-19T15:09:30.956+0600][gc,phases   ] GC(1120)   Evacuate Collection Set: 15.7ms
[2021-03-19T15:09:30.956+0600][gc,phases   ] GC(1120)   Post Evacuate Collection Set: 1.1ms
[2021-03-19T15:09:30.956+0600][gc,phases   ] GC(1120)   Other: 0.8ms
[2021-03-19T15:09:30.956+0600][gc,heap     ] GC(1120) Eden regions: 606->0(606)
[2021-03-19T15:09:30.956+0600][gc,heap     ] GC(1120) Survivor regions: 8->8(77)
[2021-03-19T15:09:30.956+0600][gc,heap     ] GC(1120) Old regions: 28->28
