[2021-03-19T13:46:16.734+0600][gc,phases   ] GC(973)   Post Evacuate Collection Set: 0.4ms
[2021-03-19T13:46:16.734+0600][gc,phases   ] GC(973)   Other: 0.1ms
[2021-03-19T13:46:16.734+0600][gc,heap     ] GC(973) Eden regions: 594->0(594)
[2021-03-19T13:46:16.734+0600][gc,heap     ] GC(973) Survivor regions: 2->2(75)
[2021-03-19T13:46:16.734+0600][gc,heap     ] GC(973) Old regions: 192->192
[2021-03-19T13:46:16.734+0600][gc,heap     ] GC(973) Archive regions: 2->2
[2021-03-19T13:46:16.734+0600][gc,heap     ] GC(973) Humongous regions: 129->129
[2021-03-19T13:46:16.734+0600][gc,metaspace] GC(973) Metaspace: 40303K(41216K)->40303K(41216K) NonClass: 35979K(36608K)->35979K(36608K) Class: 4323K(4608K)->4323K(4608K)
[2021-03-19T13:46:16.734+0600][gc          ] GC(973) Pause Young (Normal) (G1 Evacuation Pause) 916M->323M(1024M) 7.018ms
[2021-03-19T13:46:16.734+0600][gc,cpu      ] GC(973) User=0.02s Sys=0.00s Real=0.01s
[2021-03-19T13:46:19.456+0600][gc,start    ] GC(974) Pause Young (Normal) (G1 Evacuation Pause)
[2021-03-19T13:46:19.456+0600][gc,task     ] GC(974) Using 8 workers of 8 for evacuation
[2021-03-19T13:46:19.459+0600][gc,phases   ] GC(974)   Pre Evacuate Collection Set: 0.2ms
[2021-03-19T13:46:19.459+0600][gc,phases   ] GC(974)   Merge Heap Roots: 0.1ms
[2021-03-19T13:46:19.459+0600][gc,phases   ] GC(974)   Evacuate Collection Set: 2.1ms
[2021-03-19T13:46:19.459+0600][gc,phases   ] GC(974)   Post Evacuate Collection Set: 0.4ms
[2021-03-19T13:46:19.459+0600][gc,phases   ] GC(974)   Other: 0.2ms
[2021-03-19T13:46:19.459+0600][gc,heap     ] GC(974) Eden regions: 594->0(594)
[2021-03-19T13:46:19.459+0600][gc,heap     ] GC(974) Survivor regions: 2->2(75)
[2021-03-19T13:46:19.459+0600][gc,heap     ] GC(974) Old regions: 192->192
[2021-03-19T13:46:19.459+0600][gc,heap     ] GC(974) Archive regions: 2->2
[2021-03-19T13:46:19.459+0600][gc,heap     ] GC(974) Humongous regions: 129->129
[2021-03-19T13:46:19.459+0600][gc,metaspace] GC(974) Metaspace: 40303K(41216K)->40303K(41216K) NonClass: 35979K(36608K)->35979K(36608K) Class: 4323K(4608K)->4323K(4608K)
[2021-03-19T13:46:19.459+0600][gc          ] GC(974) Pause Young (Normal) (G1 Evacuation Pause) 917M->323M(1024M) 3.086ms
[2021-03-19T13:46:19.459+0600][gc,cpu      ] GC(974) User=0.02s Sys=0.00s Real=0.00s
[2021-03-19T13:46:22.421+0600][gc,start    ] GC(975) Pause Young (Normal) (G1 Evacuation Pause)
[2021-03-19T13:46:22.421+0600][gc,task     ] GC(975) Using 8 workers of 8 for evacuation
[2021-03-19T13:46:22.426+0600][gc,phases   ] GC(975)   Pre Evacuate Collection Set: 0.2ms
[2021-03-19T13:46:22.426+0600][gc,phases   ] GC(975)   Merge Heap Roots: 0.1ms
[2021-03-19T13:46:22.426+0600][gc,phases   ] GC(975)   Evacuate Collection Set: 2.9ms
[2021-03-19T13:46:22.426+0600][gc,phases   ] GC(975)   Post Evacuate Collection Set: 0.8ms
[2021-03-19T13:46:22.426+0600][gc,phases   ] GC(975)   Other: 0.2ms
[2021-03-19T13:46:22.426+0600][gc,heap     ] GC(975) Eden regions: 594->0(594)
[2021-03-19T13:46:22.426+0600][gc,heap     ] GC(975) Survivor regions: 2->2(75)
[2021-03-19T13:46:22.426+0600][gc,heap     ] GC(975) Old regions: 192->192
[2021-03-19T13:46:22.426+0600][gc,heap     ] GC(975) Archive regions: 2->2
[2021-03-19T13:46:22.426+0600][gc,heap     ] GC(975) Humongous regions: 129->129
[2021-03-19T13:46:22.426+0600][gc,metaspace] GC(975) Metaspace: 40303K(41216K)->40303K(41216K) NonClass: 35979K(36608K)->35979K(36608K) Class: 4323K(4608K)->4323K(4608K)
[2021-03-19T13:46:22.426+0600][gc          ] GC(975) Pause Young (Normal) (G1 Evacuation Pause) 917M->323M(1024M) 4.306ms
[2021-03-19T13:46:22.426+0600][gc,cpu      ] GC(975) User=0.02s Sys=0.01s Real=0.00s
[2021-03-19T13:46:25.157+0600][gc,start    ] GC(976) Pause Young (Normal) (G1 Evacuation Pause)
[2021-03-19T13:46:25.157+0600][gc,task     ] GC(976) Using 8 workers of 8 for evacuation
[2021-03-19T13:46:25.161+0600][gc,phases   ] GC(976)   Pre Evacuate Collection Set: 0.1ms
[2021-03-19T13:46:25.161+0600][gc,phases   ] GC(976)   Merge Heap Roots: 0.1ms
[2021-03-19T13:46:25.161+0600][gc,phases   ] GC(976)   Evacuate Collection Set: 3.1ms
[2021-03-19T13:46:25.161+0600][gc,phases   ] GC(976)   Post Evacuate Collection Set: 0.4ms
[2021-03-19T13:46:25.161+0600][gc,phases   ] GC(976)   Other: 0.2ms
[2021-03-19T13:46:25.161+0600][gc,heap     ] GC(976) Eden regions: 594->0(594)
[2021-03-19T13:46:25.161+0600][gc,heap     ] GC(976) Survivor regions: 2->2(75)
[2021-03-19T13:46:25.161+0600][gc,heap     ] GC(976) Old regions: 192->192
[2021-03-19T13:46:25.161+0600][gc,heap     ] GC(976) Archive regions: 2->2
[2021-03-19T13:46:25.161+0600][gc,heap     ] GC(976) Humongous regions: 129->129
[2021-03-19T13:46:25.161+0600][gc,metaspace] GC(976) Metaspace: 40303K(41216K)->40303K(41216K) NonClass: 35979K(36608K)->35979K(36608K) Class: 4323K(4608K)->4323K(4608K)
[2021-03-19T13:46:25.161+0600][gc          ] GC(976) Pause Young (Normal) (G1 Evacuation Pause) 917M->323M(1024M) 3.959ms
[2021-03-19T13:46:25.161+0600][gc,cpu      ] GC(976) User=0.01s Sys=0.00s Real=0.01s
[2021-03-19T13:46:27.864+0600][gc,start    ] GC(977) Pause Young (Normal) (G1 Evacuation Pause)
[2021-03-19T13:46:27.864+0600][gc,task     ] GC(977) Using 8 workers of 8 for evacuation
[2021-03-19T13:46:27.867+0600][gc,phases   ] GC(977)   Pre Evacuate Collection Set: 0.2ms
[2021-03-19T13:46:27.867+0600][gc,phases   ] GC(977)   Merge Heap Roots: 0.1ms
[2021-03-19T13:46:27.867+0600][gc,phases   ] GC(977)   Evacuate Collection Set: 2.1ms
[2021-03-19T13:46:27.867+0600][gc,phases   ] GC(977)   Post Evacuate Collection Set: 0.6ms
[2021-03-19T13:46:27.867+0600][gc,phases   ] GC(977)   Other: 0.2ms
[2021-03-19T13:46:27.867+0600][gc,heap     ] GC(977) Eden regions: 594->0(593)
[2021-03-19T13:46:27.867+0600][gc,heap     ] GC(977) Survivor regions: 2->2(75)
[2021-03-19T13:46:27.867+0600][gc,heap     ] GC(977) Old regions: 192->193
[2021-03-19T13:46:27.867+0600][gc,heap     ] GC(977) Archive regions: 2->2
[2021-03-19T13:46:27.867+0600][gc,heap     ] GC(977) Humongous regions: 129->129
[2021-03-19T13:46:27.867+0600][gc,metaspace] GC(977) Metaspace: 40303K(41216K)->40303K(41216K) NonClass: 35979K(36608K)->35979K(36608K) Class: 4323K(4608K)->4323K(4608K)
[2021-03-19T13:46:27.867+0600][gc          ] GC(977) Pause Young (Normal) (G1 Evacuation Pause) 917M->323M(1024M) 3.331ms
[2021-03-19T13:46:27.867+0600][gc,cpu      ] GC(977) User=0.01s Sys=0.00s Real=0.00s
[2021-03-19T13:46:30.592+0600][gc,start    ] GC(978) Pause Young (Normal) (G1 Evacuation Pause)
[2021-03-19T13:46:30.592+0600][gc,task     ] GC(978) Using 8 workers of 8 for evacuation
[2021-03-19T13:46:30.595+0600][gc,phases   ] GC(978)   Pre Evacuate Collection Set: 0.1ms
[2021-03-19T13:46:30.595+0600][gc,phases   ] GC(978)   Merge Heap Roots: 0.1ms
[2021-03-19T13:46:30.595+0600][gc,phases   ] GC(978)   Evacuate Collection Set: 2.0ms
[2021-03-19T13:46:30.595+0600][gc,phases   ] GC(978)   Post Evacuate Collection Set: 0.5ms
[2021-03-19T13:46:30.595+0600][gc,phases   ] GC(978)   Other: 0.2ms
[2021-03-19T13:46:30.595+0600][gc,heap     ] GC(978) Eden regions: 593->0(593)
[2021-03-19T13:46:30.595+0600][gc,heap     ] GC(978) Survivor regions: 2->2(75)
[2021-03-19T13:46:30.595+0600][gc,heap     ] GC(978) Old regions: 193->193
[2021-03-19T13:46:30.595+0600][gc,heap     ] GC(978) Archive regions: 2->2
[2021-03-19T13:46:30.595+0600][gc,heap     ] GC(978) Humongous regions: 129->129
[2021-03-19T13:46:30.595+0600][gc,metaspace] GC(978) Metaspace: 40303K(41216K)->40303K(41216K) NonClass: 35979K(36608K)->35979K(36608K) Class: 4323K(4608K)->4323K(4608K)
[2021-03-19T13:46:30.595+0600][gc          ] GC(978) Pause Young (Normal) (G1 Evacuation Pause) 916M->323M(1024M) 3.052ms
[2021-03-19T13:46:30.595+0600][gc,cpu      ] GC(978) User=0.01s Sys=0.00s Real=0.00s
[2021-03-19T13:46:33.227+0600][gc,start    ] GC(979) Pause Young (Normal) (G1 Evacuation Pause)
[2021-03-19T13:46:33.227+0600][gc,task     ] GC(979) Using 8 workers of 8 for evacuation
[2021-03-19T13:46:33.230+0600][gc,phases   ] GC(979)   Pre Evacuate Collection Set: 0.1ms
[2021-03-19T13:46:33.230+0600][gc,phases   ] GC(979)   Merge Heap Roots: 0.1ms
[2021-03-19T13:46:33.230+0600][gc,phases   ] GC(979)   Evacuate Collection Set: 1.9ms
[2021-03-19T13:46:33.230+0600][gc,phases   ] GC(979)   Post Evacuate Collection Set: 0.5ms
[2021-03-19T13:46:33.230+0600][gc,phases   ] GC(979)   Other: 0.2ms
[2021-03-19T13:46:33.230+0600][gc,heap     ] GC(979) Eden regions: 593->0(593)
[2021-03-19T13:46:33.230+0600][gc,heap     ] GC(979) Survivor regions: 2->2(75)
[2021-03-19T13:46:33.230+0600][gc,heap     ] GC(979) Old regions: 193->193
[2021-03-19T13:46:33.230+0600][gc,heap     ] GC(979) Archive regions: 2->2
[2021-03-19T13:46:33.230+0600][gc,heap     ] GC(979) Humongous regions: 129->129
[2021-03-19T13:46:33.230+0600][gc,metaspace] GC(979) Metaspace: 40303K(41216K)->40303K(41216K) NonClass: 35979K(36608K)->35979K(36608K) Class: 4323K(4608K)->4323K(4608K)
[2021-03-19T13:46:33.230+0600][gc          ] GC(979) Pause Young (Normal) (G1 Evacuation Pause) 916M->323M(1024M) 2.977ms
[2021-03-19T13:46:33.230+0600][gc,cpu      ] GC(979) User=0.02s Sys=0.00s Real=0.01s
[2021-03-19T13:46:35.863+0600][gc,start    ] GC(980) Pause Young (Normal) (G1 Evacuation Pause)
[2021-03-19T13:46:35.863+0600][gc,task     ] GC(980) Using 8 workers of 8 for evacuation
[2021-03-19T13:46:35.866+0600][gc,phases   ] GC(980)   Pre Evacuate Collection Set: 0.1ms
[2021-03-19T13:46:35.866+0600][gc,phases   ] GC(980)   Merge Heap Roots: 0.1ms
[2021-03-19T13:46:35.866+0600][gc,phases   ] GC(980)   Evacuate Collection Set: 2.3ms
[2021-03-19T13:46:35.866+0600][gc,phases   ] GC(980)   Post Evacuate Collection Set: 0.5ms
[2021-03-19T13:46:35.866+0600][gc,phases   ] GC(980)   Other: 0.2ms
[2021-03-19T13:46:35.866+0600][gc,heap     ] GC(980) Eden regions: 593->0(593)
[2021-03-19T13:46:35.866+0600][gc,heap     ] GC(980) Survivor regions: 2->2(75)
[2021-03-19T13:46:35.866+0600][gc,heap     ] GC(980) Old regions: 193->193
[2021-03-19T13:46:35.866+0600][gc,heap     ] GC(980) Archive regions: 2->2
[2021-03-19T13:46:35.866+0600][gc,heap     ] GC(980) Humongous regions: 129->129
[2021-03-19T13:46:35.866+0600][gc,metaspace] GC(980) Metaspace: 40303K(41216K)->40303K(41216K) NonClass: 35979K(36608K)->35979K(36608K) Class: 4323K(4608K)->4323K(4608K)
[2021-03-19T13:46:35.866+0600][gc          ] GC(980) Pause Young (Normal) (G1 Evacuation Pause) 916M->323M(1024M) 3.343ms
[2021-03-19T13:46:35.866+0600][gc,cpu      ] GC(980) User=0.02s Sys=0.00s Real=0.00s
[2021-03-19T13:46:38.475+0600][gc,start    ] GC(981) Pause Young (Normal) (G1 Evacuation Pause)
[2021-03-19T13:46:38.475+0600][gc,task     ] GC(981) Using 8 workers of 8 for evacuation
[2021-03-19T13:46:38.478+0600][gc,phases   ] GC(981)   Pre Evacuate Collection Set: 0.1ms
[2021-03-19T13:46:38.479+0600][gc,phases   ] GC(981)   Merge Heap Roots: 0.1ms
[2021-03-19T13:46:38.479+0600][gc,phases   ] GC(981)   Evacuate Collection Set: 2.4ms
[2021-03-19T13:46:38.479+0600][gc,phases   ] GC(981)   Post Evacuate Collection Set: 0.5ms
[2021-03-19T13:46:38.479+0600][gc,phases   ] GC(981)   Other: 0.2ms
[2021-03-19T13:46:38.479+0600][gc,heap     ] GC(981) Eden regions: 593->0(593)
[2021-03-19T13:46:38.479+0600][gc,heap     ] GC(981) Survivor regions: 2->2(75)
[2021-03-19T13:46:38.479+0600][gc,heap     ] GC(981) Old regions: 193->193
[2021-03-19T13:46:38.479+0600][gc,heap     ] GC(981) Archive regions: 2->2
[2021-03-19T13:46:38.479+0600][gc,heap     ] GC(981) Humongous regions: 129->129
[2021-03-19T13:46:38.479+0600][gc,metaspace] GC(981) Metaspace: 40303K(41216K)->40303K(41216K) NonClass: 35979K(36608K)->35979K(36608K) Class: 4323K(4608K)->4323K(4608K)
[2021-03-19T13:46:38.479+0600][gc          ] GC(981) Pause Young (Normal) (G1 Evacuation Pause) 916M->323M(1024M) 3.293ms
[2021-03-19T13:46:38.479+0600][gc,cpu      ] GC(981) User=0.01s Sys=0.00s Real=0.00s
[2021-03-19T13:46:41.180+0600][gc,start    ] GC(982) Pause Young (Normal) (G1 Evacuation Pause)
[2021-03-19T13:46:41.180+0600][gc,task     ] GC(982) Using 8 workers of 8 for evacuation
[2021-03-19T13:46:41.183+0600][gc,phases   ] GC(982)   Pre Evacuate Collection Set: 0.2ms
[2021-03-19T13:46:41.183+0600][gc,phases   ] GC(982)   Merge Heap Roots: 0.1ms
[2021-03-19T13:46:41.183+0600][gc,phases   ] GC(982)   Evacuate Collection Set: 2.7ms
[2021-03-19T13:46:41.183+0600][gc,phases   ] GC(982)   Post Evacuate Collection Set: 0.6ms
[2021-03-19T13:46:41.183+0600][gc,phases   ] GC(982)   Other: 0.2ms
[2021-03-19T13:46:41.183+0600][gc,heap     ] GC(982) Eden regions: 593->0(593)
[2021-03-19T13:46:41.183+0600][gc,heap     ] GC(982) Survivor regions: 2->2(75)
[2021-03-19T13:46:41.183+0600][gc,heap     ] GC(982) Old regions: 193->193
[2021-03-19T13:46:41.183+0600][gc,heap     ] GC(982) Archive regions: 2->2
[2021-03-19T13:46:41.183+0600][gc,heap     ] GC(982) Humongous regions: 129->129
[2021-03-19T13:46:41.183+0600][gc,metaspace] GC(982) Metaspace: 40303K(41216K)->40303K(41216K) NonClass: 35979K(36608K)->35979K(36608K) Class: 4323K(4608K)->4323K(4608K)
[2021-03-19T13:46:41.183+0600][gc          ] GC(982) Pause Young (Normal) (G1 Evacuation Pause) 916M->323M(1024M) 3.797ms
[2021-03-19T13:46:41.183+0600][gc,cpu      ] GC(982) User=0.02s Sys=0.00s Real=0.00s
[2021-03-19T13:46:43.847+0600][gc,start    ] GC(983) Pause Young (Normal) (G1 Evacuation Pause)
[2021-03-19T13:46:43.847+0600][gc,task     ] GC(983) Using 8 workers of 8 for evacuation
[2021-03-19T13:46:43.850+0600][gc,phases   ] GC(983)   Pre Evacuate Collection Set: 0.1ms
[2021-03-19T13:46:43.850+0600][gc,phases   ] GC(983)   Merge Heap Roots: 0.1ms
[2021-03-19T13:46:43.850+0600][gc,phases   ] GC(983)   Evacuate Collection Set: 2.3ms
[2021-03-19T13:46:43.850+0600][gc,phases   ] GC(983)   Post Evacuate Collection Set: 0.5ms
[2021-03-19T13:46:43.850+0600][gc,phases   ] GC(983)   Other: 0.1ms
[2021-03-19T13:46:43.850+0600][gc,heap     ] GC(983) Eden regions: 593->0(593)
[2021-03-19T13:46:43.850+0600][gc,heap     ] GC(983) Survivor regions: 2->2(75)
[2021-03-19T13:46:43.850+0600][gc,heap     ] GC(983) Old regions: 193->193
[2021-03-19T13:46:43.850+0600][gc,heap     ] GC(983) Archive regions: 2->2
[2021-03-19T13:46:43.850+0600][gc,heap     ] GC(983) Humongous regions: 129->129
[2021-03-19T13:46:43.850+0600][gc,metaspace] GC(983) Metaspace: 40303K(41216K)->40303K(41216K) NonClass: 35979K(36608K)->35979K(36608K) Class: 4323K(4608K)->4323K(4608K)
[2021-03-19T13:46:43.850+0600][gc          ] GC(983) Pause Young (Normal) (G1 Evacuation Pause) 916M->324M(1024M) 3.277ms
[2021-03-19T13:46:43.850+0600][gc,cpu      ] GC(983) User=0.02s Sys=0.00s Real=0.01s
[2021-03-19T13:46:46.491+0600][gc,start    ] GC(984) Pause Young (Normal) (G1 Evacuation Pause)
[2021-03-19T13:46:46.491+0600][gc,task     ] GC(984) Using 8 workers of 8 for evacuation
[2021-03-19T13:46:46.494+0600][gc,phases   ] GC(984)   Pre Evacuate Collection Set: 0.1ms
[2021-03-19T13:46:46.494+0600][gc,phases   ] GC(984)   Merge Heap Roots: 0.1ms
[2021-03-19T13:46:46.494+0600][gc,phases   ] GC(984)   Evacuate Collection Set: 2.5ms
[2021-03-19T13:46:46.494+0600][gc,phases   ] GC(984)   Post Evacuate Collection Set: 0.5ms
[2021-03-19T13:46:46.495+0600][gc,phases   ] GC(984)   Other: 0.2ms
[2021-03-19T13:46:46.495+0600][gc,heap     ] GC(984) Eden regions: 593->0(593)
[2021-03-19T13:46:46.495+0600][gc,heap     ] GC(984) Survivor regions: 2->2(75)
[2021-03-19T13:46:46.495+0600][gc,heap     ] GC(984) Old regions: 193->193
[2021-03-19T13:46:46.495+0600][gc,heap     ] GC(984) Archive regions: 2->2
[2021-03-19T13:46:46.495+0600][gc,heap     ] GC(984) Humongous regions: 129->129
[2021-03-19T13:46:46.495+0600][gc,metaspace] GC(984) Metaspace: 40303K(41216K)->40303K(41216K) NonClass: 35979K(36608K)->35979K(36608K) Class: 4323K(4608K)->4323K(4608K)
[2021-03-19T13:46:46.495+0600][gc          ] GC(984) Pause Young (Normal) (G1 Evacuation Pause) 917M->324M(1024M) 3.547ms
[2021-03-19T13:46:46.495+0600][gc,cpu      ] GC(984) User=0.02s Sys=0.00s Real=0.00s
[2021-03-19T13:46:49.130+0600][gc,start    ] GC(985) Pause Young (Normal) (G1 Evacuation Pause)
[2021-03-19T13:46:49.130+0600][gc,task     ] GC(985) Using 8 workers of 8 for evacuation
[2021-03-19T13:46:49.133+0600][gc,phases   ] GC(985)   Pre Evacuate Collection Set: 0.1ms
[2021-03-19T13:46:49.133+0600][gc,phases   ] GC(985)   Merge Heap Roots: 0.1ms
[2021-03-19T13:46:49.133+0600][gc,phases   ] GC(985)   Evacuate Collection Set: 2.0ms
[2021-03-19T13:46:49.133+0600][gc,phases   ] GC(985)   Post Evacuate Collection Set: 0.5ms
[2021-03-19T13:46:49.133+0600][gc,phases   ] GC(985)   Other: 0.2ms
[2021-03-19T13:46:49.133+0600][gc,heap     ] GC(985) Eden regions: 593->0(593)
[2021-03-19T13:46:49.133+0600][gc,heap     ] GC(985) Survivor regions: 2->2(75)
[2021-03-19T13:46:49.133+0600][gc,heap     ] GC(985) Old regions: 193->193
[2021-03-19T13:46:49.133+0600][gc,heap     ] GC(985) Archive regions: 2->2
[2021-03-19T13:46:49.133+0600][gc,heap     ] GC(985) Humongous regions: 129->129
[2021-03-19T13:46:49.133+0600][gc,metaspace] GC(985) Metaspace: 40303K(41216K)->40303K(41216K) NonClass: 35979K(36608K)->35979K(36608K) Class: 4323K(4608K)->4323K(4608K)
[2021-03-19T13:46:49.133+0600][gc          ] GC(985) Pause Young (Normal) (G1 Evacuation Pause) 917M->324M(1024M) 2.898ms
[2021-03-19T13:46:49.133+0600][gc,cpu      ] GC(985) User=0.01s Sys=0.00s Real=0.00s
[2021-03-19T13:46:51.766+0600][gc,start    ] GC(986) Pause Young (Normal) (G1 Evacuation Pause)
[2021-03-19T13:46:51.766+0600][gc,task     ] GC(986) Using 8 workers of 8 for evacuation
[2021-03-19T13:46:51.769+0600][gc,phases   ] GC(986)   Pre Evacuate Collection Set: 0.2ms
[2021-03-19T13:46:51.769+0600][gc,phases   ] GC(986)   Merge Heap Roots: 0.1ms
[2021-03-19T13:46:51.769+0600][gc,phases   ] GC(986)   Evacuate Collection Set: 2.0ms
[2021-03-19T13:46:51.769+0600][gc,phases   ] GC(986)   Post Evacuate Collection Set: 0.4ms
[2021-03-19T13:46:51.769+0600][gc,phases   ] GC(986)   Other: 0.2ms
[2021-03-19T13:46:51.769+0600][gc,heap     ] GC(986) Eden regions: 593->0(593)
[2021-03-19T13:46:51.769+0600][gc,heap     ] GC(986) Survivor regions: 2->2(75)
[2021-03-19T13:46:51.769+0600][gc,heap     ] GC(986) Old regions: 193->193
[2021-03-19T13:46:51.769+0600][gc,heap     ] GC(986) Archive regions: 2->2
[2021-03-19T13:46:51.769+0600][gc,heap     ] GC(986) Humongous regions: 129->129
[2021-03-19T13:46:51.769+0600][gc,metaspace] GC(986) Metaspace: 40303K(41216K)->40303K(41216K) NonClass: 35979K(36608K)->35979K(36608K) Class: 4323K(4608K)->4323K(4608K)
[2021-03-19T13:46:51.769+0600][gc          ] GC(986) Pause Young (Normal) (G1 Evacuation Pause) 917M->324M(1024M) 2.947ms
[2021-03-19T13:46:51.769+0600][gc,cpu      ] GC(986) User=0.01s Sys=0.00s Real=0.00s
[2021-03-19T13:46:54.428+0600][gc,start    ] GC(987) Pause Young (Normal) (G1 Evacuation Pause)
[2021-03-19T13:46:54.428+0600][gc,task     ] GC(987) Using 8 workers of 8 for evacuation
[2021-03-19T13:46:54.431+0600][gc,phases   ] GC(987)   Pre Evacuate Collection Set: 0.2ms
[2021-03-19T13:46:54.431+0600][gc,phases   ] GC(987)   Merge Heap Roots: 0.1ms
[2021-03-19T13:46:54.431+0600][gc,phases   ] GC(987)   Evacuate Collection Set: 2.3ms
[2021-03-19T13:46:54.431+0600][gc,phases   ] GC(987)   Post Evacuate Collection Set: 0.5ms
[2021-03-19T13:46:54.431+0600][gc,phases   ] GC(987)   Other: 0.2ms
[2021-03-19T13:46:54.431+0600][gc,heap     ] GC(987) Eden regions: 593->0(592)
[2021-03-19T13:46:54.431+0600][gc,heap     ] GC(987) Survivor regions: 2->2(75)
[2021-03-19T13:46:54.431+0600][gc,heap     ] GC(987) Old regions: 193->194
[2021-03-19T13:46:54.431+0600][gc,heap     ] GC(987) Archive regions: 2->2
[2021-03-19T13:46:54.431+0600][gc,heap     ] GC(987) Humongous regions: 129->129
[2021-03-19T13:46:54.431+0600][gc,metaspace] GC(987) Metaspace: 40305K(41216K)->40305K(41216K) NonClass: 35982K(36608K)->35982K(36608K) Class: 4323K(4608K)->4323K(4608K)
[2021-03-19T13:46:54.431+0600][gc          ] GC(987) Pause Young (Normal) (G1 Evacuation Pause) 917M->324M(1024M) 3.366ms
[2021-03-19T13:46:54.431+0600][gc,cpu      ] GC(987) User=0.01s Sys=0.01s Real=0.01s
[2021-03-19T13:46:57.113+0600][gc,start    ] GC(988) Pause Young (Normal) (G1 Evacuation Pause)
[2021-03-19T13:46:57.113+0600][gc,task     ] GC(988) Using 8 workers of 8 for evacuation
[2021-03-19T13:46:57.116+0600][gc,phases   ] GC(988)   Pre Evacuate Collection Set: 0.2ms
[2021-03-19T13:46:57.117+0600][gc,phases   ] GC(988)   Merge Heap Roots: 0.1ms
[2021-03-19T13:46:57.117+0600][gc,phases   ] GC(988)   Evacuate Collection Set: 2.7ms
[2021-03-19T13:46:57.117+0600][gc,phases   ] GC(988)   Post Evacuate Collection Set: 0.5ms
[2021-03-19T13:46:57.117+0600][gc,phases   ] GC(988)   Other: 0.2ms
[2021-03-19T13:46:57.117+0600][gc,heap     ] GC(988) Eden regions: 592->0(592)
[2021-03-19T13:46:57.117+0600][gc,heap     ] GC(988) Survivor regions: 2->2(75)
[2021-03-19T13:46:57.117+0600][gc,heap     ] GC(988) Old regions: 194->194
[2021-03-19T13:46:57.117+0600][gc,heap     ] GC(988) Archive regions: 2->2
[2021-03-19T13:46:57.117+0600][gc,heap     ] GC(988) Humongous regions: 129->129
[2021-03-19T13:46:57.117+0600][gc,metaspace] GC(988) Metaspace: 40305K(41216K)->40305K(41216K) NonClass: 35982K(36608K)->35982K(36608K) Class: 4323K(4608K)->4323K(4608K)
[2021-03-19T13:46:57.117+0600][gc          ] GC(988) Pause Young (Normal) (G1 Evacuation Pause) 916M->324M(1024M) 3.658ms
[2021-03-19T13:46:57.117+0600][gc,cpu      ] GC(988) User=0.02s Sys=0.01s Real=0.00s
[2021-03-19T13:46:59.299+0600][gc,start    ] GC(989) Pause Young (Normal) (G1 Evacuation Pause)
[2021-03-19T13:46:59.299+0600][gc,task     ] GC(989) Using 8 workers of 8 for evacuation
[2021-03-19T13:46:59.301+0600][gc,phases   ] GC(989)   Pre Evacuate Collection Set: 0.1ms
[2021-03-19T13:46:59.301+0600][gc,phases   ] GC(989)   Merge Heap Roots: 0.1ms
[2021-03-19T13:46:59.301+0600][gc,phases   ] GC(989)   Evacuate Collection Set: 1.9ms
[2021-03-19T13:46:59.301+0600][gc,phases   ] GC(989)   Post Evacuate Collection Set: 0.4ms
[2021-03-19T13:46:59.301+0600][gc,phases   ] GC(989)   Other: 0.1ms
[2021-03-19T13:46:59.301+0600][gc,heap     ] GC(989) Eden regions: 592->0(592)
[2021-03-19T13:46:59.301+0600][gc,heap     ] GC(989) Survivor regions: 2->2(75)
[2021-03-19T13:46:59.301+0600][gc,heap     ] GC(989) Old regions: 194->194
[2021-03-19T13:46:59.301+0600][gc,heap     ] GC(989) Archive regions: 2->2
[2021-03-19T13:46:59.301+0600][gc,heap     ] GC(989) Humongous regions: 129->129
[2021-03-19T13:46:59.301+0600][gc,metaspace] GC(989) Metaspace: 40305K(41216K)->40305K(41216K) NonClass: 35982K(36608K)->35982K(36608K) Class: 4323K(4608K)->4323K(4608K)
[2021-03-19T13:46:59.301+0600][gc          ] GC(989) Pause Young (Normal) (G1 Evacuation Pause) 916M->324M(1024M) 2.708ms
[2021-03-19T13:46:59.301+0600][gc,cpu      ] GC(989) User=0.02s Sys=0.00s Real=0.01s
[2021-03-19T13:46:59.756+0600][gc,start    ] GC(990) Pause Young (Normal) (G1 Evacuation Pause)
[2021-03-19T13:46:59.756+0600][gc,task     ] GC(990) Using 8 workers of 8 for evacuation
[2021-03-19T13:46:59.758+0600][gc,phases   ] GC(990)   Pre Evacuate Collection Set: 0.1ms
[2021-03-19T13:46:59.758+0600][gc,phases   ] GC(990)   Merge Heap Roots: 0.1ms
[2021-03-19T13:46:59.758+0600][gc,phases   ] GC(990)   Evacuate Collection Set: 1.9ms
[2021-03-19T13:46:59.758+0600][gc,phases   ] GC(990)   Post Evacuate Collection Set: 0.5ms
[2021-03-19T13:46:59.758+0600][gc,phases   ] GC(990)   Other: 0.2ms
[2021-03-19T13:46:59.758+0600][gc,heap     ] GC(990) Eden regions: 592->0(592)
[2021-03-19T13:46:59.758+0600][gc,heap     ] GC(990) Survivor regions: 2->2(75)
[2021-03-19T13:46:59.758+0600][gc,heap     ] GC(990) Old regions: 194->194
[2021-03-19T13:46:59.758+0600][gc,heap     ] GC(990) Archive regions: 2->2
[2021-03-19T13:46:59.758+0600][gc,heap     ] GC(990) Humongous regions: 129->129
[2021-03-19T13:46:59.759+0600][gc,metaspace] GC(990) Metaspace: 40306K(41216K)->40306K(41216K) NonClass: 35982K(36608K)->35982K(36608K) Class: 4323K(4608K)->4323K(4608K)
[2021-03-19T13:46:59.759+0600][gc          ] GC(990) Pause Young (Normal) (G1 Evacuation Pause) 916M->324M(1024M) 2.852ms
[2021-03-19T13:46:59.759+0600][gc,cpu      ] GC(990) User=0.01s Sys=0.00s Real=0.00s
[2021-03-19T13:47:01.522+0600][gc,start    ] GC(991) Pause Young (Normal) (G1 Evacuation Pause)
[2021-03-19T13:47:01.522+0600][gc,task     ] GC(991) Using 8 workers of 8 for evacuation
[2021-03-19T13:47:01.525+0600][gc,phases   ] GC(991)   Pre Evacuate Collection Set: 0.1ms
[2021-03-19T13:47:01.525+0600][gc,phases   ] GC(991)   Merge Heap Roots: 0.1ms
[2021-03-19T13:47:01.525+0600][gc,phases   ] GC(991)   Evacuate Collection Set: 2.0ms
[2021-03-19T13:47:01.525+0600][gc,phases   ] GC(991)   Post Evacuate Collection Set: 0.4ms
[2021-03-19T13:47:01.525+0600][gc,phases   ] GC(991)   Other: 0.2ms
[2021-03-19T13:47:01.525+0600][gc,heap     ] GC(991) Eden regions: 592->0(592)
[2021-03-19T13:47:01.525+0600][gc,heap     ] GC(991) Survivor regions: 2->2(75)
[2021-03-19T13:47:01.525+0600][gc,heap     ] GC(991) Old regions: 194->194
[2021-03-19T13:47:01.525+0600][gc,heap     ] GC(991) Archive regions: 2->2
[2021-03-19T13:47:01.525+0600][gc,heap     ] GC(991) Humongous regions: 129->129
[2021-03-19T13:47:01.525+0600][gc,metaspace] GC(991) Metaspace: 40307K(41216K)->40307K(41216K) NonClass: 35983K(36608K)->35983K(36608K) Class: 4323K(4608K)->4323K(4608K)
[2021-03-19T13:47:01.525+0600][gc          ] GC(991) Pause Young (Normal) (G1 Evacuation Pause) 916M->324M(1024M) 2.903ms
[2021-03-19T13:47:01.525+0600][gc,cpu      ] GC(991) User=0.01s Sys=0.00s Real=0.00s
[2021-03-19T13:47:04.277+0600][gc,start    ] GC(992) Pause Young (Normal) (G1 Evacuation Pause)
[2021-03-19T13:47:04.277+0600][gc,task     ] GC(992) Using 8 workers of 8 for evacuation
[2021-03-19T13:47:04.281+0600][gc,phases   ] GC(992)   Pre Evacuate Collection Set: 0.1ms
[2021-03-19T13:47:04.281+0600][gc,phases   ] GC(992)   Merge Heap Roots: 0.1ms
[2021-03-19T13:47:04.281+0600][gc,phases   ] GC(992)   Evacuate Collection Set: 2.4ms
[2021-03-19T13:47:04.281+0600][gc,phases   ] GC(992)   Post Evacuate Collection Set: 0.4ms
[2021-03-19T13:47:04.281+0600][gc,phases   ] GC(992)   Other: 0.1ms
[2021-03-19T13:47:04.281+0600][gc,heap     ] GC(992) Eden regions: 592->0(592)
[2021-03-19T13:47:04.281+0600][gc,heap     ] GC(992) Survivor regions: 2->2(75)
[2021-03-19T13:47:04.281+0600][gc,heap     ] GC(992) Old regions: 194->194
[2021-03-19T13:47:04.281+0600][gc,heap     ] GC(992) Archive regions: 2->2
[2021-03-19T13:47:04.281+0600][gc,heap     ] GC(992) Humongous regions: 129->129
[2021-03-19T13:47:04.281+0600][gc,metaspace] GC(992) Metaspace: 40307K(41216K)->40307K(41216K) NonClass: 35983K(36608K)->35983K(36608K) Class: 4323K(4608K)->4323K(4608K)
[2021-03-19T13:47:04.281+0600][gc          ] GC(992) Pause Young (Normal) (G1 Evacuation Pause) 916M->324M(1024M) 3.344ms
[2021-03-19T13:47:04.281+0600][gc,cpu      ] GC(992) User=0.02s Sys=0.00s Real=0.01s
[2021-03-19T13:47:06.975+0600][gc,start    ] GC(993) Pause Young (Normal) (G1 Evacuation Pause)
[2021-03-19T13:47:06.975+0600][gc,task     ] GC(993) Using 8 workers of 8 for evacuation
[2021-03-19T13:47:06.978+0600][gc,phases   ] GC(993)   Pre Evacuate Collection Set: 0.2ms
[2021-03-19T13:47:06.978+0600][gc,phases   ] GC(993)   Merge Heap Roots: 0.1ms
[2021-03-19T13:47:06.978+0600][gc,phases   ] GC(993)   Evacuate Collection Set: 2.1ms
[2021-03-19T13:47:06.978+0600][gc,phases   ] GC(993)   Post Evacuate Collection Set: 0.3ms
[2021-03-19T13:47:06.978+0600][gc,phases   ] GC(993)   Other: 0.6ms
[2021-03-19T13:47:06.978+0600][gc,heap     ] GC(993) Eden regions: 592->0(592)
[2021-03-19T13:47:06.978+0600][gc,heap     ] GC(993) Survivor regions: 2->2(75)
[2021-03-19T13:47:06.978+0600][gc,heap     ] GC(993) Old regions: 194->194
[2021-03-19T13:47:06.978+0600][gc,heap     ] GC(993) Archive regions: 2->2
[2021-03-19T13:47:06.978+0600][gc,heap     ] GC(993) Humongous regions: 129->129
[2021-03-19T13:47:06.978+0600][gc,metaspace] GC(993) Metaspace: 40307K(41216K)->40307K(41216K) NonClass: 35983K(36608K)->35983K(36608K) Class: 4323K(4608K)->4323K(4608K)
[2021-03-19T13:47:06.978+0600][gc          ] GC(993) Pause Young (Normal) (G1 Evacuation Pause) 916M->324M(1024M) 3.450ms
[2021-03-19T13:47:06.978+0600][gc,cpu      ] GC(993) User=0.01s Sys=0.00s Real=0.00s
[2021-03-19T13:47:09.664+0600][gc,start    ] GC(994) Pause Young (Normal) (G1 Evacuation Pause)
[2021-03-19T13:47:09.664+0600][gc,task     ] GC(994) Using 8 workers of 8 for evacuation
[2021-03-19T13:47:09.667+0600][gc,phases   ] GC(994)   Pre Evacuate Collection Set: 0.1ms
[2021-03-19T13:47:09.667+0600][gc,phases   ] GC(994)   Merge Heap Roots: 0.1ms
[2021-03-19T13:47:09.667+0600][gc,phases   ] GC(994)   Evacuate Collection Set: 2.0ms
[2021-03-19T13:47:09.667+0600][gc,phases   ] GC(994)   Post Evacuate Collection Set: 0.4ms
[2021-03-19T13:47:09.667+0600][gc,phases   ] GC(994)   Other: 0.2ms
[2021-03-19T13:47:09.667+0600][gc,heap     ] GC(994) Eden regions: 592->0(592)
[2021-03-19T13:47:09.667+0600][gc,heap     ] GC(994) Survivor regions: 2->2(75)
[2021-03-19T13:47:09.667+0600][gc,heap     ] GC(994) Old regions: 194->194
[2021-03-19T13:47:09.667+0600][gc,heap     ] GC(994) Archive regions: 2->2
[2021-03-19T13:47:09.667+0600][gc,heap     ] GC(994) Humongous regions: 129->129
[2021-03-19T13:47:09.667+0600][gc,metaspace] GC(994) Metaspace: 40307K(41216K)->40307K(41216K) NonClass: 35983K(36608K)->35983K(36608K) Class: 4323K(4608K)->4323K(4608K)
[2021-03-19T13:47:09.667+0600][gc          ] GC(994) Pause Young (Normal) (G1 Evacuation Pause) 916M->324M(1024M) 2.859ms
[2021-03-19T13:47:09.667+0600][gc,cpu      ] GC(994) User=0.02s Sys=0.00s Real=0.00s
[2021-03-19T13:47:12.308+0600][gc,start    ] GC(995) Pause Young (Normal) (G1 Evacuation Pause)
[2021-03-19T13:47:12.308+0600][gc,task     ] GC(995) Using 8 workers of 8 for evacuation
[2021-03-19T13:47:12.311+0600][gc,phases   ] GC(995)   Pre Evacuate Collection Set: 0.2ms
[2021-03-19T13:47:12.311+0600][gc,phases   ] GC(995)   Merge Heap Roots: 0.1ms
[2021-03-19T13:47:12.311+0600][gc,phases   ] GC(995)   Evacuate Collection Set: 2.0ms
[2021-03-19T13:47:12.311+0600][gc,phases   ] GC(995)   Post Evacuate Collection Set: 0.4ms
[2021-03-19T13:47:12.311+0600][gc,phases   ] GC(995)   Other: 0.1ms
[2021-03-19T13:47:12.311+0600][gc,heap     ] GC(995) Eden regions: 592->0(592)
[2021-03-19T13:47:12.311+0600][gc,heap     ] GC(995) Survivor regions: 2->2(75)
[2021-03-19T13:47:12.311+0600][gc,heap     ] GC(995) Old regions: 194->194
[2021-03-19T13:47:12.311+0600][gc,heap     ] GC(995) Archive regions: 2->2
[2021-03-19T13:47:12.311+0600][gc,heap     ] GC(995) Humongous regions: 129->129
[2021-03-19T13:47:12.311+0600][gc,metaspace] GC(995) Metaspace: 40307K(41216K)->40307K(41216K) NonClass: 35983K(36608K)->35983K(36608K) Class: 4323K(4608K)->4323K(4608K)
[2021-03-19T13:47:12.311+0600][gc          ] GC(995) Pause Young (Normal) (G1 Evacuation Pause) 916M->325M(1024M) 2.923ms
[2021-03-19T13:47:12.311+0600][gc,cpu      ] GC(995) User=0.01s Sys=0.00s Real=0.01s
[2021-03-19T13:47:15.026+0600][gc,start    ] GC(996) Pause Young (Normal) (G1 Evacuation Pause)
[2021-03-19T13:47:15.026+0600][gc,task     ] GC(996) Using 8 workers of 8 for evacuation
[2021-03-19T13:47:15.029+0600][gc,phases   ] GC(996)   Pre Evacuate Collection Set: 0.2ms
[2021-03-19T13:47:15.029+0600][gc,phases   ] GC(996)   Merge Heap Roots: 0.1ms
[2021-03-19T13:47:15.029+0600][gc,phases   ] GC(996)   Evacuate Collection Set: 2.0ms
[2021-03-19T13:47:15.029+0600][gc,phases   ] GC(996)   Post Evacuate Collection Set: 0.5ms
[2021-03-19T13:47:15.029+0600][gc,phases   ] GC(996)   Other: 0.2ms
[2021-03-19T13:47:15.029+0600][gc,heap     ] GC(996) Eden regions: 592->0(592)
[2021-03-19T13:47:15.029+0600][gc,heap     ] GC(996) Survivor regions: 2->2(75)
[2021-03-19T13:47:15.029+0600][gc,heap     ] GC(996) Old regions: 194->194
[2021-03-19T13:47:15.029+0600][gc,heap     ] GC(996) Archive regions: 2->2
[2021-03-19T13:47:15.029+0600][gc,heap     ] GC(996) Humongous regions: 129->129
[2021-03-19T13:47:15.029+0600][gc,metaspace] GC(996) Metaspace: 40307K(41216K)->40307K(41216K) NonClass: 35983K(36608K)->35983K(36608K) Class: 4323K(4608K)->4323K(4608K)
[2021-03-19T13:47:15.029+0600][gc          ] GC(996) Pause Young (Normal) (G1 Evacuation Pause) 917M->325M(1024M) 2.995ms
[2021-03-19T13:47:15.029+0600][gc,cpu      ] GC(996) User=0.01s Sys=0.00s Real=0.00s
[2021-03-19T13:47:17.662+0600][gc,start    ] GC(997) Pause Young (Normal) (G1 Evacuation Pause)
[2021-03-19T13:47:17.662+0600][gc,task     ] GC(997) Using 8 workers of 8 for evacuation
[2021-03-19T13:47:17.665+0600][gc,phases   ] GC(997)   Pre Evacuate Collection Set: 0.1ms
[2021-03-19T13:47:17.665+0600][gc,phases   ] GC(997)   Merge Heap Roots: 0.1ms
[2021-03-19T13:47:17.665+0600][gc,phases   ] GC(997)   Evacuate Collection Set: 1.9ms
[2021-03-19T13:47:17.665+0600][gc,phases   ] GC(997)   Post Evacuate Collection Set: 0.4ms
[2021-03-19T13:47:17.665+0600][gc,phases   ] GC(997)   Other: 0.2ms
[2021-03-19T13:47:17.665+0600][gc,heap     ] GC(997) Eden regions: 592->0(591)
[2021-03-19T13:47:17.665+0600][gc,heap     ] GC(997) Survivor regions: 2->2(75)
[2021-03-19T13:47:17.665+0600][gc,heap     ] GC(997) Old regions: 194->195
[2021-03-19T13:47:17.665+0600][gc,heap     ] GC(997) Archive regions: 2->2
[2021-03-19T13:47:17.665+0600][gc,heap     ] GC(997) Humongous regions: 129->129
[2021-03-19T13:47:17.665+0600][gc,metaspace] GC(997) Metaspace: 40307K(41216K)->40307K(41216K) NonClass: 35983K(36608K)->35983K(36608K) Class: 4323K(4608K)->4323K(4608K)
[2021-03-19T13:47:17.665+0600][gc          ] GC(997) Pause Young (Normal) (G1 Evacuation Pause) 917M->325M(1024M) 2.809ms
[2021-03-19T13:47:17.665+0600][gc,cpu      ] GC(997) User=0.02s Sys=0.00s Real=0.00s
[2021-03-19T13:47:20.288+0600][gc,start    ] GC(998) Pause Young (Normal) (G1 Evacuation Pause)
[2021-03-19T13:47:20.288+0600][gc,task     ] GC(998) Using 8 workers of 8 for evacuation
[2021-03-19T13:47:20.291+0600][gc,phases   ] GC(998)   Pre Evacuate Collection Set: 0.2ms
[2021-03-19T13:47:20.291+0600][gc,phases   ] GC(998)   Merge Heap Roots: 0.1ms
[2021-03-19T13:47:20.291+0600][gc,phases   ] GC(998)   Evacuate Collection Set: 2.4ms
[2021-03-19T13:47:20.291+0600][gc,phases   ] GC(998)   Post Evacuate Collection Set: 0.5ms
[2021-03-19T13:47:20.291+0600][gc,phases   ] GC(998)   Other: 0.2ms
[2021-03-19T13:47:20.291+0600][gc,heap     ] GC(998) Eden regions: 591->0(591)
[2021-03-19T13:47:20.291+0600][gc,heap     ] GC(998) Survivor regions: 2->2(75)
[2021-03-19T13:47:20.291+0600][gc,heap     ] GC(998) Old regions: 195->195
[2021-03-19T13:47:20.291+0600][gc,heap     ] GC(998) Archive regions: 2->2
[2021-03-19T13:47:20.291+0600][gc,heap     ] GC(998) Humongous regions: 129->129
[2021-03-19T13:47:20.291+0600][gc,metaspace] GC(998) Metaspace: 40307K(41216K)->40307K(41216K) NonClass: 35983K(36608K)->35983K(36608K) Class: 4323K(4608K)->4323K(4608K)
[2021-03-19T13:47:20.291+0600][gc          ] GC(998) Pause Young (Normal) (G1 Evacuation Pause) 916M->325M(1024M) 3.398ms
[2021-03-19T13:47:20.291+0600][gc,cpu      ] GC(998) User=0.02s Sys=0.00s Real=0.01s
[2021-03-19T13:47:23.062+0600][gc,start    ] GC(999) Pause Young (Normal) (G1 Evacuation Pause)
[2021-03-19T13:47:23.062+0600][gc,task     ] GC(999) Using 8 workers of 8 for evacuation
[2021-03-19T13:47:23.065+0600][gc,phases   ] GC(999)   Pre Evacuate Collection Set: 0.1ms
[2021-03-19T13:47:23.065+0600][gc,phases   ] GC(999)   Merge Heap Roots: 0.1ms
[2021-03-19T13:47:23.065+0600][gc,phases   ] GC(999)   Evacuate Collection Set: 1.9ms
[2021-03-19T13:47:23.065+0600][gc,phases   ] GC(999)   Post Evacuate Collection Set: 0.5ms
[2021-03-19T13:47:23.065+0600][gc,phases   ] GC(999)   Other: 0.2ms
[2021-03-19T13:47:23.065+0600][gc,heap     ] GC(999) Eden regions: 591->0(591)
[2021-03-19T13:47:23.065+0600][gc,heap     ] GC(999) Survivor regions: 2->2(75)
[2021-03-19T13:47:23.065+0600][gc,heap     ] GC(999) Old regions: 195->195
[2021-03-19T13:47:23.065+0600][gc,heap     ] GC(999) Archive regions: 2->2
[2021-03-19T13:47:23.065+0600][gc,heap     ] GC(999) Humongous regions: 129->129
[2021-03-19T13:47:23.065+0600][gc,metaspace] GC(999) Metaspace: 40307K(41216K)->40307K(41216K) NonClass: 35983K(36608K)->35983K(36608K) Class: 4323K(4608K)->4323K(4608K)
[2021-03-19T13:47:23.065+0600][gc          ] GC(999) Pause Young (Normal) (G1 Evacuation Pause) 916M->325M(1024M) 2.891ms
[2021-03-19T13:47:23.065+0600][gc,cpu      ] GC(999) User=0.02s Sys=0.00s Real=0.00s
[2021-03-19T13:47:25.640+0600][gc,start    ] GC(1000) Pause Young (Normal) (G1 Evacuation Pause)
[2021-03-19T13:47:25.640+0600][gc,task     ] GC(1000) Using 8 workers of 8 for evacuation
[2021-03-19T13:47:25.643+0600][gc,phases   ] GC(1000)   Pre Evacuate Collection Set: 0.1ms
[2021-03-19T13:47:25.643+0600][gc,phases   ] GC(1000)   Merge Heap Roots: 0.1ms
[2021-03-19T13:47:25.643+0600][gc,phases   ] GC(1000)   Evacuate Collection Set: 1.9ms
[2021-03-19T13:47:25.643+0600][gc,phases   ] GC(1000)   Post Evacuate Collection Set: 0.4ms
[2021-03-19T13:47:25.643+0600][gc,phases   ] GC(1000)   Other: 0.2ms
[2021-03-19T13:47:25.643+0600][gc,heap     ] GC(1000) Eden regions: 591->0(591)
[2021-03-19T13:47:25.643+0600][gc,heap     ] GC(1000) Survivor regions: 2->2(75)
[2021-03-19T13:47:25.643+0600][gc,heap     ] GC(1000) Old regions: 195->195
[2021-03-19T13:47:25.643+0600][gc,heap     ] GC(1000) Archive regions: 2->2
[2021-03-19T13:47:25.643+0600][gc,heap     ] GC(1000) Humongous regions: 129->129
[2021-03-19T13:47:25.643+0600][gc,metaspace] GC(1000) Metaspace: 40309K(41216K)->40309K(41216K) NonClass: 35985K(36608K)->35985K(36608K) Class: 4323K(4608K)->4323K(4608K)
[2021-03-19T13:47:25.643+0600][gc          ] GC(1000) Pause Young (Normal) (G1 Evacuation Pause) 916M->325M(1024M) 2.818ms
[2021-03-19T13:47:25.643+0600][gc,cpu      ] GC(1000) User=0.02s Sys=0.01s Real=0.00s
[2021-03-19T13:47:28.219+0600][gc,start    ] GC(1001) Pause Young (Normal) (G1 Evacuation Pause)
[2021-03-19T13:47:28.219+0600][gc,task     ] GC(1001) Using 8 workers of 8 for evacuation
[2021-03-19T13:47:28.222+0600][gc,phases   ] GC(1001)   Pre Evacuate Collection Set: 0.2ms
[2021-03-19T13:47:28.222+0600][gc,phases   ] GC(1001)   Merge Heap Roots: 0.1ms
[2021-03-19T13:47:28.222+0600][gc,phases   ] GC(1001)   Evacuate Collection Set: 1.8ms
[2021-03-19T13:47:28.222+0600][gc,phases   ] GC(1001)   Post Evacuate Collection Set: 0.5ms
[2021-03-19T13:47:28.222+0600][gc,phases   ] GC(1001)   Other: 0.2ms
[2021-03-19T13:47:28.222+0600][gc,heap     ] GC(1001) Eden regions: 591->0(591)
[2021-03-19T13:47:28.222+0600][gc,heap     ] GC(1001) Survivor regions: 2->2(75)
[2021-03-19T13:47:28.222+0600][gc,heap     ] GC(1001) Old regions: 195->195
[2021-03-19T13:47:28.222+0600][gc,heap     ] GC(1001) Archive regions: 2->2
[2021-03-19T13:47:28.222+0600][gc,heap     ] GC(1001) Humongous regions: 129->129
[2021-03-19T13:47:28.222+0600][gc,metaspace] GC(1001) Metaspace: 40309K(41216K)->40309K(41216K) NonClass: 35985K(36608K)->35985K(36608K) Class: 4323K(4608K)->4323K(4608K)
[2021-03-19T13:47:28.222+0600][gc          ] GC(1001) Pause Young (Normal) (G1 Evacuation Pause) 916M->325M(1024M) 2.782ms
[2021-03-19T13:47:28.222+0600][gc,cpu      ] GC(1001) User=0.02s Sys=0.00s Real=0.01s
[2021-03-19T13:47:30.822+0600][gc,start    ] GC(1002) Pause Young (Normal) (G1 Evacuation Pause)
[2021-03-19T13:47:30.822+0600][gc,task     ] GC(1002) Using 8 workers of 8 for evacuation
[2021-03-19T13:47:30.824+0600][gc,phases   ] GC(1002)   Pre Evacuate Collection Set: 0.1ms
[2021-03-19T13:47:30.824+0600][gc,phases   ] GC(1002)   Merge Heap Roots: 0.1ms
[2021-03-19T13:47:30.824+0600][gc,phases   ] GC(1002)   Evacuate Collection Set: 1.9ms
[2021-03-19T13:47:30.824+0600][gc,phases   ] GC(1002)   Post Evacuate Collection Set: 0.4ms
[2021-03-19T13:47:30.824+0600][gc,phases   ] GC(1002)   Other: 0.2ms
[2021-03-19T13:47:30.824+0600][gc,heap     ] GC(1002) Eden regions: 591->0(591)
[2021-03-19T13:47:30.824+0600][gc,heap     ] GC(1002) Survivor regions: 2->2(75)
[2021-03-19T13:47:30.824+0600][gc,heap     ] GC(1002) Old regions: 195->195
[2021-03-19T13:47:30.824+0600][gc,heap     ] GC(1002) Archive regions: 2->2
[2021-03-19T13:47:30.824+0600][gc,heap     ] GC(1002) Humongous regions: 129->129
[2021-03-19T13:47:30.824+0600][gc,metaspace] GC(1002) Metaspace: 40309K(41216K)->40309K(41216K) NonClass: 35985K(36608K)->35985K(36608K) Class: 4323K(4608K)->4323K(4608K)
[2021-03-19T13:47:30.824+0600][gc          ] GC(1002) Pause Young (Normal) (G1 Evacuation Pause) 916M->325M(1024M) 2.745ms
[2021-03-19T13:47:30.824+0600][gc,cpu      ] GC(1002) User=0.02s Sys=0.00s Real=0.00s
[2021-03-19T13:47:33.401+0600][gc,start    ] GC(1003) Pause Young (Normal) (G1 Evacuation Pause)
[2021-03-19T13:47:33.401+0600][gc,task     ] GC(1003) Using 8 workers of 8 for evacuation
[2021-03-19T13:47:33.404+0600][gc,phases   ] GC(1003)   Pre Evacuate Collection Set: 0.1ms
[2021-03-19T13:47:33.404+0600][gc,phases   ] GC(1003)   Merge Heap Roots: 0.1ms
[2021-03-19T13:47:33.404+0600][gc,phases   ] GC(1003)   Evacuate Collection Set: 2.0ms
[2021-03-19T13:47:33.404+0600][gc,phases   ] GC(1003)   Post Evacuate Collection Set: 0.4ms
[2021-03-19T13:47:33.404+0600][gc,phases   ] GC(1003)   Other: 0.1ms
[2021-03-19T13:47:33.404+0600][gc,heap     ] GC(1003) Eden regions: 591->0(591)
[2021-03-19T13:47:33.404+0600][gc,heap     ] GC(1003) Survivor regions: 2->2(75)
[2021-03-19T13:47:33.404+0600][gc,heap     ] GC(1003) Old regions: 195->195
[2021-03-19T13:47:33.404+0600][gc,heap     ] GC(1003) Archive regions: 2->2
[2021-03-19T13:47:33.404+0600][gc,heap     ] GC(1003) Humongous regions: 129->129
[2021-03-19T13:47:33.404+0600][gc,metaspace] GC(1003) Metaspace: 40309K(41216K)->40309K(41216K) NonClass: 35985K(36608K)->35985K(36608K) Class: 4323K(4608K)->4323K(4608K)
[2021-03-19T13:47:33.404+0600][gc          ] GC(1003) Pause Young (Normal) (G1 Evacuation Pause) 916M->325M(1024M) 2.833ms
[2021-03-19T13:47:33.404+0600][gc,cpu      ] GC(1003) User=0.01s Sys=0.00s Real=0.00s
[2021-03-19T13:47:35.977+0600][gc,start    ] GC(1004) Pause Young (Normal) (G1 Evacuation Pause)
[2021-03-19T13:47:35.977+0600][gc,task     ] GC(1004) Using 8 workers of 8 for evacuation
[2021-03-19T13:47:35.980+0600][gc,phases   ] GC(1004)   Pre Evacuate Collection Set: 0.1ms
[2021-03-19T13:47:35.980+0600][gc,phases   ] GC(1004)   Merge Heap Roots: 0.1ms
[2021-03-19T13:47:35.980+0600][gc,phases   ] GC(1004)   Evacuate Collection Set: 1.9ms
[2021-03-19T13:47:35.980+0600][gc,phases   ] GC(1004)   Post Evacuate Collection Set: 0.5ms
[2021-03-19T13:47:35.980+0600][gc,phases   ] GC(1004)   Other: 0.2ms
[2021-03-19T13:47:35.980+0600][gc,heap     ] GC(1004) Eden regions: 591->0(591)
[2021-03-19T13:47:35.980+0600][gc,heap     ] GC(1004) Survivor regions: 2->2(75)
[2021-03-19T13:47:35.980+0600][gc,heap     ] GC(1004) Old regions: 195->195
[2021-03-19T13:47:35.980+0600][gc,heap     ] GC(1004) Archive regions: 2->2
[2021-03-19T13:47:35.980+0600][gc,heap     ] GC(1004) Humongous regions: 129->129
[2021-03-19T13:47:35.980+0600][gc,metaspace] GC(1004) Metaspace: 40309K(41216K)->40309K(41216K) NonClass: 35985K(36608K)->35985K(36608K) Class: 4323K(4608K)->4323K(4608K)
[2021-03-19T13:47:35.980+0600][gc          ] GC(1004) Pause Young (Normal) (G1 Evacuation Pause) 916M->326M(1024M) 2.857ms
[2021-03-19T13:47:35.980+0600][gc,cpu      ] GC(1004) User=0.01s Sys=0.00s Real=0.01s
[2021-03-19T13:47:38.564+0600][gc,start    ] GC(1005) Pause Young (Normal) (G1 Evacuation Pause)
[2021-03-19T13:47:38.564+0600][gc,task     ] GC(1005) Using 8 workers of 8 for evacuation
[2021-03-19T13:47:38.567+0600][gc,phases   ] GC(1005)   Pre Evacuate Collection Set: 0.1ms
[2021-03-19T13:47:38.567+0600][gc,phases   ] GC(1005)   Merge Heap Roots: 0.1ms
[2021-03-19T13:47:38.567+0600][gc,phases   ] GC(1005)   Evacuate Collection Set: 2.0ms
[2021-03-19T13:47:38.567+0600][gc,phases   ] GC(1005)   Post Evacuate Collection Set: 0.4ms
[2021-03-19T13:47:38.567+0600][gc,phases   ] GC(1005)   Other: 0.2ms
[2021-03-19T13:47:38.567+0600][gc,heap     ] GC(1005) Eden regions: 591->0(591)
[2021-03-19T13:47:38.567+0600][gc,heap     ] GC(1005) Survivor regions: 2->2(75)
[2021-03-19T13:47:38.567+0600][gc,heap     ] GC(1005) Old regions: 195->195
[2021-03-19T13:47:38.567+0600][gc,heap     ] GC(1005) Archive regions: 2->2
[2021-03-19T13:47:38.567+0600][gc,heap     ] GC(1005) Humongous regions: 129->129
[2021-03-19T13:47:38.567+0600][gc,metaspace] GC(1005) Metaspace: 40309K(41216K)->40309K(41216K) NonClass: 35985K(36608K)->35985K(36608K) Class: 4323K(4608K)->4323K(4608K)
[2021-03-19T13:47:38.567+0600][gc          ] GC(1005) Pause Young (Normal) (G1 Evacuation Pause) 917M->326M(1024M) 2.898ms
[2021-03-19T13:47:38.567+0600][gc,cpu      ] GC(1005) User=0.02s Sys=0.00s Real=0.00s
[2021-03-19T13:47:41.165+0600][gc,start    ] GC(1006) Pause Young (Normal) (G1 Evacuation Pause)
[2021-03-19T13:47:41.165+0600][gc,task     ] GC(1006) Using 8 workers of 8 for evacuation
[2021-03-19T13:47:41.168+0600][gc,phases   ] GC(1006)   Pre Evacuate Collection Set: 0.1ms
[2021-03-19T13:47:41.168+0600][gc,phases   ] GC(1006)   Merge Heap Roots: 0.1ms
[2021-03-19T13:47:41.168+0600][gc,phases   ] GC(1006)   Evacuate Collection Set: 2.0ms
[2021-03-19T13:47:41.168+0600][gc,phases   ] GC(1006)   Post Evacuate Collection Set: 0.4ms
[2021-03-19T13:47:41.168+0600][gc,phases   ] GC(1006)   Other: 0.2ms
[2021-03-19T13:47:41.168+0600][gc,heap     ] GC(1006) Eden regions: 591->0(591)
[2021-03-19T13:47:41.168+0600][gc,heap     ] GC(1006) Survivor regions: 2->2(75)
[2021-03-19T13:47:41.168+0600][gc,heap     ] GC(1006) Old regions: 195->195
[2021-03-19T13:47:41.168+0600][gc,heap     ] GC(1006) Archive regions: 2->2
[2021-03-19T13:47:41.168+0600][gc,heap     ] GC(1006) Humongous regions: 129->129
[2021-03-19T13:47:41.168+0600][gc,metaspace] GC(1006) Metaspace: 40309K(41216K)->40309K(41216K) NonClass: 35985K(36608K)->35985K(36608K) Class: 4323K(4608K)->4323K(4608K)
[2021-03-19T13:47:41.168+0600][gc          ] GC(1006) Pause Young (Normal) (G1 Evacuation Pause) 917M->326M(1024M) 2.905ms
[2021-03-19T13:47:41.168+0600][gc,cpu      ] GC(1006) User=0.02s Sys=0.00s Real=0.00s
[2021-03-19T13:47:43.748+0600][gc,start    ] GC(1007) Pause Young (Normal) (G1 Evacuation Pause)
[2021-03-19T13:47:43.748+0600][gc,task     ] GC(1007) Using 8 workers of 8 for evacuation
[2021-03-19T13:47:43.751+0600][gc,phases   ] GC(1007)   Pre Evacuate Collection Set: 0.1ms
[2021-03-19T13:47:43.751+0600][gc,phases   ] GC(1007)   Merge Heap Roots: 0.1ms
[2021-03-19T13:47:43.751+0600][gc,phases   ] GC(1007)   Evacuate Collection Set: 2.0ms
[2021-03-19T13:47:43.751+0600][gc,phases   ] GC(1007)   Post Evacuate Collection Set: 0.4ms
[2021-03-19T13:47:43.751+0600][gc,phases   ] GC(1007)   Other: 0.2ms
[2021-03-19T13:47:43.751+0600][gc,heap     ] GC(1007) Eden regions: 591->0(591)
[2021-03-19T13:47:43.751+0600][gc,heap     ] GC(1007) Survivor regions: 2->2(75)
[2021-03-19T13:47:43.751+0600][gc,heap     ] GC(1007) Old regions: 195->195
[2021-03-19T13:47:43.751+0600][gc,heap     ] GC(1007) Archive regions: 2->2
[2021-03-19T13:47:43.751+0600][gc,heap     ] GC(1007) Humongous regions: 129->129
[2021-03-19T13:47:43.751+0600][gc,metaspace] GC(1007) Metaspace: 40309K(41216K)->40309K(41216K) NonClass: 35985K(36608K)->35985K(36608K) Class: 4323K(4608K)->4323K(4608K)
[2021-03-19T13:47:43.751+0600][gc          ] GC(1007) Pause Young (Normal) (G1 Evacuation Pause) 917M->326M(1024M) 2.796ms
[2021-03-19T13:47:43.751+0600][gc,cpu      ] GC(1007) User=0.02s Sys=0.00s Real=0.01s
[2021-03-19T13:47:46.308+0600][gc,start    ] GC(1008) Pause Young (Normal) (G1 Evacuation Pause)
[2021-03-19T13:47:46.308+0600][gc,task     ] GC(1008) Using 8 workers of 8 for evacuation
[2021-03-19T13:47:46.312+0600][gc,phases   ] GC(1008)   Pre Evacuate Collection Set: 0.2ms
[2021-03-19T13:47:46.312+0600][gc,phases   ] GC(1008)   Merge Heap Roots: 0.1ms
[2021-03-19T13:47:46.312+0600][gc,phases   ] GC(1008)   Evacuate Collection Set: 2.1ms
[2021-03-19T13:47:46.312+0600][gc,phases   ] GC(1008)   Post Evacuate Collection Set: 0.6ms
[2021-03-19T13:47:46.312+0600][gc,phases   ] GC(1008)   Other: 0.2ms
[2021-03-19T13:47:46.312+0600][gc,heap     ] GC(1008) Eden regions: 591->0(590)
[2021-03-19T13:47:46.312+0600][gc,heap     ] GC(1008) Survivor regions: 2->2(75)
[2021-03-19T13:47:46.312+0600][gc,heap     ] GC(1008) Old regions: 195->196
[2021-03-19T13:47:46.312+0600][gc,heap     ] GC(1008) Archive regions: 2->2
[2021-03-19T13:47:46.312+0600][gc,heap     ] GC(1008) Humongous regions: 129->129
[2021-03-19T13:47:46.312+0600][gc,metaspace] GC(1008) Metaspace: 40309K(41216K)->40309K(41216K) NonClass: 35985K(36608K)->35985K(36608K) Class: 4323K(4608K)->4323K(4608K)
[2021-03-19T13:47:46.312+0600][gc          ] GC(1008) Pause Young (Normal) (G1 Evacuation Pause) 917M->326M(1024M) 3.322ms
[2021-03-19T13:47:46.312+0600][gc,cpu      ] GC(1008) User=0.01s Sys=0.00s Real=0.01s
[2021-03-19T13:47:48.870+0600][gc,start    ] GC(1009) Pause Young (Normal) (G1 Evacuation Pause)
[2021-03-19T13:47:48.870+0600][gc,task     ] GC(1009) Using 8 workers of 8 for evacuation
[2021-03-19T13:47:48.873+0600][gc,phases   ] GC(1009)   Pre Evacuate Collection Set: 0.2ms
[2021-03-19T13:47:48.873+0600][gc,phases   ] GC(1009)   Merge Heap Roots: 0.1ms
[2021-03-19T13:47:48.873+0600][gc,phases   ] GC(1009)   Evacuate Collection Set: 2.5ms
[2021-03-19T13:47:48.873+0600][gc,phases   ] GC(1009)   Post Evacuate Collection Set: 0.6ms
[2021-03-19T13:47:48.873+0600][gc,phases   ] GC(1009)   Other: 0.2ms
[2021-03-19T13:47:48.873+0600][gc,heap     ] GC(1009) Eden regions: 590->0(590)
[2021-03-19T13:47:48.873+0600][gc,heap     ] GC(1009) Survivor regions: 2->2(74)
[2021-03-19T13:47:48.873+0600][gc,heap     ] GC(1009) Old regions: 196->196
[2021-03-19T13:47:48.873+0600][gc,heap     ] GC(1009) Archive regions: 2->2
[2021-03-19T13:47:48.873+0600][gc,heap     ] GC(1009) Humongous regions: 129->129
[2021-03-19T13:47:48.873+0600][gc,metaspace] GC(1009) Metaspace: 40309K(41216K)->40309K(41216K) NonClass: 35985K(36608K)->35985K(36608K) Class: 4323K(4608K)->4323K(4608K)
[2021-03-19T13:47:48.873+0600][gc          ] GC(1009) Pause Young (Normal) (G1 Evacuation Pause) 916M->326M(1024M) 3.636ms
[2021-03-19T13:47:48.873+0600][gc,cpu      ] GC(1009) User=0.02s Sys=0.01s Real=0.00s
[2021-03-19T13:47:51.566+0600][gc,start    ] GC(1010) Pause Young (Normal) (G1 Evacuation Pause)
[2021-03-19T13:47:51.566+0600][gc,task     ] GC(1010) Using 8 workers of 8 for evacuation
[2021-03-19T13:47:51.569+0600][gc,phases   ] GC(1010)   Pre Evacuate Collection Set: 0.1ms
[2021-03-19T13:47:51.569+0600][gc,phases   ] GC(1010)   Merge Heap Roots: 0.1ms
[2021-03-19T13:47:51.569+0600][gc,phases   ] GC(1010)   Evacuate Collection Set: 2.4ms
[2021-03-19T13:47:51.569+0600][gc,phases   ] GC(1010)   Post Evacuate Collection Set: 0.5ms
[2021-03-19T13:47:51.569+0600][gc,phases   ] GC(1010)   Other: 0.2ms
[2021-03-19T13:47:51.569+0600][gc,heap     ] GC(1010) Eden regions: 590->0(590)
[2021-03-19T13:47:51.569+0600][gc,heap     ] GC(1010) Survivor regions: 2->2(74)
[2021-03-19T13:47:51.569+0600][gc,heap     ] GC(1010) Old regions: 196->196
[2021-03-19T13:47:51.569+0600][gc,heap     ] GC(1010) Archive regions: 2->2
[2021-03-19T13:47:51.569+0600][gc,heap     ] GC(1010) Humongous regions: 129->129
[2021-03-19T13:47:51.569+0600][gc,metaspace] GC(1010) Metaspace: 40309K(41216K)->40309K(41216K) NonClass: 35985K(36608K)->35985K(36608K) Class: 4323K(4608K)->4323K(4608K)
[2021-03-19T13:47:51.569+0600][gc          ] GC(1010) Pause Young (Normal) (G1 Evacuation Pause) 916M->326M(1024M) 3.384ms
[2021-03-19T13:47:51.569+0600][gc,cpu      ] GC(1010) User=0.01s Sys=0.00s Real=0.00s
[2021-03-19T13:47:54.171+0600][gc,start    ] GC(1011) Pause Young (Normal) (G1 Evacuation Pause)
[2021-03-19T13:47:54.171+0600][gc,task     ] GC(1011) Using 8 workers of 8 for evacuation
[2021-03-19T13:47:54.173+0600][gc,phases   ] GC(1011)   Pre Evacuate Collection Set: 0.2ms
[2021-03-19T13:47:54.173+0600][gc,phases   ] GC(1011)   Merge Heap Roots: 0.1ms
[2021-03-19T13:47:54.173+0600][gc,phases   ] GC(1011)   Evacuate Collection Set: 2.0ms
[2021-03-19T13:47:54.173+0600][gc,phases   ] GC(1011)   Post Evacuate Collection Set: 0.4ms
[2021-03-19T13:47:54.173+0600][gc,phases   ] GC(1011)   Other: 0.1ms
[2021-03-19T13:47:54.173+0600][gc,heap     ] GC(1011) Eden regions: 590->0(590)
[2021-03-19T13:47:54.173+0600][gc,heap     ] GC(1011) Survivor regions: 2->2(74)
[2021-03-19T13:47:54.173+0600][gc,heap     ] GC(1011) Old regions: 196->196
[2021-03-19T13:47:54.173+0600][gc,heap     ] GC(1011) Archive regions: 2->2
[2021-03-19T13:47:54.173+0600][gc,heap     ] GC(1011) Humongous regions: 129->129
[2021-03-19T13:47:54.173+0600][gc,metaspace] GC(1011) Metaspace: 40309K(41216K)->40309K(41216K) NonClass: 35985K(36608K)->35985K(36608K) Class: 4323K(4608K)->4323K(4608K)
[2021-03-19T13:47:54.174+0600][gc          ] GC(1011) Pause Young (Normal) (G1 Evacuation Pause) 916M->326M(1024M) 2.852ms
[2021-03-19T13:47:54.174+0600][gc,cpu      ] GC(1011) User=0.02s Sys=0.00s Real=0.00s
[2021-03-19T13:47:56.749+0600][gc,start    ] GC(1012) Pause Young (Normal) (G1 Evacuation Pause)
[2021-03-19T13:47:56.749+0600][gc,task     ] GC(1012) Using 8 workers of 8 for evacuation
[2021-03-19T13:47:56.753+0600][gc,phases   ] GC(1012)   Pre Evacuate Collection Set: 0.1ms
[2021-03-19T13:47:56.753+0600][gc,phases   ] GC(1012)   Merge Heap Roots: 0.1ms
[2021-03-19T13:47:56.753+0600][gc,phases   ] GC(1012)   Evacuate Collection Set: 2.6ms
[2021-03-19T13:47:56.753+0600][gc,phases   ] GC(1012)   Post Evacuate Collection Set: 0.5ms
[2021-03-19T13:47:56.753+0600][gc,phases   ] GC(1012)   Other: 0.1ms
[2021-03-19T13:47:56.753+0600][gc,heap     ] GC(1012) Eden regions: 590->0(590)
[2021-03-19T13:47:56.753+0600][gc,heap     ] GC(1012) Survivor regions: 2->2(74)
[2021-03-19T13:47:56.753+0600][gc,heap     ] GC(1012) Old regions: 196->196
[2021-03-19T13:47:56.753+0600][gc,heap     ] GC(1012) Archive regions: 2->2
[2021-03-19T13:47:56.753+0600][gc,heap     ] GC(1012) Humongous regions: 129->129
[2021-03-19T13:47:56.753+0600][gc,metaspace] GC(1012) Metaspace: 40309K(41216K)->40309K(41216K) NonClass: 35985K(36608K)->35985K(36608K) Class: 4323K(4608K)->4323K(4608K)
[2021-03-19T13:47:56.753+0600][gc          ] GC(1012) Pause Young (Normal) (G1 Evacuation Pause) 916M->326M(1024M) 3.561ms
[2021-03-19T13:47:56.753+0600][gc,cpu      ] GC(1012) User=0.02s Sys=0.00s Real=0.01s
[2021-03-19T13:47:59.449+0600][gc,start    ] GC(1013) Pause Young (Normal) (G1 Evacuation Pause)
[2021-03-19T13:47:59.449+0600][gc,task     ] GC(1013) Using 8 workers of 8 for evacuation
[2021-03-19T13:47:59.451+0600][gc,phases   ] GC(1013)   Pre Evacuate Collection Set: 0.1ms
[2021-03-19T13:47:59.451+0600][gc,phases   ] GC(1013)   Merge Heap Roots: 0.1ms
[2021-03-19T13:47:59.451+0600][gc,phases   ] GC(1013)   Evacuate Collection Set: 2.0ms
[2021-03-19T13:47:59.451+0600][gc,phases   ] GC(1013)   Post Evacuate Collection Set: 0.5ms
[2021-03-19T13:47:59.451+0600][gc,phases   ] GC(1013)   Other: 0.2ms
[2021-03-19T13:47:59.451+0600][gc,heap     ] GC(1013) Eden regions: 590->0(590)
[2021-03-19T13:47:59.451+0600][gc,heap     ] GC(1013) Survivor regions: 2->2(74)
[2021-03-19T13:47:59.451+0600][gc,heap     ] GC(1013) Old regions: 196->196
[2021-03-19T13:47:59.451+0600][gc,heap     ] GC(1013) Archive regions: 2->2
[2021-03-19T13:47:59.451+0600][gc,heap     ] GC(1013) Humongous regions: 129->129
[2021-03-19T13:47:59.451+0600][gc,metaspace] GC(1013) Metaspace: 40309K(41216K)->40309K(41216K) NonClass: 35985K(36608K)->35985K(36608K) Class: 4323K(4608K)->4323K(4608K)
[2021-03-19T13:47:59.451+0600][gc          ] GC(1013) Pause Young (Normal) (G1 Evacuation Pause) 916M->326M(1024M) 2.936ms
[2021-03-19T13:47:59.451+0600][gc,cpu      ] GC(1013) User=0.02s Sys=0.00s Real=0.01s
[2021-03-19T13:48:02.084+0600][gc,start    ] GC(1014) Pause Young (Normal) (G1 Evacuation Pause)
[2021-03-19T13:48:02.084+0600][gc,task     ] GC(1014) Using 8 workers of 8 for evacuation
[2021-03-19T13:48:02.087+0600][gc,phases   ] GC(1014)   Pre Evacuate Collection Set: 0.2ms
[2021-03-19T13:48:02.087+0600][gc,phases   ] GC(1014)   Merge Heap Roots: 0.1ms
[2021-03-19T13:48:02.087+0600][gc,phases   ] GC(1014)   Evacuate Collection Set: 2.1ms
[2021-03-19T13:48:02.087+0600][gc,phases   ] GC(1014)   Post Evacuate Collection Set: 0.5ms
[2021-03-19T13:48:02.087+0600][gc,phases   ] GC(1014)   Other: 0.2ms
[2021-03-19T13:48:02.087+0600][gc,heap     ] GC(1014) Eden regions: 590->0(590)
[2021-03-19T13:48:02.087+0600][gc,heap     ] GC(1014) Survivor regions: 2->2(74)
[2021-03-19T13:48:02.087+0600][gc,heap     ] GC(1014) Old regions: 196->196
[2021-03-19T13:48:02.087+0600][gc,heap     ] GC(1014) Archive regions: 2->2
[2021-03-19T13:48:02.088+0600][gc,heap     ] GC(1014) Humongous regions: 129->129
[2021-03-19T13:48:02.088+0600][gc,metaspace] GC(1014) Metaspace: 40309K(41216K)->40309K(41216K) NonClass: 35985K(36608K)->35985K(36608K) Class: 4323K(4608K)->4323K(4608K)
[2021-03-19T13:48:02.088+0600][gc          ] GC(1014) Pause Young (Normal) (G1 Evacuation Pause) 916M->326M(1024M) 3.128ms
[2021-03-19T13:48:02.088+0600][gc,cpu      ] GC(1014) User=0.01s Sys=0.00s Real=0.00s
[2021-03-19T13:48:04.706+0600][gc,start    ] GC(1015) Pause Young (Normal) (G1 Evacuation Pause)
[2021-03-19T13:48:04.706+0600][gc,task     ] GC(1015) Using 8 workers of 8 for evacuation
[2021-03-19T13:48:04.709+0600][gc,phases   ] GC(1015)   Pre Evacuate Collection Set: 0.2ms
[2021-03-19T13:48:04.709+0600][gc,phases   ] GC(1015)   Merge Heap Roots: 0.1ms
[2021-03-19T13:48:04.709+0600][gc,phases   ] GC(1015)   Evacuate Collection Set: 2.2ms
[2021-03-19T13:48:04.709+0600][gc,phases   ] GC(1015)   Post Evacuate Collection Set: 0.5ms
[2021-03-19T13:48:04.710+0600][gc,phases   ] GC(1015)   Other: 0.2ms
[2021-03-19T13:48:04.710+0600][gc,heap     ] GC(1015) Eden regions: 590->0(590)
[2021-03-19T13:48:04.710+0600][gc,heap     ] GC(1015) Survivor regions: 2->2(74)
[2021-03-19T13:48:04.710+0600][gc,heap     ] GC(1015) Old regions: 196->196
[2021-03-19T13:48:04.710+0600][gc,heap     ] GC(1015) Archive regions: 2->2
[2021-03-19T13:48:04.710+0600][gc,heap     ] GC(1015) Humongous regions: 129->129
[2021-03-19T13:48:04.710+0600][gc,metaspace] GC(1015) Metaspace: 40309K(41216K)->40309K(41216K) NonClass: 35985K(36608K)->35985K(36608K) Class: 4323K(4608K)->4323K(4608K)
[2021-03-19T13:48:04.710+0600][gc          ] GC(1015) Pause Young (Normal) (G1 Evacuation Pause) 916M->327M(1024M) 3.334ms
[2021-03-19T13:48:04.710+0600][gc,cpu      ] GC(1015) User=0.02s Sys=0.00s Real=0.01s
[2021-03-19T13:48:07.394+0600][gc,start    ] GC(1016) Pause Young (Normal) (G1 Evacuation Pause)
[2021-03-19T13:48:07.394+0600][gc,task     ] GC(1016) Using 8 workers of 8 for evacuation
[2021-03-19T13:48:07.397+0600][gc,phases   ] GC(1016)   Pre Evacuate Collection Set: 0.1ms
[2021-03-19T13:48:07.397+0600][gc,phases   ] GC(1016)   Merge Heap Roots: 0.1ms
[2021-03-19T13:48:07.397+0600][gc,phases   ] GC(1016)   Evacuate Collection Set: 2.1ms
[2021-03-19T13:48:07.397+0600][gc,phases   ] GC(1016)   Post Evacuate Collection Set: 0.5ms
[2021-03-19T13:48:07.397+0600][gc,phases   ] GC(1016)   Other: 0.2ms
[2021-03-19T13:48:07.397+0600][gc,heap     ] GC(1016) Eden regions: 590->0(590)
[2021-03-19T13:48:07.397+0600][gc,heap     ] GC(1016) Survivor regions: 2->2(74)
[2021-03-19T13:48:07.397+0600][gc,heap     ] GC(1016) Old regions: 196->196
[2021-03-19T13:48:07.397+0600][gc,heap     ] GC(1016) Archive regions: 2->2
[2021-03-19T13:48:07.397+0600][gc,heap     ] GC(1016) Humongous regions: 129->129
[2021-03-19T13:48:07.397+0600][gc,metaspace] GC(1016) Metaspace: 40309K(41216K)->40309K(41216K) NonClass: 35985K(36608K)->35985K(36608K) Class: 4323K(4608K)->4323K(4608K)
[2021-03-19T13:48:07.397+0600][gc          ] GC(1016) Pause Young (Normal) (G1 Evacuation Pause) 917M->327M(1024M) 3.049ms
[2021-03-19T13:48:07.397+0600][gc,cpu      ] GC(1016) User=0.02s Sys=0.00s Real=0.00s
[2021-03-19T13:48:10.127+0600][gc,start    ] GC(1017) Pause Young (Normal) (G1 Evacuation Pause)
[2021-03-19T13:48:10.127+0600][gc,task     ] GC(1017) Using 8 workers of 8 for evacuation
[2021-03-19T13:48:10.130+0600][gc,phases   ] GC(1017)   Pre Evacuate Collection Set: 0.1ms
[2021-03-19T13:48:10.130+0600][gc,phases   ] GC(1017)   Merge Heap Roots: 0.1ms
[2021-03-19T13:48:10.130+0600][gc,phases   ] GC(1017)   Evacuate Collection Set: 2.1ms
[2021-03-19T13:48:10.130+0600][gc,phases   ] GC(1017)   Post Evacuate Collection Set: 0.4ms
[2021-03-19T13:48:10.130+0600][gc,phases   ] GC(1017)   Other: 0.2ms
[2021-03-19T13:48:10.130+0600][gc,heap     ] GC(1017) Eden regions: 590->0(590)
[2021-03-19T13:48:10.130+0600][gc,heap     ] GC(1017) Survivor regions: 2->2(74)
[2021-03-19T13:48:10.130+0600][gc,heap     ] GC(1017) Old regions: 196->196
[2021-03-19T13:48:10.130+0600][gc,heap     ] GC(1017) Archive regions: 2->2
[2021-03-19T13:48:10.130+0600][gc,heap     ] GC(1017) Humongous regions: 129->129
[2021-03-19T13:48:10.130+0600][gc,metaspace] GC(1017) Metaspace: 40309K(41216K)->40309K(41216K) NonClass: 35985K(36608K)->35985K(36608K) Class: 4323K(4608K)->4323K(4608K)
[2021-03-19T13:48:10.130+0600][gc          ] GC(1017) Pause Young (Normal) (G1 Evacuation Pause) 917M->327M(1024M) 3.043ms
[2021-03-19T13:48:10.130+0600][gc,cpu      ] GC(1017) User=0.01s Sys=0.00s Real=0.01s
[2021-03-19T13:48:12.805+0600][gc,start    ] GC(1018) Pause Young (Normal) (G1 Evacuation Pause)
[2021-03-19T13:48:12.805+0600][gc,task     ] GC(1018) Using 8 workers of 8 for evacuation
[2021-03-19T13:48:12.808+0600][gc,phases   ] GC(1018)   Pre Evacuate Collection Set: 0.2ms
[2021-03-19T13:48:12.808+0600][gc,phases   ] GC(1018)   Merge Heap Roots: 0.1ms
[2021-03-19T13:48:12.808+0600][gc,phases   ] GC(1018)   Evacuate Collection Set: 2.0ms
[2021-03-19T13:48:12.808+0600][gc,phases   ] GC(1018)   Post Evacuate Collection Set: 0.4ms
[2021-03-19T13:48:12.808+0600][gc,phases   ] GC(1018)   Other: 0.2ms
[2021-03-19T13:48:12.808+0600][gc,heap     ] GC(1018) Eden regions: 590->0(589)
[2021-03-19T13:48:12.808+0600][gc,heap     ] GC(1018) Survivor regions: 2->2(74)
[2021-03-19T13:48:12.808+0600][gc,heap     ] GC(1018) Old regions: 196->197
[2021-03-19T13:48:12.808+0600][gc,heap     ] GC(1018) Archive regions: 2->2
[2021-03-19T13:48:12.808+0600][gc,heap     ] GC(1018) Humongous regions: 129->129
[2021-03-19T13:48:12.808+0600][gc,metaspace] GC(1018) Metaspace: 40309K(41216K)->40309K(41216K) NonClass: 35985K(36608K)->35985K(36608K) Class: 4323K(4608K)->4323K(4608K)
[2021-03-19T13:48:12.808+0600][gc          ] GC(1018) Pause Young (Normal) (G1 Evacuation Pause) 917M->327M(1024M) 2.976ms
[2021-03-19T13:48:12.808+0600][gc,cpu      ] GC(1018) User=0.01s Sys=0.00s Real=0.00s
[2021-03-19T13:48:15.546+0600][gc,start    ] GC(1019) Pause Young (Normal) (G1 Evacuation Pause)
[2021-03-19T13:48:15.546+0600][gc,task     ] GC(1019) Using 8 workers of 8 for evacuation
[2021-03-19T13:48:15.548+0600][gc,phases   ] GC(1019)   Pre Evacuate Collection Set: 0.2ms
[2021-03-19T13:48:15.549+0600][gc,phases   ] GC(1019)   Merge Heap Roots: 0.1ms
[2021-03-19T13:48:15.549+0600][gc,phases   ] GC(1019)   Evacuate Collection Set: 2.1ms
[2021-03-19T13:48:15.549+0600][gc,phases   ] GC(1019)   Post Evacuate Collection Set: 0.4ms
[2021-03-19T13:48:15.549+0600][gc,phases   ] GC(1019)   Other: 0.2ms
[2021-03-19T13:48:15.549+0600][gc,heap     ] GC(1019) Eden regions: 589->0(589)
[2021-03-19T13:48:15.549+0600][gc,heap     ] GC(1019) Survivor regions: 2->2(74)
[2021-03-19T13:48:15.549+0600][gc,heap     ] GC(1019) Old regions: 197->197
[2021-03-19T13:48:15.549+0600][gc,heap     ] GC(1019) Archive regions: 2->2
[2021-03-19T13:48:15.549+0600][gc,heap     ] GC(1019) Humongous regions: 129->129
[2021-03-19T13:48:15.549+0600][gc,metaspace] GC(1019) Metaspace: 40310K(41216K)->40310K(41216K) NonClass: 35987K(36608K)->35987K(36608K) Class: 4323K(4608K)->4323K(4608K)
[2021-03-19T13:48:15.549+0600][gc          ] GC(1019) Pause Young (Normal) (G1 Evacuation Pause) 916M->327M(1024M) 2.993ms
[2021-03-19T13:48:15.549+0600][gc,cpu      ] GC(1019) User=0.02s Sys=0.00s Real=0.00s
[2021-03-19T13:48:18.201+0600][gc,start    ] GC(1020) Pause Young (Normal) (G1 Evacuation Pause)
[2021-03-19T13:48:18.201+0600][gc,task     ] GC(1020) Using 8 workers of 8 for evacuation
[2021-03-19T13:48:18.204+0600][gc,phases   ] GC(1020)   Pre Evacuate Collection Set: 0.1ms
[2021-03-19T13:48:18.204+0600][gc,phases   ] GC(1020)   Merge Heap Roots: 0.1ms
[2021-03-19T13:48:18.204+0600][gc,phases   ] GC(1020)   Evacuate Collection Set: 2.1ms
[2021-03-19T13:48:18.204+0600][gc,phases   ] GC(1020)   Post Evacuate Collection Set: 0.5ms
[2021-03-19T13:48:18.204+0600][gc,phases   ] GC(1020)   Other: 0.2ms
[2021-03-19T13:48:18.204+0600][gc,heap     ] GC(1020) Eden regions: 589->0(589)
[2021-03-19T13:48:18.204+0600][gc,heap     ] GC(1020) Survivor regions: 2->2(74)
[2021-03-19T13:48:18.204+0600][gc,heap     ] GC(1020) Old regions: 197->197
[2021-03-19T13:48:18.204+0600][gc,heap     ] GC(1020) Archive regions: 2->2
[2021-03-19T13:48:18.204+0600][gc,heap     ] GC(1020) Humongous regions: 129->129
[2021-03-19T13:48:18.204+0600][gc,metaspace] GC(1020) Metaspace: 40310K(41216K)->40310K(41216K) NonClass: 35987K(36608K)->35987K(36608K) Class: 4323K(4608K)->4323K(4608K)
[2021-03-19T13:48:18.204+0600][gc          ] GC(1020) Pause Young (Normal) (G1 Evacuation Pause) 916M->327M(1024M) 3.027ms
[2021-03-19T13:48:18.204+0600][gc,cpu      ] GC(1020) User=0.01s Sys=0.01s Real=0.00s
[2021-03-19T13:48:20.821+0600][gc,start    ] GC(1021) Pause Young (Normal) (G1 Evacuation Pause)
[2021-03-19T13:48:20.822+0600][gc,task     ] GC(1021) Using 8 workers of 8 for evacuation
[2021-03-19T13:48:20.824+0600][gc,phases   ] GC(1021)   Pre Evacuate Collection Set: 0.1ms
[2021-03-19T13:48:20.824+0600][gc,phases   ] GC(1021)   Merge Heap Roots: 0.1ms
[2021-03-19T13:48:20.824+0600][gc,phases   ] GC(1021)   Evacuate Collection Set: 1.9ms
[2021-03-19T13:48:20.824+0600][gc,phases   ] GC(1021)   Post Evacuate Collection Set: 0.6ms
[2021-03-19T13:48:20.824+0600][gc,phases   ] GC(1021)   Other: 0.2ms
[2021-03-19T13:48:20.824+0600][gc,heap     ] GC(1021) Eden regions: 589->0(589)
[2021-03-19T13:48:20.824+0600][gc,heap     ] GC(1021) Survivor regions: 2->2(74)
[2021-03-19T13:48:20.825+0600][gc,heap     ] GC(1021) Old regions: 197->197
[2021-03-19T13:48:20.825+0600][gc,heap     ] GC(1021) Archive regions: 2->2
[2021-03-19T13:48:20.825+0600][gc,heap     ] GC(1021) Humongous regions: 129->129
[2021-03-19T13:48:20.825+0600][gc,metaspace] GC(1021) Metaspace: 40310K(41216K)->40310K(41216K) NonClass: 35987K(36608K)->35987K(36608K) Class: 4323K(4608K)->4323K(4608K)
[2021-03-19T13:48:20.825+0600][gc          ] GC(1021) Pause Young (Normal) (G1 Evacuation Pause) 916M->327M(1024M) 3.039ms
[2021-03-19T13:48:20.825+0600][gc,cpu      ] GC(1021) User=0.02s Sys=0.00s Real=0.00s
[2021-03-19T13:48:23.655+0600][gc,start    ] GC(1022) Pause Young (Normal) (G1 Evacuation Pause)
[2021-03-19T13:48:23.655+0600][gc,task     ] GC(1022) Using 8 workers of 8 for evacuation
[2021-03-19T13:48:23.658+0600][gc,phases   ] GC(1022)   Pre Evacuate Collection Set: 0.1ms
[2021-03-19T13:48:23.658+0600][gc,phases   ] GC(1022)   Merge Heap Roots: 0.1ms
[2021-03-19T13:48:23.658+0600][gc,phases   ] GC(1022)   Evacuate Collection Set: 2.4ms
[2021-03-19T13:48:23.658+0600][gc,phases   ] GC(1022)   Post Evacuate Collection Set: 0.5ms
[2021-03-19T13:48:23.658+0600][gc,phases   ] GC(1022)   Other: 0.1ms
[2021-03-19T13:48:23.658+0600][gc,heap     ] GC(1022) Eden regions: 589->0(589)
[2021-03-19T13:48:23.658+0600][gc,heap     ] GC(1022) Survivor regions: 2->2(74)
[2021-03-19T13:48:23.658+0600][gc,heap     ] GC(1022) Old regions: 197->197
[2021-03-19T13:48:23.658+0600][gc,heap     ] GC(1022) Archive regions: 2->2
[2021-03-19T13:48:23.658+0600][gc,heap     ] GC(1022) Humongous regions: 129->129
[2021-03-19T13:48:23.658+0600][gc,metaspace] GC(1022) Metaspace: 40310K(41216K)->40310K(41216K) NonClass: 35987K(36608K)->35987K(36608K) Class: 4323K(4608K)->4323K(4608K)
[2021-03-19T13:48:23.658+0600][gc          ] GC(1022) Pause Young (Normal) (G1 Evacuation Pause) 916M->327M(1024M) 3.306ms
[2021-03-19T13:48:23.658+0600][gc,cpu      ] GC(1022) User=0.02s Sys=0.00s Real=0.00s
[2021-03-19T13:48:26.319+0600][gc,start    ] GC(1023) Pause Young (Normal) (G1 Evacuation Pause)
[2021-03-19T13:48:26.319+0600][gc,task     ] GC(1023) Using 8 workers of 8 for evacuation
[2021-03-19T13:48:26.322+0600][gc,phases   ] GC(1023)   Pre Evacuate Collection Set: 0.2ms
[2021-03-19T13:48:26.322+0600][gc,phases   ] GC(1023)   Merge Heap Roots: 0.1ms
[2021-03-19T13:48:26.322+0600][gc,phases   ] GC(1023)   Evacuate Collection Set: 2.0ms
[2021-03-19T13:48:26.322+0600][gc,phases   ] GC(1023)   Post Evacuate Collection Set: 0.5ms
[2021-03-19T13:48:26.322+0600][gc,phases   ] GC(1023)   Other: 0.2ms
[2021-03-19T13:48:26.322+0600][gc,heap     ] GC(1023) Eden regions: 589->0(589)
[2021-03-19T13:48:26.322+0600][gc,heap     ] GC(1023) Survivor regions: 2->2(74)
[2021-03-19T13:48:26.322+0600][gc,heap     ] GC(1023) Old regions: 197->197
[2021-03-19T13:48:26.322+0600][gc,heap     ] GC(1023) Archive regions: 2->2
[2021-03-19T13:48:26.322+0600][gc,heap     ] GC(1023) Humongous regions: 129->129
[2021-03-19T13:48:26.322+0600][gc,metaspace] GC(1023) Metaspace: 40310K(41216K)->40310K(41216K) NonClass: 35987K(36608K)->35987K(36608K) Class: 4323K(4608K)->4323K(4608K)
[2021-03-19T13:48:26.322+0600][gc          ] GC(1023) Pause Young (Normal) (G1 Evacuation Pause) 916M->327M(1024M) 2.982ms
[2021-03-19T13:48:26.322+0600][gc,cpu      ] GC(1023) User=0.02s Sys=0.00s Real=0.01s
[2021-03-19T13:48:28.985+0600][gc,start    ] GC(1024) Pause Young (Normal) (G1 Evacuation Pause)
[2021-03-19T13:48:28.985+0600][gc,task     ] GC(1024) Using 8 workers of 8 for evacuation
[2021-03-19T13:48:28.988+0600][gc,phases   ] GC(1024)   Pre Evacuate Collection Set: 0.1ms
[2021-03-19T13:48:28.988+0600][gc,phases   ] GC(1024)   Merge Heap Roots: 0.1ms
[2021-03-19T13:48:28.988+0600][gc,phases   ] GC(1024)   Evacuate Collection Set: 2.0ms
[2021-03-19T13:48:28.988+0600][gc,phases   ] GC(1024)   Post Evacuate Collection Set: 0.4ms
[2021-03-19T13:48:28.988+0600][gc,phases   ] GC(1024)   Other: 0.2ms
[2021-03-19T13:48:28.988+0600][gc,heap     ] GC(1024) Eden regions: 589->0(589)
[2021-03-19T13:48:28.988+0600][gc,heap     ] GC(1024) Survivor regions: 2->2(74)
[2021-03-19T13:48:28.988+0600][gc,heap     ] GC(1024) Old regions: 197->197
[2021-03-19T13:48:28.988+0600][gc,heap     ] GC(1024) Archive regions: 2->2
[2021-03-19T13:48:28.988+0600][gc,heap     ] GC(1024) Humongous regions: 129->129
[2021-03-19T13:48:28.988+0600][gc,metaspace] GC(1024) Metaspace: 40310K(41216K)->40310K(41216K) NonClass: 35987K(36608K)->35987K(36608K) Class: 4323K(4608K)->4323K(4608K)
[2021-03-19T13:48:28.988+0600][gc          ] GC(1024) Pause Young (Normal) (G1 Evacuation Pause) 916M->327M(1024M) 2.844ms
[2021-03-19T13:48:28.988+0600][gc,cpu      ] GC(1024) User=0.01s Sys=0.00s Real=0.00s
[2021-03-19T13:48:31.672+0600][gc,start    ] GC(1025) Pause Young (Normal) (G1 Evacuation Pause)
[2021-03-19T13:48:31.672+0600][gc,task     ] GC(1025) Using 8 workers of 8 for evacuation
[2021-03-19T13:48:31.675+0600][gc,phases   ] GC(1025)   Pre Evacuate Collection Set: 0.1ms
[2021-03-19T13:48:31.675+0600][gc,phases   ] GC(1025)   Merge Heap Roots: 0.1ms
[2021-03-19T13:48:31.675+0600][gc,phases   ] GC(1025)   Evacuate Collection Set: 2.4ms
[2021-03-19T13:48:31.675+0600][gc,phases   ] GC(1025)   Post Evacuate Collection Set: 0.4ms
[2021-03-19T13:48:31.675+0600][gc,phases   ] GC(1025)   Other: 0.2ms
[2021-03-19T13:48:31.675+0600][gc,heap     ] GC(1025) Eden regions: 589->0(589)
[2021-03-19T13:48:31.675+0600][gc,heap     ] GC(1025) Survivor regions: 2->2(74)
[2021-03-19T13:48:31.675+0600][gc,heap     ] GC(1025) Old regions: 197->197
[2021-03-19T13:48:31.675+0600][gc,heap     ] GC(1025) Archive regions: 2->2
[2021-03-19T13:48:31.675+0600][gc,heap     ] GC(1025) Humongous regions: 129->129
[2021-03-19T13:48:31.675+0600][gc,metaspace] GC(1025) Metaspace: 40310K(41216K)->40310K(41216K) NonClass: 35987K(36608K)->35987K(36608K) Class: 4323K(4608K)->4323K(4608K)
[2021-03-19T13:48:31.675+0600][gc          ] GC(1025) Pause Young (Normal) (G1 Evacuation Pause) 916M->328M(1024M) 3.369ms
[2021-03-19T13:48:31.675+0600][gc,cpu      ] GC(1025) User=0.01s Sys=0.00s Real=0.00s
[2021-03-19T13:48:34.342+0600][gc,start    ] GC(1026) Pause Young (Normal) (G1 Evacuation Pause)
[2021-03-19T13:48:34.342+0600][gc,task     ] GC(1026) Using 8 workers of 8 for evacuation
[2021-03-19T13:48:34.345+0600][gc,phases   ] GC(1026)   Pre Evacuate Collection Set: 0.1ms
[2021-03-19T13:48:34.345+0600][gc,phases   ] GC(1026)   Merge Heap Roots: 0.1ms
[2021-03-19T13:48:34.345+0600][gc,phases   ] GC(1026)   Evacuate Collection Set: 1.8ms
[2021-03-19T13:48:34.345+0600][gc,phases   ] GC(1026)   Post Evacuate Collection Set: 0.4ms
[2021-03-19T13:48:34.345+0600][gc,phases   ] GC(1026)   Other: 0.2ms
[2021-03-19T13:48:34.345+0600][gc,heap     ] GC(1026) Eden regions: 589->0(589)
[2021-03-19T13:48:34.345+0600][gc,heap     ] GC(1026) Survivor regions: 2->2(74)
[2021-03-19T13:48:34.345+0600][gc,heap     ] GC(1026) Old regions: 197->197
[2021-03-19T13:48:34.345+0600][gc,heap     ] GC(1026) Archive regions: 2->2
[2021-03-19T13:48:34.345+0600][gc,heap     ] GC(1026) Humongous regions: 129->129
[2021-03-19T13:48:34.345+0600][gc,metaspace] GC(1026) Metaspace: 40310K(41216K)->40310K(41216K) NonClass: 35987K(36608K)->35987K(36608K) Class: 4323K(4608K)->4323K(4608K)
[2021-03-19T13:48:34.345+0600][gc          ] GC(1026) Pause Young (Normal) (G1 Evacuation Pause) 917M->328M(1024M) 2.707ms
[2021-03-19T13:48:34.345+0600][gc,cpu      ] GC(1026) User=0.01s Sys=0.00s Real=0.00s
[2021-03-19T13:48:36.891+0600][gc,start    ] GC(1027) Pause Young (Normal) (G1 Evacuation Pause)
[2021-03-19T13:48:36.891+0600][gc,task     ] GC(1027) Using 8 workers of 8 for evacuation
[2021-03-19T13:48:36.894+0600][gc,phases   ] GC(1027)   Pre Evacuate Collection Set: 0.2ms
[2021-03-19T13:48:36.894+0600][gc,phases   ] GC(1027)   Merge Heap Roots: 0.1ms
[2021-03-19T13:48:36.894+0600][gc,phases   ] GC(1027)   Evacuate Collection Set: 1.9ms
[2021-03-19T13:48:36.894+0600][gc,phases   ] GC(1027)   Post Evacuate Collection Set: 0.4ms
[2021-03-19T13:48:36.894+0600][gc,phases   ] GC(1027)   Other: 0.2ms
[2021-03-19T13:48:36.894+0600][gc,heap     ] GC(1027) Eden regions: 589->0(589)
[2021-03-19T13:48:36.894+0600][gc,heap     ] GC(1027) Survivor regions: 2->2(74)
[2021-03-19T13:48:36.894+0600][gc,heap     ] GC(1027) Old regions: 197->197
[2021-03-19T13:48:36.894+0600][gc,heap     ] GC(1027) Archive regions: 2->2
[2021-03-19T13:48:36.894+0600][gc,heap     ] GC(1027) Humongous regions: 129->129
[2021-03-19T13:48:36.894+0600][gc,metaspace] GC(1027) Metaspace: 40310K(41216K)->40310K(41216K) NonClass: 35987K(36608K)->35987K(36608K) Class: 4323K(4608K)->4323K(4608K)
[2021-03-19T13:48:36.894+0600][gc          ] GC(1027) Pause Young (Normal) (G1 Evacuation Pause) 917M->328M(1024M) 2.858ms
[2021-03-19T13:48:36.894+0600][gc,cpu      ] GC(1027) User=0.02s Sys=0.00s Real=0.00s
[2021-03-19T13:48:39.442+0600][gc,start    ] GC(1028) Pause Young (Normal) (G1 Evacuation Pause)
[2021-03-19T13:48:39.442+0600][gc,task     ] GC(1028) Using 8 workers of 8 for evacuation
[2021-03-19T13:48:39.445+0600][gc,phases   ] GC(1028)   Pre Evacuate Collection Set: 0.1ms
[2021-03-19T13:48:39.445+0600][gc,phases   ] GC(1028)   Merge Heap Roots: 0.1ms
[2021-03-19T13:48:39.445+0600][gc,phases   ] GC(1028)   Evacuate Collection Set: 2.0ms
[2021-03-19T13:48:39.445+0600][gc,phases   ] GC(1028)   Post Evacuate Collection Set: 0.6ms
[2021-03-19T13:48:39.445+0600][gc,phases   ] GC(1028)   Other: 0.2ms
[2021-03-19T13:48:39.445+0600][gc,heap     ] GC(1028) Eden regions: 589->0(588)
[2021-03-19T13:48:39.445+0600][gc,heap     ] GC(1028) Survivor regions: 2->2(74)
[2021-03-19T13:48:39.445+0600][gc,heap     ] GC(1028) Old regions: 197->198
[2021-03-19T13:48:39.445+0600][gc,heap     ] GC(1028) Archive regions: 2->2
[2021-03-19T13:48:39.445+0600][gc,heap     ] GC(1028) Humongous regions: 129->129
[2021-03-19T13:48:39.445+0600][gc,metaspace] GC(1028) Metaspace: 40310K(41216K)->40310K(41216K) NonClass: 35987K(36608K)->35987K(36608K) Class: 4323K(4608K)->4323K(4608K)
[2021-03-19T13:48:39.445+0600][gc          ] GC(1028) Pause Young (Normal) (G1 Evacuation Pause) 917M->328M(1024M) 3.043ms
[2021-03-19T13:48:39.445+0600][gc,cpu      ] GC(1028) User=0.02s Sys=0.00s Real=0.00s
[2021-03-19T13:48:42.054+0600][gc,start    ] GC(1029) Pause Young (Normal) (G1 Evacuation Pause)
[2021-03-19T13:48:42.054+0600][gc,task     ] GC(1029) Using 8 workers of 8 for evacuation
[2021-03-19T13:48:42.058+0600][gc,phases   ] GC(1029)   Pre Evacuate Collection Set: 0.2ms
[2021-03-19T13:48:42.058+0600][gc,phases   ] GC(1029)   Merge Heap Roots: 0.1ms
[2021-03-19T13:48:42.058+0600][gc,phases   ] GC(1029)   Evacuate Collection Set: 2.4ms
[2021-03-19T13:48:42.058+0600][gc,phases   ] GC(1029)   Post Evacuate Collection Set: 0.4ms
[2021-03-19T13:48:42.058+0600][gc,phases   ] GC(1029)   Other: 0.2ms
[2021-03-19T13:48:42.058+0600][gc,heap     ] GC(1029) Eden regions: 588->0(588)
[2021-03-19T13:48:42.058+0600][gc,heap     ] GC(1029) Survivor regions: 2->2(74)
[2021-03-19T13:48:42.058+0600][gc,heap     ] GC(1029) Old regions: 198->198
[2021-03-19T13:48:42.058+0600][gc,heap     ] GC(1029) Archive regions: 2->2
[2021-03-19T13:48:42.058+0600][gc,heap     ] GC(1029) Humongous regions: 129->129
[2021-03-19T13:48:42.058+0600][gc,metaspace] GC(1029) Metaspace: 40310K(41216K)->40310K(41216K) NonClass: 35987K(36608K)->35987K(36608K) Class: 4323K(4608K)->4323K(4608K)
[2021-03-19T13:48:42.058+0600][gc          ] GC(1029) Pause Young (Normal) (G1 Evacuation Pause) 916M->328M(1024M) 3.288ms
[2021-03-19T13:48:42.058+0600][gc,cpu      ] GC(1029) User=0.02s Sys=0.00s Real=0.00s
[2021-03-19T13:48:44.736+0600][gc,start    ] GC(1030) Pause Young (Normal) (G1 Evacuation Pause)
[2021-03-19T13:48:44.736+0600][gc,task     ] GC(1030) Using 8 workers of 8 for evacuation
[2021-03-19T13:48:44.739+0600][gc,phases   ] GC(1030)   Pre Evacuate Collection Set: 0.1ms
[2021-03-19T13:48:44.739+0600][gc,phases   ] GC(1030)   Merge Heap Roots: 0.1ms
[2021-03-19T13:48:44.739+0600][gc,phases   ] GC(1030)   Evacuate Collection Set: 2.0ms
[2021-03-19T13:48:44.739+0600][gc,phases   ] GC(1030)   Post Evacuate Collection Set: 0.4ms
[2021-03-19T13:48:44.739+0600][gc,phases   ] GC(1030)   Other: 0.2ms
[2021-03-19T13:48:44.739+0600][gc,heap     ] GC(1030) Eden regions: 588->0(588)
[2021-03-19T13:48:44.739+0600][gc,heap     ] GC(1030) Survivor regions: 2->2(74)
[2021-03-19T13:48:44.739+0600][gc,heap     ] GC(1030) Old regions: 198->198
[2021-03-19T13:48:44.739+0600][gc,heap     ] GC(1030) Archive regions: 2->2
[2021-03-19T13:48:44.739+0600][gc,heap     ] GC(1030) Humongous regions: 129->129
[2021-03-19T13:48:44.739+0600][gc,metaspace] GC(1030) Metaspace: 40310K(41216K)->40310K(41216K) NonClass: 35987K(36608K)->35987K(36608K) Class: 4323K(4608K)->4323K(4608K)
[2021-03-19T13:48:44.739+0600][gc          ] GC(1030) Pause Young (Normal) (G1 Evacuation Pause) 916M->328M(1024M) 2.795ms
[2021-03-19T13:48:44.739+0600][gc,cpu      ] GC(1030) User=0.02s Sys=0.00s Real=0.00s
[2021-03-19T13:48:47.404+0600][gc,start    ] GC(1031) Pause Young (Normal) (G1 Evacuation Pause)
[2021-03-19T13:48:47.404+0600][gc,task     ] GC(1031) Using 8 workers of 8 for evacuation
[2021-03-19T13:48:47.407+0600][gc,phases   ] GC(1031)   Pre Evacuate Collection Set: 0.1ms
[2021-03-19T13:48:47.407+0600][gc,phases   ] GC(1031)   Merge Heap Roots: 0.1ms
[2021-03-19T13:48:47.407+0600][gc,phases   ] GC(1031)   Evacuate Collection Set: 2.1ms
[2021-03-19T13:48:47.407+0600][gc,phases   ] GC(1031)   Post Evacuate Collection Set: 0.5ms
[2021-03-19T13:48:47.407+0600][gc,phases   ] GC(1031)   Other: 0.1ms
[2021-03-19T13:48:47.407+0600][gc,heap     ] GC(1031) Eden regions: 588->0(588)
[2021-03-19T13:48:47.407+0600][gc,heap     ] GC(1031) Survivor regions: 2->2(74)
[2021-03-19T13:48:47.407+0600][gc,heap     ] GC(1031) Old regions: 198->198
[2021-03-19T13:48:47.407+0600][gc,heap     ] GC(1031) Archive regions: 2->2
[2021-03-19T13:48:47.407+0600][gc,heap     ] GC(1031) Humongous regions: 129->129
[2021-03-19T13:48:47.407+0600][gc,metaspace] GC(1031) Metaspace: 40310K(41216K)->40310K(41216K) NonClass: 35987K(36608K)->35987K(36608K) Class: 4323K(4608K)->4323K(4608K)
[2021-03-19T13:48:47.407+0600][gc          ] GC(1031) Pause Young (Normal) (G1 Evacuation Pause) 916M->328M(1024M) 2.960ms
[2021-03-19T13:48:47.407+0600][gc,cpu      ] GC(1031) User=0.02s Sys=0.00s Real=0.00s
[2021-03-19T13:48:50.078+0600][gc,start    ] GC(1032) Pause Young (Normal) (G1 Evacuation Pause)
[2021-03-19T13:48:50.078+0600][gc,task     ] GC(1032) Using 8 workers of 8 for evacuation
[2021-03-19T13:48:50.081+0600][gc,phases   ] GC(1032)   Pre Evacuate Collection Set: 0.2ms
[2021-03-19T13:48:50.081+0600][gc,phases   ] GC(1032)   Merge Heap Roots: 0.1ms
[2021-03-19T13:48:50.081+0600][gc,phases   ] GC(1032)   Evacuate Collection Set: 2.1ms
[2021-03-19T13:48:50.081+0600][gc,phases   ] GC(1032)   Post Evacuate Collection Set: 0.4ms
[2021-03-19T13:48:50.081+0600][gc,phases   ] GC(1032)   Other: 0.2ms
[2021-03-19T13:48:50.081+0600][gc,heap     ] GC(1032) Eden regions: 588->0(588)
[2021-03-19T13:48:50.081+0600][gc,heap     ] GC(1032) Survivor regions: 2->2(74)
[2021-03-19T13:48:50.081+0600][gc,heap     ] GC(1032) Old regions: 198->198
[2021-03-19T13:48:50.081+0600][gc,heap     ] GC(1032) Archive regions: 2->2
[2021-03-19T13:48:50.081+0600][gc,heap     ] GC(1032) Humongous regions: 129->129
[2021-03-19T13:48:50.081+0600][gc,metaspace] GC(1032) Metaspace: 40310K(41216K)->40310K(41216K) NonClass: 35987K(36608K)->35987K(36608K) Class: 4323K(4608K)->4323K(4608K)
[2021-03-19T13:48:50.081+0600][gc          ] GC(1032) Pause Young (Normal) (G1 Evacuation Pause) 916M->328M(1024M) 3.057ms
[2021-03-19T13:48:50.081+0600][gc,cpu      ] GC(1032) User=0.02s Sys=0.01s Real=0.01s
[2021-03-19T13:48:52.717+0600][gc,start    ] GC(1033) Pause Young (Normal) (G1 Evacuation Pause)
[2021-03-19T13:48:52.717+0600][gc,task     ] GC(1033) Using 8 workers of 8 for evacuation
[2021-03-19T13:48:52.720+0600][gc,phases   ] GC(1033)   Pre Evacuate Collection Set: 0.1ms
[2021-03-19T13:48:52.720+0600][gc,phases   ] GC(1033)   Merge Heap Roots: 0.1ms
[2021-03-19T13:48:52.720+0600][gc,phases   ] GC(1033)   Evacuate Collection Set: 2.0ms
[2021-03-19T13:48:52.720+0600][gc,phases   ] GC(1033)   Post Evacuate Collection Set: 0.5ms
[2021-03-19T13:48:52.720+0600][gc,phases   ] GC(1033)   Other: 0.2ms
[2021-03-19T13:48:52.720+0600][gc,heap     ] GC(1033) Eden regions: 588->0(588)
[2021-03-19T13:48:52.720+0600][gc,heap     ] GC(1033) Survivor regions: 2->2(74)
[2021-03-19T13:48:52.720+0600][gc,heap     ] GC(1033) Old regions: 198->198
[2021-03-19T13:48:52.720+0600][gc,heap     ] GC(1033) Archive regions: 2->2
[2021-03-19T13:48:52.720+0600][gc,heap     ] GC(1033) Humongous regions: 129->129
[2021-03-19T13:48:52.720+0600][gc,metaspace] GC(1033) Metaspace: 40310K(41216K)->40310K(41216K) NonClass: 35987K(36608K)->35987K(36608K) Class: 4323K(4608K)->4323K(4608K)
[2021-03-19T13:48:52.720+0600][gc          ] GC(1033) Pause Young (Normal) (G1 Evacuation Pause) 916M->328M(1024M) 3.037ms
[2021-03-19T13:48:52.720+0600][gc,cpu      ] GC(1033) User=0.01s Sys=0.00s Real=0.01s
[2021-03-19T13:48:55.434+0600][gc,start    ] GC(1034) Pause Young (Normal) (G1 Evacuation Pause)
[2021-03-19T13:48:55.434+0600][gc,task     ] GC(1034) Using 8 workers of 8 for evacuation
[2021-03-19T13:48:55.438+0600][gc,phases   ] GC(1034)   Pre Evacuate Collection Set: 0.1ms
[2021-03-19T13:48:55.438+0600][gc,phases   ] GC(1034)   Merge Heap Roots: 0.1ms
[2021-03-19T13:48:55.438+0600][gc,phases   ] GC(1034)   Evacuate Collection Set: 2.1ms
[2021-03-19T13:48:55.438+0600][gc,phases   ] GC(1034)   Post Evacuate Collection Set: 0.5ms
[2021-03-19T13:48:55.438+0600][gc,phases   ] GC(1034)   Other: 0.2ms
[2021-03-19T13:48:55.438+0600][gc,heap     ] GC(1034) Eden regions: 588->0(588)
[2021-03-19T13:48:55.438+0600][gc,heap     ] GC(1034) Survivor regions: 2->2(74)
[2021-03-19T13:48:55.438+0600][gc,heap     ] GC(1034) Old regions: 198->198
[2021-03-19T13:48:55.438+0600][gc,heap     ] GC(1034) Archive regions: 2->2
[2021-03-19T13:48:55.438+0600][gc,heap     ] GC(1034) Humongous regions: 129->129
[2021-03-19T13:48:55.438+0600][gc,metaspace] GC(1034) Metaspace: 40310K(41216K)->40310K(41216K) NonClass: 35987K(36608K)->35987K(36608K) Class: 4323K(4608K)->4323K(4608K)
[2021-03-19T13:48:55.438+0600][gc          ] GC(1034) Pause Young (Normal) (G1 Evacuation Pause) 916M->328M(1024M) 3.239ms
[2021-03-19T13:48:55.438+0600][gc,cpu      ] GC(1034) User=0.01s Sys=0.00s Real=0.00s
[2021-03-19T13:48:58.059+0600][gc,start    ] GC(1035) Pause Young (Normal) (G1 Evacuation Pause)
[2021-03-19T13:48:58.059+0600][gc,task     ] GC(1035) Using 8 workers of 8 for evacuation
[2021-03-19T13:48:58.062+0600][gc,phases   ] GC(1035)   Pre Evacuate Collection Set: 0.1ms
[2021-03-19T13:48:58.062+0600][gc,phases   ] GC(1035)   Merge Heap Roots: 0.1ms
[2021-03-19T13:48:58.062+0600][gc,phases   ] GC(1035)   Evacuate Collection Set: 2.1ms
[2021-03-19T13:48:58.062+0600][gc,phases   ] GC(1035)   Post Evacuate Collection Set: 0.4ms
[2021-03-19T13:48:58.062+0600][gc,phases   ] GC(1035)   Other: 0.2ms
[2021-03-19T13:48:58.062+0600][gc,heap     ] GC(1035) Eden regions: 588->0(588)
[2021-03-19T13:48:58.062+0600][gc,heap     ] GC(1035) Survivor regions: 2->2(74)
[2021-03-19T13:48:58.062+0600][gc,heap     ] GC(1035) Old regions: 198->198
[2021-03-19T13:48:58.062+0600][gc,heap     ] GC(1035) Archive regions: 2->2
[2021-03-19T13:48:58.062+0600][gc,heap     ] GC(1035) Humongous regions: 129->129
[2021-03-19T13:48:58.062+0600][gc,metaspace] GC(1035) Metaspace: 40310K(41216K)->40310K(41216K) NonClass: 35987K(36608K)->35987K(36608K) Class: 4323K(4608K)->4323K(4608K)
[2021-03-19T13:48:58.062+0600][gc          ] GC(1035) Pause Young (Normal) (G1 Evacuation Pause) 916M->329M(1024M) 3.031ms
[2021-03-19T13:48:58.062+0600][gc,cpu      ] GC(1035) User=0.01s Sys=0.00s Real=0.01s
[2021-03-19T13:49:00.720+0600][gc,start    ] GC(1036) Pause Young (Normal) (G1 Evacuation Pause)
[2021-03-19T13:49:00.720+0600][gc,task     ] GC(1036) Using 8 workers of 8 for evacuation
[2021-03-19T13:49:00.723+0600][gc,phases   ] GC(1036)   Pre Evacuate Collection Set: 0.1ms
[2021-03-19T13:49:00.723+0600][gc,phases   ] GC(1036)   Merge Heap Roots: 0.1ms
[2021-03-19T13:49:00.723+0600][gc,phases   ] GC(1036)   Evacuate Collection Set: 1.9ms
[2021-03-19T13:49:00.723+0600][gc,phases   ] GC(1036)   Post Evacuate Collection Set: 0.4ms
[2021-03-19T13:49:00.723+0600][gc,phases   ] GC(1036)   Other: 0.2ms
[2021-03-19T13:49:00.723+0600][gc,heap     ] GC(1036) Eden regions: 588->0(588)
[2021-03-19T13:49:00.723+0600][gc,heap     ] GC(1036) Survivor regions: 2->2(74)
[2021-03-19T13:49:00.723+0600][gc,heap     ] GC(1036) Old regions: 198->198
[2021-03-19T13:49:00.723+0600][gc,heap     ] GC(1036) Archive regions: 2->2
[2021-03-19T13:49:00.723+0600][gc,heap     ] GC(1036) Humongous regions: 129->129
[2021-03-19T13:49:00.723+0600][gc,metaspace] GC(1036) Metaspace: 40310K(41216K)->40310K(41216K) NonClass: 35987K(36608K)->35987K(36608K) Class: 4323K(4608K)->4323K(4608K)
[2021-03-19T13:49:00.723+0600][gc          ] GC(1036) Pause Young (Normal) (G1 Evacuation Pause) 917M->329M(1024M) 2.818ms
[2021-03-19T13:49:00.723+0600][gc,cpu      ] GC(1036) User=0.02s Sys=0.01s Real=0.00s
[2021-03-19T13:49:03.422+0600][gc,start    ] GC(1037) Pause Young (Normal) (G1 Evacuation Pause)
[2021-03-19T13:49:03.422+0600][gc,task     ] GC(1037) Using 8 workers of 8 for evacuation
[2021-03-19T13:49:03.426+0600][gc,phases   ] GC(1037)   Pre Evacuate Collection Set: 0.1ms
[2021-03-19T13:49:03.426+0600][gc,phases   ] GC(1037)   Merge Heap Roots: 0.1ms
[2021-03-19T13:49:03.426+0600][gc,phases   ] GC(1037)   Evacuate Collection Set: 2.2ms
[2021-03-19T13:49:03.426+0600][gc,phases   ] GC(1037)   Post Evacuate Collection Set: 0.5ms
[2021-03-19T13:49:03.426+0600][gc,phases   ] GC(1037)   Other: 0.2ms
[2021-03-19T13:49:03.426+0600][gc,heap     ] GC(1037) Eden regions: 588->0(588)
[2021-03-19T13:49:03.426+0600][gc,heap     ] GC(1037) Survivor regions: 2->2(74)
[2021-03-19T13:49:03.426+0600][gc,heap     ] GC(1037) Old regions: 198->198
[2021-03-19T13:49:03.426+0600][gc,heap     ] GC(1037) Archive regions: 2->2
[2021-03-19T13:49:03.426+0600][gc,heap     ] GC(1037) Humongous regions: 129->129
[2021-03-19T13:49:03.426+0600][gc,metaspace] GC(1037) Metaspace: 40310K(41216K)->40310K(41216K) NonClass: 35987K(36608K)->35987K(36608K) Class: 4323K(4608K)->4323K(4608K)
[2021-03-19T13:49:03.426+0600][gc          ] GC(1037) Pause Young (Normal) (G1 Evacuation Pause) 917M->329M(1024M) 3.295ms
[2021-03-19T13:49:03.426+0600][gc,cpu      ] GC(1037) User=0.01s Sys=0.00s Real=0.00s
[2021-03-19T13:49:06.108+0600][gc,start    ] GC(1038) Pause Young (Normal) (G1 Evacuation Pause)
[2021-03-19T13:49:06.108+0600][gc,task     ] GC(1038) Using 8 workers of 8 for evacuation
[2021-03-19T13:49:06.110+0600][gc,phases   ] GC(1038)   Pre Evacuate Collection Set: 0.1ms
[2021-03-19T13:49:06.110+0600][gc,phases   ] GC(1038)   Merge Heap Roots: 0.1ms
[2021-03-19T13:49:06.110+0600][gc,phases   ] GC(1038)   Evacuate Collection Set: 2.0ms
[2021-03-19T13:49:06.110+0600][gc,phases   ] GC(1038)   Post Evacuate Collection Set: 0.5ms
[2021-03-19T13:49:06.111+0600][gc,phases   ] GC(1038)   Other: 0.2ms
[2021-03-19T13:49:06.111+0600][gc,heap     ] GC(1038) Eden regions: 588->0(587)
[2021-03-19T13:49:06.111+0600][gc,heap     ] GC(1038) Survivor regions: 2->2(74)
[2021-03-19T13:49:06.111+0600][gc,heap     ] GC(1038) Old regions: 198->199
[2021-03-19T13:49:06.111+0600][gc,heap     ] GC(1038) Archive regions: 2->2
[2021-03-19T13:49:06.111+0600][gc,heap     ] GC(1038) Humongous regions: 129->129
[2021-03-19T13:49:06.111+0600][gc,metaspace] GC(1038) Metaspace: 40310K(41216K)->40310K(41216K) NonClass: 35987K(36608K)->35987K(36608K) Class: 4323K(4608K)->4323K(4608K)
[2021-03-19T13:49:06.111+0600][gc          ] GC(1038) Pause Young (Normal) (G1 Evacuation Pause) 917M->329M(1024M) 2.978ms
[2021-03-19T13:49:06.111+0600][gc,cpu      ] GC(1038) User=0.01s Sys=0.00s Real=0.01s
[2021-03-19T13:49:08.731+0600][gc,start    ] GC(1039) Pause Young (Normal) (G1 Evacuation Pause)
[2021-03-19T13:49:08.731+0600][gc,task     ] GC(1039) Using 8 workers of 8 for evacuation
[2021-03-19T13:49:08.735+0600][gc,phases   ] GC(1039)   Pre Evacuate Collection Set: 0.2ms
[2021-03-19T13:49:08.735+0600][gc,phases   ] GC(1039)   Merge Heap Roots: 0.2ms
[2021-03-19T13:49:08.735+0600][gc,phases   ] GC(1039)   Evacuate Collection Set: 2.7ms
[2021-03-19T13:49:08.735+0600][gc,phases   ] GC(1039)   Post Evacuate Collection Set: 0.6ms
[2021-03-19T13:49:08.735+0600][gc,phases   ] GC(1039)   Other: 0.2ms
[2021-03-19T13:49:08.735+0600][gc,heap     ] GC(1039) Eden regions: 587->0(587)
[2021-03-19T13:49:08.735+0600][gc,heap     ] GC(1039) Survivor regions: 2->2(74)
[2021-03-19T13:49:08.735+0600][gc,heap     ] GC(1039) Old regions: 199->199
[2021-03-19T13:49:08.735+0600][gc,heap     ] GC(1039) Archive regions: 2->2
[2021-03-19T13:49:08.735+0600][gc,heap     ] GC(1039) Humongous regions: 129->129
[2021-03-19T13:49:08.735+0600][gc,metaspace] GC(1039) Metaspace: 40310K(41216K)->40310K(41216K) NonClass: 35987K(36608K)->35987K(36608K) Class: 4323K(4608K)->4323K(4608K)
[2021-03-19T13:49:08.735+0600][gc          ] GC(1039) Pause Young (Normal) (G1 Evacuation Pause) 916M->329M(1024M) 3.885ms
[2021-03-19T13:49:08.735+0600][gc,cpu      ] GC(1039) User=0.01s Sys=0.00s Real=0.00s
[2021-03-19T13:49:11.357+0600][gc,start    ] GC(1040) Pause Young (Normal) (G1 Evacuation Pause)
[2021-03-19T13:49:11.358+0600][gc,task     ] GC(1040) Using 8 workers of 8 for evacuation
[2021-03-19T13:49:11.361+0600][gc,phases   ] GC(1040)   Pre Evacuate Collection Set: 0.1ms
[2021-03-19T13:49:11.361+0600][gc,phases   ] GC(1040)   Merge Heap Roots: 0.1ms
[2021-03-19T13:49:11.361+0600][gc,phases   ] GC(1040)   Evacuate Collection Set: 2.4ms
[2021-03-19T13:49:11.361+0600][gc,phases   ] GC(1040)   Post Evacuate Collection Set: 0.5ms
[2021-03-19T13:49:11.361+0600][gc,phases   ] GC(1040)   Other: 0.2ms
[2021-03-19T13:49:11.361+0600][gc,heap     ] GC(1040) Eden regions: 587->0(587)
[2021-03-19T13:49:11.361+0600][gc,heap     ] GC(1040) Survivor regions: 2->2(74)
[2021-03-19T13:49:11.361+0600][gc,heap     ] GC(1040) Old regions: 199->199
[2021-03-19T13:49:11.361+0600][gc,heap     ] GC(1040) Archive regions: 2->2
[2021-03-19T13:49:11.361+0600][gc,heap     ] GC(1040) Humongous regions: 129->129
[2021-03-19T13:49:11.361+0600][gc,metaspace] GC(1040) Metaspace: 40310K(41216K)->40310K(41216K) NonClass: 35987K(36608K)->35987K(36608K) Class: 4323K(4608K)->4323K(4608K)
[2021-03-19T13:49:11.361+0600][gc          ] GC(1040) Pause Young (Normal) (G1 Evacuation Pause) 916M->329M(1024M) 3.367ms
[2021-03-19T13:49:11.361+0600][gc,cpu      ] GC(1040) User=0.01s Sys=0.00s Real=0.01s
[2021-03-19T13:49:13.899+0600][gc,start    ] GC(1041) Pause Young (Normal) (G1 Evacuation Pause)
[2021-03-19T13:49:13.899+0600][gc,task     ] GC(1041) Using 8 workers of 8 for evacuation
[2021-03-19T13:49:13.902+0600][gc,phases   ] GC(1041)   Pre Evacuate Collection Set: 0.1ms
[2021-03-19T13:49:13.902+0600][gc,phases   ] GC(1041)   Merge Heap Roots: 0.1ms
[2021-03-19T13:49:13.902+0600][gc,phases   ] GC(1041)   Evacuate Collection Set: 2.6ms
[2021-03-19T13:49:13.902+0600][gc,phases   ] GC(1041)   Post Evacuate Collection Set: 0.4ms
[2021-03-19T13:49:13.902+0600][gc,phases   ] GC(1041)   Other: 0.2ms
[2021-03-19T13:49:13.902+0600][gc,heap     ] GC(1041) Eden regions: 587->0(587)
[2021-03-19T13:49:13.902+0600][gc,heap     ] GC(1041) Survivor regions: 2->2(74)
[2021-03-19T13:49:13.902+0600][gc,heap     ] GC(1041) Old regions: 199->199
[2021-03-19T13:49:13.902+0600][gc,heap     ] GC(1041) Archive regions: 2->2
[2021-03-19T13:49:13.902+0600][gc,heap     ] GC(1041) Humongous regions: 129->129
[2021-03-19T13:49:13.902+0600][gc,metaspace] GC(1041) Metaspace: 40310K(41216K)->40310K(41216K) NonClass: 35987K(36608K)->35987K(36608K) Class: 4323K(4608K)->4323K(4608K)
[2021-03-19T13:49:13.902+0600][gc          ] GC(1041) Pause Young (Normal) (G1 Evacuation Pause) 916M->329M(1024M) 3.516ms
[2021-03-19T13:49:13.902+0600][gc,cpu      ] GC(1041) User=0.01s Sys=0.00s Real=0.01s
[2021-03-19T13:49:16.610+0600][gc,start    ] GC(1042) Pause Young (Normal) (G1 Evacuation Pause)
[2021-03-19T13:49:16.610+0600][gc,task     ] GC(1042) Using 8 workers of 8 for evacuation
[2021-03-19T13:49:16.613+0600][gc,phases   ] GC(1042)   Pre Evacuate Collection Set: 0.1ms
[2021-03-19T13:49:16.613+0600][gc,phases   ] GC(1042)   Merge Heap Roots: 0.1ms
[2021-03-19T13:49:16.613+0600][gc,phases   ] GC(1042)   Evacuate Collection Set: 2.0ms
[2021-03-19T13:49:16.613+0600][gc,phases   ] GC(1042)   Post Evacuate Collection Set: 0.3ms
[2021-03-19T13:49:16.613+0600][gc,phases   ] GC(1042)   Other: 0.2ms
[2021-03-19T13:49:16.613+0600][gc,heap     ] GC(1042) Eden regions: 587->0(587)
[2021-03-19T13:49:16.613+0600][gc,heap     ] GC(1042) Survivor regions: 2->2(74)
[2021-03-19T13:49:16.613+0600][gc,heap     ] GC(1042) Old regions: 199->199
[2021-03-19T13:49:16.613+0600][gc,heap     ] GC(1042) Archive regions: 2->2
[2021-03-19T13:49:16.613+0600][gc,heap     ] GC(1042) Humongous regions: 129->129
[2021-03-19T13:49:16.613+0600][gc,metaspace] GC(1042) Metaspace: 40310K(41216K)->40310K(41216K) NonClass: 35987K(36608K)->35987K(36608K) Class: 4323K(4608K)->4323K(4608K)
[2021-03-19T13:49:16.613+0600][gc          ] GC(1042) Pause Young (Normal) (G1 Evacuation Pause) 916M->329M(1024M) 2.746ms
[2021-03-19T13:49:16.613+0600][gc,cpu      ] GC(1042) User=0.01s Sys=0.00s Real=0.00s
[2021-03-19T13:49:19.391+0600][gc,start    ] GC(1043) Pause Young (Normal) (G1 Evacuation Pause)
[2021-03-19T13:49:19.391+0600][gc,task     ] GC(1043) Using 8 workers of 8 for evacuation
[2021-03-19T13:49:19.394+0600][gc,phases   ] GC(1043)   Pre Evacuate Collection Set: 0.2ms
[2021-03-19T13:49:19.394+0600][gc,phases   ] GC(1043)   Merge Heap Roots: 0.1ms
[2021-03-19T13:49:19.394+0600][gc,phases   ] GC(1043)   Evacuate Collection Set: 2.0ms
[2021-03-19T13:49:19.394+0600][gc,phases   ] GC(1043)   Post Evacuate Collection Set: 0.3ms
[2021-03-19T13:49:19.394+0600][gc,phases   ] GC(1043)   Other: 0.6ms
[2021-03-19T13:49:19.394+0600][gc,heap     ] GC(1043) Eden regions: 587->0(587)
[2021-03-19T13:49:19.394+0600][gc,heap     ] GC(1043) Survivor regions: 2->2(74)
[2021-03-19T13:49:19.394+0600][gc,heap     ] GC(1043) Old regions: 199->199
[2021-03-19T13:49:19.394+0600][gc,heap     ] GC(1043) Archive regions: 2->2
[2021-03-19T13:49:19.394+0600][gc,heap     ] GC(1043) Humongous regions: 129->129
[2021-03-19T13:49:19.394+0600][gc,metaspace] GC(1043) Metaspace: 40310K(41216K)->40310K(41216K) NonClass: 35987K(36608K)->35987K(36608K) Class: 4323K(4608K)->4323K(4608K)
[2021-03-19T13:49:19.394+0600][gc          ] GC(1043) Pause Young (Normal) (G1 Evacuation Pause) 916M->329M(1024M) 3.300ms
[2021-03-19T13:49:19.394+0600][gc,cpu      ] GC(1043) User=0.02s Sys=0.00s Real=0.00s
[2021-03-19T13:49:22.989+0600][gc,start    ] GC(1044) Pause Young (Normal) (G1 Evacuation Pause)
[2021-03-19T13:49:22.989+0600][gc,task     ] GC(1044) Using 8 workers of 8 for evacuation
[2021-03-19T13:49:23.001+0600][gc,phases   ] GC(1044)   Pre Evacuate Collection Set: 0.3ms
[2021-03-19T13:49:23.001+0600][gc,phases   ] GC(1044)   Merge Heap Roots: 0.2ms
[2021-03-19T13:49:23.001+0600][gc,phases   ] GC(1044)   Evacuate Collection Set: 9.9ms
[2021-03-19T13:49:23.001+0600][gc,phases   ] GC(1044)   Post Evacuate Collection Set: 0.6ms
[2021-03-19T13:49:23.001+0600][gc,phases   ] GC(1044)   Other: 0.6ms
[2021-03-19T13:49:23.001+0600][gc,heap     ] GC(1044) Eden regions: 587->0(587)
[2021-03-19T13:49:23.001+0600][gc,heap     ] GC(1044) Survivor regions: 2->2(74)
[2021-03-19T13:49:23.001+0600][gc,heap     ] GC(1044) Old regions: 199->199
[2021-03-19T13:49:23.001+0600][gc,heap     ] GC(1044) Archive regions: 2->2
[2021-03-19T13:49:23.001+0600][gc,heap     ] GC(1044) Humongous regions: 129->129
[2021-03-19T13:49:23.001+0600][gc,metaspace] GC(1044) Metaspace: 40310K(41216K)->40310K(41216K) NonClass: 35987K(36608K)->35987K(36608K) Class: 4323K(4608K)->4323K(4608K)
[2021-03-19T13:49:23.001+0600][gc          ] GC(1044) Pause Young (Normal) (G1 Evacuation Pause) 916M->329M(1024M) 11.806ms
[2021-03-19T13:49:23.001+0600][gc,cpu      ] GC(1044) User=0.04s Sys=0.01s Real=0.02s
[2021-03-19T13:49:33.373+0600][gc,start    ] GC(1045) Pause Young (Normal) (G1 Evacuation Pause)
[2021-03-19T13:49:33.373+0600][gc,task     ] GC(1045) Using 8 workers of 8 for evacuation
[2021-03-19T13:49:33.384+0600][gc,phases   ] GC(1045)   Pre Evacuate Collection Set: 0.2ms
[2021-03-19T13:49:33.384+0600][gc,phases   ] GC(1045)   Merge Heap Roots: 0.2ms
[2021-03-19T13:49:33.384+0600][gc,phases   ] GC(1045)   Evacuate Collection Set: 9.0ms
[2021-03-19T13:49:33.384+0600][gc,phases   ] GC(1045)   Post Evacuate Collection Set: 0.8ms
[2021-03-19T13:49:33.384+0600][gc,phases   ] GC(1045)   Other: 0.5ms
[2021-03-19T13:49:33.384+0600][gc,heap     ] GC(1045) Eden regions: 587->0(587)
[2021-03-19T13:49:33.384+0600][gc,heap     ] GC(1045) Survivor regions: 2->2(74)
[2021-03-19T13:49:33.384+0600][gc,heap     ] GC(1045) Old regions: 199->199
[2021-03-19T13:49:33.384+0600][gc,heap     ] GC(1045) Archive regions: 2->2
[2021-03-19T13:49:33.384+0600][gc,heap     ] GC(1045) Humongous regions: 129->129
[2021-03-19T13:49:33.384+0600][gc,metaspace] GC(1045) Metaspace: 40310K(41216K)->40310K(41216K) NonClass: 35987K(36608K)->35987K(36608K) Class: 4323K(4608K)->4323K(4608K)
[2021-03-19T13:49:33.384+0600][gc          ] GC(1045) Pause Young (Normal) (G1 Evacuation Pause) 916M->330M(1024M) 10.911ms
[2021-03-19T13:49:33.384+0600][gc,cpu      ] GC(1045) User=0.03s Sys=0.00s Real=0.01s
[2021-03-19T13:49:41.690+0600][gc,start    ] GC(1046) Pause Young (Normal) (G1 Evacuation Pause)
[2021-03-19T13:49:41.690+0600][gc,task     ] GC(1046) Using 8 workers of 8 for evacuation
[2021-03-19T13:49:41.702+0600][gc,phases   ] GC(1046)   Pre Evacuate Collection Set: 0.2ms
[2021-03-19T13:49:41.702+0600][gc,phases   ] GC(1046)   Merge Heap Roots: 0.4ms
[2021-03-19T13:49:41.702+0600][gc,phases   ] GC(1046)   Evacuate Collection Set: 10.0ms
[2021-03-19T13:49:41.702+0600][gc,phases   ] GC(1046)   Post Evacuate Collection Set: 0.5ms
[2021-03-19T13:49:41.702+0600][gc,phases   ] GC(1046)   Other: 0.3ms
[2021-03-19T13:49:41.702+0600][gc,heap     ] GC(1046) Eden regions: 587->0(587)
[2021-03-19T13:49:41.702+0600][gc,heap     ] GC(1046) Survivor regions: 2->2(74)
[2021-03-19T13:49:41.702+0600][gc,heap     ] GC(1046) Old regions: 199->199
[2021-03-19T13:49:41.702+0600][gc,heap     ] GC(1046) Archive regions: 2->2
[2021-03-19T13:49:41.702+0600][gc,heap     ] GC(1046) Humongous regions: 129->129
[2021-03-19T13:49:41.702+0600][gc,metaspace] GC(1046) Metaspace: 40310K(41216K)->40310K(41216K) NonClass: 35987K(36608K)->35987K(36608K) Class: 4323K(4608K)->4323K(4608K)
[2021-03-19T13:49:41.702+0600][gc          ] GC(1046) Pause Young (Normal) (G1 Evacuation Pause) 917M->330M(1024M) 11.511ms
[2021-03-19T13:49:41.702+0600][gc,cpu      ] GC(1046) User=0.03s Sys=0.00s Real=0.01s
[2021-03-19T13:49:54.000+0600][gc,start    ] GC(1047) Pause Young (Normal) (G1 Evacuation Pause)
[2021-03-19T13:49:54.000+0600][gc,task     ] GC(1047) Using 8 workers of 8 for evacuation
[2021-03-19T13:49:54.009+0600][gc,phases   ] GC(1047)   Pre Evacuate Collection Set: 0.2ms
[2021-03-19T13:49:54.009+0600][gc,phases   ] GC(1047)   Merge Heap Roots: 0.2ms
[2021-03-19T13:49:54.009+0600][gc,phases   ] GC(1047)   Evacuate Collection Set: 7.0ms
[2021-03-19T13:49:54.009+0600][gc,phases   ] GC(1047)   Post Evacuate Collection Set: 0.9ms
[2021-03-19T13:49:54.009+0600][gc,phases   ] GC(1047)   Other: 0.4ms
[2021-03-19T13:49:54.009+0600][gc,heap     ] GC(1047) Eden regions: 587->0(587)
[2021-03-19T13:49:54.009+0600][gc,heap     ] GC(1047) Survivor regions: 2->2(74)
[2021-03-19T13:49:54.009+0600][gc,heap     ] GC(1047) Old regions: 199->199
[2021-03-19T13:49:54.009+0600][gc,heap     ] GC(1047) Archive regions: 2->2
[2021-03-19T13:49:54.009+0600][gc,heap     ] GC(1047) Humongous regions: 129->129
[2021-03-19T13:49:54.009+0600][gc,metaspace] GC(1047) Metaspace: 40310K(41216K)->40310K(41216K) NonClass: 35987K(36608K)->35987K(36608K) Class: 4323K(4608K)->4323K(4608K)
