[2021-03-19T13:31:24.159+0600][gc,phases   ] GC(748)   Post Evacuate Collection Set: 0.5ms
[2021-03-19T13:31:24.159+0600][gc,phases   ] GC(748)   Other: 0.2ms
[2021-03-19T13:31:24.159+0600][gc,heap     ] GC(748) Eden regions: 611->0(610)
[2021-03-19T13:31:24.159+0600][gc,heap     ] GC(748) Survivor regions: 3->4(77)
[2021-03-19T13:31:24.159+0600][gc,heap     ] GC(748) Old regions: 157->157
[2021-03-19T13:31:24.159+0600][gc,heap     ] GC(748) Archive regions: 2->2
[2021-03-19T13:31:24.159+0600][gc,heap     ] GC(748) Humongous regions: 129->129
[2021-03-19T13:31:24.159+0600][gc,metaspace] GC(748) Metaspace: 40298K(41216K)->40298K(41216K) NonClass: 35975K(36608K)->35975K(36608K) Class: 4323K(4608K)->4323K(4608K)
[2021-03-19T13:31:24.159+0600][gc          ] GC(748) Pause Young (Normal) (G1 Evacuation Pause) 900M->289M(1024M) 8.656ms
[2021-03-19T13:31:24.159+0600][gc,cpu      ] GC(748) User=0.02s Sys=0.00s Real=0.00s
[2021-03-19T13:31:26.845+0600][gc,start    ] GC(749) Pause Young (Normal) (G1 Evacuation Pause)
[2021-03-19T13:31:26.845+0600][gc,task     ] GC(749) Using 8 workers of 8 for evacuation
[2021-03-19T13:31:26.849+0600][gc,phases   ] GC(749)   Pre Evacuate Collection Set: 0.1ms
[2021-03-19T13:31:26.849+0600][gc,phases   ] GC(749)   Merge Heap Roots: 0.1ms
[2021-03-19T13:31:26.849+0600][gc,phases   ] GC(749)   Evacuate Collection Set: 2.6ms
[2021-03-19T13:31:26.849+0600][gc,phases   ] GC(749)   Post Evacuate Collection Set: 0.6ms
[2021-03-19T13:31:26.849+0600][gc,phases   ] GC(749)   Other: 0.2ms
[2021-03-19T13:31:26.849+0600][gc,heap     ] GC(749) Eden regions: 610->0(611)
[2021-03-19T13:31:26.849+0600][gc,heap     ] GC(749) Survivor regions: 4->3(77)
[2021-03-19T13:31:26.849+0600][gc,heap     ] GC(749) Old regions: 157->157
[2021-03-19T13:31:26.849+0600][gc,heap     ] GC(749) Archive regions: 2->2
[2021-03-19T13:31:26.849+0600][gc,heap     ] GC(749) Humongous regions: 129->129
[2021-03-19T13:31:26.849+0600][gc,metaspace] GC(749) Metaspace: 40298K(41216K)->40298K(41216K) NonClass: 35975K(36608K)->35975K(36608K) Class: 4323K(4608K)->4323K(4608K)
[2021-03-19T13:31:26.849+0600][gc          ] GC(749) Pause Young (Normal) (G1 Evacuation Pause) 899M->289M(1024M) 3.715ms
[2021-03-19T13:31:26.849+0600][gc,cpu      ] GC(749) User=0.02s Sys=0.00s Real=0.00s
[2021-03-19T13:31:29.544+0600][gc,start    ] GC(750) Pause Young (Normal) (G1 Evacuation Pause)
[2021-03-19T13:31:29.544+0600][gc,task     ] GC(750) Using 8 workers of 8 for evacuation
[2021-03-19T13:31:29.547+0600][gc,phases   ] GC(750)   Pre Evacuate Collection Set: 0.1ms
[2021-03-19T13:31:29.547+0600][gc,phases   ] GC(750)   Merge Heap Roots: 0.1ms
[2021-03-19T13:31:29.547+0600][gc,phases   ] GC(750)   Evacuate Collection Set: 2.4ms
[2021-03-19T13:31:29.547+0600][gc,phases   ] GC(750)   Post Evacuate Collection Set: 0.6ms
[2021-03-19T13:31:29.547+0600][gc,phases   ] GC(750)   Other: 0.2ms
[2021-03-19T13:31:29.547+0600][gc,heap     ] GC(750) Eden regions: 611->0(611)
[2021-03-19T13:31:29.547+0600][gc,heap     ] GC(750) Survivor regions: 3->3(77)
[2021-03-19T13:31:29.547+0600][gc,heap     ] GC(750) Old regions: 157->158
[2021-03-19T13:31:29.547+0600][gc,heap     ] GC(750) Archive regions: 2->2
[2021-03-19T13:31:29.547+0600][gc,heap     ] GC(750) Humongous regions: 129->129
[2021-03-19T13:31:29.547+0600][gc,metaspace] GC(750) Metaspace: 40298K(41216K)->40298K(41216K) NonClass: 35975K(36608K)->35975K(36608K) Class: 4323K(4608K)->4323K(4608K)
[2021-03-19T13:31:29.547+0600][gc          ] GC(750) Pause Young (Normal) (G1 Evacuation Pause) 900M->289M(1024M) 3.504ms
[2021-03-19T13:31:29.547+0600][gc,cpu      ] GC(750) User=0.01s Sys=0.00s Real=0.00s
[2021-03-19T13:31:32.238+0600][gc,start    ] GC(751) Pause Young (Normal) (G1 Evacuation Pause)
[2021-03-19T13:31:32.238+0600][gc,task     ] GC(751) Using 8 workers of 8 for evacuation
[2021-03-19T13:31:32.241+0600][gc,phases   ] GC(751)   Pre Evacuate Collection Set: 0.1ms
[2021-03-19T13:31:32.241+0600][gc,phases   ] GC(751)   Merge Heap Roots: 0.1ms
[2021-03-19T13:31:32.241+0600][gc,phases   ] GC(751)   Evacuate Collection Set: 2.5ms
[2021-03-19T13:31:32.241+0600][gc,phases   ] GC(751)   Post Evacuate Collection Set: 0.5ms
[2021-03-19T13:31:32.241+0600][gc,phases   ] GC(751)   Other: 0.2ms
[2021-03-19T13:31:32.241+0600][gc,heap     ] GC(751) Eden regions: 611->0(611)
[2021-03-19T13:31:32.241+0600][gc,heap     ] GC(751) Survivor regions: 3->3(77)
[2021-03-19T13:31:32.241+0600][gc,heap     ] GC(751) Old regions: 158->158
[2021-03-19T13:31:32.241+0600][gc,heap     ] GC(751) Archive regions: 2->2
[2021-03-19T13:31:32.241+0600][gc,heap     ] GC(751) Humongous regions: 129->129
[2021-03-19T13:31:32.241+0600][gc,metaspace] GC(751) Metaspace: 40298K(41216K)->40298K(41216K) NonClass: 35975K(36608K)->35975K(36608K) Class: 4323K(4608K)->4323K(4608K)
[2021-03-19T13:31:32.241+0600][gc          ] GC(751) Pause Young (Normal) (G1 Evacuation Pause) 900M->289M(1024M) 3.546ms
[2021-03-19T13:31:32.241+0600][gc,cpu      ] GC(751) User=0.02s Sys=0.00s Real=0.01s
[2021-03-19T13:31:34.922+0600][gc,start    ] GC(752) Pause Young (Normal) (G1 Evacuation Pause)
[2021-03-19T13:31:34.922+0600][gc,task     ] GC(752) Using 8 workers of 8 for evacuation
[2021-03-19T13:31:34.926+0600][gc,phases   ] GC(752)   Pre Evacuate Collection Set: 0.1ms
[2021-03-19T13:31:34.926+0600][gc,phases   ] GC(752)   Merge Heap Roots: 0.1ms
[2021-03-19T13:31:34.926+0600][gc,phases   ] GC(752)   Evacuate Collection Set: 2.4ms
[2021-03-19T13:31:34.926+0600][gc,phases   ] GC(752)   Post Evacuate Collection Set: 0.6ms
[2021-03-19T13:31:34.926+0600][gc,phases   ] GC(752)   Other: 0.2ms
[2021-03-19T13:31:34.926+0600][gc,heap     ] GC(752) Eden regions: 611->0(611)
[2021-03-19T13:31:34.926+0600][gc,heap     ] GC(752) Survivor regions: 3->3(77)
[2021-03-19T13:31:34.926+0600][gc,heap     ] GC(752) Old regions: 158->158
[2021-03-19T13:31:34.926+0600][gc,heap     ] GC(752) Archive regions: 2->2
[2021-03-19T13:31:34.926+0600][gc,heap     ] GC(752) Humongous regions: 129->129
[2021-03-19T13:31:34.926+0600][gc,metaspace] GC(752) Metaspace: 40298K(41216K)->40298K(41216K) NonClass: 35975K(36608K)->35975K(36608K) Class: 4323K(4608K)->4323K(4608K)
[2021-03-19T13:31:34.926+0600][gc          ] GC(752) Pause Young (Normal) (G1 Evacuation Pause) 900M->290M(1024M) 3.536ms
[2021-03-19T13:31:34.926+0600][gc,cpu      ] GC(752) User=0.02s Sys=0.00s Real=0.00s
[2021-03-19T13:31:37.588+0600][gc,start    ] GC(753) Pause Young (Normal) (G1 Evacuation Pause)
[2021-03-19T13:31:37.588+0600][gc,task     ] GC(753) Using 8 workers of 8 for evacuation
[2021-03-19T13:31:37.591+0600][gc,phases   ] GC(753)   Pre Evacuate Collection Set: 0.1ms
[2021-03-19T13:31:37.591+0600][gc,phases   ] GC(753)   Merge Heap Roots: 0.1ms
[2021-03-19T13:31:37.591+0600][gc,phases   ] GC(753)   Evacuate Collection Set: 2.4ms
[2021-03-19T13:31:37.591+0600][gc,phases   ] GC(753)   Post Evacuate Collection Set: 0.5ms
[2021-03-19T13:31:37.591+0600][gc,phases   ] GC(753)   Other: 0.2ms
[2021-03-19T13:31:37.591+0600][gc,heap     ] GC(753) Eden regions: 611->0(611)
[2021-03-19T13:31:37.591+0600][gc,heap     ] GC(753) Survivor regions: 3->3(77)
[2021-03-19T13:31:37.591+0600][gc,heap     ] GC(753) Old regions: 158->158
[2021-03-19T13:31:37.591+0600][gc,heap     ] GC(753) Archive regions: 2->2
[2021-03-19T13:31:37.591+0600][gc,heap     ] GC(753) Humongous regions: 129->129
[2021-03-19T13:31:37.591+0600][gc,metaspace] GC(753) Metaspace: 40298K(41216K)->40298K(41216K) NonClass: 35975K(36608K)->35975K(36608K) Class: 4323K(4608K)->4323K(4608K)
[2021-03-19T13:31:37.591+0600][gc          ] GC(753) Pause Young (Normal) (G1 Evacuation Pause) 901M->290M(1024M) 3.409ms
[2021-03-19T13:31:37.591+0600][gc,cpu      ] GC(753) User=0.02s Sys=0.00s Real=0.01s
[2021-03-19T13:31:40.241+0600][gc,start    ] GC(754) Pause Young (Normal) (G1 Evacuation Pause)
[2021-03-19T13:31:40.241+0600][gc,task     ] GC(754) Using 8 workers of 8 for evacuation
[2021-03-19T13:31:40.245+0600][gc,phases   ] GC(754)   Pre Evacuate Collection Set: 0.1ms
[2021-03-19T13:31:40.245+0600][gc,phases   ] GC(754)   Merge Heap Roots: 0.1ms
[2021-03-19T13:31:40.245+0600][gc,phases   ] GC(754)   Evacuate Collection Set: 2.6ms
[2021-03-19T13:31:40.245+0600][gc,phases   ] GC(754)   Post Evacuate Collection Set: 0.5ms
[2021-03-19T13:31:40.245+0600][gc,phases   ] GC(754)   Other: 0.2ms
[2021-03-19T13:31:40.245+0600][gc,heap     ] GC(754) Eden regions: 611->0(611)
[2021-03-19T13:31:40.245+0600][gc,heap     ] GC(754) Survivor regions: 3->3(77)
[2021-03-19T13:31:40.245+0600][gc,heap     ] GC(754) Old regions: 158->159
[2021-03-19T13:31:40.245+0600][gc,heap     ] GC(754) Archive regions: 2->2
[2021-03-19T13:31:40.245+0600][gc,heap     ] GC(754) Humongous regions: 129->129
[2021-03-19T13:31:40.245+0600][gc,metaspace] GC(754) Metaspace: 40298K(41216K)->40298K(41216K) NonClass: 35975K(36608K)->35975K(36608K) Class: 4323K(4608K)->4323K(4608K)
[2021-03-19T13:31:40.245+0600][gc          ] GC(754) Pause Young (Normal) (G1 Evacuation Pause) 901M->290M(1024M) 3.592ms
[2021-03-19T13:31:40.245+0600][gc,cpu      ] GC(754) User=0.01s Sys=0.00s Real=0.00s
[2021-03-19T13:31:42.877+0600][gc,start    ] GC(755) Pause Young (Normal) (G1 Evacuation Pause)
[2021-03-19T13:31:42.877+0600][gc,task     ] GC(755) Using 8 workers of 8 for evacuation
[2021-03-19T13:31:42.881+0600][gc,phases   ] GC(755)   Pre Evacuate Collection Set: 0.1ms
[2021-03-19T13:31:42.881+0600][gc,phases   ] GC(755)   Merge Heap Roots: 0.1ms
[2021-03-19T13:31:42.881+0600][gc,phases   ] GC(755)   Evacuate Collection Set: 2.5ms
[2021-03-19T13:31:42.881+0600][gc,phases   ] GC(755)   Post Evacuate Collection Set: 0.5ms
[2021-03-19T13:31:42.881+0600][gc,phases   ] GC(755)   Other: 0.2ms
[2021-03-19T13:31:42.881+0600][gc,heap     ] GC(755) Eden regions: 611->0(611)
[2021-03-19T13:31:42.881+0600][gc,heap     ] GC(755) Survivor regions: 3->3(77)
[2021-03-19T13:31:42.881+0600][gc,heap     ] GC(755) Old regions: 159->159
[2021-03-19T13:31:42.881+0600][gc,heap     ] GC(755) Archive regions: 2->2
[2021-03-19T13:31:42.881+0600][gc,heap     ] GC(755) Humongous regions: 129->129
[2021-03-19T13:31:42.881+0600][gc,metaspace] GC(755) Metaspace: 40298K(41216K)->40298K(41216K) NonClass: 35975K(36608K)->35975K(36608K) Class: 4323K(4608K)->4323K(4608K)
[2021-03-19T13:31:42.881+0600][gc          ] GC(755) Pause Young (Normal) (G1 Evacuation Pause) 901M->290M(1024M) 3.611ms
[2021-03-19T13:31:42.881+0600][gc,cpu      ] GC(755) User=0.02s Sys=0.00s Real=0.01s
[2021-03-19T13:31:45.516+0600][gc,start    ] GC(756) Pause Young (Normal) (G1 Evacuation Pause)
[2021-03-19T13:31:45.516+0600][gc,task     ] GC(756) Using 8 workers of 8 for evacuation
[2021-03-19T13:31:45.519+0600][gc,phases   ] GC(756)   Pre Evacuate Collection Set: 0.1ms
[2021-03-19T13:31:45.519+0600][gc,phases   ] GC(756)   Merge Heap Roots: 0.1ms
[2021-03-19T13:31:45.519+0600][gc,phases   ] GC(756)   Evacuate Collection Set: 2.4ms
[2021-03-19T13:31:45.519+0600][gc,phases   ] GC(756)   Post Evacuate Collection Set: 0.5ms
[2021-03-19T13:31:45.519+0600][gc,phases   ] GC(756)   Other: 0.2ms
[2021-03-19T13:31:45.519+0600][gc,heap     ] GC(756) Eden regions: 611->0(611)
[2021-03-19T13:31:45.519+0600][gc,heap     ] GC(756) Survivor regions: 3->3(77)
[2021-03-19T13:31:45.519+0600][gc,heap     ] GC(756) Old regions: 159->159
[2021-03-19T13:31:45.519+0600][gc,heap     ] GC(756) Archive regions: 2->2
[2021-03-19T13:31:45.519+0600][gc,heap     ] GC(756) Humongous regions: 129->129
[2021-03-19T13:31:45.519+0600][gc,metaspace] GC(756) Metaspace: 40298K(41216K)->40298K(41216K) NonClass: 35975K(36608K)->35975K(36608K) Class: 4323K(4608K)->4323K(4608K)
[2021-03-19T13:31:45.519+0600][gc          ] GC(756) Pause Young (Normal) (G1 Evacuation Pause) 901M->290M(1024M) 3.431ms
[2021-03-19T13:31:45.519+0600][gc,cpu      ] GC(756) User=0.02s Sys=0.00s Real=0.00s
[2021-03-19T13:31:48.166+0600][gc,start    ] GC(757) Pause Young (Normal) (G1 Evacuation Pause)
[2021-03-19T13:31:48.166+0600][gc,task     ] GC(757) Using 8 workers of 8 for evacuation
[2021-03-19T13:31:48.169+0600][gc,phases   ] GC(757)   Pre Evacuate Collection Set: 0.2ms
[2021-03-19T13:31:48.169+0600][gc,phases   ] GC(757)   Merge Heap Roots: 0.1ms
[2021-03-19T13:31:48.169+0600][gc,phases   ] GC(757)   Evacuate Collection Set: 2.3ms
[2021-03-19T13:31:48.169+0600][gc,phases   ] GC(757)   Post Evacuate Collection Set: 0.4ms
[2021-03-19T13:31:48.169+0600][gc,phases   ] GC(757)   Other: 0.2ms
[2021-03-19T13:31:48.169+0600][gc,heap     ] GC(757) Eden regions: 611->0(611)
[2021-03-19T13:31:48.169+0600][gc,heap     ] GC(757) Survivor regions: 3->3(77)
[2021-03-19T13:31:48.169+0600][gc,heap     ] GC(757) Old regions: 159->159
[2021-03-19T13:31:48.169+0600][gc,heap     ] GC(757) Archive regions: 2->2
[2021-03-19T13:31:48.169+0600][gc,heap     ] GC(757) Humongous regions: 129->129
[2021-03-19T13:31:48.169+0600][gc,metaspace] GC(757) Metaspace: 40298K(41216K)->40298K(41216K) NonClass: 35975K(36608K)->35975K(36608K) Class: 4323K(4608K)->4323K(4608K)
[2021-03-19T13:31:48.169+0600][gc          ] GC(757) Pause Young (Normal) (G1 Evacuation Pause) 901M->290M(1024M) 3.231ms
[2021-03-19T13:31:48.169+0600][gc,cpu      ] GC(757) User=0.02s Sys=0.00s Real=0.00s
[2021-03-19T13:31:50.818+0600][gc,start    ] GC(758) Pause Young (Normal) (G1 Evacuation Pause)
[2021-03-19T13:31:50.818+0600][gc,task     ] GC(758) Using 8 workers of 8 for evacuation
[2021-03-19T13:31:50.821+0600][gc,phases   ] GC(758)   Pre Evacuate Collection Set: 0.1ms
[2021-03-19T13:31:50.821+0600][gc,phases   ] GC(758)   Merge Heap Roots: 0.1ms
[2021-03-19T13:31:50.821+0600][gc,phases   ] GC(758)   Evacuate Collection Set: 2.2ms
[2021-03-19T13:31:50.821+0600][gc,phases   ] GC(758)   Post Evacuate Collection Set: 0.7ms
[2021-03-19T13:31:50.822+0600][gc,phases   ] GC(758)   Other: 0.2ms
[2021-03-19T13:31:50.822+0600][gc,heap     ] GC(758) Eden regions: 611->0(611)
[2021-03-19T13:31:50.822+0600][gc,heap     ] GC(758) Survivor regions: 3->3(77)
[2021-03-19T13:31:50.822+0600][gc,heap     ] GC(758) Old regions: 159->159
[2021-03-19T13:31:50.822+0600][gc,heap     ] GC(758) Archive regions: 2->2
[2021-03-19T13:31:50.822+0600][gc,heap     ] GC(758) Humongous regions: 129->129
[2021-03-19T13:31:50.822+0600][gc,metaspace] GC(758) Metaspace: 40298K(41216K)->40298K(41216K) NonClass: 35975K(36608K)->35975K(36608K) Class: 4323K(4608K)->4323K(4608K)
[2021-03-19T13:31:50.822+0600][gc          ] GC(758) Pause Young (Normal) (G1 Evacuation Pause) 901M->290M(1024M) 3.391ms
[2021-03-19T13:31:50.822+0600][gc,cpu      ] GC(758) User=0.01s Sys=0.00s Real=0.01s
[2021-03-19T13:31:53.461+0600][gc,start    ] GC(759) Pause Young (Normal) (G1 Evacuation Pause)
[2021-03-19T13:31:53.461+0600][gc,task     ] GC(759) Using 8 workers of 8 for evacuation
[2021-03-19T13:31:53.465+0600][gc,phases   ] GC(759)   Pre Evacuate Collection Set: 0.1ms
[2021-03-19T13:31:53.465+0600][gc,phases   ] GC(759)   Merge Heap Roots: 0.1ms
[2021-03-19T13:31:53.465+0600][gc,phases   ] GC(759)   Evacuate Collection Set: 2.3ms
[2021-03-19T13:31:53.465+0600][gc,phases   ] GC(759)   Post Evacuate Collection Set: 0.6ms
[2021-03-19T13:31:53.465+0600][gc,phases   ] GC(759)   Other: 0.2ms
[2021-03-19T13:31:53.465+0600][gc,heap     ] GC(759) Eden regions: 611->0(611)
[2021-03-19T13:31:53.465+0600][gc,heap     ] GC(759) Survivor regions: 3->3(77)
[2021-03-19T13:31:53.465+0600][gc,heap     ] GC(759) Old regions: 159->160
[2021-03-19T13:31:53.465+0600][gc,heap     ] GC(759) Archive regions: 2->2
[2021-03-19T13:31:53.465+0600][gc,heap     ] GC(759) Humongous regions: 129->129
[2021-03-19T13:31:53.465+0600][gc,metaspace] GC(759) Metaspace: 40298K(41216K)->40298K(41216K) NonClass: 35975K(36608K)->35975K(36608K) Class: 4323K(4608K)->4323K(4608K)
[2021-03-19T13:31:53.465+0600][gc          ] GC(759) Pause Young (Normal) (G1 Evacuation Pause) 901M->291M(1024M) 3.395ms
[2021-03-19T13:31:53.465+0600][gc,cpu      ] GC(759) User=0.02s Sys=0.00s Real=0.00s
[2021-03-19T13:31:56.090+0600][gc,start    ] GC(760) Pause Young (Normal) (G1 Evacuation Pause)
[2021-03-19T13:31:56.090+0600][gc,task     ] GC(760) Using 8 workers of 8 for evacuation
[2021-03-19T13:31:56.094+0600][gc,phases   ] GC(760)   Pre Evacuate Collection Set: 0.1ms
[2021-03-19T13:31:56.094+0600][gc,phases   ] GC(760)   Merge Heap Roots: 0.1ms
[2021-03-19T13:31:56.094+0600][gc,phases   ] GC(760)   Evacuate Collection Set: 2.7ms
[2021-03-19T13:31:56.094+0600][gc,phases   ] GC(760)   Post Evacuate Collection Set: 0.6ms
[2021-03-19T13:31:56.094+0600][gc,phases   ] GC(760)   Other: 0.2ms
[2021-03-19T13:31:56.094+0600][gc,heap     ] GC(760) Eden regions: 611->0(611)
[2021-03-19T13:31:56.094+0600][gc,heap     ] GC(760) Survivor regions: 3->3(77)
[2021-03-19T13:31:56.094+0600][gc,heap     ] GC(760) Old regions: 160->160
[2021-03-19T13:31:56.094+0600][gc,heap     ] GC(760) Archive regions: 2->2
[2021-03-19T13:31:56.094+0600][gc,heap     ] GC(760) Humongous regions: 129->129
[2021-03-19T13:31:56.094+0600][gc,metaspace] GC(760) Metaspace: 40298K(41216K)->40298K(41216K) NonClass: 35975K(36608K)->35975K(36608K) Class: 4323K(4608K)->4323K(4608K)
[2021-03-19T13:31:56.094+0600][gc          ] GC(760) Pause Young (Normal) (G1 Evacuation Pause) 902M->291M(1024M) 3.820ms
[2021-03-19T13:31:56.094+0600][gc,cpu      ] GC(760) User=0.01s Sys=0.00s Real=0.00s
[2021-03-19T13:31:58.712+0600][gc,start    ] GC(761) Pause Young (Normal) (G1 Evacuation Pause)
[2021-03-19T13:31:58.712+0600][gc,task     ] GC(761) Using 8 workers of 8 for evacuation
[2021-03-19T13:31:58.715+0600][gc,phases   ] GC(761)   Pre Evacuate Collection Set: 0.1ms
[2021-03-19T13:31:58.715+0600][gc,phases   ] GC(761)   Merge Heap Roots: 0.1ms
[2021-03-19T13:31:58.715+0600][gc,phases   ] GC(761)   Evacuate Collection Set: 2.2ms
[2021-03-19T13:31:58.716+0600][gc,phases   ] GC(761)   Post Evacuate Collection Set: 0.5ms
[2021-03-19T13:31:58.716+0600][gc,phases   ] GC(761)   Other: 0.2ms
[2021-03-19T13:31:58.716+0600][gc,heap     ] GC(761) Eden regions: 611->0(611)
[2021-03-19T13:31:58.716+0600][gc,heap     ] GC(761) Survivor regions: 3->3(77)
[2021-03-19T13:31:58.716+0600][gc,heap     ] GC(761) Old regions: 160->160
[2021-03-19T13:31:58.716+0600][gc,heap     ] GC(761) Archive regions: 2->2
[2021-03-19T13:31:58.716+0600][gc,heap     ] GC(761) Humongous regions: 129->129
[2021-03-19T13:31:58.716+0600][gc,metaspace] GC(761) Metaspace: 40298K(41216K)->40298K(41216K) NonClass: 35975K(36608K)->35975K(36608K) Class: 4323K(4608K)->4323K(4608K)
[2021-03-19T13:31:58.716+0600][gc          ] GC(761) Pause Young (Normal) (G1 Evacuation Pause) 902M->291M(1024M) 3.181ms
[2021-03-19T13:31:58.716+0600][gc,cpu      ] GC(761) User=0.02s Sys=0.00s Real=0.00s
[2021-03-19T13:32:01.345+0600][gc,start    ] GC(762) Pause Young (Normal) (G1 Evacuation Pause)
[2021-03-19T13:32:01.345+0600][gc,task     ] GC(762) Using 8 workers of 8 for evacuation
[2021-03-19T13:32:01.349+0600][gc,phases   ] GC(762)   Pre Evacuate Collection Set: 0.2ms
[2021-03-19T13:32:01.349+0600][gc,phases   ] GC(762)   Merge Heap Roots: 0.1ms
[2021-03-19T13:32:01.349+0600][gc,phases   ] GC(762)   Evacuate Collection Set: 2.3ms
[2021-03-19T13:32:01.349+0600][gc,phases   ] GC(762)   Post Evacuate Collection Set: 0.4ms
[2021-03-19T13:32:01.349+0600][gc,phases   ] GC(762)   Other: 0.6ms
[2021-03-19T13:32:01.349+0600][gc,heap     ] GC(762) Eden regions: 611->0(611)
[2021-03-19T13:32:01.349+0600][gc,heap     ] GC(762) Survivor regions: 3->3(77)
[2021-03-19T13:32:01.349+0600][gc,heap     ] GC(762) Old regions: 160->160
[2021-03-19T13:32:01.349+0600][gc,heap     ] GC(762) Archive regions: 2->2
[2021-03-19T13:32:01.349+0600][gc,heap     ] GC(762) Humongous regions: 129->129
[2021-03-19T13:32:01.349+0600][gc,metaspace] GC(762) Metaspace: 40298K(41216K)->40298K(41216K) NonClass: 35975K(36608K)->35975K(36608K) Class: 4323K(4608K)->4323K(4608K)
[2021-03-19T13:32:01.349+0600][gc          ] GC(762) Pause Young (Normal) (G1 Evacuation Pause) 902M->291M(1024M) 3.796ms
[2021-03-19T13:32:01.349+0600][gc,cpu      ] GC(762) User=0.02s Sys=0.00s Real=0.00s
[2021-03-19T13:32:09.189+0600][gc,start    ] GC(763) Pause Young (Normal) (G1 Evacuation Pause)
[2021-03-19T13:32:09.189+0600][gc,task     ] GC(763) Using 8 workers of 8 for evacuation
[2021-03-19T13:32:09.203+0600][gc,phases   ] GC(763)   Pre Evacuate Collection Set: 0.4ms
[2021-03-19T13:32:09.203+0600][gc,phases   ] GC(763)   Merge Heap Roots: 0.4ms
[2021-03-19T13:32:09.203+0600][gc,phases   ] GC(763)   Evacuate Collection Set: 11.7ms
[2021-03-19T13:32:09.203+0600][gc,phases   ] GC(763)   Post Evacuate Collection Set: 1.2ms
[2021-03-19T13:32:09.203+0600][gc,phases   ] GC(763)   Other: 1.0ms
[2021-03-19T13:32:09.203+0600][gc,heap     ] GC(763) Eden regions: 611->0(611)
[2021-03-19T13:32:09.203+0600][gc,heap     ] GC(763) Survivor regions: 3->3(77)
[2021-03-19T13:32:09.203+0600][gc,heap     ] GC(763) Old regions: 160->160
[2021-03-19T13:32:09.203+0600][gc,heap     ] GC(763) Archive regions: 2->2
[2021-03-19T13:32:09.204+0600][gc,heap     ] GC(763) Humongous regions: 129->129
[2021-03-19T13:32:09.204+0600][gc,metaspace] GC(763) Metaspace: 40298K(41216K)->40298K(41216K) NonClass: 35975K(36608K)->35975K(36608K) Class: 4323K(4608K)->4323K(4608K)
[2021-03-19T13:32:09.204+0600][gc          ] GC(763) Pause Young (Normal) (G1 Evacuation Pause) 902M->291M(1024M) 14.801ms
[2021-03-19T13:32:09.204+0600][gc,cpu      ] GC(763) User=0.04s Sys=0.01s Real=0.02s
[2021-03-19T13:32:23.354+0600][gc,start    ] GC(764) Pause Young (Normal) (G1 Evacuation Pause)
[2021-03-19T13:32:23.354+0600][gc,task     ] GC(764) Using 8 workers of 8 for evacuation
[2021-03-19T13:32:23.369+0600][gc,phases   ] GC(764)   Pre Evacuate Collection Set: 0.4ms
[2021-03-19T13:32:23.369+0600][gc,phases   ] GC(764)   Merge Heap Roots: 0.4ms
[2021-03-19T13:32:23.369+0600][gc,phases   ] GC(764)   Evacuate Collection Set: 13.3ms
[2021-03-19T13:32:23.369+0600][gc,phases   ] GC(764)   Post Evacuate Collection Set: 0.9ms
[2021-03-19T13:32:23.369+0600][gc,phases   ] GC(764)   Other: 0.8ms
[2021-03-19T13:32:23.369+0600][gc,heap     ] GC(764) Eden regions: 611->0(611)
[2021-03-19T13:32:23.369+0600][gc,heap     ] GC(764) Survivor regions: 3->3(77)
[2021-03-19T13:32:23.369+0600][gc,heap     ] GC(764) Old regions: 160->160
[2021-03-19T13:32:23.369+0600][gc,heap     ] GC(764) Archive regions: 2->2
[2021-03-19T13:32:23.369+0600][gc,heap     ] GC(764) Humongous regions: 129->129
[2021-03-19T13:32:23.370+0600][gc,metaspace] GC(764) Metaspace: 40298K(41216K)->40298K(41216K) NonClass: 35975K(36608K)->35975K(36608K) Class: 4323K(4608K)->4323K(4608K)
[2021-03-19T13:32:23.370+0600][gc          ] GC(764) Pause Young (Normal) (G1 Evacuation Pause) 902M->291M(1024M) 15.914ms
[2021-03-19T13:32:23.370+0600][gc,cpu      ] GC(764) User=0.05s Sys=0.00s Real=0.02s
[2021-03-19T13:32:37.663+0600][gc,start    ] GC(765) Pause Young (Normal) (G1 Evacuation Pause)
[2021-03-19T13:32:37.663+0600][gc,task     ] GC(765) Using 8 workers of 8 for evacuation
[2021-03-19T13:32:37.675+0600][gc,phases   ] GC(765)   Pre Evacuate Collection Set: 0.3ms
[2021-03-19T13:32:37.675+0600][gc,phases   ] GC(765)   Merge Heap Roots: 0.3ms
[2021-03-19T13:32:37.675+0600][gc,phases   ] GC(765)   Evacuate Collection Set: 9.5ms
[2021-03-19T13:32:37.675+0600][gc,phases   ] GC(765)   Post Evacuate Collection Set: 0.6ms
[2021-03-19T13:32:37.675+0600][gc,phases   ] GC(765)   Other: 0.7ms
[2021-03-19T13:32:37.675+0600][gc,heap     ] GC(765) Eden regions: 611->0(611)
[2021-03-19T13:32:37.675+0600][gc,heap     ] GC(765) Survivor regions: 3->3(77)
[2021-03-19T13:32:37.675+0600][gc,heap     ] GC(765) Old regions: 160->161
[2021-03-19T13:32:37.675+0600][gc,heap     ] GC(765) Archive regions: 2->2
[2021-03-19T13:32:37.675+0600][gc,heap     ] GC(765) Humongous regions: 129->129
[2021-03-19T13:32:37.675+0600][gc,metaspace] GC(765) Metaspace: 40298K(41216K)->40298K(41216K) NonClass: 35975K(36608K)->35975K(36608K) Class: 4323K(4608K)->4323K(4608K)
[2021-03-19T13:32:37.675+0600][gc          ] GC(765) Pause Young (Normal) (G1 Evacuation Pause) 902M->291M(1024M) 11.561ms
[2021-03-19T13:32:37.675+0600][gc,cpu      ] GC(765) User=0.04s Sys=0.00s Real=0.01s
[2021-03-19T13:32:51.669+0600][gc,start    ] GC(766) Pause Young (Normal) (G1 Evacuation Pause)
[2021-03-19T13:32:51.669+0600][gc,task     ] GC(766) Using 8 workers of 8 for evacuation
[2021-03-19T13:32:51.680+0600][gc,phases   ] GC(766)   Pre Evacuate Collection Set: 0.2ms
[2021-03-19T13:32:51.680+0600][gc,phases   ] GC(766)   Merge Heap Roots: 0.2ms
[2021-03-19T13:32:51.680+0600][gc,phases   ] GC(766)   Evacuate Collection Set: 9.4ms
[2021-03-19T13:32:51.680+0600][gc,phases   ] GC(766)   Post Evacuate Collection Set: 0.8ms
[2021-03-19T13:32:51.680+0600][gc,phases   ] GC(766)   Other: 0.4ms
[2021-03-19T13:32:51.680+0600][gc,heap     ] GC(766) Eden regions: 611->0(611)
[2021-03-19T13:32:51.680+0600][gc,heap     ] GC(766) Survivor regions: 3->3(77)
[2021-03-19T13:32:51.680+0600][gc,heap     ] GC(766) Old regions: 161->161
[2021-03-19T13:32:51.680+0600][gc,heap     ] GC(766) Archive regions: 2->2
[2021-03-19T13:32:51.680+0600][gc,heap     ] GC(766) Humongous regions: 129->129
[2021-03-19T13:32:51.680+0600][gc,metaspace] GC(766) Metaspace: 40298K(41216K)->40298K(41216K) NonClass: 35975K(36608K)->35975K(36608K) Class: 4323K(4608K)->4323K(4608K)
[2021-03-19T13:32:51.680+0600][gc          ] GC(766) Pause Young (Normal) (G1 Evacuation Pause) 902M->292M(1024M) 11.200ms
[2021-03-19T13:32:51.680+0600][gc,cpu      ] GC(766) User=0.03s Sys=0.00s Real=0.02s
[2021-03-19T13:33:05.705+0600][gc,start    ] GC(767) Pause Young (Normal) (G1 Evacuation Pause)
[2021-03-19T13:33:05.706+0600][gc,task     ] GC(767) Using 8 workers of 8 for evacuation
[2021-03-19T13:33:05.720+0600][gc,phases   ] GC(767)   Pre Evacuate Collection Set: 0.3ms
[2021-03-19T13:33:05.720+0600][gc,phases   ] GC(767)   Merge Heap Roots: 0.3ms
[2021-03-19T13:33:05.720+0600][gc,phases   ] GC(767)   Evacuate Collection Set: 11.9ms
[2021-03-19T13:33:05.720+0600][gc,phases   ] GC(767)   Post Evacuate Collection Set: 0.6ms
[2021-03-19T13:33:05.720+0600][gc,phases   ] GC(767)   Other: 1.6ms
[2021-03-19T13:33:05.720+0600][gc,heap     ] GC(767) Eden regions: 611->0(611)
[2021-03-19T13:33:05.720+0600][gc,heap     ] GC(767) Survivor regions: 3->3(77)
[2021-03-19T13:33:05.720+0600][gc,heap     ] GC(767) Old regions: 161->161
[2021-03-19T13:33:05.720+0600][gc,heap     ] GC(767) Archive regions: 2->2
[2021-03-19T13:33:05.720+0600][gc,heap     ] GC(767) Humongous regions: 129->129
[2021-03-19T13:33:05.720+0600][gc,metaspace] GC(767) Metaspace: 40298K(41216K)->40298K(41216K) NonClass: 35975K(36608K)->35975K(36608K) Class: 4323K(4608K)->4323K(4608K)
[2021-03-19T13:33:05.720+0600][gc          ] GC(767) Pause Young (Normal) (G1 Evacuation Pause) 903M->292M(1024M) 14.780ms
[2021-03-19T13:33:05.720+0600][gc,cpu      ] GC(767) User=0.05s Sys=0.00s Real=0.02s
[2021-03-19T13:33:19.874+0600][gc,start    ] GC(768) Pause Young (Normal) (G1 Evacuation Pause)
[2021-03-19T13:33:19.875+0600][gc,task     ] GC(768) Using 8 workers of 8 for evacuation
[2021-03-19T13:33:19.890+0600][gc,phases   ] GC(768)   Pre Evacuate Collection Set: 0.4ms
[2021-03-19T13:33:19.890+0600][gc,phases   ] GC(768)   Merge Heap Roots: 0.4ms
[2021-03-19T13:33:19.890+0600][gc,phases   ] GC(768)   Evacuate Collection Set: 12.6ms
[2021-03-19T13:33:19.890+0600][gc,phases   ] GC(768)   Post Evacuate Collection Set: 0.6ms
[2021-03-19T13:33:19.890+0600][gc,phases   ] GC(768)   Other: 1.9ms
[2021-03-19T13:33:19.890+0600][gc,heap     ] GC(768) Eden regions: 611->0(611)
[2021-03-19T13:33:19.890+0600][gc,heap     ] GC(768) Survivor regions: 3->3(77)
[2021-03-19T13:33:19.890+0600][gc,heap     ] GC(768) Old regions: 161->161
[2021-03-19T13:33:19.890+0600][gc,heap     ] GC(768) Archive regions: 2->2
[2021-03-19T13:33:19.890+0600][gc,heap     ] GC(768) Humongous regions: 129->129
[2021-03-19T13:33:19.890+0600][gc,metaspace] GC(768) Metaspace: 40298K(41216K)->40298K(41216K) NonClass: 35975K(36608K)->35975K(36608K) Class: 4323K(4608K)->4323K(4608K)
[2021-03-19T13:33:19.890+0600][gc          ] GC(768) Pause Young (Normal) (G1 Evacuation Pause) 903M->292M(1024M) 15.956ms
[2021-03-19T13:33:19.890+0600][gc,cpu      ] GC(768) User=0.05s Sys=0.00s Real=0.02s
[2021-03-19T13:34:49.818+0600][gc,start    ] GC(769) Pause Young (Normal) (G1 Evacuation Pause)
[2021-03-19T13:34:49.900+0600][gc,task     ] GC(769) Using 8 workers of 8 for evacuation
[2021-03-19T13:34:49.915+0600][gc,phases   ] GC(769)   Pre Evacuate Collection Set: 0.6ms
[2021-03-19T13:34:49.915+0600][gc,phases   ] GC(769)   Merge Heap Roots: 0.4ms
[2021-03-19T13:34:49.915+0600][gc,phases   ] GC(769)   Evacuate Collection Set: 11.3ms
[2021-03-19T13:34:49.915+0600][gc,phases   ] GC(769)   Post Evacuate Collection Set: 2.7ms
[2021-03-19T13:34:49.915+0600][gc,phases   ] GC(769)   Other: 82.3ms
[2021-03-19T13:34:49.915+0600][gc,heap     ] GC(769) Eden regions: 611->0(611)
[2021-03-19T13:34:49.915+0600][gc,heap     ] GC(769) Survivor regions: 3->3(77)
[2021-03-19T13:34:49.915+0600][gc,heap     ] GC(769) Old regions: 161->161
[2021-03-19T13:34:49.915+0600][gc,heap     ] GC(769) Archive regions: 2->2
[2021-03-19T13:34:49.915+0600][gc,heap     ] GC(769) Humongous regions: 129->129
[2021-03-19T13:34:49.915+0600][gc,metaspace] GC(769) Metaspace: 40298K(41216K)->40298K(41216K) NonClass: 35975K(36608K)->35975K(36608K) Class: 4323K(4608K)->4323K(4608K)
[2021-03-19T13:34:49.915+0600][gc          ] GC(769) Pause Young (Normal) (G1 Evacuation Pause) 903M->292M(1024M) 97.550ms
[2021-03-19T13:34:49.915+0600][gc,cpu      ] GC(769) User=0.04s Sys=0.01s Real=0.10s
[2021-03-19T13:34:53.921+0600][gc,start    ] GC(770) Pause Young (Normal) (G1 Evacuation Pause)
[2021-03-19T13:34:53.921+0600][gc,task     ] GC(770) Using 8 workers of 8 for evacuation
[2021-03-19T13:34:53.930+0600][gc,phases   ] GC(770)   Pre Evacuate Collection Set: 0.2ms
[2021-03-19T13:34:53.930+0600][gc,phases   ] GC(770)   Merge Heap Roots: 0.2ms
[2021-03-19T13:34:53.930+0600][gc,phases   ] GC(770)   Evacuate Collection Set: 5.3ms
[2021-03-19T13:34:53.930+0600][gc,phases   ] GC(770)   Post Evacuate Collection Set: 3.5ms
[2021-03-19T13:34:53.930+0600][gc,phases   ] GC(770)   Other: 0.2ms
[2021-03-19T13:34:53.930+0600][gc,heap     ] GC(770) Eden regions: 611->0(611)
[2021-03-19T13:34:53.930+0600][gc,heap     ] GC(770) Survivor regions: 3->3(77)
[2021-03-19T13:34:53.930+0600][gc,heap     ] GC(770) Old regions: 161->161
[2021-03-19T13:34:53.930+0600][gc,heap     ] GC(770) Archive regions: 2->2
[2021-03-19T13:34:53.930+0600][gc,heap     ] GC(770) Humongous regions: 129->129
[2021-03-19T13:34:53.930+0600][gc,metaspace] GC(770) Metaspace: 40298K(41216K)->40298K(41216K) NonClass: 35975K(36608K)->35975K(36608K) Class: 4323K(4608K)->4323K(4608K)
[2021-03-19T13:34:53.930+0600][gc          ] GC(770) Pause Young (Normal) (G1 Evacuation Pause) 903M->293M(1024M) 9.453ms
[2021-03-19T13:34:53.930+0600][gc,cpu      ] GC(770) User=0.02s Sys=0.01s Real=0.01s
[2021-03-19T13:34:56.965+0600][gc,start    ] GC(771) Pause Young (Normal) (G1 Evacuation Pause)
[2021-03-19T13:34:56.965+0600][gc,task     ] GC(771) Using 8 workers of 8 for evacuation
[2021-03-19T13:34:56.973+0600][gc,phases   ] GC(771)   Pre Evacuate Collection Set: 0.2ms
[2021-03-19T13:34:56.973+0600][gc,phases   ] GC(771)   Merge Heap Roots: 0.1ms
[2021-03-19T13:34:56.973+0600][gc,phases   ] GC(771)   Evacuate Collection Set: 6.2ms
[2021-03-19T13:34:56.973+0600][gc,phases   ] GC(771)   Post Evacuate Collection Set: 0.6ms
[2021-03-19T13:34:56.973+0600][gc,phases   ] GC(771)   Other: 0.2ms
[2021-03-19T13:34:56.973+0600][gc,heap     ] GC(771) Eden regions: 611->0(610)
[2021-03-19T13:34:56.973+0600][gc,heap     ] GC(771) Survivor regions: 3->4(77)
[2021-03-19T13:34:56.973+0600][gc,heap     ] GC(771) Old regions: 161->161
[2021-03-19T13:34:56.973+0600][gc,heap     ] GC(771) Archive regions: 2->2
[2021-03-19T13:34:56.973+0600][gc,heap     ] GC(771) Humongous regions: 129->129
[2021-03-19T13:34:56.973+0600][gc,metaspace] GC(771) Metaspace: 40298K(41216K)->40298K(41216K) NonClass: 35975K(36608K)->35975K(36608K) Class: 4323K(4608K)->4323K(4608K)
[2021-03-19T13:34:56.973+0600][gc          ] GC(771) Pause Young (Normal) (G1 Evacuation Pause) 904M->294M(1024M) 7.325ms
[2021-03-19T13:34:56.973+0600][gc,cpu      ] GC(771) User=0.03s Sys=0.00s Real=0.01s
[2021-03-19T13:35:00.041+0600][gc,start    ] GC(772) Pause Young (Normal) (G1 Evacuation Pause)
[2021-03-19T13:35:00.041+0600][gc,task     ] GC(772) Using 8 workers of 8 for evacuation
[2021-03-19T13:35:00.047+0600][gc,phases   ] GC(772)   Pre Evacuate Collection Set: 0.1ms
[2021-03-19T13:35:00.047+0600][gc,phases   ] GC(772)   Merge Heap Roots: 0.1ms
[2021-03-19T13:35:00.047+0600][gc,phases   ] GC(772)   Evacuate Collection Set: 3.9ms
[2021-03-19T13:35:00.047+0600][gc,phases   ] GC(772)   Post Evacuate Collection Set: 1.6ms
[2021-03-19T13:35:00.047+0600][gc,phases   ] GC(772)   Other: 0.2ms
[2021-03-19T13:35:00.047+0600][gc,heap     ] GC(772) Eden regions: 610->0(610)
[2021-03-19T13:35:00.047+0600][gc,heap     ] GC(772) Survivor regions: 4->4(77)
[2021-03-19T13:35:00.047+0600][gc,heap     ] GC(772) Old regions: 161->162
[2021-03-19T13:35:00.047+0600][gc,heap     ] GC(772) Archive regions: 2->2
[2021-03-19T13:35:00.047+0600][gc,heap     ] GC(772) Humongous regions: 129->129
[2021-03-19T13:35:00.047+0600][gc,metaspace] GC(772) Metaspace: 40298K(41216K)->40298K(41216K) NonClass: 35975K(36608K)->35975K(36608K) Class: 4323K(4608K)->4323K(4608K)
[2021-03-19T13:35:00.047+0600][gc          ] GC(772) Pause Young (Normal) (G1 Evacuation Pause) 904M->294M(1024M) 5.919ms
[2021-03-19T13:35:00.047+0600][gc,cpu      ] GC(772) User=0.03s Sys=0.00s Real=0.00s
[2021-03-19T13:35:02.831+0600][gc,start    ] GC(773) Pause Young (Normal) (G1 Evacuation Pause)
[2021-03-19T13:35:02.831+0600][gc,task     ] GC(773) Using 8 workers of 8 for evacuation
[2021-03-19T13:35:02.836+0600][gc,phases   ] GC(773)   Pre Evacuate Collection Set: 0.2ms
[2021-03-19T13:35:02.836+0600][gc,phases   ] GC(773)   Merge Heap Roots: 0.1ms
[2021-03-19T13:35:02.836+0600][gc,phases   ] GC(773)   Evacuate Collection Set: 3.2ms
[2021-03-19T13:35:02.836+0600][gc,phases   ] GC(773)   Post Evacuate Collection Set: 0.5ms
[2021-03-19T13:35:02.836+0600][gc,phases   ] GC(773)   Other: 0.2ms
[2021-03-19T13:35:02.836+0600][gc,heap     ] GC(773) Eden regions: 610->0(609)
[2021-03-19T13:35:02.836+0600][gc,heap     ] GC(773) Survivor regions: 4->5(77)
[2021-03-19T13:35:02.836+0600][gc,heap     ] GC(773) Old regions: 162->162
[2021-03-19T13:35:02.836+0600][gc,heap     ] GC(773) Archive regions: 2->2
[2021-03-19T13:35:02.836+0600][gc,heap     ] GC(773) Humongous regions: 129->129
[2021-03-19T13:35:02.836+0600][gc,metaspace] GC(773) Metaspace: 40298K(41216K)->40298K(41216K) NonClass: 35975K(36608K)->35975K(36608K) Class: 4323K(4608K)->4323K(4608K)
[2021-03-19T13:35:02.836+0600][gc          ] GC(773) Pause Young (Normal) (G1 Evacuation Pause) 904M->295M(1024M) 4.371ms
[2021-03-19T13:35:02.836+0600][gc,cpu      ] GC(773) User=0.02s Sys=0.00s Real=0.00s
[2021-03-19T13:35:05.589+0600][gc,start    ] GC(774) Pause Young (Normal) (G1 Evacuation Pause)
[2021-03-19T13:35:05.589+0600][gc,task     ] GC(774) Using 8 workers of 8 for evacuation
[2021-03-19T13:35:05.593+0600][gc,phases   ] GC(774)   Pre Evacuate Collection Set: 0.1ms
[2021-03-19T13:35:05.593+0600][gc,phases   ] GC(774)   Merge Heap Roots: 0.1ms
[2021-03-19T13:35:05.593+0600][gc,phases   ] GC(774)   Evacuate Collection Set: 3.2ms
[2021-03-19T13:35:05.593+0600][gc,phases   ] GC(774)   Post Evacuate Collection Set: 0.4ms
[2021-03-19T13:35:05.593+0600][gc,phases   ] GC(774)   Other: 0.2ms
[2021-03-19T13:35:05.593+0600][gc,heap     ] GC(774) Eden regions: 609->0(609)
[2021-03-19T13:35:05.593+0600][gc,heap     ] GC(774) Survivor regions: 5->5(77)
[2021-03-19T13:35:05.593+0600][gc,heap     ] GC(774) Old regions: 162->162
[2021-03-19T13:35:05.593+0600][gc,heap     ] GC(774) Archive regions: 2->2
[2021-03-19T13:35:05.593+0600][gc,heap     ] GC(774) Humongous regions: 129->129
[2021-03-19T13:35:05.593+0600][gc,metaspace] GC(774) Metaspace: 40298K(41216K)->40298K(41216K) NonClass: 35975K(36608K)->35975K(36608K) Class: 4323K(4608K)->4323K(4608K)
[2021-03-19T13:35:05.593+0600][gc          ] GC(774) Pause Young (Normal) (G1 Evacuation Pause) 904M->295M(1024M) 4.130ms
[2021-03-19T13:35:05.593+0600][gc,cpu      ] GC(774) User=0.03s Sys=0.00s Real=0.01s
[2021-03-19T13:35:08.521+0600][gc,start    ] GC(775) Pause Young (Normal) (G1 Evacuation Pause)
[2021-03-19T13:35:08.521+0600][gc,task     ] GC(775) Using 8 workers of 8 for evacuation
[2021-03-19T13:35:08.525+0600][gc,phases   ] GC(775)   Pre Evacuate Collection Set: 0.2ms
[2021-03-19T13:35:08.525+0600][gc,phases   ] GC(775)   Merge Heap Roots: 0.1ms
[2021-03-19T13:35:08.525+0600][gc,phases   ] GC(775)   Evacuate Collection Set: 3.2ms
[2021-03-19T13:35:08.525+0600][gc,phases   ] GC(775)   Post Evacuate Collection Set: 0.4ms
[2021-03-19T13:35:08.525+0600][gc,phases   ] GC(775)   Other: 0.2ms
[2021-03-19T13:35:08.525+0600][gc,heap     ] GC(775) Eden regions: 609->0(609)
[2021-03-19T13:35:08.525+0600][gc,heap     ] GC(775) Survivor regions: 5->5(77)
[2021-03-19T13:35:08.525+0600][gc,heap     ] GC(775) Old regions: 162->162
[2021-03-19T13:35:08.525+0600][gc,heap     ] GC(775) Archive regions: 2->2
[2021-03-19T13:35:08.525+0600][gc,heap     ] GC(775) Humongous regions: 129->129
[2021-03-19T13:35:08.525+0600][gc,metaspace] GC(775) Metaspace: 40298K(41216K)->40298K(41216K) NonClass: 35975K(36608K)->35975K(36608K) Class: 4323K(4608K)->4323K(4608K)
[2021-03-19T13:35:08.525+0600][gc          ] GC(775) Pause Young (Normal) (G1 Evacuation Pause) 904M->296M(1024M) 4.234ms
[2021-03-19T13:35:08.525+0600][gc,cpu      ] GC(775) User=0.03s Sys=0.00s Real=0.00s
[2021-03-19T13:35:11.394+0600][gc,start    ] GC(776) Pause Young (Normal) (G1 Evacuation Pause)
[2021-03-19T13:35:11.394+0600][gc,task     ] GC(776) Using 8 workers of 8 for evacuation
[2021-03-19T13:35:11.398+0600][gc,phases   ] GC(776)   Pre Evacuate Collection Set: 0.1ms
[2021-03-19T13:35:11.398+0600][gc,phases   ] GC(776)   Merge Heap Roots: 0.1ms
[2021-03-19T13:35:11.398+0600][gc,phases   ] GC(776)   Evacuate Collection Set: 2.9ms
[2021-03-19T13:35:11.398+0600][gc,phases   ] GC(776)   Post Evacuate Collection Set: 0.6ms
[2021-03-19T13:35:11.398+0600][gc,phases   ] GC(776)   Other: 0.2ms
[2021-03-19T13:35:11.398+0600][gc,heap     ] GC(776) Eden regions: 609->0(609)
[2021-03-19T13:35:11.398+0600][gc,heap     ] GC(776) Survivor regions: 5->5(77)
[2021-03-19T13:35:11.398+0600][gc,heap     ] GC(776) Old regions: 162->162
[2021-03-19T13:35:11.398+0600][gc,heap     ] GC(776) Archive regions: 2->2
[2021-03-19T13:35:11.398+0600][gc,heap     ] GC(776) Humongous regions: 129->129
[2021-03-19T13:35:11.398+0600][gc,metaspace] GC(776) Metaspace: 40298K(41216K)->40298K(41216K) NonClass: 35975K(36608K)->35975K(36608K) Class: 4323K(4608K)->4323K(4608K)
[2021-03-19T13:35:11.398+0600][gc          ] GC(776) Pause Young (Normal) (G1 Evacuation Pause) 905M->296M(1024M) 4.084ms
[2021-03-19T13:35:11.398+0600][gc,cpu      ] GC(776) User=0.02s Sys=0.00s Real=0.00s
[2021-03-19T13:35:14.122+0600][gc,start    ] GC(777) Pause Young (Normal) (G1 Evacuation Pause)
[2021-03-19T13:35:14.122+0600][gc,task     ] GC(777) Using 8 workers of 8 for evacuation
[2021-03-19T13:35:14.126+0600][gc,phases   ] GC(777)   Pre Evacuate Collection Set: 0.2ms
[2021-03-19T13:35:14.126+0600][gc,phases   ] GC(777)   Merge Heap Roots: 0.1ms
[2021-03-19T13:35:14.126+0600][gc,phases   ] GC(777)   Evacuate Collection Set: 3.3ms
[2021-03-19T13:35:14.126+0600][gc,phases   ] GC(777)   Post Evacuate Collection Set: 0.5ms
[2021-03-19T13:35:14.127+0600][gc,phases   ] GC(777)   Other: 0.2ms
[2021-03-19T13:35:14.127+0600][gc,heap     ] GC(777) Eden regions: 609->0(608)
[2021-03-19T13:35:14.127+0600][gc,heap     ] GC(777) Survivor regions: 5->6(77)
[2021-03-19T13:35:14.127+0600][gc,heap     ] GC(777) Old regions: 162->162
[2021-03-19T13:35:14.127+0600][gc,heap     ] GC(777) Archive regions: 2->2
[2021-03-19T13:35:14.127+0600][gc,heap     ] GC(777) Humongous regions: 129->129
[2021-03-19T13:35:14.127+0600][gc,metaspace] GC(777) Metaspace: 40298K(41216K)->40298K(41216K) NonClass: 35975K(36608K)->35975K(36608K) Class: 4323K(4608K)->4323K(4608K)
[2021-03-19T13:35:14.127+0600][gc          ] GC(777) Pause Young (Normal) (G1 Evacuation Pause) 905M->296M(1024M) 4.350ms
[2021-03-19T13:35:14.127+0600][gc,cpu      ] GC(777) User=0.02s Sys=0.00s Real=0.00s
[2021-03-19T13:35:16.869+0600][gc,start    ] GC(778) Pause Young (Normal) (G1 Evacuation Pause)
[2021-03-19T13:35:16.869+0600][gc,task     ] GC(778) Using 8 workers of 8 for evacuation
[2021-03-19T13:35:16.873+0600][gc,phases   ] GC(778)   Pre Evacuate Collection Set: 0.1ms
[2021-03-19T13:35:16.873+0600][gc,phases   ] GC(778)   Merge Heap Roots: 0.1ms
[2021-03-19T13:35:16.873+0600][gc,phases   ] GC(778)   Evacuate Collection Set: 3.5ms
[2021-03-19T13:35:16.873+0600][gc,phases   ] GC(778)   Post Evacuate Collection Set: 0.4ms
[2021-03-19T13:35:16.873+0600][gc,phases   ] GC(778)   Other: 0.2ms
[2021-03-19T13:35:16.873+0600][gc,heap     ] GC(778) Eden regions: 608->0(608)
[2021-03-19T13:35:16.873+0600][gc,heap     ] GC(778) Survivor regions: 6->6(77)
[2021-03-19T13:35:16.873+0600][gc,heap     ] GC(778) Old regions: 162->162
[2021-03-19T13:35:16.873+0600][gc,heap     ] GC(778) Archive regions: 2->2
[2021-03-19T13:35:16.873+0600][gc,heap     ] GC(778) Humongous regions: 129->129
[2021-03-19T13:35:16.873+0600][gc,metaspace] GC(778) Metaspace: 40298K(41216K)->40298K(41216K) NonClass: 35975K(36608K)->35975K(36608K) Class: 4323K(4608K)->4323K(4608K)
[2021-03-19T13:35:16.873+0600][gc          ] GC(778) Pause Young (Normal) (G1 Evacuation Pause) 904M->296M(1024M) 4.401ms
[2021-03-19T13:35:16.873+0600][gc,cpu      ] GC(778) User=0.02s Sys=0.00s Real=0.01s
[2021-03-19T13:35:19.717+0600][gc,start    ] GC(779) Pause Young (Normal) (G1 Evacuation Pause)
[2021-03-19T13:35:19.717+0600][gc,task     ] GC(779) Using 8 workers of 8 for evacuation
[2021-03-19T13:35:19.723+0600][gc,phases   ] GC(779)   Pre Evacuate Collection Set: 0.2ms
[2021-03-19T13:35:19.723+0600][gc,phases   ] GC(779)   Merge Heap Roots: 0.1ms
[2021-03-19T13:35:19.723+0600][gc,phases   ] GC(779)   Evacuate Collection Set: 4.8ms
[2021-03-19T13:35:19.723+0600][gc,phases   ] GC(779)   Post Evacuate Collection Set: 0.5ms
[2021-03-19T13:35:19.723+0600][gc,phases   ] GC(779)   Other: 0.3ms
[2021-03-19T13:35:19.723+0600][gc,heap     ] GC(779) Eden regions: 608->0(608)
[2021-03-19T13:35:19.723+0600][gc,heap     ] GC(779) Survivor regions: 6->6(77)
[2021-03-19T13:35:19.723+0600][gc,heap     ] GC(779) Old regions: 162->162
[2021-03-19T13:35:19.723+0600][gc,heap     ] GC(779) Archive regions: 2->2
[2021-03-19T13:35:19.723+0600][gc,heap     ] GC(779) Humongous regions: 129->129
[2021-03-19T13:35:19.723+0600][gc,metaspace] GC(779) Metaspace: 40298K(41216K)->40298K(41216K) NonClass: 35975K(36608K)->35975K(36608K) Class: 4323K(4608K)->4323K(4608K)
[2021-03-19T13:35:19.723+0600][gc          ] GC(779) Pause Young (Normal) (G1 Evacuation Pause) 904M->296M(1024M) 6.108ms
[2021-03-19T13:35:19.723+0600][gc,cpu      ] GC(779) User=0.03s Sys=0.00s Real=0.01s
[2021-03-19T13:35:22.523+0600][gc,start    ] GC(780) Pause Young (Normal) (G1 Evacuation Pause)
[2021-03-19T13:35:22.523+0600][gc,task     ] GC(780) Using 8 workers of 8 for evacuation
[2021-03-19T13:35:22.528+0600][gc,phases   ] GC(780)   Pre Evacuate Collection Set: 0.1ms
[2021-03-19T13:35:22.528+0600][gc,phases   ] GC(780)   Merge Heap Roots: 0.1ms
[2021-03-19T13:35:22.528+0600][gc,phases   ] GC(780)   Evacuate Collection Set: 3.4ms
[2021-03-19T13:35:22.528+0600][gc,phases   ] GC(780)   Post Evacuate Collection Set: 0.6ms
[2021-03-19T13:35:22.528+0600][gc,phases   ] GC(780)   Other: 0.2ms
[2021-03-19T13:35:22.528+0600][gc,heap     ] GC(780) Eden regions: 608->0(608)
[2021-03-19T13:35:22.528+0600][gc,heap     ] GC(780) Survivor regions: 6->6(77)
[2021-03-19T13:35:22.528+0600][gc,heap     ] GC(780) Old regions: 162->163
[2021-03-19T13:35:22.528+0600][gc,heap     ] GC(780) Archive regions: 2->2
[2021-03-19T13:35:22.528+0600][gc,heap     ] GC(780) Humongous regions: 129->129
[2021-03-19T13:35:22.528+0600][gc,metaspace] GC(780) Metaspace: 40298K(41216K)->40298K(41216K) NonClass: 35975K(36608K)->35975K(36608K) Class: 4323K(4608K)->4323K(4608K)
[2021-03-19T13:35:22.528+0600][gc          ] GC(780) Pause Young (Normal) (G1 Evacuation Pause) 904M->297M(1024M) 4.473ms
[2021-03-19T13:35:22.528+0600][gc,cpu      ] GC(780) User=0.02s Sys=0.00s Real=0.00s
[2021-03-19T13:35:25.243+0600][gc,start    ] GC(781) Pause Young (Normal) (G1 Evacuation Pause)
[2021-03-19T13:35:25.243+0600][gc,task     ] GC(781) Using 8 workers of 8 for evacuation
[2021-03-19T13:35:25.247+0600][gc,phases   ] GC(781)   Pre Evacuate Collection Set: 0.1ms
[2021-03-19T13:35:25.247+0600][gc,phases   ] GC(781)   Merge Heap Roots: 0.1ms
[2021-03-19T13:35:25.247+0600][gc,phases   ] GC(781)   Evacuate Collection Set: 3.5ms
[2021-03-19T13:35:25.247+0600][gc,phases   ] GC(781)   Post Evacuate Collection Set: 0.5ms
[2021-03-19T13:35:25.247+0600][gc,phases   ] GC(781)   Other: 0.2ms
[2021-03-19T13:35:25.247+0600][gc,heap     ] GC(781) Eden regions: 608->0(608)
[2021-03-19T13:35:25.247+0600][gc,heap     ] GC(781) Survivor regions: 6->6(77)
[2021-03-19T13:35:25.247+0600][gc,heap     ] GC(781) Old regions: 163->163
[2021-03-19T13:35:25.247+0600][gc,heap     ] GC(781) Archive regions: 2->2
[2021-03-19T13:35:25.247+0600][gc,heap     ] GC(781) Humongous regions: 129->129
[2021-03-19T13:35:25.247+0600][gc,metaspace] GC(781) Metaspace: 40298K(41216K)->40298K(41216K) NonClass: 35975K(36608K)->35975K(36608K) Class: 4323K(4608K)->4323K(4608K)
[2021-03-19T13:35:25.247+0600][gc          ] GC(781) Pause Young (Normal) (G1 Evacuation Pause) 905M->297M(1024M) 4.504ms
[2021-03-19T13:35:25.247+0600][gc,cpu      ] GC(781) User=0.02s Sys=0.00s Real=0.00s
[2021-03-19T13:35:27.990+0600][gc,start    ] GC(782) Pause Young (Normal) (G1 Evacuation Pause)
[2021-03-19T13:35:27.990+0600][gc,task     ] GC(782) Using 8 workers of 8 for evacuation
[2021-03-19T13:35:27.994+0600][gc,phases   ] GC(782)   Pre Evacuate Collection Set: 0.1ms
[2021-03-19T13:35:27.994+0600][gc,phases   ] GC(782)   Merge Heap Roots: 0.1ms
[2021-03-19T13:35:27.994+0600][gc,phases   ] GC(782)   Evacuate Collection Set: 3.2ms
[2021-03-19T13:35:27.994+0600][gc,phases   ] GC(782)   Post Evacuate Collection Set: 0.5ms
[2021-03-19T13:35:27.994+0600][gc,phases   ] GC(782)   Other: 0.2ms
[2021-03-19T13:35:27.994+0600][gc,heap     ] GC(782) Eden regions: 608->0(608)
[2021-03-19T13:35:27.994+0600][gc,heap     ] GC(782) Survivor regions: 6->6(77)
[2021-03-19T13:35:27.994+0600][gc,heap     ] GC(782) Old regions: 163->163
[2021-03-19T13:35:27.994+0600][gc,heap     ] GC(782) Archive regions: 2->2
[2021-03-19T13:35:27.994+0600][gc,heap     ] GC(782) Humongous regions: 129->129
[2021-03-19T13:35:27.994+0600][gc,metaspace] GC(782) Metaspace: 40298K(41216K)->40298K(41216K) NonClass: 35975K(36608K)->35975K(36608K) Class: 4323K(4608K)->4323K(4608K)
[2021-03-19T13:35:27.994+0600][gc          ] GC(782) Pause Young (Normal) (G1 Evacuation Pause) 905M->297M(1024M) 4.154ms
[2021-03-19T13:35:27.994+0600][gc,cpu      ] GC(782) User=0.02s Sys=0.00s Real=0.00s
[2021-03-19T13:35:30.829+0600][gc,start    ] GC(783) Pause Young (Normal) (G1 Evacuation Pause)
[2021-03-19T13:35:30.829+0600][gc,task     ] GC(783) Using 8 workers of 8 for evacuation
[2021-03-19T13:35:30.834+0600][gc,phases   ] GC(783)   Pre Evacuate Collection Set: 0.1ms
[2021-03-19T13:35:30.834+0600][gc,phases   ] GC(783)   Merge Heap Roots: 0.1ms
[2021-03-19T13:35:30.834+0600][gc,phases   ] GC(783)   Evacuate Collection Set: 3.2ms
[2021-03-19T13:35:30.834+0600][gc,phases   ] GC(783)   Post Evacuate Collection Set: 0.6ms
[2021-03-19T13:35:30.834+0600][gc,phases   ] GC(783)   Other: 0.2ms
[2021-03-19T13:35:30.834+0600][gc,heap     ] GC(783) Eden regions: 608->0(608)
[2021-03-19T13:35:30.834+0600][gc,heap     ] GC(783) Survivor regions: 6->6(77)
[2021-03-19T13:35:30.834+0600][gc,heap     ] GC(783) Old regions: 163->163
[2021-03-19T13:35:30.834+0600][gc,heap     ] GC(783) Archive regions: 2->2
[2021-03-19T13:35:30.834+0600][gc,heap     ] GC(783) Humongous regions: 129->129
[2021-03-19T13:35:30.834+0600][gc,metaspace] GC(783) Metaspace: 40298K(41216K)->40298K(41216K) NonClass: 35975K(36608K)->35975K(36608K) Class: 4323K(4608K)->4323K(4608K)
[2021-03-19T13:35:30.834+0600][gc          ] GC(783) Pause Young (Normal) (G1 Evacuation Pause) 905M->297M(1024M) 4.307ms
[2021-03-19T13:35:30.834+0600][gc,cpu      ] GC(783) User=0.03s Sys=0.00s Real=0.01s
[2021-03-19T13:35:33.591+0600][gc,start    ] GC(784) Pause Young (Normal) (G1 Evacuation Pause)
[2021-03-19T13:35:33.591+0600][gc,task     ] GC(784) Using 8 workers of 8 for evacuation
[2021-03-19T13:35:33.596+0600][gc,phases   ] GC(784)   Pre Evacuate Collection Set: 0.2ms
[2021-03-19T13:35:33.596+0600][gc,phases   ] GC(784)   Merge Heap Roots: 0.1ms
[2021-03-19T13:35:33.596+0600][gc,phases   ] GC(784)   Evacuate Collection Set: 3.3ms
[2021-03-19T13:35:33.596+0600][gc,phases   ] GC(784)   Post Evacuate Collection Set: 0.5ms
[2021-03-19T13:35:33.596+0600][gc,phases   ] GC(784)   Other: 0.2ms
[2021-03-19T13:35:33.596+0600][gc,heap     ] GC(784) Eden regions: 608->0(609)
[2021-03-19T13:35:33.596+0600][gc,heap     ] GC(784) Survivor regions: 6->5(77)
[2021-03-19T13:35:33.596+0600][gc,heap     ] GC(784) Old regions: 163->164
[2021-03-19T13:35:33.596+0600][gc,heap     ] GC(784) Archive regions: 2->2
[2021-03-19T13:35:33.596+0600][gc,heap     ] GC(784) Humongous regions: 129->129
[2021-03-19T13:35:33.596+0600][gc,metaspace] GC(784) Metaspace: 40298K(41216K)->40298K(41216K) NonClass: 35975K(36608K)->35975K(36608K) Class: 4323K(4608K)->4323K(4608K)
[2021-03-19T13:35:33.596+0600][gc          ] GC(784) Pause Young (Normal) (G1 Evacuation Pause) 905M->297M(1024M) 4.432ms
[2021-03-19T13:35:33.596+0600][gc,cpu      ] GC(784) User=0.02s Sys=0.00s Real=0.00s
[2021-03-19T13:35:36.360+0600][gc,start    ] GC(785) Pause Young (Normal) (G1 Evacuation Pause)
[2021-03-19T13:35:36.360+0600][gc,task     ] GC(785) Using 8 workers of 8 for evacuation
[2021-03-19T13:35:36.364+0600][gc,phases   ] GC(785)   Pre Evacuate Collection Set: 0.2ms
[2021-03-19T13:35:36.364+0600][gc,phases   ] GC(785)   Merge Heap Roots: 0.1ms
[2021-03-19T13:35:36.364+0600][gc,phases   ] GC(785)   Evacuate Collection Set: 3.2ms
[2021-03-19T13:35:36.364+0600][gc,phases   ] GC(785)   Post Evacuate Collection Set: 0.6ms
[2021-03-19T13:35:36.364+0600][gc,phases   ] GC(785)   Other: 0.2ms
[2021-03-19T13:35:36.364+0600][gc,heap     ] GC(785) Eden regions: 609->0(609)
[2021-03-19T13:35:36.364+0600][gc,heap     ] GC(785) Survivor regions: 5->5(77)
[2021-03-19T13:35:36.364+0600][gc,heap     ] GC(785) Old regions: 164->164
[2021-03-19T13:35:36.364+0600][gc,heap     ] GC(785) Archive regions: 2->2
[2021-03-19T13:35:36.364+0600][gc,heap     ] GC(785) Humongous regions: 129->129
[2021-03-19T13:35:36.364+0600][gc,metaspace] GC(785) Metaspace: 40298K(41216K)->40298K(41216K) NonClass: 35975K(36608K)->35975K(36608K) Class: 4323K(4608K)->4323K(4608K)
[2021-03-19T13:35:36.364+0600][gc          ] GC(785) Pause Young (Normal) (G1 Evacuation Pause) 906M->298M(1024M) 4.379ms
[2021-03-19T13:35:36.364+0600][gc,cpu      ] GC(785) User=0.03s Sys=0.00s Real=0.00s
[2021-03-19T13:35:39.148+0600][gc,start    ] GC(786) Pause Young (Normal) (G1 Evacuation Pause)
[2021-03-19T13:35:39.148+0600][gc,task     ] GC(786) Using 8 workers of 8 for evacuation
[2021-03-19T13:35:39.153+0600][gc,phases   ] GC(786)   Pre Evacuate Collection Set: 0.2ms
[2021-03-19T13:35:39.153+0600][gc,phases   ] GC(786)   Merge Heap Roots: 0.1ms
[2021-03-19T13:35:39.153+0600][gc,phases   ] GC(786)   Evacuate Collection Set: 3.2ms
[2021-03-19T13:35:39.153+0600][gc,phases   ] GC(786)   Post Evacuate Collection Set: 0.5ms
[2021-03-19T13:35:39.153+0600][gc,phases   ] GC(786)   Other: 0.2ms
[2021-03-19T13:35:39.153+0600][gc,heap     ] GC(786) Eden regions: 609->0(609)
[2021-03-19T13:35:39.153+0600][gc,heap     ] GC(786) Survivor regions: 5->5(77)
[2021-03-19T13:35:39.153+0600][gc,heap     ] GC(786) Old regions: 164->165
[2021-03-19T13:35:39.153+0600][gc,heap     ] GC(786) Archive regions: 2->2
[2021-03-19T13:35:39.153+0600][gc,heap     ] GC(786) Humongous regions: 129->129
[2021-03-19T13:35:39.153+0600][gc,metaspace] GC(786) Metaspace: 40298K(41216K)->40298K(41216K) NonClass: 35975K(36608K)->35975K(36608K) Class: 4323K(4608K)->4323K(4608K)
[2021-03-19T13:35:39.153+0600][gc          ] GC(786) Pause Young (Normal) (G1 Evacuation Pause) 907M->298M(1024M) 4.351ms
[2021-03-19T13:35:39.153+0600][gc,cpu      ] GC(786) User=0.03s Sys=0.00s Real=0.01s
[2021-03-19T13:35:41.915+0600][gc,start    ] GC(787) Pause Young (Normal) (G1 Evacuation Pause)
[2021-03-19T13:35:41.915+0600][gc,task     ] GC(787) Using 8 workers of 8 for evacuation
[2021-03-19T13:35:41.918+0600][gc,phases   ] GC(787)   Pre Evacuate Collection Set: 0.1ms
[2021-03-19T13:35:41.918+0600][gc,phases   ] GC(787)   Merge Heap Roots: 0.1ms
[2021-03-19T13:35:41.918+0600][gc,phases   ] GC(787)   Evacuate Collection Set: 2.9ms
[2021-03-19T13:35:41.918+0600][gc,phases   ] GC(787)   Post Evacuate Collection Set: 0.5ms
[2021-03-19T13:35:41.918+0600][gc,phases   ] GC(787)   Other: 0.2ms
[2021-03-19T13:35:41.918+0600][gc,heap     ] GC(787) Eden regions: 609->0(610)
[2021-03-19T13:35:41.918+0600][gc,heap     ] GC(787) Survivor regions: 5->4(77)
[2021-03-19T13:35:41.918+0600][gc,heap     ] GC(787) Old regions: 165->165
[2021-03-19T13:35:41.918+0600][gc,heap     ] GC(787) Archive regions: 2->2
[2021-03-19T13:35:41.918+0600][gc,heap     ] GC(787) Humongous regions: 129->129
[2021-03-19T13:35:41.918+0600][gc,metaspace] GC(787) Metaspace: 40298K(41216K)->40298K(41216K) NonClass: 35975K(36608K)->35975K(36608K) Class: 4323K(4608K)->4323K(4608K)
[2021-03-19T13:35:41.918+0600][gc          ] GC(787) Pause Young (Normal) (G1 Evacuation Pause) 907M->298M(1024M) 3.955ms
[2021-03-19T13:35:41.918+0600][gc,cpu      ] GC(787) User=0.02s Sys=0.00s Real=0.00s
[2021-03-19T13:35:44.698+0600][gc,start    ] GC(788) Pause Young (Normal) (G1 Evacuation Pause)
[2021-03-19T13:35:44.698+0600][gc,task     ] GC(788) Using 8 workers of 8 for evacuation
[2021-03-19T13:35:44.702+0600][gc,phases   ] GC(788)   Pre Evacuate Collection Set: 0.1ms
[2021-03-19T13:35:44.702+0600][gc,phases   ] GC(788)   Merge Heap Roots: 0.1ms
[2021-03-19T13:35:44.702+0600][gc,phases   ] GC(788)   Evacuate Collection Set: 3.2ms
[2021-03-19T13:35:44.702+0600][gc,phases   ] GC(788)   Post Evacuate Collection Set: 0.5ms
[2021-03-19T13:35:44.702+0600][gc,phases   ] GC(788)   Other: 0.2ms
[2021-03-19T13:35:44.702+0600][gc,heap     ] GC(788) Eden regions: 610->0(610)
[2021-03-19T13:35:44.702+0600][gc,heap     ] GC(788) Survivor regions: 4->4(77)
[2021-03-19T13:35:44.702+0600][gc,heap     ] GC(788) Old regions: 165->166
[2021-03-19T13:35:44.702+0600][gc,heap     ] GC(788) Archive regions: 2->2
[2021-03-19T13:35:44.702+0600][gc,heap     ] GC(788) Humongous regions: 129->129
[2021-03-19T13:35:44.702+0600][gc,metaspace] GC(788) Metaspace: 40298K(41216K)->40298K(41216K) NonClass: 35975K(36608K)->35975K(36608K) Class: 4323K(4608K)->4323K(4608K)
[2021-03-19T13:35:44.702+0600][gc          ] GC(788) Pause Young (Normal) (G1 Evacuation Pause) 908M->298M(1024M) 4.249ms
[2021-03-19T13:35:44.702+0600][gc,cpu      ] GC(788) User=0.02s Sys=0.00s Real=0.01s
[2021-03-19T13:35:47.420+0600][gc,start    ] GC(789) Pause Young (Normal) (G1 Evacuation Pause)
[2021-03-19T13:35:47.420+0600][gc,task     ] GC(789) Using 8 workers of 8 for evacuation
[2021-03-19T13:35:47.424+0600][gc,phases   ] GC(789)   Pre Evacuate Collection Set: 0.1ms
[2021-03-19T13:35:47.424+0600][gc,phases   ] GC(789)   Merge Heap Roots: 0.1ms
[2021-03-19T13:35:47.424+0600][gc,phases   ] GC(789)   Evacuate Collection Set: 3.1ms
[2021-03-19T13:35:47.424+0600][gc,phases   ] GC(789)   Post Evacuate Collection Set: 0.5ms
[2021-03-19T13:35:47.424+0600][gc,phases   ] GC(789)   Other: 0.2ms
[2021-03-19T13:35:47.424+0600][gc,heap     ] GC(789) Eden regions: 610->0(610)
[2021-03-19T13:35:47.424+0600][gc,heap     ] GC(789) Survivor regions: 4->4(77)
[2021-03-19T13:35:47.424+0600][gc,heap     ] GC(789) Old regions: 166->166
[2021-03-19T13:35:47.424+0600][gc,heap     ] GC(789) Archive regions: 2->2
[2021-03-19T13:35:47.424+0600][gc,heap     ] GC(789) Humongous regions: 129->129
[2021-03-19T13:35:47.424+0600][gc,metaspace] GC(789) Metaspace: 40298K(41216K)->40298K(41216K) NonClass: 35975K(36608K)->35975K(36608K) Class: 4323K(4608K)->4323K(4608K)
[2021-03-19T13:35:47.424+0600][gc          ] GC(789) Pause Young (Normal) (G1 Evacuation Pause) 908M->298M(1024M) 4.042ms
[2021-03-19T13:35:47.424+0600][gc,cpu      ] GC(789) User=0.02s Sys=0.00s Real=0.00s
[2021-03-19T13:35:50.203+0600][gc,start    ] GC(790) Pause Young (Normal) (G1 Evacuation Pause)
[2021-03-19T13:35:50.203+0600][gc,task     ] GC(790) Using 8 workers of 8 for evacuation
[2021-03-19T13:35:50.206+0600][gc,phases   ] GC(790)   Pre Evacuate Collection Set: 0.1ms
[2021-03-19T13:35:50.206+0600][gc,phases   ] GC(790)   Merge Heap Roots: 0.1ms
[2021-03-19T13:35:50.206+0600][gc,phases   ] GC(790)   Evacuate Collection Set: 2.5ms
[2021-03-19T13:35:50.206+0600][gc,phases   ] GC(790)   Post Evacuate Collection Set: 0.4ms
[2021-03-19T13:35:50.206+0600][gc,phases   ] GC(790)   Other: 0.2ms
[2021-03-19T13:35:50.206+0600][gc,heap     ] GC(790) Eden regions: 610->0(610)
[2021-03-19T13:35:50.206+0600][gc,heap     ] GC(790) Survivor regions: 4->4(77)
[2021-03-19T13:35:50.206+0600][gc,heap     ] GC(790) Old regions: 166->167
[2021-03-19T13:35:50.206+0600][gc,heap     ] GC(790) Archive regions: 2->2
[2021-03-19T13:35:50.206+0600][gc,heap     ] GC(790) Humongous regions: 129->129
[2021-03-19T13:35:50.206+0600][gc,metaspace] GC(790) Metaspace: 40298K(41216K)->40298K(41216K) NonClass: 35975K(36608K)->35975K(36608K) Class: 4323K(4608K)->4323K(4608K)
[2021-03-19T13:35:50.207+0600][gc          ] GC(790) Pause Young (Normal) (G1 Evacuation Pause) 908M->299M(1024M) 3.427ms
[2021-03-19T13:35:50.207+0600][gc,cpu      ] GC(790) User=0.02s Sys=0.00s Real=0.00s
[2021-03-19T13:35:52.968+0600][gc,start    ] GC(791) Pause Young (Normal) (G1 Evacuation Pause)
[2021-03-19T13:35:52.968+0600][gc,task     ] GC(791) Using 8 workers of 8 for evacuation
[2021-03-19T13:35:52.973+0600][gc,phases   ] GC(791)   Pre Evacuate Collection Set: 0.2ms
[2021-03-19T13:35:52.973+0600][gc,phases   ] GC(791)   Merge Heap Roots: 0.2ms
[2021-03-19T13:35:52.973+0600][gc,phases   ] GC(791)   Evacuate Collection Set: 4.4ms
[2021-03-19T13:35:52.973+0600][gc,phases   ] GC(791)   Post Evacuate Collection Set: 0.4ms
[2021-03-19T13:35:52.973+0600][gc,phases   ] GC(791)   Other: 0.2ms
[2021-03-19T13:35:52.973+0600][gc,heap     ] GC(791) Eden regions: 610->0(610)
[2021-03-19T13:35:52.973+0600][gc,heap     ] GC(791) Survivor regions: 4->4(77)
[2021-03-19T13:35:52.973+0600][gc,heap     ] GC(791) Old regions: 167->167
[2021-03-19T13:35:52.973+0600][gc,heap     ] GC(791) Archive regions: 2->2
[2021-03-19T13:35:52.973+0600][gc,heap     ] GC(791) Humongous regions: 129->129
[2021-03-19T13:35:52.973+0600][gc,metaspace] GC(791) Metaspace: 40298K(41216K)->40298K(41216K) NonClass: 35975K(36608K)->35975K(36608K) Class: 4323K(4608K)->4323K(4608K)
[2021-03-19T13:35:52.973+0600][gc          ] GC(791) Pause Young (Normal) (G1 Evacuation Pause) 909M->299M(1024M) 5.470ms
[2021-03-19T13:35:52.973+0600][gc,cpu      ] GC(791) User=0.02s Sys=0.00s Real=0.01s
[2021-03-19T13:35:55.762+0600][gc,start    ] GC(792) Pause Young (Normal) (G1 Evacuation Pause)
[2021-03-19T13:35:55.762+0600][gc,task     ] GC(792) Using 8 workers of 8 for evacuation
[2021-03-19T13:35:55.765+0600][gc,phases   ] GC(792)   Pre Evacuate Collection Set: 0.1ms
[2021-03-19T13:35:55.765+0600][gc,phases   ] GC(792)   Merge Heap Roots: 0.1ms
[2021-03-19T13:35:55.765+0600][gc,phases   ] GC(792)   Evacuate Collection Set: 2.5ms
[2021-03-19T13:35:55.765+0600][gc,phases   ] GC(792)   Post Evacuate Collection Set: 0.5ms
[2021-03-19T13:35:55.765+0600][gc,phases   ] GC(792)   Other: 0.2ms
[2021-03-19T13:35:55.765+0600][gc,heap     ] GC(792) Eden regions: 610->0(611)
[2021-03-19T13:35:55.765+0600][gc,heap     ] GC(792) Survivor regions: 4->3(77)
[2021-03-19T13:35:55.765+0600][gc,heap     ] GC(792) Old regions: 167->167
[2021-03-19T13:35:55.765+0600][gc,heap     ] GC(792) Archive regions: 2->2
[2021-03-19T13:35:55.765+0600][gc,heap     ] GC(792) Humongous regions: 129->129
[2021-03-19T13:35:55.765+0600][gc,metaspace] GC(792) Metaspace: 40298K(41216K)->40298K(41216K) NonClass: 35975K(36608K)->35975K(36608K) Class: 4323K(4608K)->4323K(4608K)
[2021-03-19T13:35:55.765+0600][gc          ] GC(792) Pause Young (Normal) (G1 Evacuation Pause) 909M->299M(1024M) 3.504ms
[2021-03-19T13:35:55.765+0600][gc,cpu      ] GC(792) User=0.02s Sys=0.00s Real=0.00s
[2021-03-19T13:35:58.561+0600][gc,start    ] GC(793) Pause Young (Normal) (G1 Evacuation Pause)
[2021-03-19T13:35:58.561+0600][gc,task     ] GC(793) Using 8 workers of 8 for evacuation
[2021-03-19T13:35:58.564+0600][gc,phases   ] GC(793)   Pre Evacuate Collection Set: 0.2ms
[2021-03-19T13:35:58.564+0600][gc,phases   ] GC(793)   Merge Heap Roots: 0.2ms
[2021-03-19T13:35:58.564+0600][gc,phases   ] GC(793)   Evacuate Collection Set: 2.7ms
[2021-03-19T13:35:58.564+0600][gc,phases   ] GC(793)   Post Evacuate Collection Set: 0.4ms
[2021-03-19T13:35:58.564+0600][gc,phases   ] GC(793)   Other: 0.2ms
[2021-03-19T13:35:58.564+0600][gc,heap     ] GC(793) Eden regions: 611->0(611)
[2021-03-19T13:35:58.564+0600][gc,heap     ] GC(793) Survivor regions: 3->3(77)
[2021-03-19T13:35:58.564+0600][gc,heap     ] GC(793) Old regions: 167->167
[2021-03-19T13:35:58.564+0600][gc,heap     ] GC(793) Archive regions: 2->2
[2021-03-19T13:35:58.564+0600][gc,heap     ] GC(793) Humongous regions: 129->129
[2021-03-19T13:35:58.564+0600][gc,metaspace] GC(793) Metaspace: 40298K(41216K)->40298K(41216K) NonClass: 35975K(36608K)->35975K(36608K) Class: 4323K(4608K)->4323K(4608K)
[2021-03-19T13:35:58.564+0600][gc          ] GC(793) Pause Young (Normal) (G1 Evacuation Pause) 910M->299M(1024M) 3.710ms
[2021-03-19T13:35:58.564+0600][gc,cpu      ] GC(793) User=0.02s Sys=0.00s Real=0.00s
[2021-03-19T13:36:01.360+0600][gc,start    ] GC(794) Pause Young (Normal) (G1 Evacuation Pause)
[2021-03-19T13:36:01.360+0600][gc,task     ] GC(794) Using 8 workers of 8 for evacuation
[2021-03-19T13:36:01.364+0600][gc,phases   ] GC(794)   Pre Evacuate Collection Set: 0.2ms
[2021-03-19T13:36:01.364+0600][gc,phases   ] GC(794)   Merge Heap Roots: 0.1ms
[2021-03-19T13:36:01.364+0600][gc,phases   ] GC(794)   Evacuate Collection Set: 3.1ms
[2021-03-19T13:36:01.364+0600][gc,phases   ] GC(794)   Post Evacuate Collection Set: 0.5ms
[2021-03-19T13:36:01.364+0600][gc,phases   ] GC(794)   Other: 0.2ms
[2021-03-19T13:36:01.364+0600][gc,heap     ] GC(794) Eden regions: 611->0(611)
[2021-03-19T13:36:01.364+0600][gc,heap     ] GC(794) Survivor regions: 3->3(77)
[2021-03-19T13:36:01.364+0600][gc,heap     ] GC(794) Old regions: 167->168
[2021-03-19T13:36:01.364+0600][gc,heap     ] GC(794) Archive regions: 2->2
[2021-03-19T13:36:01.364+0600][gc,heap     ] GC(794) Humongous regions: 129->129
[2021-03-19T13:36:01.364+0600][gc,metaspace] GC(794) Metaspace: 40298K(41216K)->40298K(41216K) NonClass: 35975K(36608K)->35975K(36608K) Class: 4323K(4608K)->4323K(4608K)
[2021-03-19T13:36:01.364+0600][gc          ] GC(794) Pause Young (Normal) (G1 Evacuation Pause) 910M->299M(1024M) 4.081ms
[2021-03-19T13:36:01.364+0600][gc,cpu      ] GC(794) User=0.02s Sys=0.00s Real=0.00s
[2021-03-19T13:36:04.416+0600][gc,start    ] GC(795) Pause Young (Normal) (G1 Evacuation Pause)
[2021-03-19T13:36:04.416+0600][gc,task     ] GC(795) Using 8 workers of 8 for evacuation
[2021-03-19T13:36:04.421+0600][gc,phases   ] GC(795)   Pre Evacuate Collection Set: 0.2ms
[2021-03-19T13:36:04.421+0600][gc,phases   ] GC(795)   Merge Heap Roots: 0.1ms
[2021-03-19T13:36:04.421+0600][gc,phases   ] GC(795)   Evacuate Collection Set: 4.0ms
[2021-03-19T13:36:04.421+0600][gc,phases   ] GC(795)   Post Evacuate Collection Set: 0.6ms
[2021-03-19T13:36:04.421+0600][gc,phases   ] GC(795)   Other: 0.2ms
[2021-03-19T13:36:04.421+0600][gc,heap     ] GC(795) Eden regions: 611->0(611)
[2021-03-19T13:36:04.421+0600][gc,heap     ] GC(795) Survivor regions: 3->3(77)
[2021-03-19T13:36:04.421+0600][gc,heap     ] GC(795) Old regions: 168->168
[2021-03-19T13:36:04.421+0600][gc,heap     ] GC(795) Archive regions: 2->2
[2021-03-19T13:36:04.421+0600][gc,heap     ] GC(795) Humongous regions: 129->129
[2021-03-19T13:36:04.421+0600][gc,metaspace] GC(795) Metaspace: 40298K(41216K)->40298K(41216K) NonClass: 35975K(36608K)->35975K(36608K) Class: 4323K(4608K)->4323K(4608K)
[2021-03-19T13:36:04.421+0600][gc          ] GC(795) Pause Young (Normal) (G1 Evacuation Pause) 910M->299M(1024M) 5.221ms
[2021-03-19T13:36:04.421+0600][gc,cpu      ] GC(795) User=0.02s Sys=0.00s Real=0.01s
[2021-03-19T13:36:07.698+0600][gc,start    ] GC(796) Pause Young (Normal) (G1 Evacuation Pause)
[2021-03-19T13:36:07.698+0600][gc,task     ] GC(796) Using 8 workers of 8 for evacuation
[2021-03-19T13:36:07.701+0600][gc,phases   ] GC(796)   Pre Evacuate Collection Set: 0.1ms
[2021-03-19T13:36:07.701+0600][gc,phases   ] GC(796)   Merge Heap Roots: 0.1ms
[2021-03-19T13:36:07.701+0600][gc,phases   ] GC(796)   Evacuate Collection Set: 2.5ms
[2021-03-19T13:36:07.701+0600][gc,phases   ] GC(796)   Post Evacuate Collection Set: 0.4ms
[2021-03-19T13:36:07.701+0600][gc,phases   ] GC(796)   Other: 0.2ms
[2021-03-19T13:36:07.701+0600][gc,heap     ] GC(796) Eden regions: 611->0(611)
[2021-03-19T13:36:07.701+0600][gc,heap     ] GC(796) Survivor regions: 3->3(77)
[2021-03-19T13:36:07.701+0600][gc,heap     ] GC(796) Old regions: 168->168
[2021-03-19T13:36:07.701+0600][gc,heap     ] GC(796) Archive regions: 2->2
[2021-03-19T13:36:07.701+0600][gc,heap     ] GC(796) Humongous regions: 129->129
[2021-03-19T13:36:07.701+0600][gc,metaspace] GC(796) Metaspace: 40298K(41216K)->40298K(41216K) NonClass: 35975K(36608K)->35975K(36608K) Class: 4323K(4608K)->4323K(4608K)
[2021-03-19T13:36:07.701+0600][gc          ] GC(796) Pause Young (Normal) (G1 Evacuation Pause) 910M->300M(1024M) 3.372ms
[2021-03-19T13:36:07.701+0600][gc,cpu      ] GC(796) User=0.01s Sys=0.00s Real=0.01s
[2021-03-19T13:36:10.492+0600][gc,start    ] GC(797) Pause Young (Normal) (G1 Evacuation Pause)
[2021-03-19T13:36:10.492+0600][gc,task     ] GC(797) Using 8 workers of 8 for evacuation
[2021-03-19T13:36:10.495+0600][gc,phases   ] GC(797)   Pre Evacuate Collection Set: 0.1ms
[2021-03-19T13:36:10.495+0600][gc,phases   ] GC(797)   Merge Heap Roots: 0.1ms
[2021-03-19T13:36:10.495+0600][gc,phases   ] GC(797)   Evacuate Collection Set: 2.6ms
[2021-03-19T13:36:10.495+0600][gc,phases   ] GC(797)   Post Evacuate Collection Set: 0.4ms
[2021-03-19T13:36:10.495+0600][gc,phases   ] GC(797)   Other: 0.1ms
[2021-03-19T13:36:10.495+0600][gc,heap     ] GC(797) Eden regions: 611->0(611)
[2021-03-19T13:36:10.495+0600][gc,heap     ] GC(797) Survivor regions: 3->3(77)
[2021-03-19T13:36:10.495+0600][gc,heap     ] GC(797) Old regions: 168->168
[2021-03-19T13:36:10.495+0600][gc,heap     ] GC(797) Archive regions: 2->2
[2021-03-19T13:36:10.495+0600][gc,heap     ] GC(797) Humongous regions: 129->129
[2021-03-19T13:36:10.495+0600][gc,metaspace] GC(797) Metaspace: 40298K(41216K)->40298K(41216K) NonClass: 35975K(36608K)->35975K(36608K) Class: 4323K(4608K)->4323K(4608K)
[2021-03-19T13:36:10.495+0600][gc          ] GC(797) Pause Young (Normal) (G1 Evacuation Pause) 911M->300M(1024M) 3.503ms
[2021-03-19T13:36:10.496+0600][gc,cpu      ] GC(797) User=0.02s Sys=0.00s Real=0.00s
[2021-03-19T13:36:13.263+0600][gc,start    ] GC(798) Pause Young (Normal) (G1 Evacuation Pause)
[2021-03-19T13:36:13.263+0600][gc,task     ] GC(798) Using 8 workers of 8 for evacuation
[2021-03-19T13:36:13.267+0600][gc,phases   ] GC(798)   Pre Evacuate Collection Set: 0.1ms
[2021-03-19T13:36:13.267+0600][gc,phases   ] GC(798)   Merge Heap Roots: 0.1ms
[2021-03-19T13:36:13.267+0600][gc,phases   ] GC(798)   Evacuate Collection Set: 2.7ms
[2021-03-19T13:36:13.267+0600][gc,phases   ] GC(798)   Post Evacuate Collection Set: 0.6ms
[2021-03-19T13:36:13.267+0600][gc,phases   ] GC(798)   Other: 0.2ms
[2021-03-19T13:36:13.267+0600][gc,heap     ] GC(798) Eden regions: 611->0(611)
[2021-03-19T13:36:13.267+0600][gc,heap     ] GC(798) Survivor regions: 3->3(77)
[2021-03-19T13:36:13.267+0600][gc,heap     ] GC(798) Old regions: 168->169
[2021-03-19T13:36:13.267+0600][gc,heap     ] GC(798) Archive regions: 2->2
[2021-03-19T13:36:13.267+0600][gc,heap     ] GC(798) Humongous regions: 129->129
[2021-03-19T13:36:13.267+0600][gc,metaspace] GC(798) Metaspace: 40298K(41216K)->40298K(41216K) NonClass: 35975K(36608K)->35975K(36608K) Class: 4323K(4608K)->4323K(4608K)
[2021-03-19T13:36:13.267+0600][gc          ] GC(798) Pause Young (Normal) (G1 Evacuation Pause) 911M->300M(1024M) 3.780ms
[2021-03-19T13:36:13.267+0600][gc,cpu      ] GC(798) User=0.02s Sys=0.00s Real=0.00s
[2021-03-19T13:36:15.986+0600][gc,start    ] GC(799) Pause Young (Normal) (G1 Evacuation Pause)
[2021-03-19T13:36:15.986+0600][gc,task     ] GC(799) Using 8 workers of 8 for evacuation
[2021-03-19T13:36:15.989+0600][gc,phases   ] GC(799)   Pre Evacuate Collection Set: 0.1ms
[2021-03-19T13:36:15.989+0600][gc,phases   ] GC(799)   Merge Heap Roots: 0.1ms
[2021-03-19T13:36:15.989+0600][gc,phases   ] GC(799)   Evacuate Collection Set: 2.5ms
[2021-03-19T13:36:15.989+0600][gc,phases   ] GC(799)   Post Evacuate Collection Set: 0.5ms
[2021-03-19T13:36:15.989+0600][gc,phases   ] GC(799)   Other: 0.2ms
[2021-03-19T13:36:15.989+0600][gc,heap     ] GC(799) Eden regions: 611->0(611)
[2021-03-19T13:36:15.989+0600][gc,heap     ] GC(799) Survivor regions: 3->3(77)
[2021-03-19T13:36:15.989+0600][gc,heap     ] GC(799) Old regions: 169->169
[2021-03-19T13:36:15.989+0600][gc,heap     ] GC(799) Archive regions: 2->2
[2021-03-19T13:36:15.989+0600][gc,heap     ] GC(799) Humongous regions: 129->129
[2021-03-19T13:36:15.989+0600][gc,metaspace] GC(799) Metaspace: 40298K(41216K)->40298K(41216K) NonClass: 35975K(36608K)->35975K(36608K) Class: 4323K(4608K)->4323K(4608K)
[2021-03-19T13:36:15.990+0600][gc          ] GC(799) Pause Young (Normal) (G1 Evacuation Pause) 911M->300M(1024M) 3.609ms
[2021-03-19T13:36:15.990+0600][gc,cpu      ] GC(799) User=0.02s Sys=0.00s Real=0.01s
[2021-03-19T13:36:18.780+0600][gc,start    ] GC(800) Pause Young (Normal) (G1 Evacuation Pause)
[2021-03-19T13:36:18.780+0600][gc,task     ] GC(800) Using 8 workers of 8 for evacuation
[2021-03-19T13:36:18.783+0600][gc,phases   ] GC(800)   Pre Evacuate Collection Set: 0.2ms
[2021-03-19T13:36:18.783+0600][gc,phases   ] GC(800)   Merge Heap Roots: 0.1ms
[2021-03-19T13:36:18.783+0600][gc,phases   ] GC(800)   Evacuate Collection Set: 2.2ms
[2021-03-19T13:36:18.783+0600][gc,phases   ] GC(800)   Post Evacuate Collection Set: 0.5ms
[2021-03-19T13:36:18.783+0600][gc,phases   ] GC(800)   Other: 0.2ms
[2021-03-19T13:36:18.783+0600][gc,heap     ] GC(800) Eden regions: 611->0(611)
[2021-03-19T13:36:18.783+0600][gc,heap     ] GC(800) Survivor regions: 3->3(77)
[2021-03-19T13:36:18.783+0600][gc,heap     ] GC(800) Old regions: 169->169
[2021-03-19T13:36:18.783+0600][gc,heap     ] GC(800) Archive regions: 2->2
[2021-03-19T13:36:18.783+0600][gc,heap     ] GC(800) Humongous regions: 129->129
[2021-03-19T13:36:18.783+0600][gc,metaspace] GC(800) Metaspace: 40298K(41216K)->40298K(41216K) NonClass: 35975K(36608K)->35975K(36608K) Class: 4323K(4608K)->4323K(4608K)
[2021-03-19T13:36:18.783+0600][gc          ] GC(800) Pause Young (Normal) (G1 Evacuation Pause) 911M->300M(1024M) 3.254ms
[2021-03-19T13:36:18.783+0600][gc,cpu      ] GC(800) User=0.02s Sys=0.00s Real=0.00s
[2021-03-19T13:36:21.649+0600][gc,start    ] GC(801) Pause Young (Normal) (G1 Evacuation Pause)
[2021-03-19T13:36:21.649+0600][gc,task     ] GC(801) Using 8 workers of 8 for evacuation
[2021-03-19T13:36:21.653+0600][gc,phases   ] GC(801)   Pre Evacuate Collection Set: 0.1ms
[2021-03-19T13:36:21.653+0600][gc,phases   ] GC(801)   Merge Heap Roots: 0.1ms
[2021-03-19T13:36:21.653+0600][gc,phases   ] GC(801)   Evacuate Collection Set: 2.4ms
[2021-03-19T13:36:21.653+0600][gc,phases   ] GC(801)   Post Evacuate Collection Set: 0.5ms
[2021-03-19T13:36:21.653+0600][gc,phases   ] GC(801)   Other: 0.2ms
[2021-03-19T13:36:21.653+0600][gc,heap     ] GC(801) Eden regions: 611->0(611)
[2021-03-19T13:36:21.653+0600][gc,heap     ] GC(801) Survivor regions: 3->3(77)
[2021-03-19T13:36:21.653+0600][gc,heap     ] GC(801) Old regions: 169->169
[2021-03-19T13:36:21.653+0600][gc,heap     ] GC(801) Archive regions: 2->2
[2021-03-19T13:36:21.653+0600][gc,heap     ] GC(801) Humongous regions: 129->129
[2021-03-19T13:36:21.653+0600][gc,metaspace] GC(801) Metaspace: 40298K(41216K)->40298K(41216K) NonClass: 35975K(36608K)->35975K(36608K) Class: 4323K(4608K)->4323K(4608K)
[2021-03-19T13:36:21.653+0600][gc          ] GC(801) Pause Young (Normal) (G1 Evacuation Pause) 911M->300M(1024M) 3.377ms
[2021-03-19T13:36:21.653+0600][gc,cpu      ] GC(801) User=0.02s Sys=0.00s Real=0.01s
[2021-03-19T13:36:24.637+0600][gc,start    ] GC(802) Pause Young (Normal) (G1 Evacuation Pause)
[2021-03-19T13:36:24.637+0600][gc,task     ] GC(802) Using 8 workers of 8 for evacuation
[2021-03-19T13:36:24.642+0600][gc,phases   ] GC(802)   Pre Evacuate Collection Set: 0.2ms
[2021-03-19T13:36:24.642+0600][gc,phases   ] GC(802)   Merge Heap Roots: 0.1ms
[2021-03-19T13:36:24.642+0600][gc,phases   ] GC(802)   Evacuate Collection Set: 3.8ms
[2021-03-19T13:36:24.642+0600][gc,phases   ] GC(802)   Post Evacuate Collection Set: 0.5ms
[2021-03-19T13:36:24.642+0600][gc,phases   ] GC(802)   Other: 0.2ms
[2021-03-19T13:36:24.642+0600][gc,heap     ] GC(802) Eden regions: 611->0(611)
[2021-03-19T13:36:24.642+0600][gc,heap     ] GC(802) Survivor regions: 3->3(77)
[2021-03-19T13:36:24.642+0600][gc,heap     ] GC(802) Old regions: 169->169
[2021-03-19T13:36:24.642+0600][gc,heap     ] GC(802) Archive regions: 2->2
[2021-03-19T13:36:24.642+0600][gc,heap     ] GC(802) Humongous regions: 129->129
[2021-03-19T13:36:24.642+0600][gc,metaspace] GC(802) Metaspace: 40298K(41216K)->40298K(41216K) NonClass: 35975K(36608K)->35975K(36608K) Class: 4323K(4608K)->4323K(4608K)
[2021-03-19T13:36:24.642+0600][gc          ] GC(802) Pause Young (Normal) (G1 Evacuation Pause) 911M->300M(1024M) 4.893ms
[2021-03-19T13:36:24.642+0600][gc,cpu      ] GC(802) User=0.02s Sys=0.00s Real=0.01s
[2021-03-19T13:36:27.455+0600][gc,start    ] GC(803) Pause Young (Normal) (G1 Evacuation Pause)
[2021-03-19T13:36:27.455+0600][gc,task     ] GC(803) Using 8 workers of 8 for evacuation
[2021-03-19T13:36:27.459+0600][gc,phases   ] GC(803)   Pre Evacuate Collection Set: 0.2ms
[2021-03-19T13:36:27.459+0600][gc,phases   ] GC(803)   Merge Heap Roots: 0.1ms
[2021-03-19T13:36:27.459+0600][gc,phases   ] GC(803)   Evacuate Collection Set: 2.1ms
[2021-03-19T13:36:27.459+0600][gc,phases   ] GC(803)   Post Evacuate Collection Set: 0.6ms
[2021-03-19T13:36:27.459+0600][gc,phases   ] GC(803)   Other: 0.2ms
[2021-03-19T13:36:27.459+0600][gc,heap     ] GC(803) Eden regions: 611->0(611)
[2021-03-19T13:36:27.459+0600][gc,heap     ] GC(803) Survivor regions: 3->3(77)
[2021-03-19T13:36:27.459+0600][gc,heap     ] GC(803) Old regions: 169->169
[2021-03-19T13:36:27.459+0600][gc,heap     ] GC(803) Archive regions: 2->2
[2021-03-19T13:36:27.459+0600][gc,heap     ] GC(803) Humongous regions: 129->129
[2021-03-19T13:36:27.459+0600][gc,metaspace] GC(803) Metaspace: 40298K(41216K)->40298K(41216K) NonClass: 35975K(36608K)->35975K(36608K) Class: 4323K(4608K)->4323K(4608K)
[2021-03-19T13:36:27.459+0600][gc          ] GC(803) Pause Young (Normal) (G1 Evacuation Pause) 911M->300M(1024M) 3.281ms
[2021-03-19T13:36:27.459+0600][gc,cpu      ] GC(803) User=0.01s Sys=0.00s Real=0.00s
[2021-03-19T13:36:30.214+0600][gc,start    ] GC(804) Pause Young (Normal) (G1 Evacuation Pause)
[2021-03-19T13:36:30.214+0600][gc,task     ] GC(804) Using 8 workers of 8 for evacuation
[2021-03-19T13:36:30.218+0600][gc,phases   ] GC(804)   Pre Evacuate Collection Set: 0.1ms
[2021-03-19T13:36:30.218+0600][gc,phases   ] GC(804)   Merge Heap Roots: 0.1ms
[2021-03-19T13:36:30.218+0600][gc,phases   ] GC(804)   Evacuate Collection Set: 2.6ms
[2021-03-19T13:36:30.218+0600][gc,phases   ] GC(804)   Post Evacuate Collection Set: 0.5ms
[2021-03-19T13:36:30.218+0600][gc,phases   ] GC(804)   Other: 0.2ms
[2021-03-19T13:36:30.218+0600][gc,heap     ] GC(804) Eden regions: 611->0(611)
[2021-03-19T13:36:30.218+0600][gc,heap     ] GC(804) Survivor regions: 3->3(77)
[2021-03-19T13:36:30.218+0600][gc,heap     ] GC(804) Old regions: 169->170
[2021-03-19T13:36:30.218+0600][gc,heap     ] GC(804) Archive regions: 2->2
[2021-03-19T13:36:30.218+0600][gc,heap     ] GC(804) Humongous regions: 129->129
[2021-03-19T13:36:30.218+0600][gc,metaspace] GC(804) Metaspace: 40298K(41216K)->40298K(41216K) NonClass: 35975K(36608K)->35975K(36608K) Class: 4323K(4608K)->4323K(4608K)
[2021-03-19T13:36:30.218+0600][gc          ] GC(804) Pause Young (Normal) (G1 Evacuation Pause) 911M->301M(1024M) 3.649ms
[2021-03-19T13:36:30.218+0600][gc,cpu      ] GC(804) User=0.01s Sys=0.00s Real=0.00s
[2021-03-19T13:36:32.920+0600][gc,start    ] GC(805) Pause Young (Normal) (G1 Evacuation Pause)
[2021-03-19T13:36:32.920+0600][gc,task     ] GC(805) Using 8 workers of 8 for evacuation
[2021-03-19T13:36:32.924+0600][gc,phases   ] GC(805)   Pre Evacuate Collection Set: 0.2ms
[2021-03-19T13:36:32.924+0600][gc,phases   ] GC(805)   Merge Heap Roots: 0.1ms
[2021-03-19T13:36:32.924+0600][gc,phases   ] GC(805)   Evacuate Collection Set: 2.2ms
[2021-03-19T13:36:32.924+0600][gc,phases   ] GC(805)   Post Evacuate Collection Set: 0.6ms
[2021-03-19T13:36:32.924+0600][gc,phases   ] GC(805)   Other: 0.2ms
[2021-03-19T13:36:32.924+0600][gc,heap     ] GC(805) Eden regions: 611->0(611)
[2021-03-19T13:36:32.924+0600][gc,heap     ] GC(805) Survivor regions: 3->3(77)
[2021-03-19T13:36:32.924+0600][gc,heap     ] GC(805) Old regions: 170->170
[2021-03-19T13:36:32.924+0600][gc,heap     ] GC(805) Archive regions: 2->2
[2021-03-19T13:36:32.924+0600][gc,heap     ] GC(805) Humongous regions: 129->129
[2021-03-19T13:36:32.924+0600][gc,metaspace] GC(805) Metaspace: 40298K(41216K)->40298K(41216K) NonClass: 35975K(36608K)->35975K(36608K) Class: 4323K(4608K)->4323K(4608K)
[2021-03-19T13:36:32.924+0600][gc          ] GC(805) Pause Young (Normal) (G1 Evacuation Pause) 912M->301M(1024M) 3.261ms
[2021-03-19T13:36:32.924+0600][gc,cpu      ] GC(805) User=0.01s Sys=0.00s Real=0.00s
[2021-03-19T13:36:35.643+0600][gc,start    ] GC(806) Pause Young (Normal) (G1 Evacuation Pause)
[2021-03-19T13:36:35.643+0600][gc,task     ] GC(806) Using 8 workers of 8 for evacuation
[2021-03-19T13:36:35.646+0600][gc,phases   ] GC(806)   Pre Evacuate Collection Set: 0.1ms
[2021-03-19T13:36:35.646+0600][gc,phases   ] GC(806)   Merge Heap Roots: 0.1ms
[2021-03-19T13:36:35.646+0600][gc,phases   ] GC(806)   Evacuate Collection Set: 2.5ms
[2021-03-19T13:36:35.646+0600][gc,phases   ] GC(806)   Post Evacuate Collection Set: 0.4ms
[2021-03-19T13:36:35.646+0600][gc,phases   ] GC(806)   Other: 0.2ms
[2021-03-19T13:36:35.646+0600][gc,heap     ] GC(806) Eden regions: 611->0(611)
[2021-03-19T13:36:35.646+0600][gc,heap     ] GC(806) Survivor regions: 3->3(77)
[2021-03-19T13:36:35.646+0600][gc,heap     ] GC(806) Old regions: 170->170
[2021-03-19T13:36:35.646+0600][gc,heap     ] GC(806) Archive regions: 2->2
[2021-03-19T13:36:35.646+0600][gc,heap     ] GC(806) Humongous regions: 129->129
[2021-03-19T13:36:35.646+0600][gc,metaspace] GC(806) Metaspace: 40298K(41216K)->40298K(41216K) NonClass: 35975K(36608K)->35975K(36608K) Class: 4323K(4608K)->4323K(4608K)
[2021-03-19T13:36:35.646+0600][gc          ] GC(806) Pause Young (Normal) (G1 Evacuation Pause) 912M->301M(1024M) 3.414ms
[2021-03-19T13:36:35.646+0600][gc,cpu      ] GC(806) User=0.02s Sys=0.00s Real=0.00s
[2021-03-19T13:36:38.428+0600][gc,start    ] GC(807) Pause Young (Normal) (G1 Evacuation Pause)
[2021-03-19T13:36:38.428+0600][gc,task     ] GC(807) Using 8 workers of 8 for evacuation
[2021-03-19T13:36:38.432+0600][gc,phases   ] GC(807)   Pre Evacuate Collection Set: 0.2ms
[2021-03-19T13:36:38.432+0600][gc,phases   ] GC(807)   Merge Heap Roots: 0.1ms
[2021-03-19T13:36:38.432+0600][gc,phases   ] GC(807)   Evacuate Collection Set: 2.5ms
[2021-03-19T13:36:38.432+0600][gc,phases   ] GC(807)   Post Evacuate Collection Set: 0.5ms
[2021-03-19T13:36:38.432+0600][gc,phases   ] GC(807)   Other: 0.2ms
[2021-03-19T13:36:38.432+0600][gc,heap     ] GC(807) Eden regions: 611->0(611)
[2021-03-19T13:36:38.432+0600][gc,heap     ] GC(807) Survivor regions: 3->3(77)
[2021-03-19T13:36:38.432+0600][gc,heap     ] GC(807) Old regions: 170->170
[2021-03-19T13:36:38.432+0600][gc,heap     ] GC(807) Archive regions: 2->2
[2021-03-19T13:36:38.432+0600][gc,heap     ] GC(807) Humongous regions: 129->129
[2021-03-19T13:36:38.432+0600][gc,metaspace] GC(807) Metaspace: 40298K(41216K)->40298K(41216K) NonClass: 35975K(36608K)->35975K(36608K) Class: 4323K(4608K)->4323K(4608K)
[2021-03-19T13:36:38.432+0600][gc          ] GC(807) Pause Young (Normal) (G1 Evacuation Pause) 912M->301M(1024M) 3.614ms
[2021-03-19T13:36:38.432+0600][gc,cpu      ] GC(807) User=0.02s Sys=0.01s Real=0.01s
[2021-03-19T13:36:41.223+0600][gc,start    ] GC(808) Pause Young (Normal) (G1 Evacuation Pause)
[2021-03-19T13:36:41.223+0600][gc,task     ] GC(808) Using 8 workers of 8 for evacuation
[2021-03-19T13:36:41.227+0600][gc,phases   ] GC(808)   Pre Evacuate Collection Set: 0.2ms
[2021-03-19T13:36:41.227+0600][gc,phases   ] GC(808)   Merge Heap Roots: 0.1ms
[2021-03-19T13:36:41.227+0600][gc,phases   ] GC(808)   Evacuate Collection Set: 2.5ms
[2021-03-19T13:36:41.227+0600][gc,phases   ] GC(808)   Post Evacuate Collection Set: 0.6ms
[2021-03-19T13:36:41.227+0600][gc,phases   ] GC(808)   Other: 0.2ms
[2021-03-19T13:36:41.227+0600][gc,heap     ] GC(808) Eden regions: 611->0(611)
[2021-03-19T13:36:41.227+0600][gc,heap     ] GC(808) Survivor regions: 3->3(77)
[2021-03-19T13:36:41.227+0600][gc,heap     ] GC(808) Old regions: 170->170
[2021-03-19T13:36:41.227+0600][gc,heap     ] GC(808) Archive regions: 2->2
[2021-03-19T13:36:41.227+0600][gc,heap     ] GC(808) Humongous regions: 129->129
[2021-03-19T13:36:41.227+0600][gc,metaspace] GC(808) Metaspace: 40298K(41216K)->40298K(41216K) NonClass: 35975K(36608K)->35975K(36608K) Class: 4323K(4608K)->4323K(4608K)
[2021-03-19T13:36:41.227+0600][gc          ] GC(808) Pause Young (Normal) (G1 Evacuation Pause) 912M->301M(1024M) 3.650ms
[2021-03-19T13:36:41.227+0600][gc,cpu      ] GC(808) User=0.01s Sys=0.00s Real=0.00s
[2021-03-19T13:36:43.948+0600][gc,start    ] GC(809) Pause Young (Normal) (G1 Evacuation Pause)
[2021-03-19T13:36:43.948+0600][gc,task     ] GC(809) Using 8 workers of 8 for evacuation
[2021-03-19T13:36:43.951+0600][gc,phases   ] GC(809)   Pre Evacuate Collection Set: 0.2ms
[2021-03-19T13:36:43.951+0600][gc,phases   ] GC(809)   Merge Heap Roots: 0.1ms
[2021-03-19T13:36:43.951+0600][gc,phases   ] GC(809)   Evacuate Collection Set: 2.3ms
[2021-03-19T13:36:43.951+0600][gc,phases   ] GC(809)   Post Evacuate Collection Set: 0.5ms
[2021-03-19T13:36:43.951+0600][gc,phases   ] GC(809)   Other: 0.2ms
[2021-03-19T13:36:43.951+0600][gc,heap     ] GC(809) Eden regions: 611->0(611)
[2021-03-19T13:36:43.951+0600][gc,heap     ] GC(809) Survivor regions: 3->3(77)
[2021-03-19T13:36:43.951+0600][gc,heap     ] GC(809) Old regions: 170->170
[2021-03-19T13:36:43.951+0600][gc,heap     ] GC(809) Archive regions: 2->2
[2021-03-19T13:36:43.951+0600][gc,heap     ] GC(809) Humongous regions: 129->129
[2021-03-19T13:36:43.951+0600][gc,metaspace] GC(809) Metaspace: 40298K(41216K)->40298K(41216K) NonClass: 35975K(36608K)->35975K(36608K) Class: 4323K(4608K)->4323K(4608K)
[2021-03-19T13:36:43.951+0600][gc          ] GC(809) Pause Young (Normal) (G1 Evacuation Pause) 912M->301M(1024M) 3.352ms
[2021-03-19T13:36:43.951+0600][gc,cpu      ] GC(809) User=0.02s Sys=0.00s Real=0.01s
[2021-03-19T13:36:46.685+0600][gc,start    ] GC(810) Pause Young (Normal) (G1 Evacuation Pause)
[2021-03-19T13:36:46.685+0600][gc,task     ] GC(810) Using 8 workers of 8 for evacuation
[2021-03-19T13:36:46.688+0600][gc,phases   ] GC(810)   Pre Evacuate Collection Set: 0.2ms
[2021-03-19T13:36:46.688+0600][gc,phases   ] GC(810)   Merge Heap Roots: 0.1ms
[2021-03-19T13:36:46.688+0600][gc,phases   ] GC(810)   Evacuate Collection Set: 2.0ms
[2021-03-19T13:36:46.688+0600][gc,phases   ] GC(810)   Post Evacuate Collection Set: 0.5ms
[2021-03-19T13:36:46.688+0600][gc,phases   ] GC(810)   Other: 0.2ms
[2021-03-19T13:36:46.688+0600][gc,heap     ] GC(810) Eden regions: 611->0(612)
[2021-03-19T13:36:46.688+0600][gc,heap     ] GC(810) Survivor regions: 3->2(77)
[2021-03-19T13:36:46.688+0600][gc,heap     ] GC(810) Old regions: 170->171
[2021-03-19T13:36:46.688+0600][gc,heap     ] GC(810) Archive regions: 2->2
[2021-03-19T13:36:46.688+0600][gc,heap     ] GC(810) Humongous regions: 129->129
[2021-03-19T13:36:46.688+0600][gc,metaspace] GC(810) Metaspace: 40298K(41216K)->40298K(41216K) NonClass: 35975K(36608K)->35975K(36608K) Class: 4323K(4608K)->4323K(4608K)
[2021-03-19T13:36:46.688+0600][gc          ] GC(810) Pause Young (Normal) (G1 Evacuation Pause) 912M->301M(1024M) 3.152ms
[2021-03-19T13:36:46.688+0600][gc,cpu      ] GC(810) User=0.02s Sys=0.00s Real=0.00s
[2021-03-19T13:36:49.557+0600][gc,start    ] GC(811) Pause Young (Normal) (G1 Evacuation Pause)
[2021-03-19T13:36:49.557+0600][gc,task     ] GC(811) Using 8 workers of 8 for evacuation
[2021-03-19T13:36:49.560+0600][gc,phases   ] GC(811)   Pre Evacuate Collection Set: 0.2ms
[2021-03-19T13:36:49.560+0600][gc,phases   ] GC(811)   Merge Heap Roots: 0.1ms
[2021-03-19T13:36:49.560+0600][gc,phases   ] GC(811)   Evacuate Collection Set: 2.2ms
[2021-03-19T13:36:49.560+0600][gc,phases   ] GC(811)   Post Evacuate Collection Set: 0.5ms
[2021-03-19T13:36:49.560+0600][gc,phases   ] GC(811)   Other: 0.2ms
[2021-03-19T13:36:49.560+0600][gc,heap     ] GC(811) Eden regions: 612->0(612)
[2021-03-19T13:36:49.560+0600][gc,heap     ] GC(811) Survivor regions: 2->2(77)
[2021-03-19T13:36:49.560+0600][gc,heap     ] GC(811) Old regions: 171->171
[2021-03-19T13:36:49.560+0600][gc,heap     ] GC(811) Archive regions: 2->2
[2021-03-19T13:36:49.560+0600][gc,heap     ] GC(811) Humongous regions: 129->129
[2021-03-19T13:36:49.560+0600][gc,metaspace] GC(811) Metaspace: 40298K(41216K)->40298K(41216K) NonClass: 35975K(36608K)->35975K(36608K) Class: 4323K(4608K)->4323K(4608K)
[2021-03-19T13:36:49.560+0600][gc          ] GC(811) Pause Young (Normal) (G1 Evacuation Pause) 913M->301M(1024M) 3.251ms
[2021-03-19T13:36:49.560+0600][gc,cpu      ] GC(811) User=0.02s Sys=0.00s Real=0.01s
[2021-03-19T13:36:52.373+0600][gc,start    ] GC(812) Pause Young (Normal) (G1 Evacuation Pause)
[2021-03-19T13:36:52.373+0600][gc,task     ] GC(812) Using 8 workers of 8 for evacuation
[2021-03-19T13:36:52.376+0600][gc,phases   ] GC(812)   Pre Evacuate Collection Set: 0.2ms
[2021-03-19T13:36:52.376+0600][gc,phases   ] GC(812)   Merge Heap Roots: 0.1ms
[2021-03-19T13:36:52.376+0600][gc,phases   ] GC(812)   Evacuate Collection Set: 2.3ms
[2021-03-19T13:36:52.376+0600][gc,phases   ] GC(812)   Post Evacuate Collection Set: 0.6ms
[2021-03-19T13:36:52.376+0600][gc,phases   ] GC(812)   Other: 0.2ms
[2021-03-19T13:36:52.376+0600][gc,heap     ] GC(812) Eden regions: 612->0(612)
[2021-03-19T13:36:52.376+0600][gc,heap     ] GC(812) Survivor regions: 2->2(77)
[2021-03-19T13:36:52.376+0600][gc,heap     ] GC(812) Old regions: 171->171
[2021-03-19T13:36:52.376+0600][gc,heap     ] GC(812) Archive regions: 2->2
[2021-03-19T13:36:52.376+0600][gc,heap     ] GC(812) Humongous regions: 129->129
[2021-03-19T13:36:52.376+0600][gc,metaspace] GC(812) Metaspace: 40298K(41216K)->40298K(41216K) NonClass: 35975K(36608K)->35975K(36608K) Class: 4323K(4608K)->4323K(4608K)
[2021-03-19T13:36:52.376+0600][gc          ] GC(812) Pause Young (Normal) (G1 Evacuation Pause) 913M->302M(1024M) 3.450ms
[2021-03-19T13:36:52.376+0600][gc,cpu      ] GC(812) User=0.01s Sys=0.00s Real=0.00s
[2021-03-19T13:36:55.225+0600][gc,start    ] GC(813) Pause Young (Normal) (G1 Evacuation Pause)
[2021-03-19T13:36:55.225+0600][gc,task     ] GC(813) Using 8 workers of 8 for evacuation
[2021-03-19T13:36:55.229+0600][gc,phases   ] GC(813)   Pre Evacuate Collection Set: 0.1ms
[2021-03-19T13:36:55.229+0600][gc,phases   ] GC(813)   Merge Heap Roots: 0.1ms
[2021-03-19T13:36:55.229+0600][gc,phases   ] GC(813)   Evacuate Collection Set: 2.7ms
[2021-03-19T13:36:55.229+0600][gc,phases   ] GC(813)   Post Evacuate Collection Set: 0.5ms
[2021-03-19T13:36:55.229+0600][gc,phases   ] GC(813)   Other: 0.2ms
[2021-03-19T13:36:55.229+0600][gc,heap     ] GC(813) Eden regions: 612->0(612)
[2021-03-19T13:36:55.229+0600][gc,heap     ] GC(813) Survivor regions: 2->2(77)
[2021-03-19T13:36:55.229+0600][gc,heap     ] GC(813) Old regions: 171->171
[2021-03-19T13:36:55.229+0600][gc,heap     ] GC(813) Archive regions: 2->2
[2021-03-19T13:36:55.229+0600][gc,heap     ] GC(813) Humongous regions: 129->129
[2021-03-19T13:36:55.229+0600][gc,metaspace] GC(813) Metaspace: 40298K(41216K)->40298K(41216K) NonClass: 35975K(36608K)->35975K(36608K) Class: 4323K(4608K)->4323K(4608K)
[2021-03-19T13:36:55.229+0600][gc          ] GC(813) Pause Young (Normal) (G1 Evacuation Pause) 914M->302M(1024M) 3.630ms
[2021-03-19T13:36:55.229+0600][gc,cpu      ] GC(813) User=0.02s Sys=0.01s Real=0.00s
[2021-03-19T13:36:57.995+0600][gc,start    ] GC(814) Pause Young (Normal) (G1 Evacuation Pause)
[2021-03-19T13:36:57.995+0600][gc,task     ] GC(814) Using 8 workers of 8 for evacuation
[2021-03-19T13:36:58.000+0600][gc,phases   ] GC(814)   Pre Evacuate Collection Set: 0.2ms
[2021-03-19T13:36:58.000+0600][gc,phases   ] GC(814)   Merge Heap Roots: 0.1ms
[2021-03-19T13:36:58.000+0600][gc,phases   ] GC(814)   Evacuate Collection Set: 3.0ms
[2021-03-19T13:36:58.000+0600][gc,phases   ] GC(814)   Post Evacuate Collection Set: 0.7ms
[2021-03-19T13:36:58.000+0600][gc,phases   ] GC(814)   Other: 0.2ms
[2021-03-19T13:36:58.000+0600][gc,heap     ] GC(814) Eden regions: 612->0(612)
[2021-03-19T13:36:58.000+0600][gc,heap     ] GC(814) Survivor regions: 2->2(77)
[2021-03-19T13:36:58.000+0600][gc,heap     ] GC(814) Old regions: 171->171
[2021-03-19T13:36:58.000+0600][gc,heap     ] GC(814) Archive regions: 2->2
[2021-03-19T13:36:58.000+0600][gc,heap     ] GC(814) Humongous regions: 129->129
[2021-03-19T13:36:58.000+0600][gc,metaspace] GC(814) Metaspace: 40298K(41216K)->40298K(41216K) NonClass: 35975K(36608K)->35975K(36608K) Class: 4323K(4608K)->4323K(4608K)
[2021-03-19T13:36:58.000+0600][gc          ] GC(814) Pause Young (Normal) (G1 Evacuation Pause) 914M->302M(1024M) 4.387ms
[2021-03-19T13:36:58.000+0600][gc,cpu      ] GC(814) User=0.02s Sys=0.00s Real=0.01s
[2021-03-19T13:37:00.752+0600][gc,start    ] GC(815) Pause Young (Normal) (G1 Evacuation Pause)
[2021-03-19T13:37:00.752+0600][gc,task     ] GC(815) Using 8 workers of 8 for evacuation
[2021-03-19T13:37:00.755+0600][gc,phases   ] GC(815)   Pre Evacuate Collection Set: 0.1ms
[2021-03-19T13:37:00.755+0600][gc,phases   ] GC(815)   Merge Heap Roots: 0.1ms
[2021-03-19T13:37:00.755+0600][gc,phases   ] GC(815)   Evacuate Collection Set: 2.2ms
[2021-03-19T13:37:00.756+0600][gc,phases   ] GC(815)   Post Evacuate Collection Set: 0.4ms
[2021-03-19T13:37:00.756+0600][gc,phases   ] GC(815)   Other: 0.2ms
[2021-03-19T13:37:00.756+0600][gc,heap     ] GC(815) Eden regions: 612->0(612)
[2021-03-19T13:37:00.756+0600][gc,heap     ] GC(815) Survivor regions: 2->2(77)
[2021-03-19T13:37:00.756+0600][gc,heap     ] GC(815) Old regions: 171->171
[2021-03-19T13:37:00.756+0600][gc,heap     ] GC(815) Archive regions: 2->2
[2021-03-19T13:37:00.756+0600][gc,heap     ] GC(815) Humongous regions: 129->129
[2021-03-19T13:37:00.756+0600][gc,metaspace] GC(815) Metaspace: 40298K(41216K)->40298K(41216K) NonClass: 35975K(36608K)->35975K(36608K) Class: 4323K(4608K)->4323K(4608K)
[2021-03-19T13:37:00.756+0600][gc          ] GC(815) Pause Young (Normal) (G1 Evacuation Pause) 914M->302M(1024M) 3.135ms
[2021-03-19T13:37:00.756+0600][gc,cpu      ] GC(815) User=0.01s Sys=0.00s Real=0.00s
[2021-03-19T13:37:03.627+0600][gc,start    ] GC(816) Pause Young (Normal) (G1 Evacuation Pause)
[2021-03-19T13:37:03.627+0600][gc,task     ] GC(816) Using 8 workers of 8 for evacuation
[2021-03-19T13:37:03.630+0600][gc,phases   ] GC(816)   Pre Evacuate Collection Set: 0.2ms
[2021-03-19T13:37:03.630+0600][gc,phases   ] GC(816)   Merge Heap Roots: 0.1ms
[2021-03-19T13:37:03.630+0600][gc,phases   ] GC(816)   Evacuate Collection Set: 2.1ms
[2021-03-19T13:37:03.630+0600][gc,phases   ] GC(816)   Post Evacuate Collection Set: 0.6ms
[2021-03-19T13:37:03.630+0600][gc,phases   ] GC(816)   Other: 0.2ms
[2021-03-19T13:37:03.630+0600][gc,heap     ] GC(816) Eden regions: 612->0(612)
[2021-03-19T13:37:03.630+0600][gc,heap     ] GC(816) Survivor regions: 2->2(77)
[2021-03-19T13:37:03.630+0600][gc,heap     ] GC(816) Old regions: 171->171
[2021-03-19T13:37:03.630+0600][gc,heap     ] GC(816) Archive regions: 2->2
[2021-03-19T13:37:03.630+0600][gc,heap     ] GC(816) Humongous regions: 129->129
[2021-03-19T13:37:03.630+0600][gc,metaspace] GC(816) Metaspace: 40298K(41216K)->40298K(41216K) NonClass: 35975K(36608K)->35975K(36608K) Class: 4323K(4608K)->4323K(4608K)
[2021-03-19T13:37:03.630+0600][gc          ] GC(816) Pause Young (Normal) (G1 Evacuation Pause) 914M->302M(1024M) 3.381ms
[2021-03-19T13:37:03.630+0600][gc,cpu      ] GC(816) User=0.02s Sys=0.00s Real=0.01s
[2021-03-19T13:37:06.368+0600][gc,start    ] GC(817) Pause Young (Normal) (G1 Evacuation Pause)
[2021-03-19T13:37:06.369+0600][gc,task     ] GC(817) Using 8 workers of 8 for evacuation
[2021-03-19T13:37:06.372+0600][gc,phases   ] GC(817)   Pre Evacuate Collection Set: 0.2ms
[2021-03-19T13:37:06.372+0600][gc,phases   ] GC(817)   Merge Heap Roots: 0.1ms
[2021-03-19T13:37:06.372+0600][gc,phases   ] GC(817)   Evacuate Collection Set: 2.2ms
[2021-03-19T13:37:06.372+0600][gc,phases   ] GC(817)   Post Evacuate Collection Set: 0.4ms
[2021-03-19T13:37:06.372+0600][gc,phases   ] GC(817)   Other: 0.2ms
[2021-03-19T13:37:06.372+0600][gc,heap     ] GC(817) Eden regions: 612->0(612)
[2021-03-19T13:37:06.372+0600][gc,heap     ] GC(817) Survivor regions: 2->2(77)
[2021-03-19T13:37:06.372+0600][gc,heap     ] GC(817) Old regions: 171->172
[2021-03-19T13:37:06.372+0600][gc,heap     ] GC(817) Archive regions: 2->2
[2021-03-19T13:37:06.372+0600][gc,heap     ] GC(817) Humongous regions: 129->129
[2021-03-19T13:37:06.372+0600][gc,metaspace] GC(817) Metaspace: 40298K(41216K)->40298K(41216K) NonClass: 35975K(36608K)->35975K(36608K) Class: 4323K(4608K)->4323K(4608K)
[2021-03-19T13:37:06.372+0600][gc          ] GC(817) Pause Young (Normal) (G1 Evacuation Pause) 914M->302M(1024M) 3.156ms
[2021-03-19T13:37:06.372+0600][gc,cpu      ] GC(817) User=0.02s Sys=0.00s Real=0.01s
[2021-03-19T13:37:09.141+0600][gc,start    ] GC(818) Pause Young (Normal) (G1 Evacuation Pause)
[2021-03-19T13:37:09.141+0600][gc,task     ] GC(818) Using 8 workers of 8 for evacuation
[2021-03-19T13:37:09.144+0600][gc,phases   ] GC(818)   Pre Evacuate Collection Set: 0.1ms
[2021-03-19T13:37:09.144+0600][gc,phases   ] GC(818)   Merge Heap Roots: 0.1ms
[2021-03-19T13:37:09.144+0600][gc,phases   ] GC(818)   Evacuate Collection Set: 2.1ms
[2021-03-19T13:37:09.144+0600][gc,phases   ] GC(818)   Post Evacuate Collection Set: 0.6ms
[2021-03-19T13:37:09.144+0600][gc,phases   ] GC(818)   Other: 0.2ms
[2021-03-19T13:37:09.144+0600][gc,heap     ] GC(818) Eden regions: 612->0(612)
[2021-03-19T13:37:09.144+0600][gc,heap     ] GC(818) Survivor regions: 2->2(77)
[2021-03-19T13:37:09.144+0600][gc,heap     ] GC(818) Old regions: 172->172
[2021-03-19T13:37:09.144+0600][gc,heap     ] GC(818) Archive regions: 2->2
[2021-03-19T13:37:09.144+0600][gc,heap     ] GC(818) Humongous regions: 129->129
[2021-03-19T13:37:09.144+0600][gc,metaspace] GC(818) Metaspace: 40298K(41216K)->40298K(41216K) NonClass: 35975K(36608K)->35975K(36608K) Class: 4323K(4608K)->4323K(4608K)
[2021-03-19T13:37:09.144+0600][gc          ] GC(818) Pause Young (Normal) (G1 Evacuation Pause) 914M->302M(1024M) 3.228ms
[2021-03-19T13:37:09.144+0600][gc,cpu      ] GC(818) User=0.02s Sys=0.00s Real=0.00s
[2021-03-19T13:37:11.870+0600][gc,start    ] GC(819) Pause Young (Normal) (G1 Evacuation Pause)
[2021-03-19T13:37:11.870+0600][gc,task     ] GC(819) Using 8 workers of 8 for evacuation
[2021-03-19T13:37:11.874+0600][gc,phases   ] GC(819)   Pre Evacuate Collection Set: 0.2ms
[2021-03-19T13:37:11.874+0600][gc,phases   ] GC(819)   Merge Heap Roots: 0.1ms
[2021-03-19T13:37:11.874+0600][gc,phases   ] GC(819)   Evacuate Collection Set: 2.5ms
[2021-03-19T13:37:11.874+0600][gc,phases   ] GC(819)   Post Evacuate Collection Set: 0.4ms
[2021-03-19T13:37:11.874+0600][gc,phases   ] GC(819)   Other: 0.2ms
[2021-03-19T13:37:11.874+0600][gc,heap     ] GC(819) Eden regions: 612->0(612)
[2021-03-19T13:37:11.874+0600][gc,heap     ] GC(819) Survivor regions: 2->2(77)
[2021-03-19T13:37:11.874+0600][gc,heap     ] GC(819) Old regions: 172->172
[2021-03-19T13:37:11.874+0600][gc,heap     ] GC(819) Archive regions: 2->2
[2021-03-19T13:37:11.874+0600][gc,heap     ] GC(819) Humongous regions: 129->129
[2021-03-19T13:37:11.874+0600][gc,metaspace] GC(819) Metaspace: 40298K(41216K)->40298K(41216K) NonClass: 35975K(36608K)->35975K(36608K) Class: 4323K(4608K)->4323K(4608K)
[2021-03-19T13:37:11.874+0600][gc          ] GC(819) Pause Young (Normal) (G1 Evacuation Pause) 914M->302M(1024M) 3.452ms
[2021-03-19T13:37:11.874+0600][gc,cpu      ] GC(819) User=0.02s Sys=0.00s Real=0.00s
[2021-03-19T13:37:14.564+0600][gc,start    ] GC(820) Pause Young (Normal) (G1 Evacuation Pause)
[2021-03-19T13:37:14.564+0600][gc,task     ] GC(820) Using 8 workers of 8 for evacuation
[2021-03-19T13:37:14.567+0600][gc,phases   ] GC(820)   Pre Evacuate Collection Set: 0.1ms
[2021-03-19T13:37:14.567+0600][gc,phases   ] GC(820)   Merge Heap Roots: 0.1ms
[2021-03-19T13:37:14.567+0600][gc,phases   ] GC(820)   Evacuate Collection Set: 2.2ms
[2021-03-19T13:37:14.567+0600][gc,phases   ] GC(820)   Post Evacuate Collection Set: 0.4ms
[2021-03-19T13:37:14.567+0600][gc,phases   ] GC(820)   Other: 0.2ms
[2021-03-19T13:37:14.567+0600][gc,heap     ] GC(820) Eden regions: 612->0(612)
[2021-03-19T13:37:14.567+0600][gc,heap     ] GC(820) Survivor regions: 2->2(77)
[2021-03-19T13:37:14.567+0600][gc,heap     ] GC(820) Old regions: 172->172
[2021-03-19T13:37:14.567+0600][gc,heap     ] GC(820) Archive regions: 2->2
[2021-03-19T13:37:14.567+0600][gc,heap     ] GC(820) Humongous regions: 129->129
[2021-03-19T13:37:14.567+0600][gc,metaspace] GC(820) Metaspace: 40298K(41216K)->40298K(41216K) NonClass: 35975K(36608K)->35975K(36608K) Class: 4323K(4608K)->4323K(4608K)
[2021-03-19T13:37:14.567+0600][gc          ] GC(820) Pause Young (Normal) (G1 Evacuation Pause) 914M->303M(1024M) 3.075ms
[2021-03-19T13:37:14.568+0600][gc,cpu      ] GC(820) User=0.01s Sys=0.00s Real=0.00s
[2021-03-19T13:37:17.299+0600][gc,start    ] GC(821) Pause Young (Normal) (G1 Evacuation Pause)
[2021-03-19T13:37:17.299+0600][gc,task     ] GC(821) Using 8 workers of 8 for evacuation
[2021-03-19T13:37:17.302+0600][gc,phases   ] GC(821)   Pre Evacuate Collection Set: 0.1ms
[2021-03-19T13:37:17.302+0600][gc,phases   ] GC(821)   Merge Heap Roots: 0.1ms
[2021-03-19T13:37:17.302+0600][gc,phases   ] GC(821)   Evacuate Collection Set: 2.3ms
[2021-03-19T13:37:17.302+0600][gc,phases   ] GC(821)   Post Evacuate Collection Set: 0.4ms
[2021-03-19T13:37:17.302+0600][gc,phases   ] GC(821)   Other: 0.2ms
[2021-03-19T13:37:17.302+0600][gc,heap     ] GC(821) Eden regions: 612->0(612)
[2021-03-19T13:37:17.302+0600][gc,heap     ] GC(821) Survivor regions: 2->2(77)
[2021-03-19T13:37:17.302+0600][gc,heap     ] GC(821) Old regions: 172->172
[2021-03-19T13:37:17.302+0600][gc,heap     ] GC(821) Archive regions: 2->2
[2021-03-19T13:37:17.302+0600][gc,heap     ] GC(821) Humongous regions: 129->129
[2021-03-19T13:37:17.302+0600][gc,metaspace] GC(821) Metaspace: 40298K(41216K)->40298K(41216K) NonClass: 35975K(36608K)->35975K(36608K) Class: 4323K(4608K)->4323K(4608K)
[2021-03-19T13:37:17.302+0600][gc          ] GC(821) Pause Young (Normal) (G1 Evacuation Pause) 915M->303M(1024M) 3.207ms
[2021-03-19T13:37:17.302+0600][gc,cpu      ] GC(821) User=0.02s Sys=0.00s Real=0.01s
[2021-03-19T13:37:20.173+0600][gc,start    ] GC(822) Pause Young (Normal) (G1 Evacuation Pause)
[2021-03-19T13:37:20.173+0600][gc,task     ] GC(822) Using 8 workers of 8 for evacuation
[2021-03-19T13:37:20.176+0600][gc,phases   ] GC(822)   Pre Evacuate Collection Set: 0.1ms
[2021-03-19T13:37:20.176+0600][gc,phases   ] GC(822)   Merge Heap Roots: 0.1ms
[2021-03-19T13:37:20.176+0600][gc,phases   ] GC(822)   Evacuate Collection Set: 2.0ms
[2021-03-19T13:37:20.176+0600][gc,phases   ] GC(822)   Post Evacuate Collection Set: 0.5ms
[2021-03-19T13:37:20.176+0600][gc,phases   ] GC(822)   Other: 0.2ms
[2021-03-19T13:37:20.176+0600][gc,heap     ] GC(822) Eden regions: 612->0(612)
[2021-03-19T13:37:20.176+0600][gc,heap     ] GC(822) Survivor regions: 2->2(77)
[2021-03-19T13:37:20.176+0600][gc,heap     ] GC(822) Old regions: 172->172
[2021-03-19T13:37:20.176+0600][gc,heap     ] GC(822) Archive regions: 2->2
[2021-03-19T13:37:20.176+0600][gc,heap     ] GC(822) Humongous regions: 129->129
[2021-03-19T13:37:20.176+0600][gc,metaspace] GC(822) Metaspace: 40298K(41216K)->40298K(41216K) NonClass: 35975K(36608K)->35975K(36608K) Class: 4323K(4608K)->4323K(4608K)
[2021-03-19T13:37:20.176+0600][gc          ] GC(822) Pause Young (Normal) (G1 Evacuation Pause) 915M->303M(1024M) 3.029ms
[2021-03-19T13:37:20.176+0600][gc,cpu      ] GC(822) User=0.01s Sys=0.00s Real=0.00s
[2021-03-19T13:37:23.024+0600][gc,start    ] GC(823) Pause Young (Normal) (G1 Evacuation Pause)
[2021-03-19T13:37:23.024+0600][gc,task     ] GC(823) Using 8 workers of 8 for evacuation
[2021-03-19T13:37:23.027+0600][gc,phases   ] GC(823)   Pre Evacuate Collection Set: 0.1ms
[2021-03-19T13:37:23.027+0600][gc,phases   ] GC(823)   Merge Heap Roots: 0.1ms
[2021-03-19T13:37:23.027+0600][gc,phases   ] GC(823)   Evacuate Collection Set: 2.0ms
