[2021-03-19T15:42:09.981+0600][gc,heap     ] GC(1267) Archive regions: 2->2
[2021-03-19T15:42:09.981+0600][gc,heap     ] GC(1267) Humongous regions: 129->129
[2021-03-19T15:42:09.981+0600][gc,metaspace] GC(1267) Metaspace: 40242K(41216K)->40242K(41216K) NonClass: 35935K(36608K)->35935K(36608K) Class: 4306K(4608K)->4306K(4608K)
[2021-03-19T15:42:09.981+0600][gc          ] GC(1267) Pause Young (Normal) (G1 Evacuation Pause) 840M->231M(1024M) 18.874ms
[2021-03-19T15:42:09.981+0600][gc,cpu      ] GC(1267) User=0.05s Sys=0.01s Real=0.02s
[2021-03-19T15:42:24.005+0600][gc,start    ] GC(1268) Pause Young (Normal) (G1 Evacuation Pause)
[2021-03-19T15:42:24.006+0600][gc,task     ] GC(1268) Using 8 workers of 8 for evacuation
[2021-03-19T15:42:24.018+0600][gc,phases   ] GC(1268)   Pre Evacuate Collection Set: 0.3ms
[2021-03-19T15:42:24.019+0600][gc,phases   ] GC(1268)   Merge Heap Roots: 0.2ms
[2021-03-19T15:42:24.019+0600][gc,phases   ] GC(1268)   Evacuate Collection Set: 10.7ms
[2021-03-19T15:42:24.019+0600][gc,phases   ] GC(1268)   Post Evacuate Collection Set: 1.0ms
[2021-03-19T15:42:24.019+0600][gc,phases   ] GC(1268)   Other: 1.5ms
[2021-03-19T15:42:24.019+0600][gc,heap     ] GC(1268) Eden regions: 610->0(609)
[2021-03-19T15:42:24.019+0600][gc,heap     ] GC(1268) Survivor regions: 4->5(77)
[2021-03-19T15:42:24.019+0600][gc,heap     ] GC(1268) Old regions: 98->98
[2021-03-19T15:42:24.019+0600][gc,heap     ] GC(1268) Archive regions: 2->2
[2021-03-19T15:42:24.019+0600][gc,heap     ] GC(1268) Humongous regions: 129->129
[2021-03-19T15:42:24.019+0600][gc,metaspace] GC(1268) Metaspace: 40242K(41216K)->40242K(41216K) NonClass: 35935K(36608K)->35935K(36608K) Class: 4306K(4608K)->4306K(4608K)
[2021-03-19T15:42:24.019+0600][gc          ] GC(1268) Pause Young (Normal) (G1 Evacuation Pause) 841M->231M(1024M) 14.011ms
[2021-03-19T15:42:24.019+0600][gc,cpu      ] GC(1268) User=0.04s Sys=0.00s Real=0.01s
[2021-03-19T15:42:39.712+0600][gc,start    ] GC(1269) Pause Young (Normal) (G1 Evacuation Pause)
[2021-03-19T15:42:39.712+0600][gc,task     ] GC(1269) Using 8 workers of 8 for evacuation
[2021-03-19T15:42:39.727+0600][gc,phases   ] GC(1269)   Pre Evacuate Collection Set: 0.3ms
[2021-03-19T15:42:39.727+0600][gc,phases   ] GC(1269)   Merge Heap Roots: 0.5ms
[2021-03-19T15:42:39.727+0600][gc,phases   ] GC(1269)   Evacuate Collection Set: 12.8ms
[2021-03-19T15:42:39.727+0600][gc,phases   ] GC(1269)   Post Evacuate Collection Set: 1.1ms
[2021-03-19T15:42:39.727+0600][gc,phases   ] GC(1269)   Other: 0.6ms
[2021-03-19T15:42:39.727+0600][gc,heap     ] GC(1269) Eden regions: 609->0(609)
[2021-03-19T15:42:39.727+0600][gc,heap     ] GC(1269) Survivor regions: 5->5(77)
[2021-03-19T15:42:39.727+0600][gc,heap     ] GC(1269) Old regions: 98->98
[2021-03-19T15:42:39.727+0600][gc,heap     ] GC(1269) Archive regions: 2->2
[2021-03-19T15:42:39.727+0600][gc,heap     ] GC(1269) Humongous regions: 129->129
[2021-03-19T15:42:39.727+0600][gc,metaspace] GC(1269) Metaspace: 40242K(41216K)->40242K(41216K) NonClass: 35935K(36608K)->35935K(36608K) Class: 4306K(4608K)->4306K(4608K)
[2021-03-19T15:42:39.728+0600][gc          ] GC(1269) Pause Young (Normal) (G1 Evacuation Pause) 840M->232M(1024M) 15.564ms
[2021-03-19T15:42:39.728+0600][gc,cpu      ] GC(1269) User=0.04s Sys=0.01s Real=0.01s
[2021-03-19T15:42:56.800+0600][gc,start    ] GC(1270) Pause Young (Normal) (G1 Evacuation Pause)
[2021-03-19T15:42:56.800+0600][gc,task     ] GC(1270) Using 8 workers of 8 for evacuation
[2021-03-19T15:42:56.814+0600][gc,phases   ] GC(1270)   Pre Evacuate Collection Set: 0.3ms
[2021-03-19T15:42:56.814+0600][gc,phases   ] GC(1270)   Merge Heap Roots: 0.4ms
[2021-03-19T15:42:56.814+0600][gc,phases   ] GC(1270)   Evacuate Collection Set: 12.4ms
[2021-03-19T15:42:56.814+0600][gc,phases   ] GC(1270)   Post Evacuate Collection Set: 0.7ms
[2021-03-19T15:42:56.814+0600][gc,phases   ] GC(1270)   Other: 0.6ms
[2021-03-19T15:42:56.814+0600][gc,heap     ] GC(1270) Eden regions: 609->0(609)
[2021-03-19T15:42:56.814+0600][gc,heap     ] GC(1270) Survivor regions: 5->5(77)
[2021-03-19T15:42:56.814+0600][gc,heap     ] GC(1270) Old regions: 98->99
[2021-03-19T15:42:56.814+0600][gc,heap     ] GC(1270) Archive regions: 2->2
[2021-03-19T15:42:56.814+0600][gc,heap     ] GC(1270) Humongous regions: 129->129
[2021-03-19T15:42:56.814+0600][gc,metaspace] GC(1270) Metaspace: 40242K(41216K)->40242K(41216K) NonClass: 35935K(36608K)->35935K(36608K) Class: 4306K(4608K)->4306K(4608K)
[2021-03-19T15:42:56.814+0600][gc          ] GC(1270) Pause Young (Normal) (G1 Evacuation Pause) 841M->232M(1024M) 14.599ms
[2021-03-19T15:42:56.814+0600][gc,cpu      ] GC(1270) User=0.04s Sys=0.00s Real=0.01s
[2021-03-19T15:43:13.673+0600][gc,start    ] GC(1271) Pause Young (Normal) (G1 Evacuation Pause)
[2021-03-19T15:43:13.673+0600][gc,task     ] GC(1271) Using 8 workers of 8 for evacuation
[2021-03-19T15:43:13.689+0600][gc,phases   ] GC(1271)   Pre Evacuate Collection Set: 0.3ms
[2021-03-19T15:43:13.689+0600][gc,phases   ] GC(1271)   Merge Heap Roots: 0.3ms
[2021-03-19T15:43:13.689+0600][gc,phases   ] GC(1271)   Evacuate Collection Set: 14.3ms
[2021-03-19T15:43:13.689+0600][gc,phases   ] GC(1271)   Post Evacuate Collection Set: 1.0ms
[2021-03-19T15:43:13.689+0600][gc,phases   ] GC(1271)   Other: 0.5ms
[2021-03-19T15:43:13.689+0600][gc,heap     ] GC(1271) Eden regions: 609->0(608)
[2021-03-19T15:43:13.689+0600][gc,heap     ] GC(1271) Survivor regions: 5->6(77)
[2021-03-19T15:43:13.689+0600][gc,heap     ] GC(1271) Old regions: 99->99
[2021-03-19T15:43:13.689+0600][gc,heap     ] GC(1271) Archive regions: 2->2
[2021-03-19T15:43:13.689+0600][gc,heap     ] GC(1271) Humongous regions: 129->129
[2021-03-19T15:43:13.689+0600][gc,metaspace] GC(1271) Metaspace: 40242K(41216K)->40242K(41216K) NonClass: 35935K(36608K)->35935K(36608K) Class: 4306K(4608K)->4306K(4608K)
[2021-03-19T15:43:13.689+0600][gc          ] GC(1271) Pause Young (Normal) (G1 Evacuation Pause) 841M->233M(1024M) 16.561ms
[2021-03-19T15:43:13.689+0600][gc,cpu      ] GC(1271) User=0.05s Sys=0.00s Real=0.01s
[2021-03-19T15:43:30.035+0600][gc,start    ] GC(1272) Pause Young (Normal) (G1 Evacuation Pause)
[2021-03-19T15:43:30.036+0600][gc,task     ] GC(1272) Using 8 workers of 8 for evacuation
[2021-03-19T15:43:30.049+0600][gc,phases   ] GC(1272)   Pre Evacuate Collection Set: 0.3ms
[2021-03-19T15:43:30.049+0600][gc,phases   ] GC(1272)   Merge Heap Roots: 0.2ms
[2021-03-19T15:43:30.049+0600][gc,phases   ] GC(1272)   Evacuate Collection Set: 11.9ms
[2021-03-19T15:43:30.049+0600][gc,phases   ] GC(1272)   Post Evacuate Collection Set: 0.8ms
[2021-03-19T15:43:30.049+0600][gc,phases   ] GC(1272)   Other: 1.2ms
[2021-03-19T15:43:30.049+0600][gc,heap     ] GC(1272) Eden regions: 608->0(608)
[2021-03-19T15:43:30.049+0600][gc,heap     ] GC(1272) Survivor regions: 6->6(77)
[2021-03-19T15:43:30.049+0600][gc,heap     ] GC(1272) Old regions: 99->99
[2021-03-19T15:43:30.049+0600][gc,heap     ] GC(1272) Archive regions: 2->2
[2021-03-19T15:43:30.049+0600][gc,heap     ] GC(1272) Humongous regions: 129->129
[2021-03-19T15:43:30.049+0600][gc,metaspace] GC(1272) Metaspace: 40242K(41216K)->40242K(41216K) NonClass: 35935K(36608K)->35935K(36608K) Class: 4306K(4608K)->4306K(4608K)
[2021-03-19T15:43:30.049+0600][gc          ] GC(1272) Pause Young (Normal) (G1 Evacuation Pause) 841M->233M(1024M) 14.590ms
[2021-03-19T15:43:30.049+0600][gc,cpu      ] GC(1272) User=0.05s Sys=0.00s Real=0.01s
[2021-03-19T15:43:45.113+0600][gc,start    ] GC(1273) Pause Young (Normal) (G1 Evacuation Pause)
[2021-03-19T15:43:45.114+0600][gc,task     ] GC(1273) Using 8 workers of 8 for evacuation
[2021-03-19T15:43:45.128+0600][gc,phases   ] GC(1273)   Pre Evacuate Collection Set: 0.3ms
[2021-03-19T15:43:45.128+0600][gc,phases   ] GC(1273)   Merge Heap Roots: 0.3ms
[2021-03-19T15:43:45.128+0600][gc,phases   ] GC(1273)   Evacuate Collection Set: 11.8ms
[2021-03-19T15:43:45.128+0600][gc,phases   ] GC(1273)   Post Evacuate Collection Set: 1.7ms
[2021-03-19T15:43:45.128+0600][gc,phases   ] GC(1273)   Other: 0.8ms
[2021-03-19T15:43:45.128+0600][gc,heap     ] GC(1273) Eden regions: 608->0(608)
[2021-03-19T15:43:45.128+0600][gc,heap     ] GC(1273) Survivor regions: 6->6(77)
[2021-03-19T15:43:45.128+0600][gc,heap     ] GC(1273) Old regions: 99->99
[2021-03-19T15:43:45.128+0600][gc,heap     ] GC(1273) Archive regions: 2->2
[2021-03-19T15:43:45.128+0600][gc,heap     ] GC(1273) Humongous regions: 129->129
[2021-03-19T15:43:45.128+0600][gc,metaspace] GC(1273) Metaspace: 40242K(41216K)->40242K(41216K) NonClass: 35935K(36608K)->35935K(36608K) Class: 4306K(4608K)->4306K(4608K)
[2021-03-19T15:43:45.128+0600][gc          ] GC(1273) Pause Young (Normal) (G1 Evacuation Pause) 841M->234M(1024M) 15.227ms
[2021-03-19T15:43:45.128+0600][gc,cpu      ] GC(1273) User=0.04s Sys=0.01s Real=0.01s
[2021-03-19T15:43:58.841+0600][gc,start    ] GC(1274) Pause Young (Normal) (G1 Evacuation Pause)
[2021-03-19T15:43:58.842+0600][gc,task     ] GC(1274) Using 8 workers of 8 for evacuation
[2021-03-19T15:43:58.864+0600][gc,mmu      ] GC(1274) MMU target violated: 21.0ms (20.0ms/21.0ms)
[2021-03-19T15:43:58.864+0600][gc,phases   ] GC(1274)   Pre Evacuate Collection Set: 0.5ms
[2021-03-19T15:43:58.864+0600][gc,phases   ] GC(1274)   Merge Heap Roots: 2.6ms
[2021-03-19T15:43:58.864+0600][gc,phases   ] GC(1274)   Evacuate Collection Set: 17.3ms
[2021-03-19T15:43:58.864+0600][gc,phases   ] GC(1274)   Post Evacuate Collection Set: 0.5ms
[2021-03-19T15:43:58.864+0600][gc,phases   ] GC(1274)   Other: 1.8ms
[2021-03-19T15:43:58.864+0600][gc,heap     ] GC(1274) Eden regions: 608->0(607)
[2021-03-19T15:43:58.864+0600][gc,heap     ] GC(1274) Survivor regions: 6->7(77)
[2021-03-19T15:43:58.864+0600][gc,heap     ] GC(1274) Old regions: 99->99
[2021-03-19T15:43:58.864+0600][gc,heap     ] GC(1274) Archive regions: 2->2
[2021-03-19T15:43:58.864+0600][gc,heap     ] GC(1274) Humongous regions: 129->129
[2021-03-19T15:43:58.864+0600][gc,metaspace] GC(1274) Metaspace: 40242K(41216K)->40242K(41216K) NonClass: 35935K(36608K)->35935K(36608K) Class: 4306K(4608K)->4306K(4608K)
[2021-03-19T15:43:58.864+0600][gc          ] GC(1274) Pause Young (Normal) (G1 Evacuation Pause) 842M->234M(1024M) 22.802ms
[2021-03-19T15:43:58.864+0600][gc,cpu      ] GC(1274) User=0.05s Sys=0.00s Real=0.02s
[2021-03-19T15:44:16.695+0600][gc,start    ] GC(1275) Pause Young (Normal) (G1 Evacuation Pause)
[2021-03-19T15:44:16.695+0600][gc,task     ] GC(1275) Using 8 workers of 8 for evacuation
[2021-03-19T15:44:16.714+0600][gc,phases   ] GC(1275)   Pre Evacuate Collection Set: 0.3ms
[2021-03-19T15:44:16.715+0600][gc,phases   ] GC(1275)   Merge Heap Roots: 0.4ms
[2021-03-19T15:44:16.715+0600][gc,phases   ] GC(1275)   Evacuate Collection Set: 17.7ms
[2021-03-19T15:44:16.715+0600][gc,phases   ] GC(1275)   Post Evacuate Collection Set: 0.6ms
[2021-03-19T15:44:16.715+0600][gc,phases   ] GC(1275)   Other: 0.6ms
[2021-03-19T15:44:16.715+0600][gc,heap     ] GC(1275) Eden regions: 607->0(607)
[2021-03-19T15:44:16.715+0600][gc,heap     ] GC(1275) Survivor regions: 7->7(77)
[2021-03-19T15:44:16.715+0600][gc,heap     ] GC(1275) Old regions: 99->99
[2021-03-19T15:44:16.715+0600][gc,heap     ] GC(1275) Archive regions: 2->2
[2021-03-19T15:44:16.715+0600][gc,heap     ] GC(1275) Humongous regions: 129->129
[2021-03-19T15:44:16.715+0600][gc,metaspace] GC(1275) Metaspace: 40242K(41216K)->40242K(41216K) NonClass: 35935K(36608K)->35935K(36608K) Class: 4306K(4608K)->4306K(4608K)
[2021-03-19T15:44:16.715+0600][gc          ] GC(1275) Pause Young (Normal) (G1 Evacuation Pause) 841M->235M(1024M) 19.706ms
[2021-03-19T15:44:16.715+0600][gc,cpu      ] GC(1275) User=0.07s Sys=0.01s Real=0.02s
[2021-03-19T15:44:30.672+0600][gc,start    ] GC(1276) Pause Young (Normal) (G1 Evacuation Pause)
[2021-03-19T15:44:30.672+0600][gc,task     ] GC(1276) Using 8 workers of 8 for evacuation
[2021-03-19T15:44:30.685+0600][gc,phases   ] GC(1276)   Pre Evacuate Collection Set: 0.2ms
[2021-03-19T15:44:30.685+0600][gc,phases   ] GC(1276)   Merge Heap Roots: 0.2ms
[2021-03-19T15:44:30.686+0600][gc,phases   ] GC(1276)   Evacuate Collection Set: 12.7ms
[2021-03-19T15:44:30.686+0600][gc,phases   ] GC(1276)   Post Evacuate Collection Set: 0.5ms
[2021-03-19T15:44:30.686+0600][gc,phases   ] GC(1276)   Other: 0.4ms
[2021-03-19T15:44:30.686+0600][gc,heap     ] GC(1276) Eden regions: 607->0(606)
[2021-03-19T15:44:30.686+0600][gc,heap     ] GC(1276) Survivor regions: 7->8(77)
[2021-03-19T15:44:30.686+0600][gc,heap     ] GC(1276) Old regions: 99->100
[2021-03-19T15:44:30.686+0600][gc,heap     ] GC(1276) Archive regions: 2->2
[2021-03-19T15:44:30.686+0600][gc,heap     ] GC(1276) Humongous regions: 129->129
[2021-03-19T15:44:30.686+0600][gc,metaspace] GC(1276) Metaspace: 40242K(41216K)->40242K(41216K) NonClass: 35935K(36608K)->35935K(36608K) Class: 4306K(4608K)->4306K(4608K)
[2021-03-19T15:44:30.686+0600][gc          ] GC(1276) Pause Young (Normal) (G1 Evacuation Pause) 842M->236M(1024M) 14.114ms
[2021-03-19T15:44:30.686+0600][gc,cpu      ] GC(1276) User=0.04s Sys=0.01s Real=0.01s
[2021-03-19T15:44:44.898+0600][gc,start    ] GC(1277) Pause Young (Normal) (G1 Evacuation Pause)
[2021-03-19T15:44:44.900+0600][gc,task     ] GC(1277) Using 8 workers of 8 for evacuation
[2021-03-19T15:44:44.916+0600][gc,phases   ] GC(1277)   Pre Evacuate Collection Set: 0.2ms
[2021-03-19T15:44:44.916+0600][gc,phases   ] GC(1277)   Merge Heap Roots: 0.2ms
[2021-03-19T15:44:44.916+0600][gc,phases   ] GC(1277)   Evacuate Collection Set: 14.5ms
[2021-03-19T15:44:44.916+0600][gc,phases   ] GC(1277)   Post Evacuate Collection Set: 0.8ms
[2021-03-19T15:44:44.916+0600][gc,phases   ] GC(1277)   Other: 2.2ms
[2021-03-19T15:44:44.916+0600][gc,heap     ] GC(1277) Eden regions: 606->0(606)
[2021-03-19T15:44:44.916+0600][gc,heap     ] GC(1277) Survivor regions: 8->8(77)
[2021-03-19T15:44:44.916+0600][gc,heap     ] GC(1277) Old regions: 100->100
[2021-03-19T15:44:44.916+0600][gc,heap     ] GC(1277) Archive regions: 2->2
[2021-03-19T15:44:44.916+0600][gc,heap     ] GC(1277) Humongous regions: 129->129
[2021-03-19T15:44:44.916+0600][gc,metaspace] GC(1277) Metaspace: 40242K(41216K)->40242K(41216K) NonClass: 35935K(36608K)->35935K(36608K) Class: 4306K(4608K)->4306K(4608K)
[2021-03-19T15:44:44.916+0600][gc          ] GC(1277) Pause Young (Normal) (G1 Evacuation Pause) 842M->236M(1024M) 18.218ms
[2021-03-19T15:44:44.916+0600][gc,cpu      ] GC(1277) User=0.05s Sys=0.01s Real=0.02s
[2021-03-19T15:44:59.730+0600][gc,start    ] GC(1278) Pause Young (Normal) (G1 Evacuation Pause)
[2021-03-19T15:44:59.730+0600][gc,task     ] GC(1278) Using 8 workers of 8 for evacuation
[2021-03-19T15:44:59.745+0600][gc,phases   ] GC(1278)   Pre Evacuate Collection Set: 0.3ms
[2021-03-19T15:44:59.745+0600][gc,phases   ] GC(1278)   Merge Heap Roots: 0.2ms
[2021-03-19T15:44:59.745+0600][gc,phases   ] GC(1278)   Evacuate Collection Set: 14.1ms
[2021-03-19T15:44:59.745+0600][gc,phases   ] GC(1278)   Post Evacuate Collection Set: 0.6ms
[2021-03-19T15:44:59.745+0600][gc,phases   ] GC(1278)   Other: 0.4ms
[2021-03-19T15:44:59.745+0600][gc,heap     ] GC(1278) Eden regions: 606->0(606)
[2021-03-19T15:44:59.745+0600][gc,heap     ] GC(1278) Survivor regions: 8->8(77)
[2021-03-19T15:44:59.745+0600][gc,heap     ] GC(1278) Old regions: 100->100
[2021-03-19T15:44:59.745+0600][gc,heap     ] GC(1278) Archive regions: 2->2
[2021-03-19T15:44:59.746+0600][gc,heap     ] GC(1278) Humongous regions: 129->129
[2021-03-19T15:44:59.746+0600][gc,metaspace] GC(1278) Metaspace: 40242K(41216K)->40242K(41216K) NonClass: 35935K(36608K)->35935K(36608K) Class: 4306K(4608K)->4306K(4608K)
[2021-03-19T15:44:59.746+0600][gc          ] GC(1278) Pause Young (Normal) (G1 Evacuation Pause) 842M->237M(1024M) 15.753ms
[2021-03-19T15:44:59.746+0600][gc,cpu      ] GC(1278) User=0.05s Sys=0.01s Real=0.01s
[2021-03-19T15:45:14.398+0600][gc,start    ] GC(1279) Pause Young (Normal) (G1 Evacuation Pause)
[2021-03-19T15:45:14.398+0600][gc,task     ] GC(1279) Using 8 workers of 8 for evacuation
[2021-03-19T15:45:14.414+0600][gc,phases   ] GC(1279)   Pre Evacuate Collection Set: 0.2ms
[2021-03-19T15:45:14.414+0600][gc,phases   ] GC(1279)   Merge Heap Roots: 0.2ms
[2021-03-19T15:45:14.414+0600][gc,phases   ] GC(1279)   Evacuate Collection Set: 14.7ms
[2021-03-19T15:45:14.414+0600][gc,phases   ] GC(1279)   Post Evacuate Collection Set: 0.7ms
[2021-03-19T15:45:14.415+0600][gc,phases   ] GC(1279)   Other: 0.4ms
[2021-03-19T15:45:14.415+0600][gc,heap     ] GC(1279) Eden regions: 606->0(606)
[2021-03-19T15:45:14.415+0600][gc,heap     ] GC(1279) Survivor regions: 8->8(77)
[2021-03-19T15:45:14.415+0600][gc,heap     ] GC(1279) Old regions: 100->101
[2021-03-19T15:45:14.415+0600][gc,heap     ] GC(1279) Archive regions: 2->2
[2021-03-19T15:45:14.415+0600][gc,heap     ] GC(1279) Humongous regions: 129->129
[2021-03-19T15:45:14.415+0600][gc,metaspace] GC(1279) Metaspace: 40242K(41216K)->40242K(41216K) NonClass: 35935K(36608K)->35935K(36608K) Class: 4306K(4608K)->4306K(4608K)
[2021-03-19T15:45:14.415+0600][gc          ] GC(1279) Pause Young (Normal) (G1 Evacuation Pause) 843M->237M(1024M) 16.554ms
[2021-03-19T15:45:14.415+0600][gc,cpu      ] GC(1279) User=0.06s Sys=0.00s Real=0.02s
[2021-03-19T15:45:29.963+0600][gc,start    ] GC(1280) Pause Young (Normal) (G1 Evacuation Pause)
[2021-03-19T15:45:29.963+0600][gc,task     ] GC(1280) Using 8 workers of 8 for evacuation
[2021-03-19T15:45:29.981+0600][gc,phases   ] GC(1280)   Pre Evacuate Collection Set: 0.3ms
[2021-03-19T15:45:29.981+0600][gc,phases   ] GC(1280)   Merge Heap Roots: 0.2ms
[2021-03-19T15:45:29.981+0600][gc,phases   ] GC(1280)   Evacuate Collection Set: 16.1ms
[2021-03-19T15:45:29.981+0600][gc,phases   ] GC(1280)   Post Evacuate Collection Set: 0.9ms
[2021-03-19T15:45:29.982+0600][gc,phases   ] GC(1280)   Other: 0.7ms
[2021-03-19T15:45:29.982+0600][gc,heap     ] GC(1280) Eden regions: 606->0(606)
[2021-03-19T15:45:29.982+0600][gc,heap     ] GC(1280) Survivor regions: 8->8(77)
[2021-03-19T15:45:29.982+0600][gc,heap     ] GC(1280) Old regions: 101->101
[2021-03-19T15:45:29.982+0600][gc,heap     ] GC(1280) Archive regions: 2->2
[2021-03-19T15:45:29.982+0600][gc,heap     ] GC(1280) Humongous regions: 129->129
[2021-03-19T15:45:29.982+0600][gc,metaspace] GC(1280) Metaspace: 40242K(41216K)->40242K(41216K) NonClass: 35935K(36608K)->35935K(36608K) Class: 4306K(4608K)->4306K(4608K)
[2021-03-19T15:45:29.982+0600][gc          ] GC(1280) Pause Young (Normal) (G1 Evacuation Pause) 843M->238M(1024M) 18.579ms
[2021-03-19T15:45:29.982+0600][gc,cpu      ] GC(1280) User=0.06s Sys=0.01s Real=0.02s
[2021-03-19T15:45:44.399+0600][gc,start    ] GC(1281) Pause Young (Normal) (G1 Evacuation Pause)
[2021-03-19T15:45:44.400+0600][gc,task     ] GC(1281) Using 8 workers of 8 for evacuation
[2021-03-19T15:45:44.417+0600][gc,phases   ] GC(1281)   Pre Evacuate Collection Set: 0.3ms
[2021-03-19T15:45:44.417+0600][gc,phases   ] GC(1281)   Merge Heap Roots: 0.2ms
[2021-03-19T15:45:44.417+0600][gc,phases   ] GC(1281)   Evacuate Collection Set: 14.5ms
[2021-03-19T15:45:44.417+0600][gc,phases   ] GC(1281)   Post Evacuate Collection Set: 0.6ms
[2021-03-19T15:45:44.417+0600][gc,phases   ] GC(1281)   Other: 2.1ms
[2021-03-19T15:45:44.417+0600][gc,heap     ] GC(1281) Eden regions: 606->0(606)
[2021-03-19T15:45:44.417+0600][gc,heap     ] GC(1281) Survivor regions: 8->8(77)
[2021-03-19T15:45:44.417+0600][gc,heap     ] GC(1281) Old regions: 101->101
[2021-03-19T15:45:44.417+0600][gc,heap     ] GC(1281) Archive regions: 2->2
[2021-03-19T15:45:44.417+0600][gc,heap     ] GC(1281) Humongous regions: 129->129
[2021-03-19T15:45:44.417+0600][gc,metaspace] GC(1281) Metaspace: 40242K(41216K)->40242K(41216K) NonClass: 35935K(36608K)->35935K(36608K) Class: 4306K(4608K)->4306K(4608K)
[2021-03-19T15:45:44.417+0600][gc          ] GC(1281) Pause Young (Normal) (G1 Evacuation Pause) 844M->238M(1024M) 17.874ms
[2021-03-19T15:45:44.417+0600][gc,cpu      ] GC(1281) User=0.07s Sys=0.01s Real=0.02s
[2021-03-19T15:45:57.289+0600][gc,start    ] GC(1282) Pause Young (Normal) (G1 Evacuation Pause)
[2021-03-19T15:45:57.290+0600][gc,task     ] GC(1282) Using 8 workers of 8 for evacuation
[2021-03-19T15:45:57.305+0600][gc,phases   ] GC(1282)   Pre Evacuate Collection Set: 0.2ms
[2021-03-19T15:45:57.305+0600][gc,phases   ] GC(1282)   Merge Heap Roots: 0.3ms
[2021-03-19T15:45:57.305+0600][gc,phases   ] GC(1282)   Evacuate Collection Set: 13.8ms
[2021-03-19T15:45:57.305+0600][gc,phases   ] GC(1282)   Post Evacuate Collection Set: 0.5ms
[2021-03-19T15:45:57.306+0600][gc,phases   ] GC(1282)   Other: 1.2ms
[2021-03-19T15:45:57.306+0600][gc,heap     ] GC(1282) Eden regions: 606->0(606)
[2021-03-19T15:45:57.306+0600][gc,heap     ] GC(1282) Survivor regions: 8->8(77)
[2021-03-19T15:45:57.306+0600][gc,heap     ] GC(1282) Old regions: 101->102
[2021-03-19T15:45:57.306+0600][gc,heap     ] GC(1282) Archive regions: 2->2
[2021-03-19T15:45:57.306+0600][gc,heap     ] GC(1282) Humongous regions: 129->129
[2021-03-19T15:45:57.306+0600][gc,metaspace] GC(1282) Metaspace: 40242K(41216K)->40242K(41216K) NonClass: 35935K(36608K)->35935K(36608K) Class: 4306K(4608K)->4306K(4608K)
[2021-03-19T15:45:57.306+0600][gc          ] GC(1282) Pause Young (Normal) (G1 Evacuation Pause) 844M->239M(1024M) 16.178ms
[2021-03-19T15:45:57.306+0600][gc,cpu      ] GC(1282) User=0.05s Sys=0.01s Real=0.02s
[2021-03-19T15:46:12.019+0600][gc,start    ] GC(1283) Pause Young (Normal) (G1 Evacuation Pause)
[2021-03-19T15:46:12.020+0600][gc,task     ] GC(1283) Using 8 workers of 8 for evacuation
[2021-03-19T15:46:12.039+0600][gc,phases   ] GC(1283)   Pre Evacuate Collection Set: 0.4ms
[2021-03-19T15:46:12.039+0600][gc,phases   ] GC(1283)   Merge Heap Roots: 0.4ms
[2021-03-19T15:46:12.039+0600][gc,phases   ] GC(1283)   Evacuate Collection Set: 17.2ms
[2021-03-19T15:46:12.039+0600][gc,phases   ] GC(1283)   Post Evacuate Collection Set: 0.7ms
[2021-03-19T15:46:12.039+0600][gc,phases   ] GC(1283)   Other: 0.7ms
[2021-03-19T15:46:12.039+0600][gc,heap     ] GC(1283) Eden regions: 606->0(606)
[2021-03-19T15:46:12.039+0600][gc,heap     ] GC(1283) Survivor regions: 8->8(77)
[2021-03-19T15:46:12.039+0600][gc,heap     ] GC(1283) Old regions: 102->102
[2021-03-19T15:46:12.039+0600][gc,heap     ] GC(1283) Archive regions: 2->2
[2021-03-19T15:46:12.039+0600][gc,heap     ] GC(1283) Humongous regions: 129->129
[2021-03-19T15:46:12.039+0600][gc,metaspace] GC(1283) Metaspace: 40242K(41216K)->40242K(41216K) NonClass: 35935K(36608K)->35935K(36608K) Class: 4306K(4608K)->4306K(4608K)
[2021-03-19T15:46:12.039+0600][gc          ] GC(1283) Pause Young (Normal) (G1 Evacuation Pause) 845M->239M(1024M) 19.632ms
[2021-03-19T15:46:12.039+0600][gc,cpu      ] GC(1283) User=0.07s Sys=0.01s Real=0.02s
[2021-03-19T15:46:27.344+0600][gc,start    ] GC(1284) Pause Young (Normal) (G1 Evacuation Pause)
[2021-03-19T15:46:27.345+0600][gc,task     ] GC(1284) Using 8 workers of 8 for evacuation
[2021-03-19T15:46:27.364+0600][gc,phases   ] GC(1284)   Pre Evacuate Collection Set: 0.4ms
[2021-03-19T15:46:27.364+0600][gc,phases   ] GC(1284)   Merge Heap Roots: 0.4ms
[2021-03-19T15:46:27.364+0600][gc,phases   ] GC(1284)   Evacuate Collection Set: 16.5ms
[2021-03-19T15:46:27.364+0600][gc,phases   ] GC(1284)   Post Evacuate Collection Set: 1.6ms
[2021-03-19T15:46:27.364+0600][gc,phases   ] GC(1284)   Other: 0.8ms
[2021-03-19T15:46:27.364+0600][gc,heap     ] GC(1284) Eden regions: 606->0(605)
[2021-03-19T15:46:27.364+0600][gc,heap     ] GC(1284) Survivor regions: 8->9(77)
[2021-03-19T15:46:27.364+0600][gc,heap     ] GC(1284) Old regions: 102->103
[2021-03-19T15:46:27.364+0600][gc,heap     ] GC(1284) Archive regions: 2->2
[2021-03-19T15:46:27.364+0600][gc,heap     ] GC(1284) Humongous regions: 129->129
[2021-03-19T15:46:27.364+0600][gc,metaspace] GC(1284) Metaspace: 40242K(41216K)->40242K(41216K) NonClass: 35935K(36608K)->35935K(36608K) Class: 4306K(4608K)->4306K(4608K)
[2021-03-19T15:46:27.364+0600][gc          ] GC(1284) Pause Young (Normal) (G1 Evacuation Pause) 845M->240M(1024M) 20.041ms
[2021-03-19T15:46:27.364+0600][gc,cpu      ] GC(1284) User=0.08s Sys=0.00s Real=0.02s
[2021-03-19T15:46:42.487+0600][gc,start    ] GC(1285) Pause Young (Normal) (G1 Evacuation Pause)
[2021-03-19T15:46:42.487+0600][gc,task     ] GC(1285) Using 8 workers of 8 for evacuation
[2021-03-19T15:46:42.506+0600][gc,phases   ] GC(1285)   Pre Evacuate Collection Set: 0.4ms
[2021-03-19T15:46:42.506+0600][gc,phases   ] GC(1285)   Merge Heap Roots: 0.4ms
[2021-03-19T15:46:42.506+0600][gc,phases   ] GC(1285)   Evacuate Collection Set: 17.2ms
[2021-03-19T15:46:42.506+0600][gc,phases   ] GC(1285)   Post Evacuate Collection Set: 0.5ms
[2021-03-19T15:46:42.506+0600][gc,phases   ] GC(1285)   Other: 0.7ms
[2021-03-19T15:46:42.506+0600][gc,heap     ] GC(1285) Eden regions: 605->0(606)
[2021-03-19T15:46:42.506+0600][gc,heap     ] GC(1285) Survivor regions: 9->8(77)
[2021-03-19T15:46:42.506+0600][gc,heap     ] GC(1285) Old regions: 103->103
[2021-03-19T15:46:42.506+0600][gc,heap     ] GC(1285) Archive regions: 2->2
[2021-03-19T15:46:42.506+0600][gc,heap     ] GC(1285) Humongous regions: 129->129
[2021-03-19T15:46:42.506+0600][gc,metaspace] GC(1285) Metaspace: 40242K(41216K)->40242K(41216K) NonClass: 35935K(36608K)->35935K(36608K) Class: 4306K(4608K)->4306K(4608K)
[2021-03-19T15:46:42.506+0600][gc          ] GC(1285) Pause Young (Normal) (G1 Evacuation Pause) 845M->240M(1024M) 19.239ms
[2021-03-19T15:46:42.506+0600][gc,cpu      ] GC(1285) User=0.06s Sys=0.00s Real=0.02s
[2021-03-19T15:46:57.997+0600][gc,start    ] GC(1286) Pause Young (Normal) (G1 Evacuation Pause)
[2021-03-19T15:46:57.997+0600][gc,task     ] GC(1286) Using 8 workers of 8 for evacuation
[2021-03-19T15:46:58.011+0600][gc,phases   ] GC(1286)   Pre Evacuate Collection Set: 0.4ms
[2021-03-19T15:46:58.012+0600][gc,phases   ] GC(1286)   Merge Heap Roots: 0.3ms
[2021-03-19T15:46:58.012+0600][gc,phases   ] GC(1286)   Evacuate Collection Set: 12.6ms
[2021-03-19T15:46:58.012+0600][gc,phases   ] GC(1286)   Post Evacuate Collection Set: 0.9ms
[2021-03-19T15:46:58.012+0600][gc,phases   ] GC(1286)   Other: 0.6ms
[2021-03-19T15:46:58.012+0600][gc,heap     ] GC(1286) Eden regions: 606->0(605)
[2021-03-19T15:46:58.012+0600][gc,heap     ] GC(1286) Survivor regions: 8->9(77)
[2021-03-19T15:46:58.012+0600][gc,heap     ] GC(1286) Old regions: 103->104
[2021-03-19T15:46:58.012+0600][gc,heap     ] GC(1286) Archive regions: 2->2
[2021-03-19T15:46:58.012+0600][gc,heap     ] GC(1286) Humongous regions: 129->129
[2021-03-19T15:46:58.012+0600][gc,metaspace] GC(1286) Metaspace: 40242K(41216K)->40242K(41216K) NonClass: 35935K(36608K)->35935K(36608K) Class: 4306K(4608K)->4306K(4608K)
[2021-03-19T15:46:58.012+0600][gc          ] GC(1286) Pause Young (Normal) (G1 Evacuation Pause) 846M->241M(1024M) 15.106ms
[2021-03-19T15:46:58.012+0600][gc,cpu      ] GC(1286) User=0.06s Sys=0.00s Real=0.02s
[2021-03-19T15:47:13.680+0600][gc,start    ] GC(1287) Pause Young (Normal) (G1 Evacuation Pause)
[2021-03-19T15:47:13.680+0600][gc,task     ] GC(1287) Using 8 workers of 8 for evacuation
[2021-03-19T15:47:13.703+0600][gc,mmu      ] GC(1287) MMU target violated: 21.0ms (20.0ms/21.0ms)
[2021-03-19T15:47:13.703+0600][gc,phases   ] GC(1287)   Pre Evacuate Collection Set: 0.4ms
[2021-03-19T15:47:13.703+0600][gc,phases   ] GC(1287)   Merge Heap Roots: 0.4ms
[2021-03-19T15:47:13.703+0600][gc,phases   ] GC(1287)   Evacuate Collection Set: 20.9ms
[2021-03-19T15:47:13.703+0600][gc,phases   ] GC(1287)   Post Evacuate Collection Set: 0.6ms
[2021-03-19T15:47:13.703+0600][gc,phases   ] GC(1287)   Other: 0.8ms
[2021-03-19T15:47:13.703+0600][gc,heap     ] GC(1287) Eden regions: 605->0(605)
[2021-03-19T15:47:13.703+0600][gc,heap     ] GC(1287) Survivor regions: 9->9(77)
[2021-03-19T15:47:13.703+0600][gc,heap     ] GC(1287) Old regions: 104->104
[2021-03-19T15:47:13.703+0600][gc,heap     ] GC(1287) Archive regions: 2->2
[2021-03-19T15:47:13.703+0600][gc,heap     ] GC(1287) Humongous regions: 129->129
[2021-03-19T15:47:13.703+0600][gc,metaspace] GC(1287) Metaspace: 40242K(41216K)->40242K(41216K) NonClass: 35935K(36608K)->35935K(36608K) Class: 4306K(4608K)->4306K(4608K)
[2021-03-19T15:47:13.703+0600][gc          ] GC(1287) Pause Young (Normal) (G1 Evacuation Pause) 846M->241M(1024M) 23.161ms
[2021-03-19T15:47:13.703+0600][gc,cpu      ] GC(1287) User=0.06s Sys=0.00s Real=0.02s
[2021-03-19T15:47:29.375+0600][gc,start    ] GC(1288) Pause Young (Normal) (G1 Evacuation Pause)
[2021-03-19T15:47:29.376+0600][gc,task     ] GC(1288) Using 8 workers of 8 for evacuation
[2021-03-19T15:47:29.394+0600][gc,phases   ] GC(1288)   Pre Evacuate Collection Set: 0.6ms
[2021-03-19T15:47:29.394+0600][gc,phases   ] GC(1288)   Merge Heap Roots: 0.8ms
[2021-03-19T15:47:29.394+0600][gc,phases   ] GC(1288)   Evacuate Collection Set: 16.0ms
[2021-03-19T15:47:29.394+0600][gc,phases   ] GC(1288)   Post Evacuate Collection Set: 0.6ms
[2021-03-19T15:47:29.394+0600][gc,phases   ] GC(1288)   Other: 1.7ms
[2021-03-19T15:47:29.394+0600][gc,heap     ] GC(1288) Eden regions: 605->0(606)
[2021-03-19T15:47:29.394+0600][gc,heap     ] GC(1288) Survivor regions: 9->8(77)
[2021-03-19T15:47:29.394+0600][gc,heap     ] GC(1288) Old regions: 104->105
[2021-03-19T15:47:29.394+0600][gc,heap     ] GC(1288) Archive regions: 2->2
[2021-03-19T15:47:29.394+0600][gc,heap     ] GC(1288) Humongous regions: 129->129
[2021-03-19T15:47:29.394+0600][gc,metaspace] GC(1288) Metaspace: 40242K(41216K)->40242K(41216K) NonClass: 35935K(36608K)->35935K(36608K) Class: 4306K(4608K)->4306K(4608K)
[2021-03-19T15:47:29.394+0600][gc          ] GC(1288) Pause Young (Normal) (G1 Evacuation Pause) 846M->242M(1024M) 19.736ms
[2021-03-19T15:47:29.394+0600][gc,cpu      ] GC(1288) User=0.07s Sys=0.00s Real=0.02s
[2021-03-19T15:47:45.193+0600][gc,start    ] GC(1289) Pause Young (Normal) (G1 Evacuation Pause)
[2021-03-19T15:47:45.194+0600][gc,task     ] GC(1289) Using 8 workers of 8 for evacuation
[2021-03-19T15:47:45.213+0600][gc,phases   ] GC(1289)   Pre Evacuate Collection Set: 0.4ms
[2021-03-19T15:47:45.213+0600][gc,phases   ] GC(1289)   Merge Heap Roots: 0.3ms
[2021-03-19T15:47:45.213+0600][gc,phases   ] GC(1289)   Evacuate Collection Set: 17.0ms
[2021-03-19T15:47:45.213+0600][gc,phases   ] GC(1289)   Post Evacuate Collection Set: 0.6ms
[2021-03-19T15:47:45.213+0600][gc,phases   ] GC(1289)   Other: 1.7ms
[2021-03-19T15:47:45.213+0600][gc,heap     ] GC(1289) Eden regions: 606->0(606)
[2021-03-19T15:47:45.213+0600][gc,heap     ] GC(1289) Survivor regions: 8->8(77)
[2021-03-19T15:47:45.213+0600][gc,heap     ] GC(1289) Old regions: 105->105
[2021-03-19T15:47:45.213+0600][gc,heap     ] GC(1289) Archive regions: 2->2
[2021-03-19T15:47:45.213+0600][gc,heap     ] GC(1289) Humongous regions: 129->129
[2021-03-19T15:47:45.213+0600][gc,metaspace] GC(1289) Metaspace: 40242K(41216K)->40242K(41216K) NonClass: 35935K(36608K)->35935K(36608K) Class: 4306K(4608K)->4306K(4608K)
[2021-03-19T15:47:45.213+0600][gc          ] GC(1289) Pause Young (Normal) (G1 Evacuation Pause) 848M->242M(1024M) 20.138ms
[2021-03-19T15:47:45.213+0600][gc,cpu      ] GC(1289) User=0.07s Sys=0.01s Real=0.02s
[2021-03-19T15:48:00.898+0600][gc,start    ] GC(1290) Pause Young (Normal) (G1 Evacuation Pause)
[2021-03-19T15:48:00.898+0600][gc,task     ] GC(1290) Using 8 workers of 8 for evacuation
[2021-03-19T15:48:00.919+0600][gc,mmu      ] GC(1290) MMU target violated: 20.4ms (20.0ms/21.0ms)
[2021-03-19T15:48:00.919+0600][gc,phases   ] GC(1290)   Pre Evacuate Collection Set: 0.3ms
[2021-03-19T15:48:00.919+0600][gc,phases   ] GC(1290)   Merge Heap Roots: 0.2ms
[2021-03-19T15:48:00.919+0600][gc,phases   ] GC(1290)   Evacuate Collection Set: 19.1ms
[2021-03-19T15:48:00.919+0600][gc,phases   ] GC(1290)   Post Evacuate Collection Set: 0.8ms
[2021-03-19T15:48:00.919+0600][gc,phases   ] GC(1290)   Other: 0.7ms
[2021-03-19T15:48:00.919+0600][gc,heap     ] GC(1290) Eden regions: 606->0(605)
[2021-03-19T15:48:00.919+0600][gc,heap     ] GC(1290) Survivor regions: 8->9(77)
[2021-03-19T15:48:00.919+0600][gc,heap     ] GC(1290) Old regions: 105->106
[2021-03-19T15:48:00.919+0600][gc,heap     ] GC(1290) Archive regions: 2->2
[2021-03-19T15:48:00.919+0600][gc,heap     ] GC(1290) Humongous regions: 129->129
[2021-03-19T15:48:00.919+0600][gc,metaspace] GC(1290) Metaspace: 40242K(41216K)->40242K(41216K) NonClass: 35935K(36608K)->35935K(36608K) Class: 4306K(4608K)->4306K(4608K)
[2021-03-19T15:48:00.919+0600][gc          ] GC(1290) Pause Young (Normal) (G1 Evacuation Pause) 848M->243M(1024M) 21.173ms
[2021-03-19T15:48:00.919+0600][gc,cpu      ] GC(1290) User=0.07s Sys=0.01s Real=0.02s
[2021-03-19T15:48:19.165+0600][gc,start    ] GC(1291) Pause Young (Normal) (G1 Evacuation Pause)
[2021-03-19T15:48:19.165+0600][gc,task     ] GC(1291) Using 8 workers of 8 for evacuation
[2021-03-19T15:48:19.181+0600][gc,phases   ] GC(1291)   Pre Evacuate Collection Set: 0.2ms
[2021-03-19T15:48:19.181+0600][gc,phases   ] GC(1291)   Merge Heap Roots: 0.2ms
[2021-03-19T15:48:19.181+0600][gc,phases   ] GC(1291)   Evacuate Collection Set: 14.2ms
[2021-03-19T15:48:19.181+0600][gc,phases   ] GC(1291)   Post Evacuate Collection Set: 0.6ms
[2021-03-19T15:48:19.181+0600][gc,phases   ] GC(1291)   Other: 1.0ms
[2021-03-19T15:48:19.181+0600][gc,heap     ] GC(1291) Eden regions: 605->0(606)
[2021-03-19T15:48:19.181+0600][gc,heap     ] GC(1291) Survivor regions: 9->8(77)
[2021-03-19T15:48:19.181+0600][gc,heap     ] GC(1291) Old regions: 106->106
[2021-03-19T15:48:19.181+0600][gc,heap     ] GC(1291) Archive regions: 2->2
[2021-03-19T15:48:19.181+0600][gc,heap     ] GC(1291) Humongous regions: 129->129
[2021-03-19T15:48:19.181+0600][gc,metaspace] GC(1291) Metaspace: 40242K(41216K)->40242K(41216K) NonClass: 35935K(36608K)->35935K(36608K) Class: 4306K(4608K)->4306K(4608K)
[2021-03-19T15:48:19.181+0600][gc          ] GC(1291) Pause Young (Normal) (G1 Evacuation Pause) 848M->243M(1024M) 16.312ms
[2021-03-19T15:48:19.181+0600][gc,cpu      ] GC(1291) User=0.05s Sys=0.00s Real=0.02s
[2021-03-19T15:48:35.079+0600][gc,start    ] GC(1292) Pause Young (Normal) (G1 Evacuation Pause)
[2021-03-19T15:48:35.079+0600][gc,task     ] GC(1292) Using 8 workers of 8 for evacuation
[2021-03-19T15:48:35.097+0600][gc,phases   ] GC(1292)   Pre Evacuate Collection Set: 0.4ms
[2021-03-19T15:48:35.097+0600][gc,phases   ] GC(1292)   Merge Heap Roots: 0.3ms
[2021-03-19T15:48:35.097+0600][gc,phases   ] GC(1292)   Evacuate Collection Set: 16.5ms
[2021-03-19T15:48:35.097+0600][gc,phases   ] GC(1292)   Post Evacuate Collection Set: 0.7ms
[2021-03-19T15:48:35.097+0600][gc,phases   ] GC(1292)   Other: 0.8ms
[2021-03-19T15:48:35.097+0600][gc,heap     ] GC(1292) Eden regions: 606->0(606)
[2021-03-19T15:48:35.097+0600][gc,heap     ] GC(1292) Survivor regions: 8->8(77)
[2021-03-19T15:48:35.097+0600][gc,heap     ] GC(1292) Old regions: 106->107
[2021-03-19T15:48:35.097+0600][gc,heap     ] GC(1292) Archive regions: 2->2
[2021-03-19T15:48:35.097+0600][gc,heap     ] GC(1292) Humongous regions: 129->129
[2021-03-19T15:48:35.097+0600][gc,metaspace] GC(1292) Metaspace: 40244K(41216K)->40244K(41216K) NonClass: 35937K(36608K)->35937K(36608K) Class: 4306K(4608K)->4306K(4608K)
[2021-03-19T15:48:35.097+0600][gc          ] GC(1292) Pause Young (Normal) (G1 Evacuation Pause) 849M->244M(1024M) 18.699ms
[2021-03-19T15:48:35.097+0600][gc,cpu      ] GC(1292) User=0.07s Sys=0.00s Real=0.02s
[2021-03-19T15:48:48.057+0600][gc,start    ] GC(1293) Pause Young (Normal) (G1 Evacuation Pause)
[2021-03-19T15:48:48.058+0600][gc,task     ] GC(1293) Using 8 workers of 8 for evacuation
[2021-03-19T15:48:48.074+0600][gc,phases   ] GC(1293)   Pre Evacuate Collection Set: 0.3ms
[2021-03-19T15:48:48.074+0600][gc,phases   ] GC(1293)   Merge Heap Roots: 0.3ms
[2021-03-19T15:48:48.074+0600][gc,phases   ] GC(1293)   Evacuate Collection Set: 14.3ms
[2021-03-19T15:48:48.074+0600][gc,phases   ] GC(1293)   Post Evacuate Collection Set: 0.8ms
[2021-03-19T15:48:48.074+0600][gc,phases   ] GC(1293)   Other: 1.4ms
[2021-03-19T15:48:48.074+0600][gc,heap     ] GC(1293) Eden regions: 606->0(605)
[2021-03-19T15:48:48.074+0600][gc,heap     ] GC(1293) Survivor regions: 8->9(77)
[2021-03-19T15:48:48.074+0600][gc,heap     ] GC(1293) Old regions: 107->108
[2021-03-19T15:48:48.074+0600][gc,heap     ] GC(1293) Archive regions: 2->2
[2021-03-19T15:48:48.074+0600][gc,heap     ] GC(1293) Humongous regions: 129->129
[2021-03-19T15:48:48.074+0600][gc,metaspace] GC(1293) Metaspace: 40244K(41216K)->40244K(41216K) NonClass: 35937K(36608K)->35937K(36608K) Class: 4306K(4608K)->4306K(4608K)
[2021-03-19T15:48:48.075+0600][gc          ] GC(1293) Pause Young (Normal) (G1 Evacuation Pause) 850M->245M(1024M) 17.262ms
[2021-03-19T15:48:48.075+0600][gc,cpu      ] GC(1293) User=0.05s Sys=0.00s Real=0.02s
[2021-03-19T15:49:02.983+0600][gc,start    ] GC(1294) Pause Young (Normal) (G1 Evacuation Pause)
[2021-03-19T15:49:02.985+0600][gc,task     ] GC(1294) Using 8 workers of 8 for evacuation
[2021-03-19T15:49:03.014+0600][gc,mmu      ] GC(1294) MMU target violated: 21.0ms (20.0ms/21.0ms)
[2021-03-19T15:49:03.014+0600][gc,phases   ] GC(1294)   Pre Evacuate Collection Set: 0.7ms
[2021-03-19T15:49:03.014+0600][gc,phases   ] GC(1294)   Merge Heap Roots: 0.5ms
[2021-03-19T15:49:03.014+0600][gc,phases   ] GC(1294)   Evacuate Collection Set: 19.5ms
[2021-03-19T15:49:03.014+0600][gc,phases   ] GC(1294)   Post Evacuate Collection Set: 7.6ms
[2021-03-19T15:49:03.014+0600][gc,phases   ] GC(1294)   Other: 2.6ms
[2021-03-19T15:49:03.014+0600][gc,heap     ] GC(1294) Eden regions: 605->0(606)
[2021-03-19T15:49:03.014+0600][gc,heap     ] GC(1294) Survivor regions: 9->8(77)
[2021-03-19T15:49:03.014+0600][gc,heap     ] GC(1294) Old regions: 108->108
[2021-03-19T15:49:03.014+0600][gc,heap     ] GC(1294) Archive regions: 2->2
[2021-03-19T15:49:03.014+0600][gc,heap     ] GC(1294) Humongous regions: 129->129
[2021-03-19T15:49:03.014+0600][gc,metaspace] GC(1294) Metaspace: 40244K(41216K)->40244K(41216K) NonClass: 35937K(36608K)->35937K(36608K) Class: 4306K(4608K)->4306K(4608K)
[2021-03-19T15:49:03.014+0600][gc          ] GC(1294) Pause Young (Normal) (G1 Evacuation Pause) 850M->245M(1024M) 31.046ms
[2021-03-19T15:49:03.014+0600][gc,cpu      ] GC(1294) User=0.05s Sys=0.02s Real=0.03s
[2021-03-19T15:49:17.317+0600][gc,start    ] GC(1295) Pause Young (Normal) (G1 Evacuation Pause)
[2021-03-19T15:49:17.318+0600][gc,task     ] GC(1295) Using 8 workers of 8 for evacuation
[2021-03-19T15:49:17.338+0600][gc,mmu      ] GC(1295) MMU target violated: 20.6ms (20.0ms/21.0ms)
[2021-03-19T15:49:17.338+0600][gc,phases   ] GC(1295)   Pre Evacuate Collection Set: 0.3ms
[2021-03-19T15:49:17.338+0600][gc,phases   ] GC(1295)   Merge Heap Roots: 0.3ms
[2021-03-19T15:49:17.338+0600][gc,phases   ] GC(1295)   Evacuate Collection Set: 19.3ms
[2021-03-19T15:49:17.338+0600][gc,phases   ] GC(1295)   Post Evacuate Collection Set: 0.5ms
[2021-03-19T15:49:17.338+0600][gc,phases   ] GC(1295)   Other: 0.7ms
[2021-03-19T15:49:17.338+0600][gc,heap     ] GC(1295) Eden regions: 606->0(605)
[2021-03-19T15:49:17.338+0600][gc,heap     ] GC(1295) Survivor regions: 8->9(77)
[2021-03-19T15:49:17.338+0600][gc,heap     ] GC(1295) Old regions: 108->109
[2021-03-19T15:49:17.338+0600][gc,heap     ] GC(1295) Archive regions: 2->2
[2021-03-19T15:49:17.338+0600][gc,heap     ] GC(1295) Humongous regions: 129->129
[2021-03-19T15:49:17.338+0600][gc,metaspace] GC(1295) Metaspace: 40244K(41216K)->40244K(41216K) NonClass: 35937K(36608K)->35937K(36608K) Class: 4306K(4608K)->4306K(4608K)
[2021-03-19T15:49:17.338+0600][gc          ] GC(1295) Pause Young (Normal) (G1 Evacuation Pause) 851M->246M(1024M) 21.125ms
[2021-03-19T15:49:17.338+0600][gc,cpu      ] GC(1295) User=0.06s Sys=0.00s Real=0.02s
[2021-03-19T15:49:30.576+0600][gc,start    ] GC(1296) Pause Young (Normal) (G1 Evacuation Pause)
[2021-03-19T15:49:30.577+0600][gc,task     ] GC(1296) Using 8 workers of 8 for evacuation
[2021-03-19T15:49:30.593+0600][gc,phases   ] GC(1296)   Pre Evacuate Collection Set: 0.3ms
[2021-03-19T15:49:30.593+0600][gc,phases   ] GC(1296)   Merge Heap Roots: 0.3ms
[2021-03-19T15:49:30.593+0600][gc,phases   ] GC(1296)   Evacuate Collection Set: 14.0ms
[2021-03-19T15:49:30.593+0600][gc,phases   ] GC(1296)   Post Evacuate Collection Set: 0.7ms
[2021-03-19T15:49:30.593+0600][gc,phases   ] GC(1296)   Other: 1.4ms
[2021-03-19T15:49:30.593+0600][gc,heap     ] GC(1296) Eden regions: 605->0(605)
[2021-03-19T15:49:30.593+0600][gc,heap     ] GC(1296) Survivor regions: 9->9(77)
[2021-03-19T15:49:30.593+0600][gc,heap     ] GC(1296) Old regions: 109->109
[2021-03-19T15:49:30.593+0600][gc,heap     ] GC(1296) Archive regions: 2->2
[2021-03-19T15:49:30.593+0600][gc,heap     ] GC(1296) Humongous regions: 129->129
[2021-03-19T15:49:30.593+0600][gc,metaspace] GC(1296) Metaspace: 40244K(41216K)->40244K(41216K) NonClass: 35937K(36608K)->35937K(36608K) Class: 4306K(4608K)->4306K(4608K)
[2021-03-19T15:49:30.593+0600][gc          ] GC(1296) Pause Young (Normal) (G1 Evacuation Pause) 851M->246M(1024M) 16.726ms
[2021-03-19T15:49:30.593+0600][gc,cpu      ] GC(1296) User=0.06s Sys=0.00s Real=0.02s
[2021-03-19T15:49:44.111+0600][gc,start    ] GC(1297) Pause Young (Normal) (G1 Evacuation Pause)
[2021-03-19T15:49:44.111+0600][gc,task     ] GC(1297) Using 8 workers of 8 for evacuation
[2021-03-19T15:49:44.127+0600][gc,phases   ] GC(1297)   Pre Evacuate Collection Set: 0.2ms
[2021-03-19T15:49:44.127+0600][gc,phases   ] GC(1297)   Merge Heap Roots: 0.2ms
[2021-03-19T15:49:44.127+0600][gc,phases   ] GC(1297)   Evacuate Collection Set: 14.4ms
[2021-03-19T15:49:44.127+0600][gc,phases   ] GC(1297)   Post Evacuate Collection Set: 1.3ms
[2021-03-19T15:49:44.128+0600][gc,phases   ] GC(1297)   Other: 0.4ms
[2021-03-19T15:49:44.128+0600][gc,heap     ] GC(1297) Eden regions: 605->0(606)
[2021-03-19T15:49:44.128+0600][gc,heap     ] GC(1297) Survivor regions: 9->8(77)
[2021-03-19T15:49:44.128+0600][gc,heap     ] GC(1297) Old regions: 109->110
[2021-03-19T15:49:44.128+0600][gc,heap     ] GC(1297) Archive regions: 2->2
[2021-03-19T15:49:44.128+0600][gc,heap     ] GC(1297) Humongous regions: 129->129
[2021-03-19T15:49:44.128+0600][gc,metaspace] GC(1297) Metaspace: 40244K(41216K)->40244K(41216K) NonClass: 35937K(36608K)->35937K(36608K) Class: 4306K(4608K)->4306K(4608K)
[2021-03-19T15:49:44.128+0600][gc          ] GC(1297) Pause Young (Normal) (G1 Evacuation Pause) 851M->247M(1024M) 16.759ms
[2021-03-19T15:49:44.128+0600][gc,cpu      ] GC(1297) User=0.05s Sys=0.00s Real=0.01s
[2021-03-19T15:49:57.909+0600][gc,start    ] GC(1298) Pause Young (Normal) (G1 Evacuation Pause)
[2021-03-19T15:49:57.910+0600][gc,task     ] GC(1298) Using 8 workers of 8 for evacuation
[2021-03-19T15:49:57.934+0600][gc,mmu      ] GC(1298) MMU target violated: 21.0ms (20.0ms/21.0ms)
[2021-03-19T15:49:57.934+0600][gc,phases   ] GC(1298)   Pre Evacuate Collection Set: 2.0ms
[2021-03-19T15:49:57.934+0600][gc,phases   ] GC(1298)   Merge Heap Roots: 0.6ms
[2021-03-19T15:49:57.934+0600][gc,phases   ] GC(1298)   Evacuate Collection Set: 18.9ms
[2021-03-19T15:49:57.934+0600][gc,phases   ] GC(1298)   Post Evacuate Collection Set: 1.7ms
[2021-03-19T15:49:57.934+0600][gc,phases   ] GC(1298)   Other: 1.8ms
[2021-03-19T15:49:57.934+0600][gc,heap     ] GC(1298) Eden regions: 606->0(605)
[2021-03-19T15:49:57.934+0600][gc,heap     ] GC(1298) Survivor regions: 8->9(77)
[2021-03-19T15:49:57.934+0600][gc,heap     ] GC(1298) Old regions: 110->110
[2021-03-19T15:49:57.934+0600][gc,heap     ] GC(1298) Archive regions: 2->2
[2021-03-19T15:49:57.934+0600][gc,heap     ] GC(1298) Humongous regions: 129->129
[2021-03-19T15:49:57.934+0600][gc,metaspace] GC(1298) Metaspace: 40244K(41216K)->40244K(41216K) NonClass: 35937K(36608K)->35937K(36608K) Class: 4306K(4608K)->4306K(4608K)
[2021-03-19T15:49:57.934+0600][gc          ] GC(1298) Pause Young (Normal) (G1 Evacuation Pause) 853M->247M(1024M) 25.203ms
[2021-03-19T15:49:57.934+0600][gc,cpu      ] GC(1298) User=0.06s Sys=0.01s Real=0.03s
[2021-03-19T15:50:13.424+0600][gc,start    ] GC(1299) Pause Young (Normal) (G1 Evacuation Pause)
[2021-03-19T15:50:13.425+0600][gc,task     ] GC(1299) Using 8 workers of 8 for evacuation
[2021-03-19T15:50:13.475+0600][gc,mmu      ] GC(1299) MMU target violated: 21.0ms (20.0ms/21.0ms)
[2021-03-19T15:50:13.475+0600][gc,phases   ] GC(1299)   Pre Evacuate Collection Set: 0.4ms
[2021-03-19T15:50:13.475+0600][gc,phases   ] GC(1299)   Merge Heap Roots: 0.4ms
[2021-03-19T15:50:13.475+0600][gc,phases   ] GC(1299)   Evacuate Collection Set: 46.3ms
[2021-03-19T15:50:13.475+0600][gc,phases   ] GC(1299)   Post Evacuate Collection Set: 2.7ms
[2021-03-19T15:50:13.475+0600][gc,phases   ] GC(1299)   Other: 1.4ms
[2021-03-19T15:50:13.475+0600][gc,heap     ] GC(1299) Eden regions: 605->0(594)
[2021-03-19T15:50:13.475+0600][gc,heap     ] GC(1299) Survivor regions: 9->9(77)
[2021-03-19T15:50:13.475+0600][gc,heap     ] GC(1299) Old regions: 110->111
[2021-03-19T15:50:13.475+0600][gc,heap     ] GC(1299) Archive regions: 2->2
[2021-03-19T15:50:13.475+0600][gc,heap     ] GC(1299) Humongous regions: 129->129
[2021-03-19T15:50:13.475+0600][gc,metaspace] GC(1299) Metaspace: 40244K(41216K)->40244K(41216K) NonClass: 35937K(36608K)->35937K(36608K) Class: 4306K(4608K)->4306K(4608K)
[2021-03-19T15:50:13.475+0600][gc          ] GC(1299) Pause Young (Normal) (G1 Evacuation Pause) 852M->248M(1024M) 51.293ms
[2021-03-19T15:50:13.475+0600][gc,cpu      ] GC(1299) User=0.06s Sys=0.04s Real=0.05s
[2021-03-19T15:50:26.482+0600][gc,start    ] GC(1300) Pause Young (Normal) (G1 Evacuation Pause)
[2021-03-19T15:50:26.482+0600][gc,task     ] GC(1300) Using 8 workers of 8 for evacuation
[2021-03-19T15:50:26.504+0600][gc,mmu      ] GC(1300) MMU target violated: 21.0ms (20.0ms/21.0ms)
[2021-03-19T15:50:26.504+0600][gc,phases   ] GC(1300)   Pre Evacuate Collection Set: 0.2ms
[2021-03-19T15:50:26.504+0600][gc,phases   ] GC(1300)   Merge Heap Roots: 0.2ms
[2021-03-19T15:50:26.504+0600][gc,phases   ] GC(1300)   Evacuate Collection Set: 20.1ms
[2021-03-19T15:50:26.504+0600][gc,phases   ] GC(1300)   Post Evacuate Collection Set: 0.9ms
[2021-03-19T15:50:26.504+0600][gc,phases   ] GC(1300)   Other: 0.7ms
[2021-03-19T15:50:26.504+0600][gc,heap     ] GC(1300) Eden regions: 569->0(606)
[2021-03-19T15:50:26.504+0600][gc,heap     ] GC(1300) Survivor regions: 9->8(73)
[2021-03-19T15:50:26.504+0600][gc,heap     ] GC(1300) Old regions: 111->111
[2021-03-19T15:50:26.504+0600][gc,heap     ] GC(1300) Archive regions: 2->2
[2021-03-19T15:50:26.504+0600][gc,heap     ] GC(1300) Humongous regions: 129->129
[2021-03-19T15:50:26.504+0600][gc,metaspace] GC(1300) Metaspace: 40244K(41216K)->40244K(41216K) NonClass: 35937K(36608K)->35937K(36608K) Class: 4306K(4608K)->4306K(4608K)
[2021-03-19T15:50:26.504+0600][gc          ] GC(1300) Pause Young (Normal) (G1 Evacuation Pause) 817M->248M(1024M) 22.340ms
[2021-03-19T15:50:26.504+0600][gc,cpu      ] GC(1300) User=0.07s Sys=0.01s Real=0.02s
[2021-03-19T15:50:41.204+0600][gc,start    ] GC(1301) Pause Young (Normal) (G1 Evacuation Pause)
[2021-03-19T15:50:41.204+0600][gc,task     ] GC(1301) Using 8 workers of 8 for evacuation
[2021-03-19T15:50:41.220+0600][gc,phases   ] GC(1301)   Pre Evacuate Collection Set: 0.4ms
[2021-03-19T15:50:41.220+0600][gc,phases   ] GC(1301)   Merge Heap Roots: 0.3ms
[2021-03-19T15:50:41.220+0600][gc,phases   ] GC(1301)   Evacuate Collection Set: 14.5ms
[2021-03-19T15:50:41.220+0600][gc,phases   ] GC(1301)   Post Evacuate Collection Set: 0.8ms
[2021-03-19T15:50:41.220+0600][gc,phases   ] GC(1301)   Other: 0.5ms
[2021-03-19T15:50:41.220+0600][gc,heap     ] GC(1301) Eden regions: 606->0(605)
[2021-03-19T15:50:41.220+0600][gc,heap     ] GC(1301) Survivor regions: 8->9(77)
[2021-03-19T15:50:41.220+0600][gc,heap     ] GC(1301) Old regions: 111->112
[2021-03-19T15:50:41.220+0600][gc,heap     ] GC(1301) Archive regions: 2->2
[2021-03-19T15:50:41.220+0600][gc,heap     ] GC(1301) Humongous regions: 129->129
[2021-03-19T15:50:41.221+0600][gc,metaspace] GC(1301) Metaspace: 40244K(41216K)->40244K(41216K) NonClass: 35937K(36608K)->35937K(36608K) Class: 4306K(4608K)->4306K(4608K)
[2021-03-19T15:50:41.221+0600][gc          ] GC(1301) Pause Young (Normal) (G1 Evacuation Pause) 854M->249M(1024M) 16.657ms
[2021-03-19T15:50:41.221+0600][gc,cpu      ] GC(1301) User=0.06s Sys=0.01s Real=0.02s
[2021-03-19T15:50:55.903+0600][gc,start    ] GC(1302) Pause Young (Normal) (G1 Evacuation Pause)
[2021-03-19T15:50:55.903+0600][gc,task     ] GC(1302) Using 8 workers of 8 for evacuation
[2021-03-19T15:50:55.923+0600][gc,phases   ] GC(1302)   Pre Evacuate Collection Set: 0.2ms
[2021-03-19T15:50:55.923+0600][gc,phases   ] GC(1302)   Merge Heap Roots: 0.2ms
[2021-03-19T15:50:55.923+0600][gc,phases   ] GC(1302)   Evacuate Collection Set: 17.8ms
[2021-03-19T15:50:55.923+0600][gc,phases   ] GC(1302)   Post Evacuate Collection Set: 0.9ms
[2021-03-19T15:50:55.923+0600][gc,phases   ] GC(1302)   Other: 0.5ms
[2021-03-19T15:50:55.923+0600][gc,heap     ] GC(1302) Eden regions: 605->0(606)
[2021-03-19T15:50:55.923+0600][gc,heap     ] GC(1302) Survivor regions: 9->8(77)
[2021-03-19T15:50:55.923+0600][gc,heap     ] GC(1302) Old regions: 112->112
[2021-03-19T15:50:55.923+0600][gc,heap     ] GC(1302) Archive regions: 2->2
[2021-03-19T15:50:55.923+0600][gc,heap     ] GC(1302) Humongous regions: 129->129
[2021-03-19T15:50:55.923+0600][gc,metaspace] GC(1302) Metaspace: 40244K(41216K)->40244K(41216K) NonClass: 35937K(36608K)->35937K(36608K) Class: 4306K(4608K)->4306K(4608K)
[2021-03-19T15:50:55.923+0600][gc          ] GC(1302) Pause Young (Normal) (G1 Evacuation Pause) 854M->249M(1024M) 19.770ms
[2021-03-19T15:50:55.923+0600][gc,cpu      ] GC(1302) User=0.07s Sys=0.00s Real=0.02s
[2021-03-19T15:51:10.116+0600][gc,start    ] GC(1303) Pause Young (Normal) (G1 Evacuation Pause)
[2021-03-19T15:51:10.116+0600][gc,task     ] GC(1303) Using 8 workers of 8 for evacuation
[2021-03-19T15:51:10.136+0600][gc,phases   ] GC(1303)   Pre Evacuate Collection Set: 0.3ms
[2021-03-19T15:51:10.136+0600][gc,phases   ] GC(1303)   Merge Heap Roots: 0.2ms
[2021-03-19T15:51:10.136+0600][gc,phases   ] GC(1303)   Evacuate Collection Set: 18.5ms
[2021-03-19T15:51:10.136+0600][gc,phases   ] GC(1303)   Post Evacuate Collection Set: 0.7ms
[2021-03-19T15:51:10.136+0600][gc,phases   ] GC(1303)   Other: 0.5ms
[2021-03-19T15:51:10.136+0600][gc,heap     ] GC(1303) Eden regions: 606->0(606)
[2021-03-19T15:51:10.136+0600][gc,heap     ] GC(1303) Survivor regions: 8->8(77)
[2021-03-19T15:51:10.136+0600][gc,heap     ] GC(1303) Old regions: 112->113
[2021-03-19T15:51:10.136+0600][gc,heap     ] GC(1303) Archive regions: 2->2
[2021-03-19T15:51:10.136+0600][gc,heap     ] GC(1303) Humongous regions: 129->129
[2021-03-19T15:51:10.136+0600][gc,metaspace] GC(1303) Metaspace: 40244K(41216K)->40244K(41216K) NonClass: 35937K(36608K)->35937K(36608K) Class: 4306K(4608K)->4306K(4608K)
[2021-03-19T15:51:10.136+0600][gc          ] GC(1303) Pause Young (Normal) (G1 Evacuation Pause) 855M->250M(1024M) 20.328ms
[2021-03-19T15:51:10.136+0600][gc,cpu      ] GC(1303) User=0.07s Sys=0.00s Real=0.02s
[2021-03-19T15:51:22.769+0600][gc,start    ] GC(1304) Pause Young (Normal) (G1 Evacuation Pause)
[2021-03-19T15:51:22.770+0600][gc,task     ] GC(1304) Using 8 workers of 8 for evacuation
[2021-03-19T15:51:22.785+0600][gc,phases   ] GC(1304)   Pre Evacuate Collection Set: 0.4ms
[2021-03-19T15:51:22.785+0600][gc,phases   ] GC(1304)   Merge Heap Roots: 0.3ms
[2021-03-19T15:51:22.785+0600][gc,phases   ] GC(1304)   Evacuate Collection Set: 13.6ms
[2021-03-19T15:51:22.785+0600][gc,phases   ] GC(1304)   Post Evacuate Collection Set: 0.5ms
[2021-03-19T15:51:22.785+0600][gc,phases   ] GC(1304)   Other: 0.6ms
[2021-03-19T15:51:22.785+0600][gc,heap     ] GC(1304) Eden regions: 606->0(605)
[2021-03-19T15:51:22.785+0600][gc,heap     ] GC(1304) Survivor regions: 8->9(77)
[2021-03-19T15:51:22.785+0600][gc,heap     ] GC(1304) Old regions: 113->113
[2021-03-19T15:51:22.785+0600][gc,heap     ] GC(1304) Archive regions: 2->2
[2021-03-19T15:51:22.785+0600][gc,heap     ] GC(1304) Humongous regions: 129->129
[2021-03-19T15:51:22.785+0600][gc,metaspace] GC(1304) Metaspace: 40244K(41216K)->40244K(41216K) NonClass: 35937K(36608K)->35937K(36608K) Class: 4306K(4608K)->4306K(4608K)
[2021-03-19T15:51:22.785+0600][gc          ] GC(1304) Pause Young (Normal) (G1 Evacuation Pause) 856M->250M(1024M) 15.545ms
[2021-03-19T15:51:22.785+0600][gc,cpu      ] GC(1304) User=0.05s Sys=0.00s Real=0.02s
[2021-03-19T15:51:36.234+0600][gc,start    ] GC(1305) Pause Young (Normal) (G1 Evacuation Pause)
[2021-03-19T15:51:36.234+0600][gc,task     ] GC(1305) Using 8 workers of 8 for evacuation
[2021-03-19T15:51:36.253+0600][gc,phases   ] GC(1305)   Pre Evacuate Collection Set: 0.4ms
[2021-03-19T15:51:36.253+0600][gc,phases   ] GC(1305)   Merge Heap Roots: 0.4ms
[2021-03-19T15:51:36.253+0600][gc,phases   ] GC(1305)   Evacuate Collection Set: 16.8ms
[2021-03-19T15:51:36.253+0600][gc,phases   ] GC(1305)   Post Evacuate Collection Set: 0.6ms
[2021-03-19T15:51:36.253+0600][gc,phases   ] GC(1305)   Other: 0.7ms
[2021-03-19T15:51:36.253+0600][gc,heap     ] GC(1305) Eden regions: 605->0(605)
[2021-03-19T15:51:36.253+0600][gc,heap     ] GC(1305) Survivor regions: 9->9(77)
[2021-03-19T15:51:36.253+0600][gc,heap     ] GC(1305) Old regions: 113->114
[2021-03-19T15:51:36.253+0600][gc,heap     ] GC(1305) Archive regions: 2->2
[2021-03-19T15:51:36.253+0600][gc,heap     ] GC(1305) Humongous regions: 129->129
[2021-03-19T15:51:36.253+0600][gc,metaspace] GC(1305) Metaspace: 40244K(41216K)->40244K(41216K) NonClass: 35937K(36608K)->35937K(36608K) Class: 4306K(4608K)->4306K(4608K)
[2021-03-19T15:51:36.253+0600][gc          ] GC(1305) Pause Young (Normal) (G1 Evacuation Pause) 855M->251M(1024M) 18.934ms
[2021-03-19T15:51:36.253+0600][gc,cpu      ] GC(1305) User=0.07s Sys=0.01s Real=0.02s
[2021-03-19T15:51:51.209+0600][gc,start    ] GC(1306) Pause Young (Normal) (G1 Evacuation Pause)
[2021-03-19T15:51:51.210+0600][gc,task     ] GC(1306) Using 8 workers of 8 for evacuation
[2021-03-19T15:51:51.229+0600][gc,phases   ] GC(1306)   Pre Evacuate Collection Set: 0.6ms
[2021-03-19T15:51:51.229+0600][gc,phases   ] GC(1306)   Merge Heap Roots: 0.7ms
[2021-03-19T15:51:51.229+0600][gc,phases   ] GC(1306)   Evacuate Collection Set: 15.8ms
[2021-03-19T15:51:51.229+0600][gc,phases   ] GC(1306)   Post Evacuate Collection Set: 0.8ms
[2021-03-19T15:51:51.229+0600][gc,phases   ] GC(1306)   Other: 2.0ms
[2021-03-19T15:51:51.229+0600][gc,heap     ] GC(1306) Eden regions: 605->0(605)
[2021-03-19T15:51:51.229+0600][gc,heap     ] GC(1306) Survivor regions: 9->9(77)
[2021-03-19T15:51:51.229+0600][gc,heap     ] GC(1306) Old regions: 114->115
[2021-03-19T15:51:51.229+0600][gc,heap     ] GC(1306) Archive regions: 2->2
[2021-03-19T15:51:51.229+0600][gc,heap     ] GC(1306) Humongous regions: 129->129
[2021-03-19T15:51:51.229+0600][gc,metaspace] GC(1306) Metaspace: 40244K(41216K)->40244K(41216K) NonClass: 35937K(36608K)->35937K(36608K) Class: 4306K(4608K)->4306K(4608K)
[2021-03-19T15:51:51.229+0600][gc          ] GC(1306) Pause Young (Normal) (G1 Evacuation Pause) 856M->252M(1024M) 19.898ms
[2021-03-19T15:51:51.229+0600][gc,cpu      ] GC(1306) User=0.07s Sys=0.01s Real=0.02s
[2021-03-19T15:52:04.916+0600][gc,start    ] GC(1307) Pause Young (Normal) (G1 Evacuation Pause)
[2021-03-19T15:52:04.916+0600][gc,task     ] GC(1307) Using 8 workers of 8 for evacuation
[2021-03-19T15:52:04.936+0600][gc,phases   ] GC(1307)   Pre Evacuate Collection Set: 0.3ms
[2021-03-19T15:52:04.936+0600][gc,phases   ] GC(1307)   Merge Heap Roots: 0.3ms
[2021-03-19T15:52:04.936+0600][gc,phases   ] GC(1307)   Evacuate Collection Set: 18.2ms
[2021-03-19T15:52:04.936+0600][gc,phases   ] GC(1307)   Post Evacuate Collection Set: 0.8ms
[2021-03-19T15:52:04.936+0600][gc,phases   ] GC(1307)   Other: 0.6ms
[2021-03-19T15:52:04.936+0600][gc,heap     ] GC(1307) Eden regions: 605->0(606)
[2021-03-19T15:52:04.936+0600][gc,heap     ] GC(1307) Survivor regions: 9->8(77)
[2021-03-19T15:52:04.936+0600][gc,heap     ] GC(1307) Old regions: 115->115
[2021-03-19T15:52:04.936+0600][gc,heap     ] GC(1307) Archive regions: 2->2
[2021-03-19T15:52:04.936+0600][gc,heap     ] GC(1307) Humongous regions: 129->129
[2021-03-19T15:52:04.936+0600][gc,metaspace] GC(1307) Metaspace: 40244K(41216K)->40244K(41216K) NonClass: 35937K(36608K)->35937K(36608K) Class: 4306K(4608K)->4306K(4608K)
[2021-03-19T15:52:04.937+0600][gc          ] GC(1307) Pause Young (Normal) (G1 Evacuation Pause) 857M->252M(1024M) 20.598ms
[2021-03-19T15:52:04.937+0600][gc,cpu      ] GC(1307) User=0.07s Sys=0.01s Real=0.02s
[2021-03-19T15:52:20.754+0600][gc,start    ] GC(1308) Pause Young (Normal) (G1 Evacuation Pause)
[2021-03-19T15:52:20.754+0600][gc,task     ] GC(1308) Using 8 workers of 8 for evacuation
[2021-03-19T15:52:20.774+0600][gc,phases   ] GC(1308)   Pre Evacuate Collection Set: 0.4ms
[2021-03-19T15:52:20.774+0600][gc,phases   ] GC(1308)   Merge Heap Roots: 0.3ms
[2021-03-19T15:52:20.774+0600][gc,phases   ] GC(1308)   Evacuate Collection Set: 18.0ms
[2021-03-19T15:52:20.774+0600][gc,phases   ] GC(1308)   Post Evacuate Collection Set: 0.8ms
[2021-03-19T15:52:20.774+0600][gc,phases   ] GC(1308)   Other: 0.7ms
[2021-03-19T15:52:20.774+0600][gc,heap     ] GC(1308) Eden regions: 606->0(606)
[2021-03-19T15:52:20.774+0600][gc,heap     ] GC(1308) Survivor regions: 8->8(77)
[2021-03-19T15:52:20.774+0600][gc,heap     ] GC(1308) Old regions: 115->116
[2021-03-19T15:52:20.774+0600][gc,heap     ] GC(1308) Archive regions: 2->2
[2021-03-19T15:52:20.774+0600][gc,heap     ] GC(1308) Humongous regions: 129->129
[2021-03-19T15:52:20.774+0600][gc,metaspace] GC(1308) Metaspace: 40244K(41216K)->40244K(41216K) NonClass: 35937K(36608K)->35937K(36608K) Class: 4306K(4608K)->4306K(4608K)
[2021-03-19T15:52:20.774+0600][gc          ] GC(1308) Pause Young (Normal) (G1 Evacuation Pause) 858M->252M(1024M) 20.545ms
[2021-03-19T15:52:20.774+0600][gc,cpu      ] GC(1308) User=0.08s Sys=0.00s Real=0.02s
[2021-03-19T15:52:40.604+0600][gc,start    ] GC(1309) Pause Young (Normal) (G1 Evacuation Pause)
[2021-03-19T15:52:40.604+0600][gc,task     ] GC(1309) Using 8 workers of 8 for evacuation
[2021-03-19T15:52:40.622+0600][gc,phases   ] GC(1309)   Pre Evacuate Collection Set: 0.5ms
[2021-03-19T15:52:40.622+0600][gc,phases   ] GC(1309)   Merge Heap Roots: 0.5ms
[2021-03-19T15:52:40.622+0600][gc,phases   ] GC(1309)   Evacuate Collection Set: 16.1ms
[2021-03-19T15:52:40.622+0600][gc,phases   ] GC(1309)   Post Evacuate Collection Set: 0.6ms
[2021-03-19T15:52:40.622+0600][gc,phases   ] GC(1309)   Other: 0.7ms
[2021-03-19T15:52:40.622+0600][gc,heap     ] GC(1309) Eden regions: 606->0(606)
[2021-03-19T15:52:40.622+0600][gc,heap     ] GC(1309) Survivor regions: 8->8(77)
[2021-03-19T15:52:40.622+0600][gc,heap     ] GC(1309) Old regions: 116->116
[2021-03-19T15:52:40.622+0600][gc,heap     ] GC(1309) Archive regions: 2->2
[2021-03-19T15:52:40.622+0600][gc,heap     ] GC(1309) Humongous regions: 129->129
[2021-03-19T15:52:40.622+0600][gc,metaspace] GC(1309) Metaspace: 40244K(41216K)->40244K(41216K) NonClass: 35937K(36608K)->35937K(36608K) Class: 4306K(4608K)->4306K(4608K)
[2021-03-19T15:52:40.622+0600][gc          ] GC(1309) Pause Young (Normal) (G1 Evacuation Pause) 858M->253M(1024M) 18.391ms
[2021-03-19T15:52:40.622+0600][gc,cpu      ] GC(1309) User=0.07s Sys=0.01s Real=0.02s
[2021-03-19T15:52:57.779+0600][gc,start    ] GC(1310) Pause Young (Normal) (G1 Evacuation Pause)
[2021-03-19T15:52:57.779+0600][gc,task     ] GC(1310) Using 8 workers of 8 for evacuation
[2021-03-19T15:52:57.800+0600][gc,mmu      ] GC(1310) MMU target violated: 20.7ms (20.0ms/21.0ms)
[2021-03-19T15:52:57.800+0600][gc,phases   ] GC(1310)   Pre Evacuate Collection Set: 0.3ms
[2021-03-19T15:52:57.800+0600][gc,phases   ] GC(1310)   Merge Heap Roots: 0.3ms
[2021-03-19T15:52:57.800+0600][gc,phases   ] GC(1310)   Evacuate Collection Set: 18.7ms
[2021-03-19T15:52:57.800+0600][gc,phases   ] GC(1310)   Post Evacuate Collection Set: 0.8ms
[2021-03-19T15:52:57.800+0600][gc,phases   ] GC(1310)   Other: 1.0ms
[2021-03-19T15:52:57.800+0600][gc,heap     ] GC(1310) Eden regions: 606->0(606)
[2021-03-19T15:52:57.800+0600][gc,heap     ] GC(1310) Survivor regions: 8->8(77)
[2021-03-19T15:52:57.800+0600][gc,heap     ] GC(1310) Old regions: 116->117
[2021-03-19T15:52:57.800+0600][gc,heap     ] GC(1310) Archive regions: 2->2
[2021-03-19T15:52:57.800+0600][gc,heap     ] GC(1310) Humongous regions: 129->129
[2021-03-19T15:52:57.800+0600][gc,metaspace] GC(1310) Metaspace: 40244K(41216K)->40244K(41216K) NonClass: 35937K(36608K)->35937K(36608K) Class: 4306K(4608K)->4306K(4608K)
[2021-03-19T15:52:57.800+0600][gc          ] GC(1310) Pause Young (Normal) (G1 Evacuation Pause) 859M->253M(1024M) 21.197ms
[2021-03-19T15:52:57.800+0600][gc,cpu      ] GC(1310) User=0.05s Sys=0.00s Real=0.03s
[2021-03-19T15:53:11.522+0600][gc,start    ] GC(1311) Pause Young (Normal) (G1 Evacuation Pause)
[2021-03-19T15:53:11.522+0600][gc,task     ] GC(1311) Using 8 workers of 8 for evacuation
[2021-03-19T15:53:11.548+0600][gc,mmu      ] GC(1311) MMU target violated: 21.0ms (20.0ms/21.0ms)
[2021-03-19T15:53:11.548+0600][gc,phases   ] GC(1311)   Pre Evacuate Collection Set: 0.4ms
[2021-03-19T15:53:11.548+0600][gc,phases   ] GC(1311)   Merge Heap Roots: 0.3ms
[2021-03-19T15:53:11.548+0600][gc,phases   ] GC(1311)   Evacuate Collection Set: 22.9ms
[2021-03-19T15:53:11.548+0600][gc,phases   ] GC(1311)   Post Evacuate Collection Set: 1.6ms
[2021-03-19T15:53:11.548+0600][gc,phases   ] GC(1311)   Other: 1.1ms
[2021-03-19T15:53:11.548+0600][gc,heap     ] GC(1311) Eden regions: 606->0(606)
[2021-03-19T15:53:11.548+0600][gc,heap     ] GC(1311) Survivor regions: 8->8(77)
[2021-03-19T15:53:11.548+0600][gc,heap     ] GC(1311) Old regions: 117->117
[2021-03-19T15:53:11.548+0600][gc,heap     ] GC(1311) Archive regions: 2->2
[2021-03-19T15:53:11.548+0600][gc,heap     ] GC(1311) Humongous regions: 129->129
[2021-03-19T15:53:11.548+0600][gc,metaspace] GC(1311) Metaspace: 40244K(41216K)->40244K(41216K) NonClass: 35937K(36608K)->35937K(36608K) Class: 4306K(4608K)->4306K(4608K)
[2021-03-19T15:53:11.548+0600][gc          ] GC(1311) Pause Young (Normal) (G1 Evacuation Pause) 859M->254M(1024M) 26.429ms
[2021-03-19T15:53:11.548+0600][gc,cpu      ] GC(1311) User=0.06s Sys=0.03s Real=0.02s
[2021-03-19T15:53:29.090+0600][gc,start    ] GC(1312) Pause Young (Normal) (G1 Evacuation Pause)
[2021-03-19T15:53:29.090+0600][gc,task     ] GC(1312) Using 8 workers of 8 for evacuation
[2021-03-19T15:53:29.110+0600][gc,phases   ] GC(1312)   Pre Evacuate Collection Set: 0.4ms
[2021-03-19T15:53:29.110+0600][gc,phases   ] GC(1312)   Merge Heap Roots: 0.3ms
[2021-03-19T15:53:29.110+0600][gc,phases   ] GC(1312)   Evacuate Collection Set: 18.6ms
[2021-03-19T15:53:29.110+0600][gc,phases   ] GC(1312)   Post Evacuate Collection Set: 0.5ms
[2021-03-19T15:53:29.110+0600][gc,phases   ] GC(1312)   Other: 0.8ms
[2021-03-19T15:53:29.110+0600][gc,heap     ] GC(1312) Eden regions: 606->0(606)
[2021-03-19T15:53:29.110+0600][gc,heap     ] GC(1312) Survivor regions: 8->8(77)
[2021-03-19T15:53:29.110+0600][gc,heap     ] GC(1312) Old regions: 117->118
[2021-03-19T15:53:29.110+0600][gc,heap     ] GC(1312) Archive regions: 2->2
[2021-03-19T15:53:29.110+0600][gc,heap     ] GC(1312) Humongous regions: 129->129
[2021-03-19T15:53:29.110+0600][gc,metaspace] GC(1312) Metaspace: 40244K(41216K)->40244K(41216K) NonClass: 35937K(36608K)->35937K(36608K) Class: 4306K(4608K)->4306K(4608K)
[2021-03-19T15:53:29.110+0600][gc          ] GC(1312) Pause Young (Normal) (G1 Evacuation Pause) 860M->255M(1024M) 20.548ms
[2021-03-19T15:53:29.110+0600][gc,cpu      ] GC(1312) User=0.06s Sys=0.01s Real=0.02s
[2021-03-19T15:53:46.834+0600][gc,start    ] GC(1313) Pause Young (Normal) (G1 Evacuation Pause)
[2021-03-19T15:53:46.835+0600][gc,task     ] GC(1313) Using 8 workers of 8 for evacuation
[2021-03-19T15:53:46.850+0600][gc,phases   ] GC(1313)   Pre Evacuate Collection Set: 0.6ms
[2021-03-19T15:53:46.850+0600][gc,phases   ] GC(1313)   Merge Heap Roots: 0.3ms
[2021-03-19T15:53:46.850+0600][gc,phases   ] GC(1313)   Evacuate Collection Set: 13.7ms
[2021-03-19T15:53:46.850+0600][gc,phases   ] GC(1313)   Post Evacuate Collection Set: 0.7ms
[2021-03-19T15:53:46.850+0600][gc,phases   ] GC(1313)   Other: 0.6ms
[2021-03-19T15:53:46.850+0600][gc,heap     ] GC(1313) Eden regions: 606->0(605)
[2021-03-19T15:53:46.850+0600][gc,heap     ] GC(1313) Survivor regions: 8->9(77)
[2021-03-19T15:53:46.850+0600][gc,heap     ] GC(1313) Old regions: 118->118
[2021-03-19T15:53:46.850+0600][gc,heap     ] GC(1313) Archive regions: 2->2
[2021-03-19T15:53:46.850+0600][gc,heap     ] GC(1313) Humongous regions: 129->129
[2021-03-19T15:53:46.850+0600][gc,metaspace] GC(1313) Metaspace: 40244K(41216K)->40244K(41216K) NonClass: 35937K(36608K)->35937K(36608K) Class: 4306K(4608K)->4306K(4608K)
[2021-03-19T15:53:46.850+0600][gc          ] GC(1313) Pause Young (Normal) (G1 Evacuation Pause) 861M->255M(1024M) 16.044ms
[2021-03-19T15:53:46.850+0600][gc,cpu      ] GC(1313) User=0.06s Sys=0.00s Real=0.02s
[2021-03-19T15:54:04.523+0600][gc,start    ] GC(1314) Pause Young (Normal) (G1 Evacuation Pause)
[2021-03-19T15:54:04.523+0600][gc,task     ] GC(1314) Using 8 workers of 8 for evacuation
[2021-03-19T15:54:04.540+0600][gc,phases   ] GC(1314)   Pre Evacuate Collection Set: 0.4ms
[2021-03-19T15:54:04.540+0600][gc,phases   ] GC(1314)   Merge Heap Roots: 0.4ms
[2021-03-19T15:54:04.540+0600][gc,phases   ] GC(1314)   Evacuate Collection Set: 15.1ms
[2021-03-19T15:54:04.540+0600][gc,phases   ] GC(1314)   Post Evacuate Collection Set: 1.0ms
[2021-03-19T15:54:04.540+0600][gc,phases   ] GC(1314)   Other: 0.8ms
[2021-03-19T15:54:04.540+0600][gc,heap     ] GC(1314) Eden regions: 605->0(606)
[2021-03-19T15:54:04.540+0600][gc,heap     ] GC(1314) Survivor regions: 9->8(77)
[2021-03-19T15:54:04.540+0600][gc,heap     ] GC(1314) Old regions: 118->119
[2021-03-19T15:54:04.540+0600][gc,heap     ] GC(1314) Archive regions: 2->2
[2021-03-19T15:54:04.540+0600][gc,heap     ] GC(1314) Humongous regions: 129->129
[2021-03-19T15:54:04.540+0600][gc,metaspace] GC(1314) Metaspace: 40244K(41216K)->40244K(41216K) NonClass: 35937K(36608K)->35937K(36608K) Class: 4306K(4608K)->4306K(4608K)
[2021-03-19T15:54:04.541+0600][gc          ] GC(1314) Pause Young (Normal) (G1 Evacuation Pause) 860M->256M(1024M) 17.921ms
[2021-03-19T15:54:04.541+0600][gc,cpu      ] GC(1314) User=0.07s Sys=0.01s Real=0.02s
[2021-03-19T15:54:21.559+0600][gc,start    ] GC(1315) Pause Young (Normal) (G1 Evacuation Pause)
[2021-03-19T15:54:21.560+0600][gc,task     ] GC(1315) Using 8 workers of 8 for evacuation
[2021-03-19T15:54:21.581+0600][gc,mmu      ] GC(1315) MMU target violated: 20.9ms (20.0ms/21.0ms)
[2021-03-19T15:54:21.581+0600][gc,phases   ] GC(1315)   Pre Evacuate Collection Set: 0.4ms
[2021-03-19T15:54:21.581+0600][gc,phases   ] GC(1315)   Merge Heap Roots: 0.9ms
[2021-03-19T15:54:21.581+0600][gc,phases   ] GC(1315)   Evacuate Collection Set: 18.9ms
[2021-03-19T15:54:21.581+0600][gc,phases   ] GC(1315)   Post Evacuate Collection Set: 0.6ms
[2021-03-19T15:54:21.581+0600][gc,phases   ] GC(1315)   Other: 0.7ms
[2021-03-19T15:54:21.581+0600][gc,heap     ] GC(1315) Eden regions: 606->0(605)
[2021-03-19T15:54:21.581+0600][gc,heap     ] GC(1315) Survivor regions: 8->9(77)
[2021-03-19T15:54:21.581+0600][gc,heap     ] GC(1315) Old regions: 119->119
[2021-03-19T15:54:21.581+0600][gc,heap     ] GC(1315) Archive regions: 2->2
[2021-03-19T15:54:21.581+0600][gc,heap     ] GC(1315) Humongous regions: 129->129
[2021-03-19T15:54:21.581+0600][gc,metaspace] GC(1315) Metaspace: 40244K(41216K)->40244K(41216K) NonClass: 35937K(36608K)->35937K(36608K) Class: 4306K(4608K)->4306K(4608K)
[2021-03-19T15:54:21.581+0600][gc          ] GC(1315) Pause Young (Normal) (G1 Evacuation Pause) 862M->256M(1024M) 21.500ms
[2021-03-19T15:54:21.581+0600][gc,cpu      ] GC(1315) User=0.07s Sys=0.00s Real=0.03s
[2021-03-19T15:54:38.745+0600][gc,start    ] GC(1316) Pause Young (Normal) (G1 Evacuation Pause)
[2021-03-19T15:54:38.746+0600][gc,task     ] GC(1316) Using 8 workers of 8 for evacuation
[2021-03-19T15:54:38.767+0600][gc,mmu      ] GC(1316) MMU target violated: 20.0ms (20.0ms/21.0ms)
[2021-03-19T15:54:38.767+0600][gc,phases   ] GC(1316)   Pre Evacuate Collection Set: 0.4ms
[2021-03-19T15:54:38.767+0600][gc,phases   ] GC(1316)   Merge Heap Roots: 0.4ms
[2021-03-19T15:54:38.767+0600][gc,phases   ] GC(1316)   Evacuate Collection Set: 18.3ms
[2021-03-19T15:54:38.767+0600][gc,phases   ] GC(1316)   Post Evacuate Collection Set: 0.8ms
[2021-03-19T15:54:38.767+0600][gc,phases   ] GC(1316)   Other: 2.0ms
[2021-03-19T15:54:38.767+0600][gc,heap     ] GC(1316) Eden regions: 605->0(606)
[2021-03-19T15:54:38.767+0600][gc,heap     ] GC(1316) Survivor regions: 9->8(77)
[2021-03-19T15:54:38.767+0600][gc,heap     ] GC(1316) Old regions: 119->120
[2021-03-19T15:54:38.767+0600][gc,heap     ] GC(1316) Archive regions: 2->2
[2021-03-19T15:54:38.767+0600][gc,heap     ] GC(1316) Humongous regions: 129->129
[2021-03-19T15:54:38.767+0600][gc,metaspace] GC(1316) Metaspace: 40244K(41216K)->40244K(41216K) NonClass: 35937K(36608K)->35937K(36608K) Class: 4306K(4608K)->4306K(4608K)
[2021-03-19T15:54:38.767+0600][gc          ] GC(1316) Pause Young (Normal) (G1 Evacuation Pause) 861M->257M(1024M) 22.054ms
[2021-03-19T15:54:38.767+0600][gc,cpu      ] GC(1316) User=0.08s Sys=0.00s Real=0.02s
[2021-03-19T15:54:55.497+0600][gc,start    ] GC(1317) Pause Young (Normal) (G1 Evacuation Pause)
[2021-03-19T15:54:55.497+0600][gc,task     ] GC(1317) Using 8 workers of 8 for evacuation
[2021-03-19T15:54:55.512+0600][gc,phases   ] GC(1317)   Pre Evacuate Collection Set: 0.2ms
[2021-03-19T15:54:55.512+0600][gc,phases   ] GC(1317)   Merge Heap Roots: 0.2ms
[2021-03-19T15:54:55.512+0600][gc,phases   ] GC(1317)   Evacuate Collection Set: 14.3ms
[2021-03-19T15:54:55.512+0600][gc,phases   ] GC(1317)   Post Evacuate Collection Set: 0.6ms
[2021-03-19T15:54:55.512+0600][gc,phases   ] GC(1317)   Other: 0.4ms
[2021-03-19T15:54:55.512+0600][gc,heap     ] GC(1317) Eden regions: 606->0(605)
[2021-03-19T15:54:55.512+0600][gc,heap     ] GC(1317) Survivor regions: 8->9(77)
[2021-03-19T15:54:55.512+0600][gc,heap     ] GC(1317) Old regions: 120->120
[2021-03-19T15:54:55.512+0600][gc,heap     ] GC(1317) Archive regions: 2->2
[2021-03-19T15:54:55.512+0600][gc,heap     ] GC(1317) Humongous regions: 129->129
[2021-03-19T15:54:55.512+0600][gc,metaspace] GC(1317) Metaspace: 40244K(41216K)->40244K(41216K) NonClass: 35937K(36608K)->35937K(36608K) Class: 4306K(4608K)->4306K(4608K)
[2021-03-19T15:54:55.512+0600][gc          ] GC(1317) Pause Young (Normal) (G1 Evacuation Pause) 863M->258M(1024M) 15.814ms
[2021-03-19T15:54:55.513+0600][gc,cpu      ] GC(1317) User=0.06s Sys=0.00s Real=0.02s
[2021-03-19T15:55:11.878+0600][gc,start    ] GC(1318) Pause Young (Normal) (G1 Evacuation Pause)
[2021-03-19T15:55:11.879+0600][gc,task     ] GC(1318) Using 8 workers of 8 for evacuation
[2021-03-19T15:55:11.897+0600][gc,phases   ] GC(1318)   Pre Evacuate Collection Set: 0.3ms
[2021-03-19T15:55:11.897+0600][gc,phases   ] GC(1318)   Merge Heap Roots: 0.3ms
[2021-03-19T15:55:11.898+0600][gc,phases   ] GC(1318)   Evacuate Collection Set: 16.3ms
[2021-03-19T15:55:11.898+0600][gc,phases   ] GC(1318)   Post Evacuate Collection Set: 0.7ms
[2021-03-19T15:55:11.898+0600][gc,phases   ] GC(1318)   Other: 2.5ms
[2021-03-19T15:55:11.898+0600][gc,heap     ] GC(1318) Eden regions: 605->0(605)
[2021-03-19T15:55:11.898+0600][gc,heap     ] GC(1318) Survivor regions: 9->9(77)
[2021-03-19T15:55:11.898+0600][gc,heap     ] GC(1318) Old regions: 120->121
[2021-03-19T15:55:11.898+0600][gc,heap     ] GC(1318) Archive regions: 2->2
[2021-03-19T15:55:11.898+0600][gc,heap     ] GC(1318) Humongous regions: 129->129
[2021-03-19T15:55:11.898+0600][gc,metaspace] GC(1318) Metaspace: 40244K(41216K)->40244K(41216K) NonClass: 35937K(36608K)->35937K(36608K) Class: 4306K(4608K)->4306K(4608K)
[2021-03-19T15:55:11.898+0600][gc          ] GC(1318) Pause Young (Normal) (G1 Evacuation Pause) 863M->258M(1024M) 19.572ms
[2021-03-19T15:55:11.898+0600][gc,cpu      ] GC(1318) User=0.06s Sys=0.01s Real=0.02s
[2021-03-19T15:55:29.315+0600][gc,start    ] GC(1319) Pause Young (Normal) (G1 Evacuation Pause)
[2021-03-19T15:55:29.316+0600][gc,task     ] GC(1319) Using 8 workers of 8 for evacuation
[2021-03-19T15:55:29.332+0600][gc,phases   ] GC(1319)   Pre Evacuate Collection Set: 0.4ms
[2021-03-19T15:55:29.332+0600][gc,phases   ] GC(1319)   Merge Heap Roots: 0.4ms
[2021-03-19T15:55:29.332+0600][gc,phases   ] GC(1319)   Evacuate Collection Set: 13.6ms
[2021-03-19T15:55:29.332+0600][gc,phases   ] GC(1319)   Post Evacuate Collection Set: 1.0ms
[2021-03-19T15:55:29.332+0600][gc,phases   ] GC(1319)   Other: 0.9ms
[2021-03-19T15:55:29.332+0600][gc,heap     ] GC(1319) Eden regions: 605->0(605)
[2021-03-19T15:55:29.332+0600][gc,heap     ] GC(1319) Survivor regions: 9->9(77)
[2021-03-19T15:55:29.332+0600][gc,heap     ] GC(1319) Old regions: 121->122
[2021-03-19T15:55:29.332+0600][gc,heap     ] GC(1319) Archive regions: 2->2
[2021-03-19T15:55:29.332+0600][gc,heap     ] GC(1319) Humongous regions: 129->129
[2021-03-19T15:55:29.332+0600][gc,metaspace] GC(1319) Metaspace: 40244K(41216K)->40244K(41216K) NonClass: 35937K(36608K)->35937K(36608K) Class: 4306K(4608K)->4306K(4608K)
[2021-03-19T15:55:29.332+0600][gc          ] GC(1319) Pause Young (Normal) (G1 Evacuation Pause) 863M->259M(1024M) 16.630ms
[2021-03-19T15:55:29.332+0600][gc,cpu      ] GC(1319) User=0.06s Sys=0.00s Real=0.02s
[2021-03-19T15:55:47.534+0600][gc,start    ] GC(1320) Pause Young (Normal) (G1 Evacuation Pause)
[2021-03-19T15:55:47.534+0600][gc,task     ] GC(1320) Using 8 workers of 8 for evacuation
[2021-03-19T15:55:47.554+0600][gc,phases   ] GC(1320)   Pre Evacuate Collection Set: 0.5ms
[2021-03-19T15:55:47.554+0600][gc,phases   ] GC(1320)   Merge Heap Roots: 0.5ms
[2021-03-19T15:55:47.554+0600][gc,phases   ] GC(1320)   Evacuate Collection Set: 17.3ms
[2021-03-19T15:55:47.554+0600][gc,phases   ] GC(1320)   Post Evacuate Collection Set: 0.7ms
[2021-03-19T15:55:47.554+0600][gc,phases   ] GC(1320)   Other: 0.7ms
[2021-03-19T15:55:47.554+0600][gc,heap     ] GC(1320) Eden regions: 605->0(605)
[2021-03-19T15:55:47.554+0600][gc,heap     ] GC(1320) Survivor regions: 9->9(77)
[2021-03-19T15:55:47.554+0600][gc,heap     ] GC(1320) Old regions: 122->122
[2021-03-19T15:55:47.554+0600][gc,heap     ] GC(1320) Archive regions: 2->2
[2021-03-19T15:55:47.554+0600][gc,heap     ] GC(1320) Humongous regions: 129->129
[2021-03-19T15:55:47.554+0600][gc,metaspace] GC(1320) Metaspace: 40244K(41216K)->40244K(41216K) NonClass: 35937K(36608K)->35937K(36608K) Class: 4306K(4608K)->4306K(4608K)
[2021-03-19T15:55:47.554+0600][gc          ] GC(1320) Pause Young (Normal) (G1 Evacuation Pause) 864M->259M(1024M) 19.809ms
[2021-03-19T15:55:47.554+0600][gc,cpu      ] GC(1320) User=0.09s Sys=0.00s Real=0.02s
[2021-03-19T15:56:04.805+0600][gc,start    ] GC(1321) Pause Young (Normal) (G1 Evacuation Pause)
[2021-03-19T15:56:04.805+0600][gc,task     ] GC(1321) Using 8 workers of 8 for evacuation
[2021-03-19T15:56:04.822+0600][gc,phases   ] GC(1321)   Pre Evacuate Collection Set: 0.2ms
[2021-03-19T15:56:04.822+0600][gc,phases   ] GC(1321)   Merge Heap Roots: 0.2ms
[2021-03-19T15:56:04.822+0600][gc,phases   ] GC(1321)   Evacuate Collection Set: 15.9ms
[2021-03-19T15:56:04.822+0600][gc,phases   ] GC(1321)   Post Evacuate Collection Set: 0.7ms
[2021-03-19T15:56:04.823+0600][gc,phases   ] GC(1321)   Other: 0.5ms
[2021-03-19T15:56:04.823+0600][gc,heap     ] GC(1321) Eden regions: 605->0(605)
[2021-03-19T15:56:04.823+0600][gc,heap     ] GC(1321) Survivor regions: 9->9(77)
[2021-03-19T15:56:04.823+0600][gc,heap     ] GC(1321) Old regions: 122->123
[2021-03-19T15:56:04.823+0600][gc,heap     ] GC(1321) Archive regions: 2->2
[2021-03-19T15:56:04.823+0600][gc,heap     ] GC(1321) Humongous regions: 129->129
[2021-03-19T15:56:04.823+0600][gc,metaspace] GC(1321) Metaspace: 40244K(41216K)->40244K(41216K) NonClass: 35937K(36608K)->35937K(36608K) Class: 4306K(4608K)->4306K(4608K)
[2021-03-19T15:56:04.823+0600][gc          ] GC(1321) Pause Young (Normal) (G1 Evacuation Pause) 864M->260M(1024M) 17.635ms
[2021-03-19T15:56:04.823+0600][gc,cpu      ] GC(1321) User=0.06s Sys=0.00s Real=0.02s
[2021-03-19T15:56:22.714+0600][gc,start    ] GC(1322) Pause Young (Normal) (G1 Evacuation Pause)
[2021-03-19T15:56:22.715+0600][gc,task     ] GC(1322) Using 8 workers of 8 for evacuation
[2021-03-19T15:56:22.732+0600][gc,phases   ] GC(1322)   Pre Evacuate Collection Set: 0.4ms
[2021-03-19T15:56:22.732+0600][gc,phases   ] GC(1322)   Merge Heap Roots: 0.3ms
[2021-03-19T15:56:22.732+0600][gc,phases   ] GC(1322)   Evacuate Collection Set: 15.1ms
[2021-03-19T15:56:22.732+0600][gc,phases   ] GC(1322)   Post Evacuate Collection Set: 1.0ms
[2021-03-19T15:56:22.732+0600][gc,phases   ] GC(1322)   Other: 0.7ms
[2021-03-19T15:56:22.732+0600][gc,heap     ] GC(1322) Eden regions: 605->0(605)
[2021-03-19T15:56:22.732+0600][gc,heap     ] GC(1322) Survivor regions: 9->9(77)
[2021-03-19T15:56:22.732+0600][gc,heap     ] GC(1322) Old regions: 123->123
[2021-03-19T15:56:22.732+0600][gc,heap     ] GC(1322) Archive regions: 2->2
[2021-03-19T15:56:22.732+0600][gc,heap     ] GC(1322) Humongous regions: 129->129
[2021-03-19T15:56:22.732+0600][gc,metaspace] GC(1322) Metaspace: 40244K(41216K)->40244K(41216K) NonClass: 35937K(36608K)->35937K(36608K) Class: 4306K(4608K)->4306K(4608K)
[2021-03-19T15:56:22.732+0600][gc          ] GC(1322) Pause Young (Normal) (G1 Evacuation Pause) 865M->261M(1024M) 17.736ms
[2021-03-19T15:56:22.732+0600][gc,cpu      ] GC(1322) User=0.07s Sys=0.00s Real=0.02s
[2021-03-19T15:56:30.036+0600][gc,start    ] GC(1323) Pause Young (Normal) (G1 Evacuation Pause)
[2021-03-19T15:56:30.037+0600][gc,task     ] GC(1323) Using 8 workers of 8 for evacuation
[2021-03-19T15:56:30.042+0600][gc,phases   ] GC(1323)   Pre Evacuate Collection Set: 0.2ms
[2021-03-19T15:56:30.042+0600][gc,phases   ] GC(1323)   Merge Heap Roots: 0.1ms
[2021-03-19T15:56:30.042+0600][gc,phases   ] GC(1323)   Evacuate Collection Set: 4.0ms
[2021-03-19T15:56:30.042+0600][gc,phases   ] GC(1323)   Post Evacuate Collection Set: 0.4ms
[2021-03-19T15:56:30.042+0600][gc,phases   ] GC(1323)   Other: 0.5ms
[2021-03-19T15:56:30.042+0600][gc,heap     ] GC(1323) Eden regions: 605->0(605)
[2021-03-19T15:56:30.042+0600][gc,heap     ] GC(1323) Survivor regions: 9->9(77)
[2021-03-19T15:56:30.042+0600][gc,heap     ] GC(1323) Old regions: 123->124
[2021-03-19T15:56:30.042+0600][gc,heap     ] GC(1323) Archive regions: 2->2
[2021-03-19T15:56:30.042+0600][gc,heap     ] GC(1323) Humongous regions: 129->129
[2021-03-19T15:56:30.042+0600][gc,metaspace] GC(1323) Metaspace: 40252K(41216K)->40252K(41216K) NonClass: 35945K(36608K)->35945K(36608K) Class: 4306K(4608K)->4306K(4608K)
[2021-03-19T15:56:30.042+0600][gc          ] GC(1323) Pause Young (Normal) (G1 Evacuation Pause) 866M->261M(1024M) 5.327ms
[2021-03-19T15:56:30.042+0600][gc,cpu      ] GC(1323) User=0.03s Sys=0.00s Real=0.01s
[2021-03-19T15:56:30.807+0600][gc,start    ] GC(1324) Pause Young (Normal) (G1 Evacuation Pause)
[2021-03-19T15:56:30.808+0600][gc,task     ] GC(1324) Using 8 workers of 8 for evacuation
[2021-03-19T15:56:30.816+0600][gc,phases   ] GC(1324)   Pre Evacuate Collection Set: 0.3ms
[2021-03-19T15:56:30.816+0600][gc,phases   ] GC(1324)   Merge Heap Roots: 0.2ms
[2021-03-19T15:56:30.816+0600][gc,phases   ] GC(1324)   Evacuate Collection Set: 7.4ms
[2021-03-19T15:56:30.816+0600][gc,phases   ] GC(1324)   Post Evacuate Collection Set: 0.7ms
[2021-03-19T15:56:30.816+0600][gc,phases   ] GC(1324)   Other: 0.3ms
[2021-03-19T15:56:30.816+0600][gc,heap     ] GC(1324) Eden regions: 605->0(605)
[2021-03-19T15:56:30.816+0600][gc,heap     ] GC(1324) Survivor regions: 9->9(77)
[2021-03-19T15:56:30.816+0600][gc,heap     ] GC(1324) Old regions: 124->124
[2021-03-19T15:56:30.816+0600][gc,heap     ] GC(1324) Archive regions: 2->2
[2021-03-19T15:56:30.816+0600][gc,heap     ] GC(1324) Humongous regions: 129->129
[2021-03-19T15:56:30.816+0600][gc,metaspace] GC(1324) Metaspace: 40252K(41216K)->40252K(41216K) NonClass: 35945K(36608K)->35945K(36608K) Class: 4306K(4608K)->4306K(4608K)
[2021-03-19T15:56:30.816+0600][gc          ] GC(1324) Pause Young (Normal) (G1 Evacuation Pause) 866M->261M(1024M) 9.026ms
[2021-03-19T15:56:30.817+0600][gc,cpu      ] GC(1324) User=0.05s Sys=0.01s Real=0.01s
[2021-03-19T15:56:45.731+0600][gc,start    ] GC(1325) Pause Young (Normal) (G1 Evacuation Pause)
[2021-03-19T15:56:45.732+0600][gc,task     ] GC(1325) Using 8 workers of 8 for evacuation
[2021-03-19T15:56:45.745+0600][gc,phases   ] GC(1325)   Pre Evacuate Collection Set: 0.3ms
[2021-03-19T15:56:45.745+0600][gc,phases   ] GC(1325)   Merge Heap Roots: 0.2ms
[2021-03-19T15:56:45.745+0600][gc,phases   ] GC(1325)   Evacuate Collection Set: 12.1ms
[2021-03-19T15:56:45.745+0600][gc,phases   ] GC(1325)   Post Evacuate Collection Set: 0.8ms
[2021-03-19T15:56:45.745+0600][gc,phases   ] GC(1325)   Other: 1.1ms
[2021-03-19T15:56:45.745+0600][gc,heap     ] GC(1325) Eden regions: 605->0(605)
[2021-03-19T15:56:45.745+0600][gc,heap     ] GC(1325) Survivor regions: 9->9(77)
[2021-03-19T15:56:45.745+0600][gc,heap     ] GC(1325) Old regions: 124->125
[2021-03-19T15:56:45.745+0600][gc,heap     ] GC(1325) Archive regions: 2->2
[2021-03-19T15:56:45.745+0600][gc,heap     ] GC(1325) Humongous regions: 129->129
[2021-03-19T15:56:45.745+0600][gc,metaspace] GC(1325) Metaspace: 40252K(41216K)->40252K(41216K) NonClass: 35945K(36608K)->35945K(36608K) Class: 4306K(4608K)->4306K(4608K)
[2021-03-19T15:56:45.745+0600][gc          ] GC(1325) Pause Young (Normal) (G1 Evacuation Pause) 866M->262M(1024M) 14.602ms
[2021-03-19T15:56:45.745+0600][gc,cpu      ] GC(1325) User=0.05s Sys=0.00s Real=0.01s
[2021-03-19T15:57:01.276+0600][gc,start    ] GC(1326) Pause Young (Normal) (G1 Evacuation Pause)
[2021-03-19T15:57:01.277+0600][gc,task     ] GC(1326) Using 8 workers of 8 for evacuation
[2021-03-19T15:57:01.298+0600][gc,mmu      ] GC(1326) MMU target violated: 20.7ms (20.0ms/21.0ms)
[2021-03-19T15:57:01.298+0600][gc,phases   ] GC(1326)   Pre Evacuate Collection Set: 0.4ms
[2021-03-19T15:57:01.298+0600][gc,phases   ] GC(1326)   Merge Heap Roots: 1.5ms
[2021-03-19T15:57:01.298+0600][gc,phases   ] GC(1326)   Evacuate Collection Set: 18.0ms
[2021-03-19T15:57:01.298+0600][gc,phases   ] GC(1326)   Post Evacuate Collection Set: 0.7ms
[2021-03-19T15:57:01.298+0600][gc,phases   ] GC(1326)   Other: 1.9ms
[2021-03-19T15:57:01.298+0600][gc,heap     ] GC(1326) Eden regions: 605->0(606)
[2021-03-19T15:57:01.298+0600][gc,heap     ] GC(1326) Survivor regions: 9->8(77)
[2021-03-19T15:57:01.298+0600][gc,heap     ] GC(1326) Old regions: 125->125
[2021-03-19T15:57:01.298+0600][gc,heap     ] GC(1326) Archive regions: 2->2
[2021-03-19T15:57:01.298+0600][gc,heap     ] GC(1326) Humongous regions: 129->129
[2021-03-19T15:57:01.298+0600][gc,metaspace] GC(1326) Metaspace: 40252K(41216K)->40252K(41216K) NonClass: 35945K(36608K)->35945K(36608K) Class: 4306K(4608K)->4306K(4608K)
[2021-03-19T15:57:01.298+0600][gc          ] GC(1326) Pause Young (Normal) (G1 Evacuation Pause) 867M->262M(1024M) 22.554ms
[2021-03-19T15:57:01.298+0600][gc,cpu      ] GC(1326) User=0.07s Sys=0.01s Real=0.02s
[2021-03-19T15:57:17.922+0600][gc,start    ] GC(1327) Pause Young (Normal) (G1 Evacuation Pause)
[2021-03-19T15:57:17.923+0600][gc,task     ] GC(1327) Using 8 workers of 8 for evacuation
[2021-03-19T15:57:17.939+0600][gc,phases   ] GC(1327)   Pre Evacuate Collection Set: 0.3ms
[2021-03-19T15:57:17.939+0600][gc,phases   ] GC(1327)   Merge Heap Roots: 0.2ms
[2021-03-19T15:57:17.939+0600][gc,phases   ] GC(1327)   Evacuate Collection Set: 15.2ms
[2021-03-19T15:57:17.939+0600][gc,phases   ] GC(1327)   Post Evacuate Collection Set: 0.6ms
[2021-03-19T15:57:17.939+0600][gc,phases   ] GC(1327)   Other: 0.6ms
[2021-03-19T15:57:17.939+0600][gc,heap     ] GC(1327) Eden regions: 606->0(605)
[2021-03-19T15:57:17.939+0600][gc,heap     ] GC(1327) Survivor regions: 8->9(77)
[2021-03-19T15:57:17.939+0600][gc,heap     ] GC(1327) Old regions: 125->126
[2021-03-19T15:57:17.939+0600][gc,heap     ] GC(1327) Archive regions: 2->2
[2021-03-19T15:57:17.939+0600][gc,heap     ] GC(1327) Humongous regions: 129->129
[2021-03-19T15:57:17.939+0600][gc,metaspace] GC(1327) Metaspace: 40252K(41216K)->40252K(41216K) NonClass: 35945K(36608K)->35945K(36608K) Class: 4306K(4608K)->4306K(4608K)
[2021-03-19T15:57:17.939+0600][gc          ] GC(1327) Pause Young (Normal) (G1 Evacuation Pause) 868M->263M(1024M) 17.023ms
[2021-03-19T15:57:17.940+0600][gc,cpu      ] GC(1327) User=0.05s Sys=0.00s Real=0.02s
[2021-03-19T15:57:34.720+0600][gc,start    ] GC(1328) Pause Young (Normal) (G1 Evacuation Pause)
[2021-03-19T15:57:34.721+0600][gc,task     ] GC(1328) Using 8 workers of 8 for evacuation
[2021-03-19T15:57:34.738+0600][gc,phases   ] GC(1328)   Pre Evacuate Collection Set: 0.4ms
[2021-03-19T15:57:34.738+0600][gc,phases   ] GC(1328)   Merge Heap Roots: 0.2ms
[2021-03-19T15:57:34.738+0600][gc,phases   ] GC(1328)   Evacuate Collection Set: 15.3ms
[2021-03-19T15:57:34.738+0600][gc,phases   ] GC(1328)   Post Evacuate Collection Set: 1.0ms
[2021-03-19T15:57:34.738+0600][gc,phases   ] GC(1328)   Other: 1.5ms
[2021-03-19T15:57:34.738+0600][gc,heap     ] GC(1328) Eden regions: 605->0(605)
[2021-03-19T15:57:34.738+0600][gc,heap     ] GC(1328) Survivor regions: 9->9(77)
[2021-03-19T15:57:34.738+0600][gc,heap     ] GC(1328) Old regions: 126->126
[2021-03-19T15:57:34.738+0600][gc,heap     ] GC(1328) Archive regions: 2->2
[2021-03-19T15:57:34.738+0600][gc,heap     ] GC(1328) Humongous regions: 129->129
[2021-03-19T15:57:34.738+0600][gc,metaspace] GC(1328) Metaspace: 40252K(41216K)->40252K(41216K) NonClass: 35945K(36608K)->35945K(36608K) Class: 4306K(4608K)->4306K(4608K)
[2021-03-19T15:57:34.738+0600][gc          ] GC(1328) Pause Young (Normal) (G1 Evacuation Pause) 868M->264M(1024M) 18.804ms
[2021-03-19T15:57:34.738+0600][gc,cpu      ] GC(1328) User=0.06s Sys=0.00s Real=0.01s
[2021-03-19T15:57:51.089+0600][gc,start    ] GC(1329) Pause Young (Normal) (G1 Evacuation Pause)
[2021-03-19T15:57:51.089+0600][gc,task     ] GC(1329) Using 8 workers of 8 for evacuation
[2021-03-19T15:57:51.108+0600][gc,phases   ] GC(1329)   Pre Evacuate Collection Set: 0.5ms
[2021-03-19T15:57:51.108+0600][gc,phases   ] GC(1329)   Merge Heap Roots: 0.5ms
[2021-03-19T15:57:51.108+0600][gc,phases   ] GC(1329)   Evacuate Collection Set: 16.7ms
[2021-03-19T15:57:51.108+0600][gc,phases   ] GC(1329)   Post Evacuate Collection Set: 0.6ms
[2021-03-19T15:57:51.108+0600][gc,phases   ] GC(1329)   Other: 0.8ms
[2021-03-19T15:57:51.108+0600][gc,heap     ] GC(1329) Eden regions: 605->0(605)
[2021-03-19T15:57:51.108+0600][gc,heap     ] GC(1329) Survivor regions: 9->9(77)
[2021-03-19T15:57:51.108+0600][gc,heap     ] GC(1329) Old regions: 126->127
[2021-03-19T15:57:51.108+0600][gc,heap     ] GC(1329) Archive regions: 2->2
[2021-03-19T15:57:51.108+0600][gc,heap     ] GC(1329) Humongous regions: 129->129
[2021-03-19T15:57:51.108+0600][gc,metaspace] GC(1329) Metaspace: 40252K(41216K)->40252K(41216K) NonClass: 35945K(36608K)->35945K(36608K) Class: 4306K(4608K)->4306K(4608K)
[2021-03-19T15:57:51.108+0600][gc          ] GC(1329) Pause Young (Normal) (G1 Evacuation Pause) 869M->264M(1024M) 19.037ms
[2021-03-19T15:57:51.108+0600][gc,cpu      ] GC(1329) User=0.06s Sys=0.01s Real=0.02s
[2021-03-19T15:58:07.448+0600][gc,start    ] GC(1330) Pause Young (Normal) (G1 Evacuation Pause)
[2021-03-19T15:58:07.449+0600][gc,task     ] GC(1330) Using 8 workers of 8 for evacuation
[2021-03-19T15:58:07.467+0600][gc,phases   ] GC(1330)   Pre Evacuate Collection Set: 0.6ms
[2021-03-19T15:58:07.467+0600][gc,phases   ] GC(1330)   Merge Heap Roots: 0.4ms
[2021-03-19T15:58:07.467+0600][gc,phases   ] GC(1330)   Evacuate Collection Set: 16.5ms
[2021-03-19T15:58:07.467+0600][gc,phases   ] GC(1330)   Post Evacuate Collection Set: 0.6ms
[2021-03-19T15:58:07.467+0600][gc,phases   ] GC(1330)   Other: 0.8ms
[2021-03-19T15:58:07.467+0600][gc,heap     ] GC(1330) Eden regions: 605->0(606)
[2021-03-19T15:58:07.467+0600][gc,heap     ] GC(1330) Survivor regions: 9->8(77)
[2021-03-19T15:58:07.467+0600][gc,heap     ] GC(1330) Old regions: 127->128
[2021-03-19T15:58:07.467+0600][gc,heap     ] GC(1330) Archive regions: 2->2
[2021-03-19T15:58:07.467+0600][gc,heap     ] GC(1330) Humongous regions: 129->129
[2021-03-19T15:58:07.467+0600][gc,metaspace] GC(1330) Metaspace: 40252K(41216K)->40252K(41216K) NonClass: 35945K(36608K)->35945K(36608K) Class: 4306K(4608K)->4306K(4608K)
[2021-03-19T15:58:07.467+0600][gc          ] GC(1330) Pause Young (Normal) (G1 Evacuation Pause) 869M->264M(1024M) 18.919ms
[2021-03-19T15:58:07.467+0600][gc,cpu      ] GC(1330) User=0.06s Sys=0.01s Real=0.02s
[2021-03-19T15:58:23.875+0600][gc,start    ] GC(1331) Pause Young (Normal) (G1 Evacuation Pause)
[2021-03-19T15:58:23.875+0600][gc,task     ] GC(1331) Using 8 workers of 8 for evacuation
[2021-03-19T15:58:23.893+0600][gc,phases   ] GC(1331)   Pre Evacuate Collection Set: 0.4ms
[2021-03-19T15:58:23.893+0600][gc,phases   ] GC(1331)   Merge Heap Roots: 0.5ms
[2021-03-19T15:58:23.893+0600][gc,phases   ] GC(1331)   Evacuate Collection Set: 15.4ms
[2021-03-19T15:58:23.893+0600][gc,phases   ] GC(1331)   Post Evacuate Collection Set: 0.6ms
[2021-03-19T15:58:23.893+0600][gc,phases   ] GC(1331)   Other: 0.8ms
[2021-03-19T15:58:23.893+0600][gc,heap     ] GC(1331) Eden regions: 606->0(605)
[2021-03-19T15:58:23.893+0600][gc,heap     ] GC(1331) Survivor regions: 8->9(77)
[2021-03-19T15:58:23.893+0600][gc,heap     ] GC(1331) Old regions: 128->128
[2021-03-19T15:58:23.893+0600][gc,heap     ] GC(1331) Archive regions: 2->2
[2021-03-19T15:58:23.893+0600][gc,heap     ] GC(1331) Humongous regions: 129->129
[2021-03-19T15:58:23.893+0600][gc,metaspace] GC(1331) Metaspace: 40252K(41216K)->40252K(41216K) NonClass: 35945K(36608K)->35945K(36608K) Class: 4306K(4608K)->4306K(4608K)
[2021-03-19T15:58:23.893+0600][gc          ] GC(1331) Pause Young (Normal) (G1 Evacuation Pause) 870M->265M(1024M) 17.681ms
[2021-03-19T15:58:23.893+0600][gc,cpu      ] GC(1331) User=0.06s Sys=0.00s Real=0.02s
[2021-03-19T15:58:39.482+0600][gc,start    ] GC(1332) Pause Young (Normal) (G1 Evacuation Pause)
[2021-03-19T15:58:39.484+0600][gc,task     ] GC(1332) Using 8 workers of 8 for evacuation
[2021-03-19T15:58:39.504+0600][gc,mmu      ] GC(1332) MMU target violated: 20.0ms (20.0ms/21.0ms)
[2021-03-19T15:58:39.504+0600][gc,phases   ] GC(1332)   Pre Evacuate Collection Set: 0.5ms
[2021-03-19T15:58:39.504+0600][gc,phases   ] GC(1332)   Merge Heap Roots: 0.6ms
[2021-03-19T15:58:39.504+0600][gc,phases   ] GC(1332)   Evacuate Collection Set: 17.2ms
[2021-03-19T15:58:39.504+0600][gc,phases   ] GC(1332)   Post Evacuate Collection Set: 1.7ms
[2021-03-19T15:58:39.504+0600][gc,phases   ] GC(1332)   Other: 2.0ms
[2021-03-19T15:58:39.504+0600][gc,heap     ] GC(1332) Eden regions: 605->0(605)
[2021-03-19T15:58:39.504+0600][gc,heap     ] GC(1332) Survivor regions: 9->9(77)
[2021-03-19T15:58:39.504+0600][gc,heap     ] GC(1332) Old regions: 128->129
[2021-03-19T15:58:39.504+0600][gc,heap     ] GC(1332) Archive regions: 2->2
[2021-03-19T15:58:39.504+0600][gc,heap     ] GC(1332) Humongous regions: 129->129
[2021-03-19T15:58:39.504+0600][gc,metaspace] GC(1332) Metaspace: 40252K(41216K)->40252K(41216K) NonClass: 35945K(36608K)->35945K(36608K) Class: 4306K(4608K)->4306K(4608K)
[2021-03-19T15:58:39.504+0600][gc          ] GC(1332) Pause Young (Normal) (G1 Evacuation Pause) 870M->266M(1024M) 22.069ms
[2021-03-19T15:58:39.504+0600][gc,cpu      ] GC(1332) User=0.06s Sys=0.02s Real=0.02s
[2021-03-19T15:58:57.597+0600][gc,start    ] GC(1333) Pause Young (Normal) (G1 Evacuation Pause)
[2021-03-19T15:58:57.598+0600][gc,task     ] GC(1333) Using 8 workers of 8 for evacuation
[2021-03-19T15:58:57.617+0600][gc,phases   ] GC(1333)   Pre Evacuate Collection Set: 0.4ms
[2021-03-19T15:58:57.617+0600][gc,phases   ] GC(1333)   Merge Heap Roots: 0.4ms
[2021-03-19T15:58:57.617+0600][gc,phases   ] GC(1333)   Evacuate Collection Set: 15.9ms
[2021-03-19T15:58:57.617+0600][gc,phases   ] GC(1333)   Post Evacuate Collection Set: 1.1ms
[2021-03-19T15:58:57.617+0600][gc,phases   ] GC(1333)   Other: 2.0ms
[2021-03-19T15:58:57.617+0600][gc,heap     ] GC(1333) Eden regions: 605->0(605)
[2021-03-19T15:58:57.617+0600][gc,heap     ] GC(1333) Survivor regions: 9->9(77)
[2021-03-19T15:58:57.617+0600][gc,heap     ] GC(1333) Old regions: 129->129
[2021-03-19T15:58:57.617+0600][gc,heap     ] GC(1333) Archive regions: 2->2
[2021-03-19T15:58:57.617+0600][gc,heap     ] GC(1333) Humongous regions: 129->129
[2021-03-19T15:58:57.617+0600][gc,metaspace] GC(1333) Metaspace: 40252K(41216K)->40252K(41216K) NonClass: 35945K(36608K)->35945K(36608K) Class: 4306K(4608K)->4306K(4608K)
[2021-03-19T15:58:57.617+0600][gc          ] GC(1333) Pause Young (Normal) (G1 Evacuation Pause) 871M->266M(1024M) 20.090ms
[2021-03-19T15:58:57.617+0600][gc,cpu      ] GC(1333) User=0.08s Sys=0.01s Real=0.02s
[2021-03-19T15:59:15.774+0600][gc,start    ] GC(1334) Pause Young (Normal) (G1 Evacuation Pause)
[2021-03-19T15:59:15.774+0600][gc,task     ] GC(1334) Using 8 workers of 8 for evacuation
[2021-03-19T15:59:15.790+0600][gc,phases   ] GC(1334)   Pre Evacuate Collection Set: 0.4ms
[2021-03-19T15:59:15.790+0600][gc,phases   ] GC(1334)   Merge Heap Roots: 0.4ms
[2021-03-19T15:59:15.790+0600][gc,phases   ] GC(1334)   Evacuate Collection Set: 14.1ms
[2021-03-19T15:59:15.790+0600][gc,phases   ] GC(1334)   Post Evacuate Collection Set: 0.6ms
[2021-03-19T15:59:15.790+0600][gc,phases   ] GC(1334)   Other: 0.7ms
[2021-03-19T15:59:15.790+0600][gc,heap     ] GC(1334) Eden regions: 605->0(605)
[2021-03-19T15:59:15.790+0600][gc,heap     ] GC(1334) Survivor regions: 9->9(77)
[2021-03-19T15:59:15.790+0600][gc,heap     ] GC(1334) Old regions: 129->130
[2021-03-19T15:59:15.790+0600][gc,heap     ] GC(1334) Archive regions: 2->2
[2021-03-19T15:59:15.790+0600][gc,heap     ] GC(1334) Humongous regions: 129->129
[2021-03-19T15:59:15.790+0600][gc,metaspace] GC(1334) Metaspace: 40252K(41216K)->40252K(41216K) NonClass: 35945K(36608K)->35945K(36608K) Class: 4306K(4608K)->4306K(4608K)
[2021-03-19T15:59:15.790+0600][gc          ] GC(1334) Pause Young (Normal) (G1 Evacuation Pause) 871M->267M(1024M) 16.220ms
[2021-03-19T15:59:15.790+0600][gc,cpu      ] GC(1334) User=0.07s Sys=0.00s Real=0.02s
[2021-03-19T15:59:34.979+0600][gc,start    ] GC(1335) Pause Young (Normal) (G1 Evacuation Pause)
[2021-03-19T15:59:34.980+0600][gc,task     ] GC(1335) Using 8 workers of 8 for evacuation
[2021-03-19T15:59:34.998+0600][gc,phases   ] GC(1335)   Pre Evacuate Collection Set: 0.4ms
[2021-03-19T15:59:34.998+0600][gc,phases   ] GC(1335)   Merge Heap Roots: 0.4ms
[2021-03-19T15:59:34.998+0600][gc,phases   ] GC(1335)   Evacuate Collection Set: 15.8ms
[2021-03-19T15:59:34.998+0600][gc,phases   ] GC(1335)   Post Evacuate Collection Set: 0.7ms
[2021-03-19T15:59:34.998+0600][gc,phases   ] GC(1335)   Other: 1.9ms
[2021-03-19T15:59:34.998+0600][gc,heap     ] GC(1335) Eden regions: 605->0(606)
[2021-03-19T15:59:34.998+0600][gc,heap     ] GC(1335) Survivor regions: 9->8(77)
[2021-03-19T15:59:34.998+0600][gc,heap     ] GC(1335) Old regions: 130->131
[2021-03-19T15:59:34.998+0600][gc,heap     ] GC(1335) Archive regions: 2->2
[2021-03-19T15:59:34.998+0600][gc,heap     ] GC(1335) Humongous regions: 129->129
[2021-03-19T15:59:34.998+0600][gc,metaspace] GC(1335) Metaspace: 40252K(41216K)->40252K(41216K) NonClass: 35945K(36608K)->35945K(36608K) Class: 4306K(4608K)->4306K(4608K)
[2021-03-19T15:59:34.998+0600][gc          ] GC(1335) Pause Young (Normal) (G1 Evacuation Pause) 872M->267M(1024M) 19.304ms
[2021-03-19T15:59:34.998+0600][gc,cpu      ] GC(1335) User=0.07s Sys=0.01s Real=0.02s
[2021-03-19T15:59:54.166+0600][gc,start    ] GC(1336) Pause Young (Normal) (G1 Evacuation Pause)
[2021-03-19T15:59:54.168+0600][gc,task     ] GC(1336) Using 8 workers of 8 for evacuation
[2021-03-19T15:59:54.186+0600][gc,phases   ] GC(1336)   Pre Evacuate Collection Set: 0.5ms
[2021-03-19T15:59:54.186+0600][gc,phases   ] GC(1336)   Merge Heap Roots: 0.4ms
[2021-03-19T15:59:54.186+0600][gc,phases   ] GC(1336)   Evacuate Collection Set: 16.1ms
[2021-03-19T15:59:54.186+0600][gc,phases   ] GC(1336)   Post Evacuate Collection Set: 0.7ms
[2021-03-19T15:59:54.186+0600][gc,phases   ] GC(1336)   Other: 1.8ms
[2021-03-19T15:59:54.186+0600][gc,heap     ] GC(1336) Eden regions: 606->0(605)
[2021-03-19T15:59:54.186+0600][gc,heap     ] GC(1336) Survivor regions: 8->9(77)
[2021-03-19T15:59:54.186+0600][gc,heap     ] GC(1336) Old regions: 131->131
[2021-03-19T15:59:54.186+0600][gc,heap     ] GC(1336) Archive regions: 2->2
[2021-03-19T15:59:54.186+0600][gc,heap     ] GC(1336) Humongous regions: 129->129
[2021-03-19T15:59:54.186+0600][gc,metaspace] GC(1336) Metaspace: 40252K(41216K)->40252K(41216K) NonClass: 35945K(36608K)->35945K(36608K) Class: 4306K(4608K)->4306K(4608K)
[2021-03-19T15:59:54.186+0600][gc          ] GC(1336) Pause Young (Normal) (G1 Evacuation Pause) 873M->268M(1024M) 19.672ms
[2021-03-19T15:59:54.186+0600][gc,cpu      ] GC(1336) User=0.08s Sys=0.00s Real=0.02s
[2021-03-19T16:00:13.478+0600][gc,start    ] GC(1337) Pause Young (Normal) (G1 Evacuation Pause)
[2021-03-19T16:00:13.479+0600][gc,task     ] GC(1337) Using 8 workers of 8 for evacuation
[2021-03-19T16:00:13.497+0600][gc,phases   ] GC(1337)   Pre Evacuate Collection Set: 0.6ms
[2021-03-19T16:00:13.497+0600][gc,phases   ] GC(1337)   Merge Heap Roots: 0.5ms
[2021-03-19T16:00:13.497+0600][gc,phases   ] GC(1337)   Evacuate Collection Set: 15.9ms
[2021-03-19T16:00:13.497+0600][gc,phases   ] GC(1337)   Post Evacuate Collection Set: 0.6ms
[2021-03-19T16:00:13.497+0600][gc,phases   ] GC(1337)   Other: 0.8ms
[2021-03-19T16:00:13.497+0600][gc,heap     ] GC(1337) Eden regions: 605->0(606)
[2021-03-19T16:00:13.497+0600][gc,heap     ] GC(1337) Survivor regions: 9->8(77)
[2021-03-19T16:00:13.497+0600][gc,heap     ] GC(1337) Old regions: 131->132
[2021-03-19T16:00:13.497+0600][gc,heap     ] GC(1337) Archive regions: 2->2
[2021-03-19T16:00:13.497+0600][gc,heap     ] GC(1337) Humongous regions: 129->129
[2021-03-19T16:00:13.497+0600][gc,metaspace] GC(1337) Metaspace: 40252K(41216K)->40252K(41216K) NonClass: 35945K(36608K)->35945K(36608K) Class: 4306K(4608K)->4306K(4608K)
[2021-03-19T16:00:13.497+0600][gc          ] GC(1337) Pause Young (Normal) (G1 Evacuation Pause) 873M->269M(1024M) 18.370ms
[2021-03-19T16:00:13.497+0600][gc,cpu      ] GC(1337) User=0.07s Sys=0.00s Real=0.02s
[2021-03-19T16:00:32.829+0600][gc,start    ] GC(1338) Pause Young (Normal) (G1 Evacuation Pause)
[2021-03-19T16:00:32.829+0600][gc,task     ] GC(1338) Using 8 workers of 8 for evacuation
[2021-03-19T16:00:32.848+0600][gc,phases   ] GC(1338)   Pre Evacuate Collection Set: 0.4ms
[2021-03-19T16:00:32.848+0600][gc,phases   ] GC(1338)   Merge Heap Roots: 0.4ms
[2021-03-19T16:00:32.848+0600][gc,phases   ] GC(1338)   Evacuate Collection Set: 17.0ms
[2021-03-19T16:00:32.848+0600][gc,phases   ] GC(1338)   Post Evacuate Collection Set: 0.6ms
[2021-03-19T16:00:32.848+0600][gc,phases   ] GC(1338)   Other: 0.8ms
[2021-03-19T16:00:32.848+0600][gc,heap     ] GC(1338) Eden regions: 606->0(605)
[2021-03-19T16:00:32.848+0600][gc,heap     ] GC(1338) Survivor regions: 8->9(77)
[2021-03-19T16:00:32.848+0600][gc,heap     ] GC(1338) Old regions: 132->132
[2021-03-19T16:00:32.848+0600][gc,heap     ] GC(1338) Archive regions: 2->2
[2021-03-19T16:00:32.848+0600][gc,heap     ] GC(1338) Humongous regions: 129->129
[2021-03-19T16:00:32.848+0600][gc,metaspace] GC(1338) Metaspace: 40252K(41216K)->40252K(41216K) NonClass: 35945K(36608K)->35945K(36608K) Class: 4306K(4608K)->4306K(4608K)
[2021-03-19T16:00:32.848+0600][gc          ] GC(1338) Pause Young (Normal) (G1 Evacuation Pause) 875M->269M(1024M) 19.331ms
[2021-03-19T16:00:32.848+0600][gc,cpu      ] GC(1338) User=0.08s Sys=0.00s Real=0.02s
[2021-03-19T16:00:51.363+0600][gc,start    ] GC(1339) Pause Young (Normal) (G1 Evacuation Pause)
[2021-03-19T16:00:51.363+0600][gc,task     ] GC(1339) Using 8 workers of 8 for evacuation
[2021-03-19T16:00:51.381+0600][gc,phases   ] GC(1339)   Pre Evacuate Collection Set: 0.4ms
[2021-03-19T16:00:51.381+0600][gc,phases   ] GC(1339)   Merge Heap Roots: 0.4ms
[2021-03-19T16:00:51.381+0600][gc,phases   ] GC(1339)   Evacuate Collection Set: 16.9ms
[2021-03-19T16:00:51.381+0600][gc,phases   ] GC(1339)   Post Evacuate Collection Set: 0.6ms
[2021-03-19T16:00:51.382+0600][gc,phases   ] GC(1339)   Other: 0.7ms
[2021-03-19T16:00:51.382+0600][gc,heap     ] GC(1339) Eden regions: 605->0(605)
[2021-03-19T16:00:51.382+0600][gc,heap     ] GC(1339) Survivor regions: 9->9(77)
[2021-03-19T16:00:51.382+0600][gc,heap     ] GC(1339) Old regions: 132->132
[2021-03-19T16:00:51.382+0600][gc,heap     ] GC(1339) Archive regions: 2->2
[2021-03-19T16:00:51.382+0600][gc,heap     ] GC(1339) Humongous regions: 129->129
[2021-03-19T16:00:51.382+0600][gc,metaspace] GC(1339) Metaspace: 40252K(41216K)->40252K(41216K) NonClass: 35945K(36608K)->35945K(36608K) Class: 4306K(4608K)->4306K(4608K)
[2021-03-19T16:00:51.382+0600][gc          ] GC(1339) Pause Young (Normal) (G1 Evacuation Pause) 874M->270M(1024M) 19.067ms
[2021-03-19T16:00:51.382+0600][gc,cpu      ] GC(1339) User=0.07s Sys=0.00s Real=0.02s
[2021-03-19T16:01:09.708+0600][gc,start    ] GC(1340) Pause Young (Normal) (G1 Evacuation Pause)
[2021-03-19T16:01:09.709+0600][gc,task     ] GC(1340) Using 8 workers of 8 for evacuation
[2021-03-19T16:01:09.726+0600][gc,phases   ] GC(1340)   Pre Evacuate Collection Set: 0.4ms
[2021-03-19T16:01:09.726+0600][gc,phases   ] GC(1340)   Merge Heap Roots: 0.5ms
[2021-03-19T16:01:09.726+0600][gc,phases   ] GC(1340)   Evacuate Collection Set: 14.9ms
[2021-03-19T16:01:09.726+0600][gc,phases   ] GC(1340)   Post Evacuate Collection Set: 0.5ms
[2021-03-19T16:01:09.726+0600][gc,phases   ] GC(1340)   Other: 1.9ms
[2021-03-19T16:01:09.726+0600][gc,heap     ] GC(1340) Eden regions: 605->0(604)
[2021-03-19T16:01:09.726+0600][gc,heap     ] GC(1340) Survivor regions: 9->10(77)
[2021-03-19T16:01:09.726+0600][gc,heap     ] GC(1340) Old regions: 132->133
[2021-03-19T16:01:09.726+0600][gc,heap     ] GC(1340) Archive regions: 2->2
[2021-03-19T16:01:09.726+0600][gc,heap     ] GC(1340) Humongous regions: 129->129
