[2021-03-19T13:25:30.875+0600][gc,phases   ] GC(673)   Post Evacuate Collection Set: 0.6ms
[2021-03-19T13:25:30.875+0600][gc,phases   ] GC(673)   Other: 0.2ms
[2021-03-19T13:25:30.875+0600][gc,heap     ] GC(673) Eden regions: 609->0(609)
[2021-03-19T13:25:30.875+0600][gc,heap     ] GC(673) Survivor regions: 5->5(77)
[2021-03-19T13:25:30.875+0600][gc,heap     ] GC(673) Old regions: 142->142
[2021-03-19T13:25:30.875+0600][gc,heap     ] GC(673) Archive regions: 2->2
[2021-03-19T13:25:30.875+0600][gc,heap     ] GC(673) Humongous regions: 129->129
[2021-03-19T13:25:30.875+0600][gc,metaspace] GC(673) Metaspace: 40297K(41216K)->40297K(41216K) NonClass: 35974K(36608K)->35974K(36608K) Class: 4323K(4608K)->4323K(4608K)
[2021-03-19T13:25:30.875+0600][gc          ] GC(673) Pause Young (Normal) (G1 Evacuation Pause) 885M->276M(1024M) 6.945ms
[2021-03-19T13:25:30.875+0600][gc,cpu      ] GC(673) User=0.02s Sys=0.00s Real=0.01s
[2021-03-19T13:25:33.613+0600][gc,start    ] GC(674) Pause Young (Normal) (G1 Evacuation Pause)
[2021-03-19T13:25:33.613+0600][gc,task     ] GC(674) Using 8 workers of 8 for evacuation
[2021-03-19T13:25:33.617+0600][gc,phases   ] GC(674)   Pre Evacuate Collection Set: 0.1ms
[2021-03-19T13:25:33.617+0600][gc,phases   ] GC(674)   Merge Heap Roots: 0.1ms
[2021-03-19T13:25:33.617+0600][gc,phases   ] GC(674)   Evacuate Collection Set: 3.0ms
[2021-03-19T13:25:33.617+0600][gc,phases   ] GC(674)   Post Evacuate Collection Set: 0.8ms
[2021-03-19T13:25:33.617+0600][gc,phases   ] GC(674)   Other: 0.2ms
[2021-03-19T13:25:33.617+0600][gc,heap     ] GC(674) Eden regions: 609->0(609)
[2021-03-19T13:25:33.617+0600][gc,heap     ] GC(674) Survivor regions: 5->5(77)
[2021-03-19T13:25:33.617+0600][gc,heap     ] GC(674) Old regions: 142->143
[2021-03-19T13:25:33.617+0600][gc,heap     ] GC(674) Archive regions: 2->2
[2021-03-19T13:25:33.617+0600][gc,heap     ] GC(674) Humongous regions: 129->129
[2021-03-19T13:25:33.617+0600][gc,metaspace] GC(674) Metaspace: 40297K(41216K)->40297K(41216K) NonClass: 35974K(36608K)->35974K(36608K) Class: 4323K(4608K)->4323K(4608K)
[2021-03-19T13:25:33.617+0600][gc          ] GC(674) Pause Young (Normal) (G1 Evacuation Pause) 885M->276M(1024M) 4.287ms
[2021-03-19T13:25:33.617+0600][gc,cpu      ] GC(674) User=0.02s Sys=0.01s Real=0.00s
[2021-03-19T13:25:36.415+0600][gc,start    ] GC(675) Pause Young (Normal) (G1 Evacuation Pause)
[2021-03-19T13:25:36.415+0600][gc,task     ] GC(675) Using 8 workers of 8 for evacuation
[2021-03-19T13:25:36.418+0600][gc,phases   ] GC(675)   Pre Evacuate Collection Set: 0.1ms
[2021-03-19T13:25:36.418+0600][gc,phases   ] GC(675)   Merge Heap Roots: 0.1ms
[2021-03-19T13:25:36.418+0600][gc,phases   ] GC(675)   Evacuate Collection Set: 2.8ms
[2021-03-19T13:25:36.418+0600][gc,phases   ] GC(675)   Post Evacuate Collection Set: 0.6ms
[2021-03-19T13:25:36.418+0600][gc,phases   ] GC(675)   Other: 0.2ms
[2021-03-19T13:25:36.418+0600][gc,heap     ] GC(675) Eden regions: 609->0(610)
[2021-03-19T13:25:36.418+0600][gc,heap     ] GC(675) Survivor regions: 5->4(77)
[2021-03-19T13:25:36.418+0600][gc,heap     ] GC(675) Old regions: 143->144
[2021-03-19T13:25:36.418+0600][gc,heap     ] GC(675) Archive regions: 2->2
[2021-03-19T13:25:36.418+0600][gc,heap     ] GC(675) Humongous regions: 129->129
[2021-03-19T13:25:36.418+0600][gc,metaspace] GC(675) Metaspace: 40297K(41216K)->40297K(41216K) NonClass: 35974K(36608K)->35974K(36608K) Class: 4323K(4608K)->4323K(4608K)
[2021-03-19T13:25:36.418+0600][gc          ] GC(675) Pause Young (Normal) (G1 Evacuation Pause) 885M->276M(1024M) 3.853ms
[2021-03-19T13:25:36.418+0600][gc,cpu      ] GC(675) User=0.02s Sys=0.01s Real=0.00s
[2021-03-19T13:25:39.225+0600][gc,start    ] GC(676) Pause Young (Normal) (G1 Evacuation Pause)
[2021-03-19T13:25:39.225+0600][gc,task     ] GC(676) Using 8 workers of 8 for evacuation
[2021-03-19T13:25:39.229+0600][gc,phases   ] GC(676)   Pre Evacuate Collection Set: 0.1ms
[2021-03-19T13:25:39.229+0600][gc,phases   ] GC(676)   Merge Heap Roots: 0.1ms
[2021-03-19T13:25:39.229+0600][gc,phases   ] GC(676)   Evacuate Collection Set: 2.6ms
[2021-03-19T13:25:39.229+0600][gc,phases   ] GC(676)   Post Evacuate Collection Set: 0.6ms
[2021-03-19T13:25:39.229+0600][gc,phases   ] GC(676)   Other: 0.2ms
[2021-03-19T13:25:39.229+0600][gc,heap     ] GC(676) Eden regions: 610->0(610)
[2021-03-19T13:25:39.229+0600][gc,heap     ] GC(676) Survivor regions: 4->4(77)
[2021-03-19T13:25:39.229+0600][gc,heap     ] GC(676) Old regions: 144->144
[2021-03-19T13:25:39.229+0600][gc,heap     ] GC(676) Archive regions: 2->2
[2021-03-19T13:25:39.229+0600][gc,heap     ] GC(676) Humongous regions: 129->129
[2021-03-19T13:25:39.229+0600][gc,metaspace] GC(676) Metaspace: 40297K(41216K)->40297K(41216K) NonClass: 35974K(36608K)->35974K(36608K) Class: 4323K(4608K)->4323K(4608K)
[2021-03-19T13:25:39.229+0600][gc          ] GC(676) Pause Young (Normal) (G1 Evacuation Pause) 886M->276M(1024M) 3.768ms
[2021-03-19T13:25:39.229+0600][gc,cpu      ] GC(676) User=0.02s Sys=0.01s Real=0.00s
[2021-03-19T13:25:41.922+0600][gc,start    ] GC(677) Pause Young (Normal) (G1 Evacuation Pause)
[2021-03-19T13:25:41.922+0600][gc,task     ] GC(677) Using 8 workers of 8 for evacuation
[2021-03-19T13:25:41.926+0600][gc,phases   ] GC(677)   Pre Evacuate Collection Set: 0.1ms
[2021-03-19T13:25:41.926+0600][gc,phases   ] GC(677)   Merge Heap Roots: 0.1ms
[2021-03-19T13:25:41.926+0600][gc,phases   ] GC(677)   Evacuate Collection Set: 2.7ms
[2021-03-19T13:25:41.926+0600][gc,phases   ] GC(677)   Post Evacuate Collection Set: 0.5ms
[2021-03-19T13:25:41.926+0600][gc,phases   ] GC(677)   Other: 0.2ms
[2021-03-19T13:25:41.926+0600][gc,heap     ] GC(677) Eden regions: 610->0(610)
[2021-03-19T13:25:41.926+0600][gc,heap     ] GC(677) Survivor regions: 4->4(77)
[2021-03-19T13:25:41.926+0600][gc,heap     ] GC(677) Old regions: 144->144
[2021-03-19T13:25:41.926+0600][gc,heap     ] GC(677) Archive regions: 2->2
[2021-03-19T13:25:41.926+0600][gc,heap     ] GC(677) Humongous regions: 129->129
[2021-03-19T13:25:41.926+0600][gc,metaspace] GC(677) Metaspace: 40297K(41216K)->40297K(41216K) NonClass: 35974K(36608K)->35974K(36608K) Class: 4323K(4608K)->4323K(4608K)
[2021-03-19T13:25:41.926+0600][gc          ] GC(677) Pause Young (Normal) (G1 Evacuation Pause) 886M->277M(1024M) 3.663ms
[2021-03-19T13:25:41.926+0600][gc,cpu      ] GC(677) User=0.02s Sys=0.00s Real=0.00s
[2021-03-19T13:25:44.691+0600][gc,start    ] GC(678) Pause Young (Normal) (G1 Evacuation Pause)
[2021-03-19T13:25:44.691+0600][gc,task     ] GC(678) Using 8 workers of 8 for evacuation
[2021-03-19T13:25:44.694+0600][gc,phases   ] GC(678)   Pre Evacuate Collection Set: 0.1ms
[2021-03-19T13:25:44.694+0600][gc,phases   ] GC(678)   Merge Heap Roots: 0.1ms
[2021-03-19T13:25:44.694+0600][gc,phases   ] GC(678)   Evacuate Collection Set: 2.4ms
[2021-03-19T13:25:44.694+0600][gc,phases   ] GC(678)   Post Evacuate Collection Set: 0.4ms
[2021-03-19T13:25:44.694+0600][gc,phases   ] GC(678)   Other: 0.2ms
[2021-03-19T13:25:44.694+0600][gc,heap     ] GC(678) Eden regions: 610->0(610)
[2021-03-19T13:25:44.694+0600][gc,heap     ] GC(678) Survivor regions: 4->4(77)
[2021-03-19T13:25:44.694+0600][gc,heap     ] GC(678) Old regions: 144->145
[2021-03-19T13:25:44.694+0600][gc,heap     ] GC(678) Archive regions: 2->2
[2021-03-19T13:25:44.694+0600][gc,heap     ] GC(678) Humongous regions: 129->129
[2021-03-19T13:25:44.694+0600][gc,metaspace] GC(678) Metaspace: 40297K(41216K)->40297K(41216K) NonClass: 35974K(36608K)->35974K(36608K) Class: 4323K(4608K)->4323K(4608K)
[2021-03-19T13:25:44.694+0600][gc          ] GC(678) Pause Young (Normal) (G1 Evacuation Pause) 887M->277M(1024M) 3.268ms
[2021-03-19T13:25:44.694+0600][gc,cpu      ] GC(678) User=0.02s Sys=0.00s Real=0.00s
[2021-03-19T13:25:47.504+0600][gc,start    ] GC(679) Pause Young (Normal) (G1 Evacuation Pause)
[2021-03-19T13:25:47.504+0600][gc,task     ] GC(679) Using 8 workers of 8 for evacuation
[2021-03-19T13:25:47.508+0600][gc,phases   ] GC(679)   Pre Evacuate Collection Set: 0.2ms
[2021-03-19T13:25:47.508+0600][gc,phases   ] GC(679)   Merge Heap Roots: 0.1ms
[2021-03-19T13:25:47.508+0600][gc,phases   ] GC(679)   Evacuate Collection Set: 2.6ms
[2021-03-19T13:25:47.508+0600][gc,phases   ] GC(679)   Post Evacuate Collection Set: 0.5ms
[2021-03-19T13:25:47.508+0600][gc,phases   ] GC(679)   Other: 0.2ms
[2021-03-19T13:25:47.508+0600][gc,heap     ] GC(679) Eden regions: 610->0(611)
[2021-03-19T13:25:47.508+0600][gc,heap     ] GC(679) Survivor regions: 4->3(77)
[2021-03-19T13:25:47.508+0600][gc,heap     ] GC(679) Old regions: 145->145
[2021-03-19T13:25:47.508+0600][gc,heap     ] GC(679) Archive regions: 2->2
[2021-03-19T13:25:47.508+0600][gc,heap     ] GC(679) Humongous regions: 129->129
[2021-03-19T13:25:47.508+0600][gc,metaspace] GC(679) Metaspace: 40297K(41216K)->40297K(41216K) NonClass: 35974K(36608K)->35974K(36608K) Class: 4323K(4608K)->4323K(4608K)
[2021-03-19T13:25:47.508+0600][gc          ] GC(679) Pause Young (Normal) (G1 Evacuation Pause) 887M->277M(1024M) 3.675ms
[2021-03-19T13:25:47.508+0600][gc,cpu      ] GC(679) User=0.02s Sys=0.00s Real=0.00s
[2021-03-19T13:25:50.243+0600][gc,start    ] GC(680) Pause Young (Normal) (G1 Evacuation Pause)
[2021-03-19T13:25:50.243+0600][gc,task     ] GC(680) Using 8 workers of 8 for evacuation
[2021-03-19T13:25:50.246+0600][gc,phases   ] GC(680)   Pre Evacuate Collection Set: 0.2ms
[2021-03-19T13:25:50.246+0600][gc,phases   ] GC(680)   Merge Heap Roots: 0.1ms
[2021-03-19T13:25:50.246+0600][gc,phases   ] GC(680)   Evacuate Collection Set: 2.5ms
[2021-03-19T13:25:50.246+0600][gc,phases   ] GC(680)   Post Evacuate Collection Set: 0.5ms
[2021-03-19T13:25:50.246+0600][gc,phases   ] GC(680)   Other: 0.2ms
[2021-03-19T13:25:50.246+0600][gc,heap     ] GC(680) Eden regions: 611->0(610)
[2021-03-19T13:25:50.246+0600][gc,heap     ] GC(680) Survivor regions: 3->4(77)
[2021-03-19T13:25:50.246+0600][gc,heap     ] GC(680) Old regions: 145->145
[2021-03-19T13:25:50.246+0600][gc,heap     ] GC(680) Archive regions: 2->2
[2021-03-19T13:25:50.246+0600][gc,heap     ] GC(680) Humongous regions: 129->129
[2021-03-19T13:25:50.246+0600][gc,metaspace] GC(680) Metaspace: 40297K(41216K)->40297K(41216K) NonClass: 35974K(36608K)->35974K(36608K) Class: 4323K(4608K)->4323K(4608K)
[2021-03-19T13:25:50.246+0600][gc          ] GC(680) Pause Young (Normal) (G1 Evacuation Pause) 888M->277M(1024M) 3.565ms
[2021-03-19T13:25:50.246+0600][gc,cpu      ] GC(680) User=0.01s Sys=0.00s Real=0.00s
[2021-03-19T13:25:52.998+0600][gc,start    ] GC(681) Pause Young (Normal) (G1 Evacuation Pause)
[2021-03-19T13:25:52.998+0600][gc,task     ] GC(681) Using 8 workers of 8 for evacuation
[2021-03-19T13:25:53.001+0600][gc,phases   ] GC(681)   Pre Evacuate Collection Set: 0.1ms
[2021-03-19T13:25:53.001+0600][gc,phases   ] GC(681)   Merge Heap Roots: 0.1ms
[2021-03-19T13:25:53.001+0600][gc,phases   ] GC(681)   Evacuate Collection Set: 2.4ms
[2021-03-19T13:25:53.001+0600][gc,phases   ] GC(681)   Post Evacuate Collection Set: 0.4ms
[2021-03-19T13:25:53.001+0600][gc,phases   ] GC(681)   Other: 0.2ms
[2021-03-19T13:25:53.001+0600][gc,heap     ] GC(681) Eden regions: 610->0(611)
[2021-03-19T13:25:53.001+0600][gc,heap     ] GC(681) Survivor regions: 4->3(77)
[2021-03-19T13:25:53.001+0600][gc,heap     ] GC(681) Old regions: 145->145
[2021-03-19T13:25:53.001+0600][gc,heap     ] GC(681) Archive regions: 2->2
[2021-03-19T13:25:53.001+0600][gc,heap     ] GC(681) Humongous regions: 129->129
[2021-03-19T13:25:53.002+0600][gc,metaspace] GC(681) Metaspace: 40297K(41216K)->40297K(41216K) NonClass: 35974K(36608K)->35974K(36608K) Class: 4323K(4608K)->4323K(4608K)
[2021-03-19T13:25:53.002+0600][gc          ] GC(681) Pause Young (Normal) (G1 Evacuation Pause) 887M->277M(1024M) 3.329ms
[2021-03-19T13:25:53.002+0600][gc,cpu      ] GC(681) User=0.02s Sys=0.00s Real=0.01s
[2021-03-19T13:25:55.927+0600][gc,start    ] GC(682) Pause Young (Normal) (G1 Evacuation Pause)
[2021-03-19T13:25:55.927+0600][gc,task     ] GC(682) Using 8 workers of 8 for evacuation
[2021-03-19T13:25:55.930+0600][gc,phases   ] GC(682)   Pre Evacuate Collection Set: 0.2ms
[2021-03-19T13:25:55.930+0600][gc,phases   ] GC(682)   Merge Heap Roots: 0.1ms
[2021-03-19T13:25:55.930+0600][gc,phases   ] GC(682)   Evacuate Collection Set: 2.4ms
[2021-03-19T13:25:55.930+0600][gc,phases   ] GC(682)   Post Evacuate Collection Set: 0.4ms
[2021-03-19T13:25:55.930+0600][gc,phases   ] GC(682)   Other: 0.4ms
[2021-03-19T13:25:55.930+0600][gc,heap     ] GC(682) Eden regions: 611->0(611)
[2021-03-19T13:25:55.930+0600][gc,heap     ] GC(682) Survivor regions: 3->3(77)
[2021-03-19T13:25:55.930+0600][gc,heap     ] GC(682) Old regions: 145->146
[2021-03-19T13:25:55.930+0600][gc,heap     ] GC(682) Archive regions: 2->2
[2021-03-19T13:25:55.930+0600][gc,heap     ] GC(682) Humongous regions: 129->129
[2021-03-19T13:25:55.930+0600][gc,metaspace] GC(682) Metaspace: 40297K(41216K)->40297K(41216K) NonClass: 35974K(36608K)->35974K(36608K) Class: 4323K(4608K)->4323K(4608K)
[2021-03-19T13:25:55.930+0600][gc          ] GC(682) Pause Young (Normal) (G1 Evacuation Pause) 888M->277M(1024M) 3.554ms
[2021-03-19T13:25:55.930+0600][gc,cpu      ] GC(682) User=0.02s Sys=0.00s Real=0.01s
[2021-03-19T13:25:58.672+0600][gc,start    ] GC(683) Pause Young (Normal) (G1 Evacuation Pause)
[2021-03-19T13:25:58.672+0600][gc,task     ] GC(683) Using 8 workers of 8 for evacuation
[2021-03-19T13:25:58.675+0600][gc,phases   ] GC(683)   Pre Evacuate Collection Set: 0.1ms
[2021-03-19T13:25:58.675+0600][gc,phases   ] GC(683)   Merge Heap Roots: 0.1ms
[2021-03-19T13:25:58.675+0600][gc,phases   ] GC(683)   Evacuate Collection Set: 2.3ms
[2021-03-19T13:25:58.675+0600][gc,phases   ] GC(683)   Post Evacuate Collection Set: 0.5ms
[2021-03-19T13:25:58.675+0600][gc,phases   ] GC(683)   Other: 0.1ms
[2021-03-19T13:25:58.675+0600][gc,heap     ] GC(683) Eden regions: 611->0(611)
[2021-03-19T13:25:58.675+0600][gc,heap     ] GC(683) Survivor regions: 3->3(77)
[2021-03-19T13:25:58.675+0600][gc,heap     ] GC(683) Old regions: 146->146
[2021-03-19T13:25:58.675+0600][gc,heap     ] GC(683) Archive regions: 2->2
[2021-03-19T13:25:58.675+0600][gc,heap     ] GC(683) Humongous regions: 129->129
[2021-03-19T13:25:58.675+0600][gc,metaspace] GC(683) Metaspace: 40297K(41216K)->40297K(41216K) NonClass: 35974K(36608K)->35974K(36608K) Class: 4323K(4608K)->4323K(4608K)
[2021-03-19T13:25:58.675+0600][gc          ] GC(683) Pause Young (Normal) (G1 Evacuation Pause) 888M->277M(1024M) 3.216ms
[2021-03-19T13:25:58.675+0600][gc,cpu      ] GC(683) User=0.02s Sys=0.00s Real=0.00s
[2021-03-19T13:26:01.392+0600][gc,start    ] GC(684) Pause Young (Normal) (G1 Evacuation Pause)
[2021-03-19T13:26:01.392+0600][gc,task     ] GC(684) Using 8 workers of 8 for evacuation
[2021-03-19T13:26:01.396+0600][gc,phases   ] GC(684)   Pre Evacuate Collection Set: 0.1ms
[2021-03-19T13:26:01.396+0600][gc,phases   ] GC(684)   Merge Heap Roots: 0.1ms
[2021-03-19T13:26:01.396+0600][gc,phases   ] GC(684)   Evacuate Collection Set: 2.6ms
[2021-03-19T13:26:01.396+0600][gc,phases   ] GC(684)   Post Evacuate Collection Set: 0.6ms
[2021-03-19T13:26:01.396+0600][gc,phases   ] GC(684)   Other: 0.2ms
[2021-03-19T13:26:01.396+0600][gc,heap     ] GC(684) Eden regions: 611->0(611)
[2021-03-19T13:26:01.396+0600][gc,heap     ] GC(684) Survivor regions: 3->3(77)
[2021-03-19T13:26:01.396+0600][gc,heap     ] GC(684) Old regions: 146->146
[2021-03-19T13:26:01.396+0600][gc,heap     ] GC(684) Archive regions: 2->2
[2021-03-19T13:26:01.396+0600][gc,heap     ] GC(684) Humongous regions: 129->129
[2021-03-19T13:26:01.396+0600][gc,metaspace] GC(684) Metaspace: 40297K(41216K)->40297K(41216K) NonClass: 35974K(36608K)->35974K(36608K) Class: 4323K(4608K)->4323K(4608K)
[2021-03-19T13:26:01.396+0600][gc          ] GC(684) Pause Young (Normal) (G1 Evacuation Pause) 888M->278M(1024M) 3.651ms
[2021-03-19T13:26:01.396+0600][gc,cpu      ] GC(684) User=0.02s Sys=0.00s Real=0.00s
[2021-03-19T13:26:04.463+0600][gc,start    ] GC(685) Pause Young (Normal) (G1 Evacuation Pause)
[2021-03-19T13:26:04.463+0600][gc,task     ] GC(685) Using 8 workers of 8 for evacuation
[2021-03-19T13:26:04.467+0600][gc,phases   ] GC(685)   Pre Evacuate Collection Set: 0.2ms
[2021-03-19T13:26:04.467+0600][gc,phases   ] GC(685)   Merge Heap Roots: 0.1ms
[2021-03-19T13:26:04.467+0600][gc,phases   ] GC(685)   Evacuate Collection Set: 2.7ms
[2021-03-19T13:26:04.467+0600][gc,phases   ] GC(685)   Post Evacuate Collection Set: 0.4ms
[2021-03-19T13:26:04.467+0600][gc,phases   ] GC(685)   Other: 0.5ms
[2021-03-19T13:26:04.467+0600][gc,heap     ] GC(685) Eden regions: 611->0(611)
[2021-03-19T13:26:04.467+0600][gc,heap     ] GC(685) Survivor regions: 3->3(77)
[2021-03-19T13:26:04.467+0600][gc,heap     ] GC(685) Old regions: 146->146
[2021-03-19T13:26:04.467+0600][gc,heap     ] GC(685) Archive regions: 2->2
[2021-03-19T13:26:04.467+0600][gc,heap     ] GC(685) Humongous regions: 129->129
[2021-03-19T13:26:04.467+0600][gc,metaspace] GC(685) Metaspace: 40297K(41216K)->40297K(41216K) NonClass: 35974K(36608K)->35974K(36608K) Class: 4323K(4608K)->4323K(4608K)
[2021-03-19T13:26:04.467+0600][gc          ] GC(685) Pause Young (Normal) (G1 Evacuation Pause) 889M->278M(1024M) 3.951ms
[2021-03-19T13:26:04.467+0600][gc,cpu      ] GC(685) User=0.02s Sys=0.00s Real=0.00s
[2021-03-19T13:26:07.160+0600][gc,start    ] GC(686) Pause Young (Normal) (G1 Evacuation Pause)
[2021-03-19T13:26:07.160+0600][gc,task     ] GC(686) Using 8 workers of 8 for evacuation
[2021-03-19T13:26:07.163+0600][gc,phases   ] GC(686)   Pre Evacuate Collection Set: 0.2ms
[2021-03-19T13:26:07.163+0600][gc,phases   ] GC(686)   Merge Heap Roots: 0.1ms
[2021-03-19T13:26:07.163+0600][gc,phases   ] GC(686)   Evacuate Collection Set: 2.3ms
[2021-03-19T13:26:07.163+0600][gc,phases   ] GC(686)   Post Evacuate Collection Set: 0.4ms
[2021-03-19T13:26:07.163+0600][gc,phases   ] GC(686)   Other: 0.2ms
[2021-03-19T13:26:07.163+0600][gc,heap     ] GC(686) Eden regions: 611->0(611)
[2021-03-19T13:26:07.163+0600][gc,heap     ] GC(686) Survivor regions: 3->3(77)
[2021-03-19T13:26:07.163+0600][gc,heap     ] GC(686) Old regions: 146->146
[2021-03-19T13:26:07.163+0600][gc,heap     ] GC(686) Archive regions: 2->2
[2021-03-19T13:26:07.163+0600][gc,heap     ] GC(686) Humongous regions: 129->129
[2021-03-19T13:26:07.163+0600][gc,metaspace] GC(686) Metaspace: 40297K(41216K)->40297K(41216K) NonClass: 35974K(36608K)->35974K(36608K) Class: 4323K(4608K)->4323K(4608K)
[2021-03-19T13:26:07.163+0600][gc          ] GC(686) Pause Young (Normal) (G1 Evacuation Pause) 889M->278M(1024M) 3.215ms
[2021-03-19T13:26:07.163+0600][gc,cpu      ] GC(686) User=0.02s Sys=0.00s Real=0.00s
[2021-03-19T13:26:09.856+0600][gc,start    ] GC(687) Pause Young (Normal) (G1 Evacuation Pause)
[2021-03-19T13:26:09.856+0600][gc,task     ] GC(687) Using 8 workers of 8 for evacuation
[2021-03-19T13:26:09.859+0600][gc,phases   ] GC(687)   Pre Evacuate Collection Set: 0.1ms
[2021-03-19T13:26:09.859+0600][gc,phases   ] GC(687)   Merge Heap Roots: 0.1ms
[2021-03-19T13:26:09.859+0600][gc,phases   ] GC(687)   Evacuate Collection Set: 2.6ms
[2021-03-19T13:26:09.859+0600][gc,phases   ] GC(687)   Post Evacuate Collection Set: 0.5ms
[2021-03-19T13:26:09.859+0600][gc,phases   ] GC(687)   Other: 0.2ms
[2021-03-19T13:26:09.859+0600][gc,heap     ] GC(687) Eden regions: 611->0(611)
[2021-03-19T13:26:09.859+0600][gc,heap     ] GC(687) Survivor regions: 3->3(77)
[2021-03-19T13:26:09.860+0600][gc,heap     ] GC(687) Old regions: 146->147
[2021-03-19T13:26:09.860+0600][gc,heap     ] GC(687) Archive regions: 2->2
[2021-03-19T13:26:09.860+0600][gc,heap     ] GC(687) Humongous regions: 129->129
[2021-03-19T13:26:09.860+0600][gc,metaspace] GC(687) Metaspace: 40297K(41216K)->40297K(41216K) NonClass: 35974K(36608K)->35974K(36608K) Class: 4323K(4608K)->4323K(4608K)
[2021-03-19T13:26:09.860+0600][gc          ] GC(687) Pause Young (Normal) (G1 Evacuation Pause) 889M->278M(1024M) 3.607ms
[2021-03-19T13:26:09.860+0600][gc,cpu      ] GC(687) User=0.02s Sys=0.00s Real=0.01s
[2021-03-19T13:26:12.601+0600][gc,start    ] GC(688) Pause Young (Normal) (G1 Evacuation Pause)
[2021-03-19T13:26:12.601+0600][gc,task     ] GC(688) Using 8 workers of 8 for evacuation
[2021-03-19T13:26:12.605+0600][gc,phases   ] GC(688)   Pre Evacuate Collection Set: 0.1ms
[2021-03-19T13:26:12.605+0600][gc,phases   ] GC(688)   Merge Heap Roots: 0.1ms
[2021-03-19T13:26:12.605+0600][gc,phases   ] GC(688)   Evacuate Collection Set: 2.7ms
[2021-03-19T13:26:12.605+0600][gc,phases   ] GC(688)   Post Evacuate Collection Set: 0.7ms
[2021-03-19T13:26:12.605+0600][gc,phases   ] GC(688)   Other: 0.2ms
[2021-03-19T13:26:12.605+0600][gc,heap     ] GC(688) Eden regions: 611->0(611)
[2021-03-19T13:26:12.605+0600][gc,heap     ] GC(688) Survivor regions: 3->3(77)
[2021-03-19T13:26:12.605+0600][gc,heap     ] GC(688) Old regions: 147->147
[2021-03-19T13:26:12.605+0600][gc,heap     ] GC(688) Archive regions: 2->2
[2021-03-19T13:26:12.605+0600][gc,heap     ] GC(688) Humongous regions: 129->129
[2021-03-19T13:26:12.605+0600][gc,metaspace] GC(688) Metaspace: 40297K(41216K)->40297K(41216K) NonClass: 35974K(36608K)->35974K(36608K) Class: 4323K(4608K)->4323K(4608K)
[2021-03-19T13:26:12.605+0600][gc          ] GC(688) Pause Young (Normal) (G1 Evacuation Pause) 889M->278M(1024M) 3.960ms
[2021-03-19T13:26:12.605+0600][gc,cpu      ] GC(688) User=0.01s Sys=0.00s Real=0.00s
[2021-03-19T13:26:15.386+0600][gc,start    ] GC(689) Pause Young (Normal) (G1 Evacuation Pause)
[2021-03-19T13:26:15.386+0600][gc,task     ] GC(689) Using 8 workers of 8 for evacuation
[2021-03-19T13:26:15.389+0600][gc,phases   ] GC(689)   Pre Evacuate Collection Set: 0.2ms
[2021-03-19T13:26:15.389+0600][gc,phases   ] GC(689)   Merge Heap Roots: 0.1ms
[2021-03-19T13:26:15.389+0600][gc,phases   ] GC(689)   Evacuate Collection Set: 2.3ms
[2021-03-19T13:26:15.389+0600][gc,phases   ] GC(689)   Post Evacuate Collection Set: 0.4ms
[2021-03-19T13:26:15.389+0600][gc,phases   ] GC(689)   Other: 0.2ms
[2021-03-19T13:26:15.389+0600][gc,heap     ] GC(689) Eden regions: 611->0(611)
[2021-03-19T13:26:15.389+0600][gc,heap     ] GC(689) Survivor regions: 3->3(77)
[2021-03-19T13:26:15.389+0600][gc,heap     ] GC(689) Old regions: 147->147
[2021-03-19T13:26:15.389+0600][gc,heap     ] GC(689) Archive regions: 2->2
[2021-03-19T13:26:15.389+0600][gc,heap     ] GC(689) Humongous regions: 129->129
[2021-03-19T13:26:15.389+0600][gc,metaspace] GC(689) Metaspace: 40297K(41216K)->40297K(41216K) NonClass: 35974K(36608K)->35974K(36608K) Class: 4323K(4608K)->4323K(4608K)
[2021-03-19T13:26:15.389+0600][gc          ] GC(689) Pause Young (Normal) (G1 Evacuation Pause) 889M->278M(1024M) 3.229ms
[2021-03-19T13:26:15.389+0600][gc,cpu      ] GC(689) User=0.02s Sys=0.00s Real=0.00s
[2021-03-19T13:26:18.149+0600][gc,start    ] GC(690) Pause Young (Normal) (G1 Evacuation Pause)
[2021-03-19T13:26:18.149+0600][gc,task     ] GC(690) Using 8 workers of 8 for evacuation
[2021-03-19T13:26:18.153+0600][gc,phases   ] GC(690)   Pre Evacuate Collection Set: 0.1ms
[2021-03-19T13:26:18.153+0600][gc,phases   ] GC(690)   Merge Heap Roots: 0.1ms
[2021-03-19T13:26:18.153+0600][gc,phases   ] GC(690)   Evacuate Collection Set: 3.0ms
[2021-03-19T13:26:18.153+0600][gc,phases   ] GC(690)   Post Evacuate Collection Set: 0.6ms
[2021-03-19T13:26:18.153+0600][gc,phases   ] GC(690)   Other: 0.2ms
[2021-03-19T13:26:18.153+0600][gc,heap     ] GC(690) Eden regions: 611->0(611)
[2021-03-19T13:26:18.153+0600][gc,heap     ] GC(690) Survivor regions: 3->3(77)
[2021-03-19T13:26:18.153+0600][gc,heap     ] GC(690) Old regions: 147->147
[2021-03-19T13:26:18.153+0600][gc,heap     ] GC(690) Archive regions: 2->2
[2021-03-19T13:26:18.153+0600][gc,heap     ] GC(690) Humongous regions: 129->129
[2021-03-19T13:26:18.153+0600][gc,metaspace] GC(690) Metaspace: 40297K(41216K)->40297K(41216K) NonClass: 35974K(36608K)->35974K(36608K) Class: 4323K(4608K)->4323K(4608K)
[2021-03-19T13:26:18.153+0600][gc          ] GC(690) Pause Young (Normal) (G1 Evacuation Pause) 889M->278M(1024M) 3.984ms
[2021-03-19T13:26:18.153+0600][gc,cpu      ] GC(690) User=0.02s Sys=0.00s Real=0.01s
[2021-03-19T13:26:21.019+0600][gc,start    ] GC(691) Pause Young (Normal) (G1 Evacuation Pause)
[2021-03-19T13:26:21.019+0600][gc,task     ] GC(691) Using 8 workers of 8 for evacuation
[2021-03-19T13:26:21.022+0600][gc,phases   ] GC(691)   Pre Evacuate Collection Set: 0.2ms
[2021-03-19T13:26:21.022+0600][gc,phases   ] GC(691)   Merge Heap Roots: 0.1ms
[2021-03-19T13:26:21.022+0600][gc,phases   ] GC(691)   Evacuate Collection Set: 2.4ms
[2021-03-19T13:26:21.022+0600][gc,phases   ] GC(691)   Post Evacuate Collection Set: 0.4ms
[2021-03-19T13:26:21.022+0600][gc,phases   ] GC(691)   Other: 0.6ms
[2021-03-19T13:26:21.022+0600][gc,heap     ] GC(691) Eden regions: 611->0(611)
[2021-03-19T13:26:21.022+0600][gc,heap     ] GC(691) Survivor regions: 3->3(77)
[2021-03-19T13:26:21.022+0600][gc,heap     ] GC(691) Old regions: 147->147
[2021-03-19T13:26:21.022+0600][gc,heap     ] GC(691) Archive regions: 2->2
[2021-03-19T13:26:21.022+0600][gc,heap     ] GC(691) Humongous regions: 129->129
[2021-03-19T13:26:21.022+0600][gc,metaspace] GC(691) Metaspace: 40297K(41216K)->40297K(41216K) NonClass: 35974K(36608K)->35974K(36608K) Class: 4323K(4608K)->4323K(4608K)
[2021-03-19T13:26:21.022+0600][gc          ] GC(691) Pause Young (Normal) (G1 Evacuation Pause) 889M->279M(1024M) 3.754ms
[2021-03-19T13:26:21.022+0600][gc,cpu      ] GC(691) User=0.01s Sys=0.01s Real=0.01s
[2021-03-19T13:26:23.888+0600][gc,start    ] GC(692) Pause Young (Normal) (G1 Evacuation Pause)
[2021-03-19T13:26:23.889+0600][gc,task     ] GC(692) Using 8 workers of 8 for evacuation
[2021-03-19T13:26:23.891+0600][gc,phases   ] GC(692)   Pre Evacuate Collection Set: 0.1ms
[2021-03-19T13:26:23.891+0600][gc,phases   ] GC(692)   Merge Heap Roots: 0.1ms
[2021-03-19T13:26:23.891+0600][gc,phases   ] GC(692)   Evacuate Collection Set: 2.3ms
[2021-03-19T13:26:23.891+0600][gc,phases   ] GC(692)   Post Evacuate Collection Set: 0.3ms
[2021-03-19T13:26:23.892+0600][gc,phases   ] GC(692)   Other: 0.2ms
[2021-03-19T13:26:23.892+0600][gc,heap     ] GC(692) Eden regions: 611->0(611)
[2021-03-19T13:26:23.892+0600][gc,heap     ] GC(692) Survivor regions: 3->3(77)
[2021-03-19T13:26:23.892+0600][gc,heap     ] GC(692) Old regions: 147->148
[2021-03-19T13:26:23.892+0600][gc,heap     ] GC(692) Archive regions: 2->2
[2021-03-19T13:26:23.892+0600][gc,heap     ] GC(692) Humongous regions: 129->129
[2021-03-19T13:26:23.892+0600][gc,metaspace] GC(692) Metaspace: 40297K(41216K)->40297K(41216K) NonClass: 35974K(36608K)->35974K(36608K) Class: 4323K(4608K)->4323K(4608K)
[2021-03-19T13:26:23.892+0600][gc          ] GC(692) Pause Young (Normal) (G1 Evacuation Pause) 890M->279M(1024M) 3.074ms
[2021-03-19T13:26:23.892+0600][gc,cpu      ] GC(692) User=0.01s Sys=0.00s Real=0.01s
[2021-03-19T13:26:26.763+0600][gc,start    ] GC(693) Pause Young (Normal) (G1 Evacuation Pause)
[2021-03-19T13:26:26.763+0600][gc,task     ] GC(693) Using 8 workers of 8 for evacuation
[2021-03-19T13:26:26.766+0600][gc,phases   ] GC(693)   Pre Evacuate Collection Set: 0.2ms
[2021-03-19T13:26:26.766+0600][gc,phases   ] GC(693)   Merge Heap Roots: 0.1ms
[2021-03-19T13:26:26.766+0600][gc,phases   ] GC(693)   Evacuate Collection Set: 2.2ms
[2021-03-19T13:26:26.766+0600][gc,phases   ] GC(693)   Post Evacuate Collection Set: 0.6ms
[2021-03-19T13:26:26.766+0600][gc,phases   ] GC(693)   Other: 0.2ms
[2021-03-19T13:26:26.766+0600][gc,heap     ] GC(693) Eden regions: 611->0(611)
[2021-03-19T13:26:26.766+0600][gc,heap     ] GC(693) Survivor regions: 3->3(77)
[2021-03-19T13:26:26.766+0600][gc,heap     ] GC(693) Old regions: 148->148
[2021-03-19T13:26:26.766+0600][gc,heap     ] GC(693) Archive regions: 2->2
[2021-03-19T13:26:26.766+0600][gc,heap     ] GC(693) Humongous regions: 129->129
[2021-03-19T13:26:26.766+0600][gc,metaspace] GC(693) Metaspace: 40297K(41216K)->40297K(41216K) NonClass: 35974K(36608K)->35974K(36608K) Class: 4323K(4608K)->4323K(4608K)
[2021-03-19T13:26:26.766+0600][gc          ] GC(693) Pause Young (Normal) (G1 Evacuation Pause) 890M->279M(1024M) 3.351ms
[2021-03-19T13:26:26.767+0600][gc,cpu      ] GC(693) User=0.01s Sys=0.00s Real=0.00s
[2021-03-19T13:26:29.451+0600][gc,start    ] GC(694) Pause Young (Normal) (G1 Evacuation Pause)
[2021-03-19T13:26:29.452+0600][gc,task     ] GC(694) Using 8 workers of 8 for evacuation
[2021-03-19T13:26:29.455+0600][gc,phases   ] GC(694)   Pre Evacuate Collection Set: 0.2ms
[2021-03-19T13:26:29.455+0600][gc,phases   ] GC(694)   Merge Heap Roots: 0.1ms
[2021-03-19T13:26:29.455+0600][gc,phases   ] GC(694)   Evacuate Collection Set: 2.4ms
[2021-03-19T13:26:29.455+0600][gc,phases   ] GC(694)   Post Evacuate Collection Set: 0.3ms
[2021-03-19T13:26:29.455+0600][gc,phases   ] GC(694)   Other: 0.6ms
[2021-03-19T13:26:29.455+0600][gc,heap     ] GC(694) Eden regions: 611->0(611)
[2021-03-19T13:26:29.455+0600][gc,heap     ] GC(694) Survivor regions: 3->3(77)
[2021-03-19T13:26:29.455+0600][gc,heap     ] GC(694) Old regions: 148->148
[2021-03-19T13:26:29.455+0600][gc,heap     ] GC(694) Archive regions: 2->2
[2021-03-19T13:26:29.455+0600][gc,heap     ] GC(694) Humongous regions: 129->129
[2021-03-19T13:26:29.455+0600][gc,metaspace] GC(694) Metaspace: 40297K(41216K)->40297K(41216K) NonClass: 35974K(36608K)->35974K(36608K) Class: 4323K(4608K)->4323K(4608K)
[2021-03-19T13:26:29.455+0600][gc          ] GC(694) Pause Young (Normal) (G1 Evacuation Pause) 890M->279M(1024M) 3.756ms
[2021-03-19T13:26:29.455+0600][gc,cpu      ] GC(694) User=0.02s Sys=0.00s Real=0.00s
[2021-03-19T13:26:32.109+0600][gc,start    ] GC(695) Pause Young (Normal) (G1 Evacuation Pause)
[2021-03-19T13:26:32.109+0600][gc,task     ] GC(695) Using 8 workers of 8 for evacuation
[2021-03-19T13:26:32.112+0600][gc,phases   ] GC(695)   Pre Evacuate Collection Set: 0.1ms
[2021-03-19T13:26:32.112+0600][gc,phases   ] GC(695)   Merge Heap Roots: 0.1ms
[2021-03-19T13:26:32.112+0600][gc,phases   ] GC(695)   Evacuate Collection Set: 2.2ms
[2021-03-19T13:26:32.112+0600][gc,phases   ] GC(695)   Post Evacuate Collection Set: 0.4ms
[2021-03-19T13:26:32.112+0600][gc,phases   ] GC(695)   Other: 0.2ms
[2021-03-19T13:26:32.112+0600][gc,heap     ] GC(695) Eden regions: 611->0(611)
[2021-03-19T13:26:32.112+0600][gc,heap     ] GC(695) Survivor regions: 3->3(77)
[2021-03-19T13:26:32.112+0600][gc,heap     ] GC(695) Old regions: 148->148
[2021-03-19T13:26:32.112+0600][gc,heap     ] GC(695) Archive regions: 2->2
[2021-03-19T13:26:32.112+0600][gc,heap     ] GC(695) Humongous regions: 129->129
[2021-03-19T13:26:32.112+0600][gc,metaspace] GC(695) Metaspace: 40297K(41216K)->40297K(41216K) NonClass: 35974K(36608K)->35974K(36608K) Class: 4323K(4608K)->4323K(4608K)
[2021-03-19T13:26:32.112+0600][gc          ] GC(695) Pause Young (Normal) (G1 Evacuation Pause) 890M->279M(1024M) 3.039ms
[2021-03-19T13:26:32.112+0600][gc,cpu      ] GC(695) User=0.01s Sys=0.00s Real=0.01s
[2021-03-19T13:26:34.735+0600][gc,start    ] GC(696) Pause Young (Normal) (G1 Evacuation Pause)
[2021-03-19T13:26:34.735+0600][gc,task     ] GC(696) Using 8 workers of 8 for evacuation
[2021-03-19T13:26:34.738+0600][gc,phases   ] GC(696)   Pre Evacuate Collection Set: 0.1ms
[2021-03-19T13:26:34.738+0600][gc,phases   ] GC(696)   Merge Heap Roots: 0.1ms
[2021-03-19T13:26:34.738+0600][gc,phases   ] GC(696)   Evacuate Collection Set: 2.0ms
[2021-03-19T13:26:34.738+0600][gc,phases   ] GC(696)   Post Evacuate Collection Set: 0.5ms
[2021-03-19T13:26:34.738+0600][gc,phases   ] GC(696)   Other: 0.2ms
[2021-03-19T13:26:34.738+0600][gc,heap     ] GC(696) Eden regions: 611->0(611)
[2021-03-19T13:26:34.738+0600][gc,heap     ] GC(696) Survivor regions: 3->3(77)
[2021-03-19T13:26:34.738+0600][gc,heap     ] GC(696) Old regions: 148->148
[2021-03-19T13:26:34.738+0600][gc,heap     ] GC(696) Archive regions: 2->2
[2021-03-19T13:26:34.738+0600][gc,heap     ] GC(696) Humongous regions: 129->129
[2021-03-19T13:26:34.738+0600][gc,metaspace] GC(696) Metaspace: 40297K(41216K)->40297K(41216K) NonClass: 35974K(36608K)->35974K(36608K) Class: 4323K(4608K)->4323K(4608K)
[2021-03-19T13:26:34.738+0600][gc          ] GC(696) Pause Young (Normal) (G1 Evacuation Pause) 890M->279M(1024M) 2.926ms
[2021-03-19T13:26:34.738+0600][gc,cpu      ] GC(696) User=0.01s Sys=0.00s Real=0.00s
[2021-03-19T13:26:37.384+0600][gc,start    ] GC(697) Pause Young (Normal) (G1 Evacuation Pause)
[2021-03-19T13:26:37.384+0600][gc,task     ] GC(697) Using 8 workers of 8 for evacuation
[2021-03-19T13:26:37.387+0600][gc,phases   ] GC(697)   Pre Evacuate Collection Set: 0.1ms
[2021-03-19T13:26:37.387+0600][gc,phases   ] GC(697)   Merge Heap Roots: 0.1ms
[2021-03-19T13:26:37.387+0600][gc,phases   ] GC(697)   Evacuate Collection Set: 2.2ms
[2021-03-19T13:26:37.387+0600][gc,phases   ] GC(697)   Post Evacuate Collection Set: 0.4ms
[2021-03-19T13:26:37.387+0600][gc,phases   ] GC(697)   Other: 0.2ms
[2021-03-19T13:26:37.387+0600][gc,heap     ] GC(697) Eden regions: 611->0(611)
[2021-03-19T13:26:37.387+0600][gc,heap     ] GC(697) Survivor regions: 3->3(77)
[2021-03-19T13:26:37.387+0600][gc,heap     ] GC(697) Old regions: 148->148
[2021-03-19T13:26:37.387+0600][gc,heap     ] GC(697) Archive regions: 2->2
[2021-03-19T13:26:37.387+0600][gc,heap     ] GC(697) Humongous regions: 129->129
[2021-03-19T13:26:37.387+0600][gc,metaspace] GC(697) Metaspace: 40297K(41216K)->40297K(41216K) NonClass: 35974K(36608K)->35974K(36608K) Class: 4323K(4608K)->4323K(4608K)
[2021-03-19T13:26:37.387+0600][gc          ] GC(697) Pause Young (Normal) (G1 Evacuation Pause) 890M->279M(1024M) 3.082ms
[2021-03-19T13:26:37.387+0600][gc,cpu      ] GC(697) User=0.02s Sys=0.00s Real=0.00s
[2021-03-19T13:26:39.994+0600][gc,start    ] GC(698) Pause Young (Normal) (G1 Evacuation Pause)
[2021-03-19T13:26:39.994+0600][gc,task     ] GC(698) Using 8 workers of 8 for evacuation
[2021-03-19T13:26:39.997+0600][gc,phases   ] GC(698)   Pre Evacuate Collection Set: 0.1ms
[2021-03-19T13:26:39.997+0600][gc,phases   ] GC(698)   Merge Heap Roots: 0.1ms
[2021-03-19T13:26:39.997+0600][gc,phases   ] GC(698)   Evacuate Collection Set: 2.3ms
[2021-03-19T13:26:39.997+0600][gc,phases   ] GC(698)   Post Evacuate Collection Set: 0.5ms
[2021-03-19T13:26:39.997+0600][gc,phases   ] GC(698)   Other: 0.2ms
[2021-03-19T13:26:39.997+0600][gc,heap     ] GC(698) Eden regions: 611->0(612)
[2021-03-19T13:26:39.997+0600][gc,heap     ] GC(698) Survivor regions: 3->2(77)
[2021-03-19T13:26:39.997+0600][gc,heap     ] GC(698) Old regions: 148->149
[2021-03-19T13:26:39.997+0600][gc,heap     ] GC(698) Archive regions: 2->2
[2021-03-19T13:26:39.997+0600][gc,heap     ] GC(698) Humongous regions: 129->129
[2021-03-19T13:26:39.997+0600][gc,metaspace] GC(698) Metaspace: 40297K(41216K)->40297K(41216K) NonClass: 35974K(36608K)->35974K(36608K) Class: 4323K(4608K)->4323K(4608K)
[2021-03-19T13:26:39.997+0600][gc          ] GC(698) Pause Young (Normal) (G1 Evacuation Pause) 890M->279M(1024M) 3.292ms
[2021-03-19T13:26:39.997+0600][gc,cpu      ] GC(698) User=0.01s Sys=0.00s Real=0.00s
[2021-03-19T13:26:42.619+0600][gc,start    ] GC(699) Pause Young (Normal) (G1 Evacuation Pause)
[2021-03-19T13:26:42.619+0600][gc,task     ] GC(699) Using 8 workers of 8 for evacuation
[2021-03-19T13:26:42.621+0600][gc,phases   ] GC(699)   Pre Evacuate Collection Set: 0.1ms
[2021-03-19T13:26:42.622+0600][gc,phases   ] GC(699)   Merge Heap Roots: 0.1ms
[2021-03-19T13:26:42.622+0600][gc,phases   ] GC(699)   Evacuate Collection Set: 2.0ms
[2021-03-19T13:26:42.622+0600][gc,phases   ] GC(699)   Post Evacuate Collection Set: 0.5ms
[2021-03-19T13:26:42.622+0600][gc,phases   ] GC(699)   Other: 0.2ms
[2021-03-19T13:26:42.622+0600][gc,heap     ] GC(699) Eden regions: 612->0(612)
[2021-03-19T13:26:42.622+0600][gc,heap     ] GC(699) Survivor regions: 2->2(77)
[2021-03-19T13:26:42.622+0600][gc,heap     ] GC(699) Old regions: 149->149
[2021-03-19T13:26:42.622+0600][gc,heap     ] GC(699) Archive regions: 2->2
[2021-03-19T13:26:42.622+0600][gc,heap     ] GC(699) Humongous regions: 129->129
[2021-03-19T13:26:42.622+0600][gc,metaspace] GC(699) Metaspace: 40297K(41216K)->40297K(41216K) NonClass: 35974K(36608K)->35974K(36608K) Class: 4323K(4608K)->4323K(4608K)
[2021-03-19T13:26:42.622+0600][gc          ] GC(699) Pause Young (Normal) (G1 Evacuation Pause) 891M->280M(1024M) 3.047ms
[2021-03-19T13:26:42.622+0600][gc,cpu      ] GC(699) User=0.01s Sys=0.00s Real=0.01s
[2021-03-19T13:26:45.248+0600][gc,start    ] GC(700) Pause Young (Normal) (G1 Evacuation Pause)
[2021-03-19T13:26:45.248+0600][gc,task     ] GC(700) Using 8 workers of 8 for evacuation
[2021-03-19T13:26:45.251+0600][gc,phases   ] GC(700)   Pre Evacuate Collection Set: 0.1ms
[2021-03-19T13:26:45.251+0600][gc,phases   ] GC(700)   Merge Heap Roots: 0.1ms
[2021-03-19T13:26:45.251+0600][gc,phases   ] GC(700)   Evacuate Collection Set: 2.1ms
[2021-03-19T13:26:45.251+0600][gc,phases   ] GC(700)   Post Evacuate Collection Set: 0.5ms
[2021-03-19T13:26:45.251+0600][gc,phases   ] GC(700)   Other: 0.2ms
[2021-03-19T13:26:45.251+0600][gc,heap     ] GC(700) Eden regions: 612->0(612)
[2021-03-19T13:26:45.251+0600][gc,heap     ] GC(700) Survivor regions: 2->2(77)
[2021-03-19T13:26:45.251+0600][gc,heap     ] GC(700) Old regions: 149->149
[2021-03-19T13:26:45.251+0600][gc,heap     ] GC(700) Archive regions: 2->2
[2021-03-19T13:26:45.251+0600][gc,heap     ] GC(700) Humongous regions: 129->129
[2021-03-19T13:26:45.251+0600][gc,metaspace] GC(700) Metaspace: 40297K(41216K)->40297K(41216K) NonClass: 35974K(36608K)->35974K(36608K) Class: 4323K(4608K)->4323K(4608K)
[2021-03-19T13:26:45.251+0600][gc          ] GC(700) Pause Young (Normal) (G1 Evacuation Pause) 892M->280M(1024M) 3.108ms
[2021-03-19T13:26:45.251+0600][gc,cpu      ] GC(700) User=0.02s Sys=0.00s Real=0.01s
[2021-03-19T13:26:47.877+0600][gc,start    ] GC(701) Pause Young (Normal) (G1 Evacuation Pause)
[2021-03-19T13:26:47.877+0600][gc,task     ] GC(701) Using 8 workers of 8 for evacuation
[2021-03-19T13:26:47.879+0600][gc,phases   ] GC(701)   Pre Evacuate Collection Set: 0.1ms
[2021-03-19T13:26:47.879+0600][gc,phases   ] GC(701)   Merge Heap Roots: 0.1ms
[2021-03-19T13:26:47.879+0600][gc,phases   ] GC(701)   Evacuate Collection Set: 2.0ms
[2021-03-19T13:26:47.879+0600][gc,phases   ] GC(701)   Post Evacuate Collection Set: 0.4ms
[2021-03-19T13:26:47.879+0600][gc,phases   ] GC(701)   Other: 0.2ms
[2021-03-19T13:26:47.879+0600][gc,heap     ] GC(701) Eden regions: 612->0(612)
[2021-03-19T13:26:47.879+0600][gc,heap     ] GC(701) Survivor regions: 2->2(77)
[2021-03-19T13:26:47.879+0600][gc,heap     ] GC(701) Old regions: 149->149
[2021-03-19T13:26:47.879+0600][gc,heap     ] GC(701) Archive regions: 2->2
[2021-03-19T13:26:47.879+0600][gc,heap     ] GC(701) Humongous regions: 129->129
[2021-03-19T13:26:47.879+0600][gc,metaspace] GC(701) Metaspace: 40297K(41216K)->40297K(41216K) NonClass: 35974K(36608K)->35974K(36608K) Class: 4323K(4608K)->4323K(4608K)
[2021-03-19T13:26:47.879+0600][gc          ] GC(701) Pause Young (Normal) (G1 Evacuation Pause) 892M->280M(1024M) 2.866ms
[2021-03-19T13:26:47.879+0600][gc,cpu      ] GC(701) User=0.02s Sys=0.00s Real=0.00s
[2021-03-19T13:26:50.496+0600][gc,start    ] GC(702) Pause Young (Normal) (G1 Evacuation Pause)
[2021-03-19T13:26:50.496+0600][gc,task     ] GC(702) Using 8 workers of 8 for evacuation
[2021-03-19T13:26:50.499+0600][gc,phases   ] GC(702)   Pre Evacuate Collection Set: 0.1ms
[2021-03-19T13:26:50.499+0600][gc,phases   ] GC(702)   Merge Heap Roots: 0.1ms
[2021-03-19T13:26:50.499+0600][gc,phases   ] GC(702)   Evacuate Collection Set: 2.2ms
[2021-03-19T13:26:50.499+0600][gc,phases   ] GC(702)   Post Evacuate Collection Set: 0.4ms
[2021-03-19T13:26:50.499+0600][gc,phases   ] GC(702)   Other: 0.2ms
[2021-03-19T13:26:50.499+0600][gc,heap     ] GC(702) Eden regions: 612->0(612)
[2021-03-19T13:26:50.499+0600][gc,heap     ] GC(702) Survivor regions: 2->2(77)
[2021-03-19T13:26:50.499+0600][gc,heap     ] GC(702) Old regions: 149->149
[2021-03-19T13:26:50.499+0600][gc,heap     ] GC(702) Archive regions: 2->2
[2021-03-19T13:26:50.499+0600][gc,heap     ] GC(702) Humongous regions: 129->129
[2021-03-19T13:26:50.499+0600][gc,metaspace] GC(702) Metaspace: 40297K(41216K)->40297K(41216K) NonClass: 35974K(36608K)->35974K(36608K) Class: 4323K(4608K)->4323K(4608K)
[2021-03-19T13:26:50.499+0600][gc          ] GC(702) Pause Young (Normal) (G1 Evacuation Pause) 892M->280M(1024M) 3.085ms
[2021-03-19T13:26:50.499+0600][gc,cpu      ] GC(702) User=0.02s Sys=0.00s Real=0.00s
[2021-03-19T13:26:53.132+0600][gc,start    ] GC(703) Pause Young (Normal) (G1 Evacuation Pause)
[2021-03-19T13:26:53.132+0600][gc,task     ] GC(703) Using 8 workers of 8 for evacuation
[2021-03-19T13:26:53.135+0600][gc,phases   ] GC(703)   Pre Evacuate Collection Set: 0.2ms
[2021-03-19T13:26:53.135+0600][gc,phases   ] GC(703)   Merge Heap Roots: 0.1ms
[2021-03-19T13:26:53.135+0600][gc,phases   ] GC(703)   Evacuate Collection Set: 2.0ms
[2021-03-19T13:26:53.135+0600][gc,phases   ] GC(703)   Post Evacuate Collection Set: 0.4ms
[2021-03-19T13:26:53.135+0600][gc,phases   ] GC(703)   Other: 0.2ms
[2021-03-19T13:26:53.135+0600][gc,heap     ] GC(703) Eden regions: 612->0(612)
[2021-03-19T13:26:53.135+0600][gc,heap     ] GC(703) Survivor regions: 2->2(77)
[2021-03-19T13:26:53.135+0600][gc,heap     ] GC(703) Old regions: 149->149
[2021-03-19T13:26:53.135+0600][gc,heap     ] GC(703) Archive regions: 2->2
[2021-03-19T13:26:53.135+0600][gc,heap     ] GC(703) Humongous regions: 129->129
[2021-03-19T13:26:53.135+0600][gc,metaspace] GC(703) Metaspace: 40297K(41216K)->40297K(41216K) NonClass: 35974K(36608K)->35974K(36608K) Class: 4323K(4608K)->4323K(4608K)
[2021-03-19T13:26:53.135+0600][gc          ] GC(703) Pause Young (Normal) (G1 Evacuation Pause) 892M->280M(1024M) 2.955ms
[2021-03-19T13:26:53.135+0600][gc,cpu      ] GC(703) User=0.02s Sys=0.00s Real=0.00s
[2021-03-19T13:26:55.759+0600][gc,start    ] GC(704) Pause Young (Normal) (G1 Evacuation Pause)
[2021-03-19T13:26:55.759+0600][gc,task     ] GC(704) Using 8 workers of 8 for evacuation
[2021-03-19T13:26:55.762+0600][gc,phases   ] GC(704)   Pre Evacuate Collection Set: 0.1ms
[2021-03-19T13:26:55.762+0600][gc,phases   ] GC(704)   Merge Heap Roots: 0.1ms
[2021-03-19T13:26:55.762+0600][gc,phases   ] GC(704)   Evacuate Collection Set: 2.3ms
[2021-03-19T13:26:55.762+0600][gc,phases   ] GC(704)   Post Evacuate Collection Set: 0.5ms
[2021-03-19T13:26:55.762+0600][gc,phases   ] GC(704)   Other: 0.2ms
[2021-03-19T13:26:55.762+0600][gc,heap     ] GC(704) Eden regions: 612->0(612)
[2021-03-19T13:26:55.762+0600][gc,heap     ] GC(704) Survivor regions: 2->2(77)
[2021-03-19T13:26:55.762+0600][gc,heap     ] GC(704) Old regions: 149->149
[2021-03-19T13:26:55.762+0600][gc,heap     ] GC(704) Archive regions: 2->2
[2021-03-19T13:26:55.762+0600][gc,heap     ] GC(704) Humongous regions: 129->129
[2021-03-19T13:26:55.762+0600][gc,metaspace] GC(704) Metaspace: 40297K(41216K)->40297K(41216K) NonClass: 35974K(36608K)->35974K(36608K) Class: 4323K(4608K)->4323K(4608K)
[2021-03-19T13:26:55.762+0600][gc          ] GC(704) Pause Young (Normal) (G1 Evacuation Pause) 892M->280M(1024M) 3.264ms
[2021-03-19T13:26:55.762+0600][gc,cpu      ] GC(704) User=0.01s Sys=0.01s Real=0.01s
[2021-03-19T13:26:58.406+0600][gc,start    ] GC(705) Pause Young (Normal) (G1 Evacuation Pause)
[2021-03-19T13:26:58.406+0600][gc,task     ] GC(705) Using 8 workers of 8 for evacuation
[2021-03-19T13:26:58.409+0600][gc,phases   ] GC(705)   Pre Evacuate Collection Set: 0.1ms
[2021-03-19T13:26:58.409+0600][gc,phases   ] GC(705)   Merge Heap Roots: 0.1ms
[2021-03-19T13:26:58.409+0600][gc,phases   ] GC(705)   Evacuate Collection Set: 2.0ms
[2021-03-19T13:26:58.409+0600][gc,phases   ] GC(705)   Post Evacuate Collection Set: 0.6ms
[2021-03-19T13:26:58.409+0600][gc,phases   ] GC(705)   Other: 0.2ms
[2021-03-19T13:26:58.409+0600][gc,heap     ] GC(705) Eden regions: 612->0(612)
[2021-03-19T13:26:58.409+0600][gc,heap     ] GC(705) Survivor regions: 2->2(77)
[2021-03-19T13:26:58.409+0600][gc,heap     ] GC(705) Old regions: 149->150
[2021-03-19T13:26:58.409+0600][gc,heap     ] GC(705) Archive regions: 2->2
[2021-03-19T13:26:58.409+0600][gc,heap     ] GC(705) Humongous regions: 129->129
[2021-03-19T13:26:58.409+0600][gc,metaspace] GC(705) Metaspace: 40297K(41216K)->40297K(41216K) NonClass: 35974K(36608K)->35974K(36608K) Class: 4323K(4608K)->4323K(4608K)
[2021-03-19T13:26:58.409+0600][gc          ] GC(705) Pause Young (Normal) (G1 Evacuation Pause) 892M->280M(1024M) 3.048ms
[2021-03-19T13:26:58.409+0600][gc,cpu      ] GC(705) User=0.02s Sys=0.00s Real=0.00s
[2021-03-19T13:27:01.060+0600][gc,start    ] GC(706) Pause Young (Normal) (G1 Evacuation Pause)
[2021-03-19T13:27:01.060+0600][gc,task     ] GC(706) Using 8 workers of 8 for evacuation
[2021-03-19T13:27:01.063+0600][gc,phases   ] GC(706)   Pre Evacuate Collection Set: 0.1ms
[2021-03-19T13:27:01.063+0600][gc,phases   ] GC(706)   Merge Heap Roots: 0.1ms
[2021-03-19T13:27:01.063+0600][gc,phases   ] GC(706)   Evacuate Collection Set: 2.2ms
[2021-03-19T13:27:01.064+0600][gc,phases   ] GC(706)   Post Evacuate Collection Set: 0.4ms
[2021-03-19T13:27:01.064+0600][gc,phases   ] GC(706)   Other: 0.2ms
[2021-03-19T13:27:01.064+0600][gc,heap     ] GC(706) Eden regions: 612->0(612)
[2021-03-19T13:27:01.064+0600][gc,heap     ] GC(706) Survivor regions: 2->2(77)
[2021-03-19T13:27:01.064+0600][gc,heap     ] GC(706) Old regions: 150->150
[2021-03-19T13:27:01.064+0600][gc,heap     ] GC(706) Archive regions: 2->2
[2021-03-19T13:27:01.064+0600][gc,heap     ] GC(706) Humongous regions: 129->129
[2021-03-19T13:27:01.064+0600][gc,metaspace] GC(706) Metaspace: 40297K(41216K)->40297K(41216K) NonClass: 35974K(36608K)->35974K(36608K) Class: 4323K(4608K)->4323K(4608K)
[2021-03-19T13:27:01.064+0600][gc          ] GC(706) Pause Young (Normal) (G1 Evacuation Pause) 892M->280M(1024M) 3.156ms
[2021-03-19T13:27:01.064+0600][gc,cpu      ] GC(706) User=0.01s Sys=0.00s Real=0.00s
[2021-03-19T13:27:10.718+0600][gc,start    ] GC(707) Pause Young (Normal) (G1 Evacuation Pause)
[2021-03-19T13:27:10.718+0600][gc,task     ] GC(707) Using 8 workers of 8 for evacuation
[2021-03-19T13:27:10.731+0600][gc,phases   ] GC(707)   Pre Evacuate Collection Set: 0.4ms
[2021-03-19T13:27:10.731+0600][gc,phases   ] GC(707)   Merge Heap Roots: 0.4ms
[2021-03-19T13:27:10.731+0600][gc,phases   ] GC(707)   Evacuate Collection Set: 10.9ms
[2021-03-19T13:27:10.731+0600][gc,phases   ] GC(707)   Post Evacuate Collection Set: 0.6ms
[2021-03-19T13:27:10.731+0600][gc,phases   ] GC(707)   Other: 0.9ms
[2021-03-19T13:27:10.731+0600][gc,heap     ] GC(707) Eden regions: 612->0(612)
[2021-03-19T13:27:10.731+0600][gc,heap     ] GC(707) Survivor regions: 2->2(77)
[2021-03-19T13:27:10.731+0600][gc,heap     ] GC(707) Old regions: 150->150
[2021-03-19T13:27:10.731+0600][gc,heap     ] GC(707) Archive regions: 2->2
[2021-03-19T13:27:10.731+0600][gc,heap     ] GC(707) Humongous regions: 129->129
[2021-03-19T13:27:10.731+0600][gc,metaspace] GC(707) Metaspace: 40297K(41216K)->40297K(41216K) NonClass: 35974K(36608K)->35974K(36608K) Class: 4323K(4608K)->4323K(4608K)
[2021-03-19T13:27:10.731+0600][gc          ] GC(707) Pause Young (Normal) (G1 Evacuation Pause) 892M->281M(1024M) 13.194ms
[2021-03-19T13:27:10.731+0600][gc,cpu      ] GC(707) User=0.05s Sys=0.01s Real=0.02s
[2021-03-19T13:27:28.021+0600][gc,start    ] GC(708) Pause Young (Normal) (G1 Evacuation Pause)
[2021-03-19T13:27:28.023+0600][gc,task     ] GC(708) Using 8 workers of 8 for evacuation
[2021-03-19T13:27:28.037+0600][gc,phases   ] GC(708)   Pre Evacuate Collection Set: 0.4ms
[2021-03-19T13:27:28.038+0600][gc,phases   ] GC(708)   Merge Heap Roots: 0.4ms
[2021-03-19T13:27:28.038+0600][gc,phases   ] GC(708)   Evacuate Collection Set: 12.4ms
[2021-03-19T13:27:28.038+0600][gc,phases   ] GC(708)   Post Evacuate Collection Set: 1.2ms
[2021-03-19T13:27:28.038+0600][gc,phases   ] GC(708)   Other: 2.0ms
[2021-03-19T13:27:28.038+0600][gc,heap     ] GC(708) Eden regions: 612->0(612)
[2021-03-19T13:27:28.038+0600][gc,heap     ] GC(708) Survivor regions: 2->2(77)
[2021-03-19T13:27:28.038+0600][gc,heap     ] GC(708) Old regions: 150->150
[2021-03-19T13:27:28.038+0600][gc,heap     ] GC(708) Archive regions: 2->2
[2021-03-19T13:27:28.038+0600][gc,heap     ] GC(708) Humongous regions: 129->129
[2021-03-19T13:27:28.038+0600][gc,metaspace] GC(708) Metaspace: 40297K(41216K)->40297K(41216K) NonClass: 35974K(36608K)->35974K(36608K) Class: 4323K(4608K)->4323K(4608K)
[2021-03-19T13:27:28.038+0600][gc          ] GC(708) Pause Young (Normal) (G1 Evacuation Pause) 893M->281M(1024M) 16.584ms
[2021-03-19T13:27:28.038+0600][gc,cpu      ] GC(708) User=0.05s Sys=0.00s Real=0.01s
[2021-03-19T13:27:45.250+0600][gc,start    ] GC(709) Pause Young (Normal) (G1 Evacuation Pause)
[2021-03-19T13:27:45.250+0600][gc,task     ] GC(709) Using 8 workers of 8 for evacuation
[2021-03-19T13:27:45.265+0600][gc,phases   ] GC(709)   Pre Evacuate Collection Set: 0.4ms
[2021-03-19T13:27:45.265+0600][gc,phases   ] GC(709)   Merge Heap Roots: 0.4ms
[2021-03-19T13:27:45.265+0600][gc,phases   ] GC(709)   Evacuate Collection Set: 12.0ms
[2021-03-19T13:27:45.265+0600][gc,phases   ] GC(709)   Post Evacuate Collection Set: 1.2ms
[2021-03-19T13:27:45.265+0600][gc,phases   ] GC(709)   Other: 1.0ms
[2021-03-19T13:27:45.265+0600][gc,heap     ] GC(709) Eden regions: 612->0(612)
[2021-03-19T13:27:45.265+0600][gc,heap     ] GC(709) Survivor regions: 2->2(77)
[2021-03-19T13:27:45.265+0600][gc,heap     ] GC(709) Old regions: 150->150
[2021-03-19T13:27:45.265+0600][gc,heap     ] GC(709) Archive regions: 2->2
[2021-03-19T13:27:45.265+0600][gc,heap     ] GC(709) Humongous regions: 129->129
[2021-03-19T13:27:45.265+0600][gc,metaspace] GC(709) Metaspace: 40297K(41216K)->40297K(41216K) NonClass: 35974K(36608K)->35974K(36608K) Class: 4323K(4608K)->4323K(4608K)
[2021-03-19T13:27:45.265+0600][gc          ] GC(709) Pause Young (Normal) (G1 Evacuation Pause) 893M->281M(1024M) 15.451ms
[2021-03-19T13:27:45.265+0600][gc,cpu      ] GC(709) User=0.05s Sys=0.00s Real=0.01s
[2021-03-19T13:28:02.068+0600][gc,start    ] GC(710) Pause Young (Normal) (G1 Evacuation Pause)
[2021-03-19T13:28:02.068+0600][gc,task     ] GC(710) Using 8 workers of 8 for evacuation
[2021-03-19T13:28:02.077+0600][gc,phases   ] GC(710)   Pre Evacuate Collection Set: 0.2ms
[2021-03-19T13:28:02.077+0600][gc,phases   ] GC(710)   Merge Heap Roots: 0.3ms
[2021-03-19T13:28:02.077+0600][gc,phases   ] GC(710)   Evacuate Collection Set: 8.3ms
[2021-03-19T13:28:02.078+0600][gc,phases   ] GC(710)   Post Evacuate Collection Set: 0.5ms
[2021-03-19T13:28:02.078+0600][gc,phases   ] GC(710)   Other: 0.6ms
[2021-03-19T13:28:02.078+0600][gc,heap     ] GC(710) Eden regions: 612->0(612)
[2021-03-19T13:28:02.078+0600][gc,heap     ] GC(710) Survivor regions: 2->2(77)
[2021-03-19T13:28:02.078+0600][gc,heap     ] GC(710) Old regions: 150->150
[2021-03-19T13:28:02.078+0600][gc,heap     ] GC(710) Archive regions: 2->2
[2021-03-19T13:28:02.078+0600][gc,heap     ] GC(710) Humongous regions: 129->129
[2021-03-19T13:28:02.078+0600][gc,metaspace] GC(710) Metaspace: 40297K(41216K)->40297K(41216K) NonClass: 35974K(36608K)->35974K(36608K) Class: 4323K(4608K)->4323K(4608K)
[2021-03-19T13:28:02.078+0600][gc          ] GC(710) Pause Young (Normal) (G1 Evacuation Pause) 893M->281M(1024M) 10.000ms
[2021-03-19T13:28:02.078+0600][gc,cpu      ] GC(710) User=0.03s Sys=0.00s Real=0.01s
[2021-03-19T13:28:11.060+0600][gc,start    ] GC(711) Pause Young (Normal) (G1 Evacuation Pause)
[2021-03-19T13:28:11.061+0600][gc,task     ] GC(711) Using 8 workers of 8 for evacuation
[2021-03-19T13:28:11.075+0600][gc,phases   ] GC(711)   Pre Evacuate Collection Set: 0.4ms
[2021-03-19T13:28:11.075+0600][gc,phases   ] GC(711)   Merge Heap Roots: 0.4ms
[2021-03-19T13:28:11.075+0600][gc,phases   ] GC(711)   Evacuate Collection Set: 11.8ms
[2021-03-19T13:28:11.075+0600][gc,phases   ] GC(711)   Post Evacuate Collection Set: 0.8ms
[2021-03-19T13:28:11.075+0600][gc,phases   ] GC(711)   Other: 1.5ms
[2021-03-19T13:28:11.075+0600][gc,heap     ] GC(711) Eden regions: 612->0(611)
[2021-03-19T13:28:11.075+0600][gc,heap     ] GC(711) Survivor regions: 2->3(77)
[2021-03-19T13:28:11.075+0600][gc,heap     ] GC(711) Old regions: 150->150
[2021-03-19T13:28:11.075+0600][gc,heap     ] GC(711) Archive regions: 2->2
[2021-03-19T13:28:11.075+0600][gc,heap     ] GC(711) Humongous regions: 129->129
[2021-03-19T13:28:11.075+0600][gc,metaspace] GC(711) Metaspace: 40297K(41216K)->40297K(41216K) NonClass: 35974K(36608K)->35974K(36608K) Class: 4323K(4608K)->4323K(4608K)
[2021-03-19T13:28:11.075+0600][gc          ] GC(711) Pause Young (Normal) (G1 Evacuation Pause) 893M->281M(1024M) 15.118ms
[2021-03-19T13:28:11.076+0600][gc,cpu      ] GC(711) User=0.05s Sys=0.01s Real=0.01s
[2021-03-19T13:28:23.311+0600][gc,start    ] GC(712) Pause Young (Normal) (G1 Evacuation Pause)
[2021-03-19T13:28:23.311+0600][gc,task     ] GC(712) Using 8 workers of 8 for evacuation
[2021-03-19T13:28:23.321+0600][gc,phases   ] GC(712)   Pre Evacuate Collection Set: 0.4ms
[2021-03-19T13:28:23.321+0600][gc,phases   ] GC(712)   Merge Heap Roots: 0.4ms
[2021-03-19T13:28:23.321+0600][gc,phases   ] GC(712)   Evacuate Collection Set: 8.1ms
[2021-03-19T13:28:23.321+0600][gc,phases   ] GC(712)   Post Evacuate Collection Set: 0.5ms
[2021-03-19T13:28:23.321+0600][gc,phases   ] GC(712)   Other: 0.5ms
[2021-03-19T13:28:23.321+0600][gc,heap     ] GC(712) Eden regions: 611->0(611)
[2021-03-19T13:28:23.321+0600][gc,heap     ] GC(712) Survivor regions: 3->3(77)
[2021-03-19T13:28:23.321+0600][gc,heap     ] GC(712) Old regions: 150->151
[2021-03-19T13:28:23.321+0600][gc,heap     ] GC(712) Archive regions: 2->2
[2021-03-19T13:28:23.321+0600][gc,heap     ] GC(712) Humongous regions: 129->129
[2021-03-19T13:28:23.321+0600][gc,metaspace] GC(712) Metaspace: 40298K(41216K)->40298K(41216K) NonClass: 35974K(36608K)->35974K(36608K) Class: 4323K(4608K)->4323K(4608K)
[2021-03-19T13:28:23.321+0600][gc          ] GC(712) Pause Young (Normal) (G1 Evacuation Pause) 892M->282M(1024M) 9.939ms
[2021-03-19T13:28:23.321+0600][gc,cpu      ] GC(712) User=0.03s Sys=0.00s Real=0.01s
[2021-03-19T13:28:33.096+0600][gc,start    ] GC(713) Pause Young (Normal) (G1 Evacuation Pause)
[2021-03-19T13:28:33.097+0600][gc,task     ] GC(713) Using 8 workers of 8 for evacuation
[2021-03-19T13:28:33.108+0600][gc,phases   ] GC(713)   Pre Evacuate Collection Set: 0.3ms
[2021-03-19T13:28:33.108+0600][gc,phases   ] GC(713)   Merge Heap Roots: 0.3ms
[2021-03-19T13:28:33.108+0600][gc,phases   ] GC(713)   Evacuate Collection Set: 9.2ms
[2021-03-19T13:28:33.108+0600][gc,phases   ] GC(713)   Post Evacuate Collection Set: 0.7ms
[2021-03-19T13:28:33.108+0600][gc,phases   ] GC(713)   Other: 1.4ms
[2021-03-19T13:28:33.108+0600][gc,heap     ] GC(713) Eden regions: 611->0(611)
[2021-03-19T13:28:33.108+0600][gc,heap     ] GC(713) Survivor regions: 3->3(77)
[2021-03-19T13:28:33.108+0600][gc,heap     ] GC(713) Old regions: 151->151
[2021-03-19T13:28:33.108+0600][gc,heap     ] GC(713) Archive regions: 2->2
[2021-03-19T13:28:33.108+0600][gc,heap     ] GC(713) Humongous regions: 129->129
[2021-03-19T13:28:33.108+0600][gc,metaspace] GC(713) Metaspace: 40298K(41216K)->40298K(41216K) NonClass: 35974K(36608K)->35974K(36608K) Class: 4323K(4608K)->4323K(4608K)
[2021-03-19T13:28:33.108+0600][gc          ] GC(713) Pause Young (Normal) (G1 Evacuation Pause) 893M->282M(1024M) 12.105ms
[2021-03-19T13:28:33.108+0600][gc,cpu      ] GC(713) User=0.03s Sys=0.00s Real=0.01s
[2021-03-19T13:28:42.279+0600][gc,start    ] GC(714) Pause Young (Normal) (G1 Evacuation Pause)
[2021-03-19T13:28:42.280+0600][gc,task     ] GC(714) Using 8 workers of 8 for evacuation
[2021-03-19T13:28:42.295+0600][gc,phases   ] GC(714)   Pre Evacuate Collection Set: 0.4ms
[2021-03-19T13:28:42.295+0600][gc,phases   ] GC(714)   Merge Heap Roots: 0.4ms
[2021-03-19T13:28:42.295+0600][gc,phases   ] GC(714)   Evacuate Collection Set: 12.8ms
[2021-03-19T13:28:42.295+0600][gc,phases   ] GC(714)   Post Evacuate Collection Set: 1.3ms
[2021-03-19T13:28:42.295+0600][gc,phases   ] GC(714)   Other: 0.8ms
[2021-03-19T13:28:42.295+0600][gc,heap     ] GC(714) Eden regions: 611->0(611)
[2021-03-19T13:28:42.295+0600][gc,heap     ] GC(714) Survivor regions: 3->3(77)
[2021-03-19T13:28:42.295+0600][gc,heap     ] GC(714) Old regions: 151->151
[2021-03-19T13:28:42.295+0600][gc,heap     ] GC(714) Archive regions: 2->2
[2021-03-19T13:28:42.295+0600][gc,heap     ] GC(714) Humongous regions: 129->129
[2021-03-19T13:28:42.295+0600][gc,metaspace] GC(714) Metaspace: 40298K(41216K)->40298K(41216K) NonClass: 35974K(36608K)->35974K(36608K) Class: 4323K(4608K)->4323K(4608K)
[2021-03-19T13:28:42.295+0600][gc          ] GC(714) Pause Young (Normal) (G1 Evacuation Pause) 893M->282M(1024M) 15.863ms
[2021-03-19T13:28:42.295+0600][gc,cpu      ] GC(714) User=0.05s Sys=0.00s Real=0.02s
[2021-03-19T13:28:52.272+0600][gc,start    ] GC(715) Pause Young (Normal) (G1 Evacuation Pause)
[2021-03-19T13:28:52.273+0600][gc,task     ] GC(715) Using 8 workers of 8 for evacuation
[2021-03-19T13:28:52.283+0600][gc,phases   ] GC(715)   Pre Evacuate Collection Set: 0.2ms
[2021-03-19T13:28:52.283+0600][gc,phases   ] GC(715)   Merge Heap Roots: 0.2ms
[2021-03-19T13:28:52.283+0600][gc,phases   ] GC(715)   Evacuate Collection Set: 9.1ms
[2021-03-19T13:28:52.283+0600][gc,phases   ] GC(715)   Post Evacuate Collection Set: 0.7ms
[2021-03-19T13:28:52.283+0600][gc,phases   ] GC(715)   Other: 1.1ms
[2021-03-19T13:28:52.283+0600][gc,heap     ] GC(715) Eden regions: 611->0(611)
[2021-03-19T13:28:52.283+0600][gc,heap     ] GC(715) Survivor regions: 3->3(77)
[2021-03-19T13:28:52.283+0600][gc,heap     ] GC(715) Old regions: 151->151
[2021-03-19T13:28:52.283+0600][gc,heap     ] GC(715) Archive regions: 2->2
[2021-03-19T13:28:52.283+0600][gc,heap     ] GC(715) Humongous regions: 129->129
[2021-03-19T13:28:52.283+0600][gc,metaspace] GC(715) Metaspace: 40298K(41216K)->40298K(41216K) NonClass: 35974K(36608K)->35974K(36608K) Class: 4323K(4608K)->4323K(4608K)
[2021-03-19T13:28:52.283+0600][gc          ] GC(715) Pause Young (Normal) (G1 Evacuation Pause) 893M->282M(1024M) 11.573ms
[2021-03-19T13:28:52.283+0600][gc,cpu      ] GC(715) User=0.03s Sys=0.00s Real=0.01s
[2021-03-19T13:29:01.404+0600][gc,start    ] GC(716) Pause Young (Normal) (G1 Evacuation Pause)
[2021-03-19T13:29:01.404+0600][gc,task     ] GC(716) Using 8 workers of 8 for evacuation
[2021-03-19T13:29:01.416+0600][gc,phases   ] GC(716)   Pre Evacuate Collection Set: 0.2ms
[2021-03-19T13:29:01.416+0600][gc,phases   ] GC(716)   Merge Heap Roots: 0.2ms
[2021-03-19T13:29:01.416+0600][gc,phases   ] GC(716)   Evacuate Collection Set: 11.1ms
[2021-03-19T13:29:01.416+0600][gc,phases   ] GC(716)   Post Evacuate Collection Set: 0.6ms
[2021-03-19T13:29:01.416+0600][gc,phases   ] GC(716)   Other: 0.4ms
[2021-03-19T13:29:01.416+0600][gc,heap     ] GC(716) Eden regions: 611->0(611)
[2021-03-19T13:29:01.416+0600][gc,heap     ] GC(716) Survivor regions: 3->3(77)
[2021-03-19T13:29:01.416+0600][gc,heap     ] GC(716) Old regions: 151->151
[2021-03-19T13:29:01.416+0600][gc,heap     ] GC(716) Archive regions: 2->2
[2021-03-19T13:29:01.416+0600][gc,heap     ] GC(716) Humongous regions: 129->129
[2021-03-19T13:29:01.416+0600][gc,metaspace] GC(716) Metaspace: 40298K(41216K)->40298K(41216K) NonClass: 35974K(36608K)->35974K(36608K) Class: 4323K(4608K)->4323K(4608K)
[2021-03-19T13:29:01.416+0600][gc          ] GC(716) Pause Young (Normal) (G1 Evacuation Pause) 893M->283M(1024M) 12.554ms
[2021-03-19T13:29:01.416+0600][gc,cpu      ] GC(716) User=0.04s Sys=0.00s Real=0.01s
[2021-03-19T13:29:10.850+0600][gc,start    ] GC(717) Pause Young (Normal) (G1 Evacuation Pause)
[2021-03-19T13:29:10.851+0600][gc,task     ] GC(717) Using 8 workers of 8 for evacuation
[2021-03-19T13:29:10.862+0600][gc,phases   ] GC(717)   Pre Evacuate Collection Set: 0.4ms
[2021-03-19T13:29:10.862+0600][gc,phases   ] GC(717)   Merge Heap Roots: 0.4ms
[2021-03-19T13:29:10.862+0600][gc,phases   ] GC(717)   Evacuate Collection Set: 9.5ms
[2021-03-19T13:29:10.862+0600][gc,phases   ] GC(717)   Post Evacuate Collection Set: 0.5ms
[2021-03-19T13:29:10.862+0600][gc,phases   ] GC(717)   Other: 1.5ms
[2021-03-19T13:29:10.862+0600][gc,heap     ] GC(717) Eden regions: 611->0(610)
[2021-03-19T13:29:10.862+0600][gc,heap     ] GC(717) Survivor regions: 3->4(77)
[2021-03-19T13:29:10.862+0600][gc,heap     ] GC(717) Old regions: 151->151
[2021-03-19T13:29:10.862+0600][gc,heap     ] GC(717) Archive regions: 2->2
[2021-03-19T13:29:10.862+0600][gc,heap     ] GC(717) Humongous regions: 129->129
[2021-03-19T13:29:10.862+0600][gc,metaspace] GC(717) Metaspace: 40298K(41216K)->40298K(41216K) NonClass: 35975K(36608K)->35975K(36608K) Class: 4323K(4608K)->4323K(4608K)
[2021-03-19T13:29:10.862+0600][gc          ] GC(717) Pause Young (Normal) (G1 Evacuation Pause) 894M->283M(1024M) 12.351ms
[2021-03-19T13:29:10.862+0600][gc,cpu      ] GC(717) User=0.03s Sys=0.00s Real=0.01s
[2021-03-19T13:29:18.852+0600][gc,start    ] GC(718) Pause Young (Normal) (G1 Evacuation Pause)
[2021-03-19T13:29:18.852+0600][gc,task     ] GC(718) Using 8 workers of 8 for evacuation
[2021-03-19T13:29:18.863+0600][gc,phases   ] GC(718)   Pre Evacuate Collection Set: 0.2ms
[2021-03-19T13:29:18.863+0600][gc,phases   ] GC(718)   Merge Heap Roots: 0.2ms
[2021-03-19T13:29:18.863+0600][gc,phases   ] GC(718)   Evacuate Collection Set: 9.3ms
[2021-03-19T13:29:18.864+0600][gc,phases   ] GC(718)   Post Evacuate Collection Set: 1.1ms
[2021-03-19T13:29:18.864+0600][gc,phases   ] GC(718)   Other: 0.4ms
[2021-03-19T13:29:18.864+0600][gc,heap     ] GC(718) Eden regions: 610->0(610)
[2021-03-19T13:29:18.864+0600][gc,heap     ] GC(718) Survivor regions: 4->4(77)
[2021-03-19T13:29:18.864+0600][gc,heap     ] GC(718) Old regions: 151->151
[2021-03-19T13:29:18.864+0600][gc,heap     ] GC(718) Archive regions: 2->2
[2021-03-19T13:29:18.864+0600][gc,heap     ] GC(718) Humongous regions: 129->129
[2021-03-19T13:29:18.864+0600][gc,metaspace] GC(718) Metaspace: 40298K(41216K)->40298K(41216K) NonClass: 35975K(36608K)->35975K(36608K) Class: 4323K(4608K)->4323K(4608K)
[2021-03-19T13:29:18.864+0600][gc          ] GC(718) Pause Young (Normal) (G1 Evacuation Pause) 893M->283M(1024M) 11.565ms
[2021-03-19T13:29:18.864+0600][gc,cpu      ] GC(718) User=0.03s Sys=0.00s Real=0.01s
[2021-03-19T13:29:23.047+0600][gc,start    ] GC(719) Pause Young (Normal) (G1 Evacuation Pause)
[2021-03-19T13:29:23.048+0600][gc,task     ] GC(719) Using 8 workers of 8 for evacuation
[2021-03-19T13:29:23.053+0600][gc,phases   ] GC(719)   Pre Evacuate Collection Set: 0.2ms
[2021-03-19T13:29:23.053+0600][gc,phases   ] GC(719)   Merge Heap Roots: 0.1ms
[2021-03-19T13:29:23.053+0600][gc,phases   ] GC(719)   Evacuate Collection Set: 3.3ms
[2021-03-19T13:29:23.053+0600][gc,phases   ] GC(719)   Post Evacuate Collection Set: 0.8ms
[2021-03-19T13:29:23.053+0600][gc,phases   ] GC(719)   Other: 1.2ms
[2021-03-19T13:29:23.053+0600][gc,heap     ] GC(719) Eden regions: 610->0(610)
[2021-03-19T13:29:23.053+0600][gc,heap     ] GC(719) Survivor regions: 4->4(77)
[2021-03-19T13:29:23.053+0600][gc,heap     ] GC(719) Old regions: 151->151
[2021-03-19T13:29:23.053+0600][gc,heap     ] GC(719) Archive regions: 2->2
[2021-03-19T13:29:23.053+0600][gc,heap     ] GC(719) Humongous regions: 129->129
[2021-03-19T13:29:23.053+0600][gc,metaspace] GC(719) Metaspace: 40298K(41216K)->40298K(41216K) NonClass: 35975K(36608K)->35975K(36608K) Class: 4323K(4608K)->4323K(4608K)
[2021-03-19T13:29:23.053+0600][gc          ] GC(719) Pause Young (Normal) (G1 Evacuation Pause) 893M->283M(1024M) 5.686ms
[2021-03-19T13:29:23.053+0600][gc,cpu      ] GC(719) User=0.02s Sys=0.01s Real=0.01s
[2021-03-19T13:29:25.804+0600][gc,start    ] GC(720) Pause Young (Normal) (G1 Evacuation Pause)
[2021-03-19T13:29:25.804+0600][gc,task     ] GC(720) Using 8 workers of 8 for evacuation
[2021-03-19T13:29:25.808+0600][gc,phases   ] GC(720)   Pre Evacuate Collection Set: 0.2ms
[2021-03-19T13:29:25.808+0600][gc,phases   ] GC(720)   Merge Heap Roots: 0.1ms
[2021-03-19T13:29:25.808+0600][gc,phases   ] GC(720)   Evacuate Collection Set: 3.5ms
[2021-03-19T13:29:25.808+0600][gc,phases   ] GC(720)   Post Evacuate Collection Set: 0.5ms
[2021-03-19T13:29:25.808+0600][gc,phases   ] GC(720)   Other: 0.2ms
[2021-03-19T13:29:25.808+0600][gc,heap     ] GC(720) Eden regions: 610->0(610)
[2021-03-19T13:29:25.808+0600][gc,heap     ] GC(720) Survivor regions: 4->4(77)
[2021-03-19T13:29:25.808+0600][gc,heap     ] GC(720) Old regions: 151->151
[2021-03-19T13:29:25.808+0600][gc,heap     ] GC(720) Archive regions: 2->2
[2021-03-19T13:29:25.808+0600][gc,heap     ] GC(720) Humongous regions: 129->129
[2021-03-19T13:29:25.808+0600][gc,metaspace] GC(720) Metaspace: 40298K(41216K)->40298K(41216K) NonClass: 35975K(36608K)->35975K(36608K) Class: 4323K(4608K)->4323K(4608K)
[2021-03-19T13:29:25.808+0600][gc          ] GC(720) Pause Young (Normal) (G1 Evacuation Pause) 893M->284M(1024M) 4.572ms
[2021-03-19T13:29:25.808+0600][gc,cpu      ] GC(720) User=0.02s Sys=0.00s Real=0.00s
[2021-03-19T13:29:28.656+0600][gc,start    ] GC(721) Pause Young (Normal) (G1 Evacuation Pause)
[2021-03-19T13:29:28.656+0600][gc,task     ] GC(721) Using 8 workers of 8 for evacuation
[2021-03-19T13:29:28.660+0600][gc,phases   ] GC(721)   Pre Evacuate Collection Set: 0.2ms
[2021-03-19T13:29:28.660+0600][gc,phases   ] GC(721)   Merge Heap Roots: 0.1ms
[2021-03-19T13:29:28.660+0600][gc,phases   ] GC(721)   Evacuate Collection Set: 2.6ms
[2021-03-19T13:29:28.660+0600][gc,phases   ] GC(721)   Post Evacuate Collection Set: 0.5ms
[2021-03-19T13:29:28.660+0600][gc,phases   ] GC(721)   Other: 0.2ms
[2021-03-19T13:29:28.660+0600][gc,heap     ] GC(721) Eden regions: 610->0(610)
[2021-03-19T13:29:28.660+0600][gc,heap     ] GC(721) Survivor regions: 4->4(77)
[2021-03-19T13:29:28.660+0600][gc,heap     ] GC(721) Old regions: 151->152
[2021-03-19T13:29:28.660+0600][gc,heap     ] GC(721) Archive regions: 2->2
[2021-03-19T13:29:28.660+0600][gc,heap     ] GC(721) Humongous regions: 129->129
[2021-03-19T13:29:28.660+0600][gc,metaspace] GC(721) Metaspace: 40298K(41216K)->40298K(41216K) NonClass: 35975K(36608K)->35975K(36608K) Class: 4323K(4608K)->4323K(4608K)
[2021-03-19T13:29:28.660+0600][gc          ] GC(721) Pause Young (Normal) (G1 Evacuation Pause) 894M->284M(1024M) 3.676ms
[2021-03-19T13:29:28.660+0600][gc,cpu      ] GC(721) User=0.02s Sys=0.00s Real=0.01s
[2021-03-19T13:29:31.373+0600][gc,start    ] GC(722) Pause Young (Normal) (G1 Evacuation Pause)
[2021-03-19T13:29:31.373+0600][gc,task     ] GC(722) Using 8 workers of 8 for evacuation
[2021-03-19T13:29:31.377+0600][gc,phases   ] GC(722)   Pre Evacuate Collection Set: 0.1ms
[2021-03-19T13:29:31.377+0600][gc,phases   ] GC(722)   Merge Heap Roots: 0.1ms
[2021-03-19T13:29:31.377+0600][gc,phases   ] GC(722)   Evacuate Collection Set: 2.7ms
[2021-03-19T13:29:31.377+0600][gc,phases   ] GC(722)   Post Evacuate Collection Set: 0.5ms
[2021-03-19T13:29:31.377+0600][gc,phases   ] GC(722)   Other: 0.2ms
[2021-03-19T13:29:31.377+0600][gc,heap     ] GC(722) Eden regions: 610->0(610)
[2021-03-19T13:29:31.377+0600][gc,heap     ] GC(722) Survivor regions: 4->4(77)
[2021-03-19T13:29:31.377+0600][gc,heap     ] GC(722) Old regions: 152->152
[2021-03-19T13:29:31.377+0600][gc,heap     ] GC(722) Archive regions: 2->2
[2021-03-19T13:29:31.377+0600][gc,heap     ] GC(722) Humongous regions: 129->129
[2021-03-19T13:29:31.377+0600][gc,metaspace] GC(722) Metaspace: 40298K(41216K)->40298K(41216K) NonClass: 35975K(36608K)->35975K(36608K) Class: 4323K(4608K)->4323K(4608K)
[2021-03-19T13:29:31.377+0600][gc          ] GC(722) Pause Young (Normal) (G1 Evacuation Pause) 894M->284M(1024M) 3.782ms
[2021-03-19T13:29:31.377+0600][gc,cpu      ] GC(722) User=0.02s Sys=0.00s Real=0.00s
[2021-03-19T13:29:34.011+0600][gc,start    ] GC(723) Pause Young (Normal) (G1 Evacuation Pause)
[2021-03-19T13:29:34.011+0600][gc,task     ] GC(723) Using 8 workers of 8 for evacuation
[2021-03-19T13:29:34.015+0600][gc,phases   ] GC(723)   Pre Evacuate Collection Set: 0.1ms
[2021-03-19T13:29:34.015+0600][gc,phases   ] GC(723)   Merge Heap Roots: 0.1ms
[2021-03-19T13:29:34.015+0600][gc,phases   ] GC(723)   Evacuate Collection Set: 2.7ms
[2021-03-19T13:29:34.015+0600][gc,phases   ] GC(723)   Post Evacuate Collection Set: 0.6ms
[2021-03-19T13:29:34.015+0600][gc,phases   ] GC(723)   Other: 0.2ms
[2021-03-19T13:29:34.015+0600][gc,heap     ] GC(723) Eden regions: 610->0(610)
[2021-03-19T13:29:34.015+0600][gc,heap     ] GC(723) Survivor regions: 4->4(77)
[2021-03-19T13:29:34.015+0600][gc,heap     ] GC(723) Old regions: 152->152
[2021-03-19T13:29:34.015+0600][gc,heap     ] GC(723) Archive regions: 2->2
[2021-03-19T13:29:34.015+0600][gc,heap     ] GC(723) Humongous regions: 129->129
[2021-03-19T13:29:34.015+0600][gc,metaspace] GC(723) Metaspace: 40298K(41216K)->40298K(41216K) NonClass: 35975K(36608K)->35975K(36608K) Class: 4323K(4608K)->4323K(4608K)
[2021-03-19T13:29:34.015+0600][gc          ] GC(723) Pause Young (Normal) (G1 Evacuation Pause) 894M->284M(1024M) 3.748ms
[2021-03-19T13:29:34.015+0600][gc,cpu      ] GC(723) User=0.02s Sys=0.01s Real=0.00s
[2021-03-19T13:29:36.619+0600][gc,start    ] GC(724) Pause Young (Normal) (G1 Evacuation Pause)
[2021-03-19T13:29:36.619+0600][gc,task     ] GC(724) Using 8 workers of 8 for evacuation
[2021-03-19T13:29:36.622+0600][gc,phases   ] GC(724)   Pre Evacuate Collection Set: 0.1ms
[2021-03-19T13:29:36.622+0600][gc,phases   ] GC(724)   Merge Heap Roots: 0.1ms
[2021-03-19T13:29:36.622+0600][gc,phases   ] GC(724)   Evacuate Collection Set: 3.1ms
[2021-03-19T13:29:36.623+0600][gc,phases   ] GC(724)   Post Evacuate Collection Set: 0.5ms
[2021-03-19T13:29:36.623+0600][gc,phases   ] GC(724)   Other: 0.2ms
[2021-03-19T13:29:36.623+0600][gc,heap     ] GC(724) Eden regions: 610->0(610)
[2021-03-19T13:29:36.623+0600][gc,heap     ] GC(724) Survivor regions: 4->4(77)
[2021-03-19T13:29:36.623+0600][gc,heap     ] GC(724) Old regions: 152->152
[2021-03-19T13:29:36.623+0600][gc,heap     ] GC(724) Archive regions: 2->2
[2021-03-19T13:29:36.623+0600][gc,heap     ] GC(724) Humongous regions: 129->129
[2021-03-19T13:29:36.623+0600][gc,metaspace] GC(724) Metaspace: 40298K(41216K)->40298K(41216K) NonClass: 35975K(36608K)->35975K(36608K) Class: 4323K(4608K)->4323K(4608K)
[2021-03-19T13:29:36.623+0600][gc          ] GC(724) Pause Young (Normal) (G1 Evacuation Pause) 894M->285M(1024M) 4.031ms
[2021-03-19T13:29:36.623+0600][gc,cpu      ] GC(724) User=0.02s Sys=0.00s Real=0.01s
[2021-03-19T13:29:39.337+0600][gc,start    ] GC(725) Pause Young (Normal) (G1 Evacuation Pause)
[2021-03-19T13:29:39.337+0600][gc,task     ] GC(725) Using 8 workers of 8 for evacuation
[2021-03-19T13:29:39.341+0600][gc,phases   ] GC(725)   Pre Evacuate Collection Set: 0.1ms
[2021-03-19T13:29:39.341+0600][gc,phases   ] GC(725)   Merge Heap Roots: 0.1ms
[2021-03-19T13:29:39.341+0600][gc,phases   ] GC(725)   Evacuate Collection Set: 3.0ms
[2021-03-19T13:29:39.341+0600][gc,phases   ] GC(725)   Post Evacuate Collection Set: 0.5ms
[2021-03-19T13:29:39.341+0600][gc,phases   ] GC(725)   Other: 0.2ms
[2021-03-19T13:29:39.341+0600][gc,heap     ] GC(725) Eden regions: 610->0(610)
[2021-03-19T13:29:39.341+0600][gc,heap     ] GC(725) Survivor regions: 4->4(77)
[2021-03-19T13:29:39.341+0600][gc,heap     ] GC(725) Old regions: 152->152
[2021-03-19T13:29:39.341+0600][gc,heap     ] GC(725) Archive regions: 2->2
[2021-03-19T13:29:39.341+0600][gc,heap     ] GC(725) Humongous regions: 129->129
[2021-03-19T13:29:39.341+0600][gc,metaspace] GC(725) Metaspace: 40298K(41216K)->40298K(41216K) NonClass: 35975K(36608K)->35975K(36608K) Class: 4323K(4608K)->4323K(4608K)
[2021-03-19T13:29:39.341+0600][gc          ] GC(725) Pause Young (Normal) (G1 Evacuation Pause) 895M->285M(1024M) 3.987ms
[2021-03-19T13:29:39.341+0600][gc,cpu      ] GC(725) User=0.03s Sys=0.01s Real=0.01s
[2021-03-19T13:29:41.961+0600][gc,start    ] GC(726) Pause Young (Normal) (G1 Evacuation Pause)
[2021-03-19T13:29:41.961+0600][gc,task     ] GC(726) Using 8 workers of 8 for evacuation
[2021-03-19T13:29:41.965+0600][gc,phases   ] GC(726)   Pre Evacuate Collection Set: 0.2ms
[2021-03-19T13:29:41.965+0600][gc,phases   ] GC(726)   Merge Heap Roots: 0.1ms
[2021-03-19T13:29:41.965+0600][gc,phases   ] GC(726)   Evacuate Collection Set: 3.1ms
[2021-03-19T13:29:41.965+0600][gc,phases   ] GC(726)   Post Evacuate Collection Set: 0.7ms
[2021-03-19T13:29:41.965+0600][gc,phases   ] GC(726)   Other: 0.2ms
[2021-03-19T13:29:41.965+0600][gc,heap     ] GC(726) Eden regions: 610->0(610)
[2021-03-19T13:29:41.965+0600][gc,heap     ] GC(726) Survivor regions: 4->4(77)
[2021-03-19T13:29:41.965+0600][gc,heap     ] GC(726) Old regions: 152->152
[2021-03-19T13:29:41.965+0600][gc,heap     ] GC(726) Archive regions: 2->2
[2021-03-19T13:29:41.965+0600][gc,heap     ] GC(726) Humongous regions: 129->129
[2021-03-19T13:29:41.965+0600][gc,metaspace] GC(726) Metaspace: 40298K(41216K)->40298K(41216K) NonClass: 35975K(36608K)->35975K(36608K) Class: 4323K(4608K)->4323K(4608K)
[2021-03-19T13:29:41.965+0600][gc          ] GC(726) Pause Young (Normal) (G1 Evacuation Pause) 895M->285M(1024M) 4.310ms
[2021-03-19T13:29:41.965+0600][gc,cpu      ] GC(726) User=0.02s Sys=0.00s Real=0.00s
[2021-03-19T13:29:44.552+0600][gc,start    ] GC(727) Pause Young (Normal) (G1 Evacuation Pause)
[2021-03-19T13:29:44.552+0600][gc,task     ] GC(727) Using 8 workers of 8 for evacuation
[2021-03-19T13:29:44.555+0600][gc,phases   ] GC(727)   Pre Evacuate Collection Set: 0.1ms
[2021-03-19T13:29:44.556+0600][gc,phases   ] GC(727)   Merge Heap Roots: 0.1ms
[2021-03-19T13:29:44.556+0600][gc,phases   ] GC(727)   Evacuate Collection Set: 2.8ms
[2021-03-19T13:29:44.556+0600][gc,phases   ] GC(727)   Post Evacuate Collection Set: 0.5ms
[2021-03-19T13:29:44.556+0600][gc,phases   ] GC(727)   Other: 0.2ms
[2021-03-19T13:29:44.556+0600][gc,heap     ] GC(727) Eden regions: 610->0(610)
[2021-03-19T13:29:44.556+0600][gc,heap     ] GC(727) Survivor regions: 4->4(77)
[2021-03-19T13:29:44.556+0600][gc,heap     ] GC(727) Old regions: 152->153
[2021-03-19T13:29:44.556+0600][gc,heap     ] GC(727) Archive regions: 2->2
[2021-03-19T13:29:44.556+0600][gc,heap     ] GC(727) Humongous regions: 129->129
[2021-03-19T13:29:44.556+0600][gc,metaspace] GC(727) Metaspace: 40298K(41216K)->40298K(41216K) NonClass: 35975K(36608K)->35975K(36608K) Class: 4323K(4608K)->4323K(4608K)
[2021-03-19T13:29:44.556+0600][gc          ] GC(727) Pause Young (Normal) (G1 Evacuation Pause) 895M->285M(1024M) 3.778ms
[2021-03-19T13:29:44.556+0600][gc,cpu      ] GC(727) User=0.02s Sys=0.00s Real=0.00s
[2021-03-19T13:29:47.226+0600][gc,start    ] GC(728) Pause Young (Normal) (G1 Evacuation Pause)
[2021-03-19T13:29:47.226+0600][gc,task     ] GC(728) Using 8 workers of 8 for evacuation
[2021-03-19T13:29:47.230+0600][gc,phases   ] GC(728)   Pre Evacuate Collection Set: 0.1ms
[2021-03-19T13:29:47.230+0600][gc,phases   ] GC(728)   Merge Heap Roots: 0.1ms
[2021-03-19T13:29:47.230+0600][gc,phases   ] GC(728)   Evacuate Collection Set: 2.8ms
[2021-03-19T13:29:47.230+0600][gc,phases   ] GC(728)   Post Evacuate Collection Set: 0.5ms
[2021-03-19T13:29:47.230+0600][gc,phases   ] GC(728)   Other: 0.2ms
[2021-03-19T13:29:47.230+0600][gc,heap     ] GC(728) Eden regions: 610->0(610)
[2021-03-19T13:29:47.230+0600][gc,heap     ] GC(728) Survivor regions: 4->4(77)
[2021-03-19T13:29:47.230+0600][gc,heap     ] GC(728) Old regions: 153->153
[2021-03-19T13:29:47.230+0600][gc,heap     ] GC(728) Archive regions: 2->2
[2021-03-19T13:29:47.230+0600][gc,heap     ] GC(728) Humongous regions: 129->129
[2021-03-19T13:29:47.230+0600][gc,metaspace] GC(728) Metaspace: 40298K(41216K)->40298K(41216K) NonClass: 35975K(36608K)->35975K(36608K) Class: 4323K(4608K)->4323K(4608K)
[2021-03-19T13:29:47.230+0600][gc          ] GC(728) Pause Young (Normal) (G1 Evacuation Pause) 895M->285M(1024M) 3.838ms
[2021-03-19T13:29:47.230+0600][gc,cpu      ] GC(728) User=0.02s Sys=0.00s Real=0.01s
[2021-03-19T13:29:49.857+0600][gc,start    ] GC(729) Pause Young (Normal) (G1 Evacuation Pause)
[2021-03-19T13:29:49.857+0600][gc,task     ] GC(729) Using 8 workers of 8 for evacuation
[2021-03-19T13:29:49.861+0600][gc,phases   ] GC(729)   Pre Evacuate Collection Set: 0.2ms
[2021-03-19T13:29:49.861+0600][gc,phases   ] GC(729)   Merge Heap Roots: 0.1ms
[2021-03-19T13:29:49.861+0600][gc,phases   ] GC(729)   Evacuate Collection Set: 3.1ms
[2021-03-19T13:29:49.861+0600][gc,phases   ] GC(729)   Post Evacuate Collection Set: 0.5ms
[2021-03-19T13:29:49.862+0600][gc,phases   ] GC(729)   Other: 0.2ms
[2021-03-19T13:29:49.862+0600][gc,heap     ] GC(729) Eden regions: 610->0(610)
[2021-03-19T13:29:49.862+0600][gc,heap     ] GC(729) Survivor regions: 4->4(77)
[2021-03-19T13:29:49.862+0600][gc,heap     ] GC(729) Old regions: 153->153
[2021-03-19T13:29:49.862+0600][gc,heap     ] GC(729) Archive regions: 2->2
[2021-03-19T13:29:49.862+0600][gc,heap     ] GC(729) Humongous regions: 129->129
[2021-03-19T13:29:49.862+0600][gc,metaspace] GC(729) Metaspace: 40298K(41216K)->40298K(41216K) NonClass: 35975K(36608K)->35975K(36608K) Class: 4323K(4608K)->4323K(4608K)
[2021-03-19T13:29:49.862+0600][gc          ] GC(729) Pause Young (Normal) (G1 Evacuation Pause) 895M->286M(1024M) 4.104ms
[2021-03-19T13:29:49.862+0600][gc,cpu      ] GC(729) User=0.02s Sys=0.00s Real=0.01s
[2021-03-19T13:29:52.452+0600][gc,start    ] GC(730) Pause Young (Normal) (G1 Evacuation Pause)
[2021-03-19T13:29:52.452+0600][gc,task     ] GC(730) Using 8 workers of 8 for evacuation
[2021-03-19T13:29:52.456+0600][gc,phases   ] GC(730)   Pre Evacuate Collection Set: 0.2ms
[2021-03-19T13:29:52.456+0600][gc,phases   ] GC(730)   Merge Heap Roots: 0.2ms
[2021-03-19T13:29:52.456+0600][gc,phases   ] GC(730)   Evacuate Collection Set: 3.1ms
[2021-03-19T13:29:52.456+0600][gc,phases   ] GC(730)   Post Evacuate Collection Set: 0.5ms
[2021-03-19T13:29:52.456+0600][gc,phases   ] GC(730)   Other: 0.2ms
[2021-03-19T13:29:52.456+0600][gc,heap     ] GC(730) Eden regions: 610->0(610)
[2021-03-19T13:29:52.456+0600][gc,heap     ] GC(730) Survivor regions: 4->4(77)
[2021-03-19T13:29:52.456+0600][gc,heap     ] GC(730) Old regions: 153->153
[2021-03-19T13:29:52.456+0600][gc,heap     ] GC(730) Archive regions: 2->2
[2021-03-19T13:29:52.456+0600][gc,heap     ] GC(730) Humongous regions: 129->129
[2021-03-19T13:29:52.456+0600][gc,metaspace] GC(730) Metaspace: 40298K(41216K)->40298K(41216K) NonClass: 35975K(36608K)->35975K(36608K) Class: 4323K(4608K)->4323K(4608K)
[2021-03-19T13:29:52.456+0600][gc          ] GC(730) Pause Young (Normal) (G1 Evacuation Pause) 896M->286M(1024M) 4.231ms
[2021-03-19T13:29:52.457+0600][gc,cpu      ] GC(730) User=0.02s Sys=0.00s Real=0.00s
[2021-03-19T13:29:55.086+0600][gc,start    ] GC(731) Pause Young (Normal) (G1 Evacuation Pause)
[2021-03-19T13:29:55.086+0600][gc,task     ] GC(731) Using 8 workers of 8 for evacuation
[2021-03-19T13:29:55.090+0600][gc,phases   ] GC(731)   Pre Evacuate Collection Set: 0.1ms
[2021-03-19T13:29:55.090+0600][gc,phases   ] GC(731)   Merge Heap Roots: 0.1ms
[2021-03-19T13:29:55.090+0600][gc,phases   ] GC(731)   Evacuate Collection Set: 2.7ms
[2021-03-19T13:29:55.090+0600][gc,phases   ] GC(731)   Post Evacuate Collection Set: 0.6ms
[2021-03-19T13:29:55.090+0600][gc,phases   ] GC(731)   Other: 0.2ms
[2021-03-19T13:29:55.090+0600][gc,heap     ] GC(731) Eden regions: 610->0(610)
[2021-03-19T13:29:55.090+0600][gc,heap     ] GC(731) Survivor regions: 4->4(77)
[2021-03-19T13:29:55.090+0600][gc,heap     ] GC(731) Old regions: 153->154
[2021-03-19T13:29:55.090+0600][gc,heap     ] GC(731) Archive regions: 2->2
[2021-03-19T13:29:55.090+0600][gc,heap     ] GC(731) Humongous regions: 129->129
[2021-03-19T13:29:55.090+0600][gc,metaspace] GC(731) Metaspace: 40298K(41216K)->40298K(41216K) NonClass: 35975K(36608K)->35975K(36608K) Class: 4323K(4608K)->4323K(4608K)
[2021-03-19T13:29:55.090+0600][gc          ] GC(731) Pause Young (Normal) (G1 Evacuation Pause) 896M->286M(1024M) 3.847ms
[2021-03-19T13:29:55.090+0600][gc,cpu      ] GC(731) User=0.02s Sys=0.00s Real=0.01s
[2021-03-19T13:29:57.722+0600][gc,start    ] GC(732) Pause Young (Normal) (G1 Evacuation Pause)
[2021-03-19T13:29:57.722+0600][gc,task     ] GC(732) Using 8 workers of 8 for evacuation
[2021-03-19T13:29:57.726+0600][gc,phases   ] GC(732)   Pre Evacuate Collection Set: 0.2ms
[2021-03-19T13:29:57.726+0600][gc,phases   ] GC(732)   Merge Heap Roots: 0.1ms
[2021-03-19T13:29:57.726+0600][gc,phases   ] GC(732)   Evacuate Collection Set: 2.6ms
[2021-03-19T13:29:57.726+0600][gc,phases   ] GC(732)   Post Evacuate Collection Set: 0.5ms
[2021-03-19T13:29:57.726+0600][gc,phases   ] GC(732)   Other: 0.2ms
[2021-03-19T13:29:57.726+0600][gc,heap     ] GC(732) Eden regions: 610->0(610)
[2021-03-19T13:29:57.726+0600][gc,heap     ] GC(732) Survivor regions: 4->4(77)
[2021-03-19T13:29:57.726+0600][gc,heap     ] GC(732) Old regions: 154->154
[2021-03-19T13:29:57.726+0600][gc,heap     ] GC(732) Archive regions: 2->2
[2021-03-19T13:29:57.726+0600][gc,heap     ] GC(732) Humongous regions: 129->129
[2021-03-19T13:29:57.726+0600][gc,metaspace] GC(732) Metaspace: 40298K(41216K)->40298K(41216K) NonClass: 35975K(36608K)->35975K(36608K) Class: 4323K(4608K)->4323K(4608K)
[2021-03-19T13:29:57.726+0600][gc          ] GC(732) Pause Young (Normal) (G1 Evacuation Pause) 896M->286M(1024M) 3.655ms
[2021-03-19T13:29:57.726+0600][gc,cpu      ] GC(732) User=0.03s Sys=0.00s Real=0.00s
[2021-03-19T13:30:00.333+0600][gc,start    ] GC(733) Pause Young (Normal) (G1 Evacuation Pause)
[2021-03-19T13:30:00.333+0600][gc,task     ] GC(733) Using 8 workers of 8 for evacuation
[2021-03-19T13:30:00.336+0600][gc,phases   ] GC(733)   Pre Evacuate Collection Set: 0.1ms
[2021-03-19T13:30:00.336+0600][gc,phases   ] GC(733)   Merge Heap Roots: 0.1ms
[2021-03-19T13:30:00.336+0600][gc,phases   ] GC(733)   Evacuate Collection Set: 2.5ms
[2021-03-19T13:30:00.336+0600][gc,phases   ] GC(733)   Post Evacuate Collection Set: 0.4ms
[2021-03-19T13:30:00.336+0600][gc,phases   ] GC(733)   Other: 0.2ms
[2021-03-19T13:30:00.336+0600][gc,heap     ] GC(733) Eden regions: 610->0(610)
[2021-03-19T13:30:00.336+0600][gc,heap     ] GC(733) Survivor regions: 4->4(77)
[2021-03-19T13:30:00.336+0600][gc,heap     ] GC(733) Old regions: 154->154
[2021-03-19T13:30:00.336+0600][gc,heap     ] GC(733) Archive regions: 2->2
[2021-03-19T13:30:00.336+0600][gc,heap     ] GC(733) Humongous regions: 129->129
[2021-03-19T13:30:00.336+0600][gc,metaspace] GC(733) Metaspace: 40298K(41216K)->40298K(41216K) NonClass: 35975K(36608K)->35975K(36608K) Class: 4323K(4608K)->4323K(4608K)
[2021-03-19T13:30:00.336+0600][gc          ] GC(733) Pause Young (Normal) (G1 Evacuation Pause) 896M->286M(1024M) 3.435ms
[2021-03-19T13:30:00.336+0600][gc,cpu      ] GC(733) User=0.02s Sys=0.00s Real=0.00s
[2021-03-19T13:30:04.880+0600][gc,start    ] GC(734) Pause Young (Normal) (G1 Evacuation Pause)
[2021-03-19T13:30:04.881+0600][gc,task     ] GC(734) Using 8 workers of 8 for evacuation
[2021-03-19T13:30:04.897+0600][gc,phases   ] GC(734)   Pre Evacuate Collection Set: 0.4ms
[2021-03-19T13:30:04.897+0600][gc,phases   ] GC(734)   Merge Heap Roots: 0.4ms
[2021-03-19T13:30:04.897+0600][gc,phases   ] GC(734)   Evacuate Collection Set: 14.4ms
[2021-03-19T13:30:04.897+0600][gc,phases   ] GC(734)   Post Evacuate Collection Set: 0.7ms
[2021-03-19T13:30:04.897+0600][gc,phases   ] GC(734)   Other: 0.8ms
[2021-03-19T13:30:04.897+0600][gc,heap     ] GC(734) Eden regions: 610->0(611)
[2021-03-19T13:30:04.897+0600][gc,heap     ] GC(734) Survivor regions: 4->3(77)
[2021-03-19T13:30:04.897+0600][gc,heap     ] GC(734) Old regions: 154->155
[2021-03-19T13:30:04.897+0600][gc,heap     ] GC(734) Archive regions: 2->2
[2021-03-19T13:30:04.897+0600][gc,heap     ] GC(734) Humongous regions: 129->129
[2021-03-19T13:30:04.897+0600][gc,metaspace] GC(734) Metaspace: 40298K(41216K)->40298K(41216K) NonClass: 35975K(36608K)->35975K(36608K) Class: 4323K(4608K)->4323K(4608K)
[2021-03-19T13:30:04.897+0600][gc          ] GC(734) Pause Young (Normal) (G1 Evacuation Pause) 896M->286M(1024M) 16.802ms
[2021-03-19T13:30:04.897+0600][gc,cpu      ] GC(734) User=0.06s Sys=0.00s Real=0.01s
[2021-03-19T13:30:19.578+0600][gc,start    ] GC(735) Pause Young (Normal) (G1 Evacuation Pause)
[2021-03-19T13:30:19.578+0600][gc,task     ] GC(735) Using 8 workers of 8 for evacuation
[2021-03-19T13:30:19.595+0600][gc,phases   ] GC(735)   Pre Evacuate Collection Set: 0.4ms
[2021-03-19T13:30:19.595+0600][gc,phases   ] GC(735)   Merge Heap Roots: 0.4ms
[2021-03-19T13:30:19.595+0600][gc,phases   ] GC(735)   Evacuate Collection Set: 15.1ms
[2021-03-19T13:30:19.595+0600][gc,phases   ] GC(735)   Post Evacuate Collection Set: 0.7ms
[2021-03-19T13:30:19.595+0600][gc,phases   ] GC(735)   Other: 0.6ms
[2021-03-19T13:30:19.595+0600][gc,heap     ] GC(735) Eden regions: 611->0(611)
[2021-03-19T13:30:19.595+0600][gc,heap     ] GC(735) Survivor regions: 3->3(77)
[2021-03-19T13:30:19.595+0600][gc,heap     ] GC(735) Old regions: 155->155
[2021-03-19T13:30:19.595+0600][gc,heap     ] GC(735) Archive regions: 2->2
[2021-03-19T13:30:19.595+0600][gc,heap     ] GC(735) Humongous regions: 129->129
[2021-03-19T13:30:19.595+0600][gc,metaspace] GC(735) Metaspace: 40298K(41216K)->40298K(41216K) NonClass: 35975K(36608K)->35975K(36608K) Class: 4323K(4608K)->4323K(4608K)
[2021-03-19T13:30:19.595+0600][gc          ] GC(735) Pause Young (Normal) (G1 Evacuation Pause) 897M->286M(1024M) 17.383ms
[2021-03-19T13:30:19.595+0600][gc,cpu      ] GC(735) User=0.06s Sys=0.00s Real=0.02s
[2021-03-19T13:30:35.680+0600][gc,start    ] GC(736) Pause Young (Normal) (G1 Evacuation Pause)
[2021-03-19T13:30:35.681+0600][gc,task     ] GC(736) Using 8 workers of 8 for evacuation
[2021-03-19T13:30:35.692+0600][gc,phases   ] GC(736)   Pre Evacuate Collection Set: 0.3ms
[2021-03-19T13:30:35.692+0600][gc,phases   ] GC(736)   Merge Heap Roots: 0.3ms
[2021-03-19T13:30:35.692+0600][gc,phases   ] GC(736)   Evacuate Collection Set: 9.8ms
[2021-03-19T13:30:35.692+0600][gc,phases   ] GC(736)   Post Evacuate Collection Set: 0.6ms
[2021-03-19T13:30:35.692+0600][gc,phases   ] GC(736)   Other: 0.7ms
[2021-03-19T13:30:35.692+0600][gc,heap     ] GC(736) Eden regions: 611->0(611)
[2021-03-19T13:30:35.692+0600][gc,heap     ] GC(736) Survivor regions: 3->3(77)
[2021-03-19T13:30:35.692+0600][gc,heap     ] GC(736) Old regions: 155->155
[2021-03-19T13:30:35.692+0600][gc,heap     ] GC(736) Archive regions: 2->2
[2021-03-19T13:30:35.692+0600][gc,heap     ] GC(736) Humongous regions: 129->129
[2021-03-19T13:30:35.692+0600][gc,metaspace] GC(736) Metaspace: 40298K(41216K)->40298K(41216K) NonClass: 35975K(36608K)->35975K(36608K) Class: 4323K(4608K)->4323K(4608K)
[2021-03-19T13:30:35.692+0600][gc          ] GC(736) Pause Young (Normal) (G1 Evacuation Pause) 897M->287M(1024M) 11.837ms
[2021-03-19T13:30:35.692+0600][gc,cpu      ] GC(736) User=0.04s Sys=0.00s Real=0.01s
[2021-03-19T13:30:50.983+0600][gc,start    ] GC(737) Pause Young (Normal) (G1 Evacuation Pause)
[2021-03-19T13:30:50.983+0600][gc,task     ] GC(737) Using 8 workers of 8 for evacuation
[2021-03-19T13:30:50.998+0600][gc,phases   ] GC(737)   Pre Evacuate Collection Set: 0.4ms
[2021-03-19T13:30:50.998+0600][gc,phases   ] GC(737)   Merge Heap Roots: 0.3ms
[2021-03-19T13:30:50.998+0600][gc,phases   ] GC(737)   Evacuate Collection Set: 12.7ms
[2021-03-19T13:30:50.998+0600][gc,phases   ] GC(737)   Post Evacuate Collection Set: 0.8ms
[2021-03-19T13:30:50.998+0600][gc,phases   ] GC(737)   Other: 0.7ms
[2021-03-19T13:30:50.998+0600][gc,heap     ] GC(737) Eden regions: 611->0(611)
[2021-03-19T13:30:50.998+0600][gc,heap     ] GC(737) Survivor regions: 3->3(77)
[2021-03-19T13:30:50.998+0600][gc,heap     ] GC(737) Old regions: 155->155
[2021-03-19T13:30:50.998+0600][gc,heap     ] GC(737) Archive regions: 2->2
[2021-03-19T13:30:50.998+0600][gc,heap     ] GC(737) Humongous regions: 129->129
[2021-03-19T13:30:50.998+0600][gc,metaspace] GC(737) Metaspace: 40298K(41216K)->40298K(41216K) NonClass: 35975K(36608K)->35975K(36608K) Class: 4323K(4608K)->4323K(4608K)
[2021-03-19T13:30:50.998+0600][gc          ] GC(737) Pause Young (Normal) (G1 Evacuation Pause) 898M->287M(1024M) 15.013ms
[2021-03-19T13:30:50.998+0600][gc,cpu      ] GC(737) User=0.05s Sys=0.01s Real=0.01s
[2021-03-19T13:30:55.776+0600][gc,start    ] GC(738) Pause Young (Normal) (G1 Evacuation Pause)
[2021-03-19T13:30:55.776+0600][gc,task     ] GC(738) Using 8 workers of 8 for evacuation
[2021-03-19T13:30:55.780+0600][gc,phases   ] GC(738)   Pre Evacuate Collection Set: 0.1ms
[2021-03-19T13:30:55.780+0600][gc,phases   ] GC(738)   Merge Heap Roots: 0.1ms
[2021-03-19T13:30:55.780+0600][gc,phases   ] GC(738)   Evacuate Collection Set: 3.7ms
[2021-03-19T13:30:55.780+0600][gc,phases   ] GC(738)   Post Evacuate Collection Set: 0.5ms
[2021-03-19T13:30:55.780+0600][gc,phases   ] GC(738)   Other: 0.3ms
[2021-03-19T13:30:55.780+0600][gc,heap     ] GC(738) Eden regions: 611->0(611)
[2021-03-19T13:30:55.780+0600][gc,heap     ] GC(738) Survivor regions: 3->3(77)
[2021-03-19T13:30:55.780+0600][gc,heap     ] GC(738) Old regions: 155->156
[2021-03-19T13:30:55.780+0600][gc,heap     ] GC(738) Archive regions: 2->2
[2021-03-19T13:30:55.780+0600][gc,heap     ] GC(738) Humongous regions: 129->129
[2021-03-19T13:30:55.780+0600][gc,metaspace] GC(738) Metaspace: 40298K(41216K)->40298K(41216K) NonClass: 35975K(36608K)->35975K(36608K) Class: 4323K(4608K)->4323K(4608K)
[2021-03-19T13:30:55.780+0600][gc          ] GC(738) Pause Young (Normal) (G1 Evacuation Pause) 898M->287M(1024M) 4.884ms
[2021-03-19T13:30:55.780+0600][gc,cpu      ] GC(738) User=0.02s Sys=0.00s Real=0.01s
[2021-03-19T13:30:58.575+0600][gc,start    ] GC(739) Pause Young (Normal) (G1 Evacuation Pause)
[2021-03-19T13:30:58.576+0600][gc,task     ] GC(739) Using 8 workers of 8 for evacuation
[2021-03-19T13:30:58.579+0600][gc,phases   ] GC(739)   Pre Evacuate Collection Set: 0.1ms
[2021-03-19T13:30:58.579+0600][gc,phases   ] GC(739)   Merge Heap Roots: 0.2ms
[2021-03-19T13:30:58.579+0600][gc,phases   ] GC(739)   Evacuate Collection Set: 2.7ms
[2021-03-19T13:30:58.579+0600][gc,phases   ] GC(739)   Post Evacuate Collection Set: 0.5ms
[2021-03-19T13:30:58.579+0600][gc,phases   ] GC(739)   Other: 0.2ms
[2021-03-19T13:30:58.579+0600][gc,heap     ] GC(739) Eden regions: 611->0(611)
[2021-03-19T13:30:58.579+0600][gc,heap     ] GC(739) Survivor regions: 3->3(77)
[2021-03-19T13:30:58.579+0600][gc,heap     ] GC(739) Old regions: 156->156
[2021-03-19T13:30:58.579+0600][gc,heap     ] GC(739) Archive regions: 2->2
[2021-03-19T13:30:58.579+0600][gc,heap     ] GC(739) Humongous regions: 129->129
[2021-03-19T13:30:58.579+0600][gc,metaspace] GC(739) Metaspace: 40298K(41216K)->40298K(41216K) NonClass: 35975K(36608K)->35975K(36608K) Class: 4323K(4608K)->4323K(4608K)
[2021-03-19T13:30:58.579+0600][gc          ] GC(739) Pause Young (Normal) (G1 Evacuation Pause) 898M->287M(1024M) 3.741ms
[2021-03-19T13:30:58.579+0600][gc,cpu      ] GC(739) User=0.02s Sys=0.00s Real=0.00s
[2021-03-19T13:31:01.234+0600][gc,start    ] GC(740) Pause Young (Normal) (G1 Evacuation Pause)
[2021-03-19T13:31:01.234+0600][gc,task     ] GC(740) Using 8 workers of 8 for evacuation
[2021-03-19T13:31:01.238+0600][gc,phases   ] GC(740)   Pre Evacuate Collection Set: 0.1ms
[2021-03-19T13:31:01.238+0600][gc,phases   ] GC(740)   Merge Heap Roots: 0.1ms
[2021-03-19T13:31:01.238+0600][gc,phases   ] GC(740)   Evacuate Collection Set: 3.1ms
[2021-03-19T13:31:01.238+0600][gc,phases   ] GC(740)   Post Evacuate Collection Set: 0.5ms
[2021-03-19T13:31:01.238+0600][gc,phases   ] GC(740)   Other: 0.2ms
[2021-03-19T13:31:01.238+0600][gc,heap     ] GC(740) Eden regions: 611->0(611)
[2021-03-19T13:31:01.238+0600][gc,heap     ] GC(740) Survivor regions: 3->3(77)
[2021-03-19T13:31:01.238+0600][gc,heap     ] GC(740) Old regions: 156->156
[2021-03-19T13:31:01.238+0600][gc,heap     ] GC(740) Archive regions: 2->2
[2021-03-19T13:31:01.238+0600][gc,heap     ] GC(740) Humongous regions: 129->129
[2021-03-19T13:31:01.238+0600][gc,metaspace] GC(740) Metaspace: 40298K(41216K)->40298K(41216K) NonClass: 35975K(36608K)->35975K(36608K) Class: 4323K(4608K)->4323K(4608K)
[2021-03-19T13:31:01.238+0600][gc          ] GC(740) Pause Young (Normal) (G1 Evacuation Pause) 898M->288M(1024M) 4.105ms
[2021-03-19T13:31:01.238+0600][gc,cpu      ] GC(740) User=0.02s Sys=0.00s Real=0.00s
[2021-03-19T13:31:04.207+0600][gc,start    ] GC(741) Pause Young (Normal) (G1 Evacuation Pause)
[2021-03-19T13:31:04.207+0600][gc,task     ] GC(741) Using 8 workers of 8 for evacuation
[2021-03-19T13:31:04.210+0600][gc,phases   ] GC(741)   Pre Evacuate Collection Set: 0.1ms
[2021-03-19T13:31:04.210+0600][gc,phases   ] GC(741)   Merge Heap Roots: 0.1ms
[2021-03-19T13:31:04.210+0600][gc,phases   ] GC(741)   Evacuate Collection Set: 2.4ms
[2021-03-19T13:31:04.210+0600][gc,phases   ] GC(741)   Post Evacuate Collection Set: 0.6ms
[2021-03-19T13:31:04.210+0600][gc,phases   ] GC(741)   Other: 0.2ms
[2021-03-19T13:31:04.210+0600][gc,heap     ] GC(741) Eden regions: 611->0(611)
[2021-03-19T13:31:04.210+0600][gc,heap     ] GC(741) Survivor regions: 3->3(77)
[2021-03-19T13:31:04.210+0600][gc,heap     ] GC(741) Old regions: 156->156
[2021-03-19T13:31:04.210+0600][gc,heap     ] GC(741) Archive regions: 2->2
[2021-03-19T13:31:04.210+0600][gc,heap     ] GC(741) Humongous regions: 129->129
[2021-03-19T13:31:04.210+0600][gc,metaspace] GC(741) Metaspace: 40298K(41216K)->40298K(41216K) NonClass: 35975K(36608K)->35975K(36608K) Class: 4323K(4608K)->4323K(4608K)
[2021-03-19T13:31:04.210+0600][gc          ] GC(741) Pause Young (Normal) (G1 Evacuation Pause) 899M->288M(1024M) 3.576ms
[2021-03-19T13:31:04.210+0600][gc,cpu      ] GC(741) User=0.02s Sys=0.00s Real=0.01s
[2021-03-19T13:31:07.278+0600][gc,start    ] GC(742) Pause Young (Normal) (G1 Evacuation Pause)
[2021-03-19T13:31:07.278+0600][gc,task     ] GC(742) Using 8 workers of 8 for evacuation
[2021-03-19T13:31:07.282+0600][gc,phases   ] GC(742)   Pre Evacuate Collection Set: 0.2ms
[2021-03-19T13:31:07.282+0600][gc,phases   ] GC(742)   Merge Heap Roots: 0.1ms
[2021-03-19T13:31:07.282+0600][gc,phases   ] GC(742)   Evacuate Collection Set: 2.8ms
[2021-03-19T13:31:07.282+0600][gc,phases   ] GC(742)   Post Evacuate Collection Set: 0.5ms
[2021-03-19T13:31:07.282+0600][gc,phases   ] GC(742)   Other: 0.4ms
[2021-03-19T13:31:07.282+0600][gc,heap     ] GC(742) Eden regions: 611->0(611)
[2021-03-19T13:31:07.282+0600][gc,heap     ] GC(742) Survivor regions: 3->3(77)
[2021-03-19T13:31:07.282+0600][gc,heap     ] GC(742) Old regions: 156->156
[2021-03-19T13:31:07.282+0600][gc,heap     ] GC(742) Archive regions: 2->2
[2021-03-19T13:31:07.282+0600][gc,heap     ] GC(742) Humongous regions: 129->129
[2021-03-19T13:31:07.282+0600][gc,metaspace] GC(742) Metaspace: 40298K(41216K)->40298K(41216K) NonClass: 35975K(36608K)->35975K(36608K) Class: 4323K(4608K)->4323K(4608K)
[2021-03-19T13:31:07.282+0600][gc          ] GC(742) Pause Young (Normal) (G1 Evacuation Pause) 899M->288M(1024M) 4.007ms
[2021-03-19T13:31:07.282+0600][gc,cpu      ] GC(742) User=0.02s Sys=0.00s Real=0.01s
[2021-03-19T13:31:10.445+0600][gc,start    ] GC(743) Pause Young (Normal) (G1 Evacuation Pause)
[2021-03-19T13:31:10.445+0600][gc,task     ] GC(743) Using 8 workers of 8 for evacuation
[2021-03-19T13:31:10.449+0600][gc,phases   ] GC(743)   Pre Evacuate Collection Set: 0.2ms
[2021-03-19T13:31:10.449+0600][gc,phases   ] GC(743)   Merge Heap Roots: 0.1ms
[2021-03-19T13:31:10.449+0600][gc,phases   ] GC(743)   Evacuate Collection Set: 2.5ms
[2021-03-19T13:31:10.449+0600][gc,phases   ] GC(743)   Post Evacuate Collection Set: 0.5ms
[2021-03-19T13:31:10.449+0600][gc,phases   ] GC(743)   Other: 0.2ms
[2021-03-19T13:31:10.449+0600][gc,heap     ] GC(743) Eden regions: 611->0(611)
[2021-03-19T13:31:10.449+0600][gc,heap     ] GC(743) Survivor regions: 3->3(77)
[2021-03-19T13:31:10.449+0600][gc,heap     ] GC(743) Old regions: 156->156
[2021-03-19T13:31:10.449+0600][gc,heap     ] GC(743) Archive regions: 2->2
[2021-03-19T13:31:10.449+0600][gc,heap     ] GC(743) Humongous regions: 129->129
[2021-03-19T13:31:10.449+0600][gc,metaspace] GC(743) Metaspace: 40298K(41216K)->40298K(41216K) NonClass: 35975K(36608K)->35975K(36608K) Class: 4323K(4608K)->4323K(4608K)
[2021-03-19T13:31:10.449+0600][gc          ] GC(743) Pause Young (Normal) (G1 Evacuation Pause) 899M->288M(1024M) 3.538ms
[2021-03-19T13:31:10.449+0600][gc,cpu      ] GC(743) User=0.02s Sys=0.00s Real=0.00s
[2021-03-19T13:31:13.227+0600][gc,start    ] GC(744) Pause Young (Normal) (G1 Evacuation Pause)
[2021-03-19T13:31:13.227+0600][gc,task     ] GC(744) Using 8 workers of 8 for evacuation
[2021-03-19T13:31:13.231+0600][gc,phases   ] GC(744)   Pre Evacuate Collection Set: 0.1ms
[2021-03-19T13:31:13.231+0600][gc,phases   ] GC(744)   Merge Heap Roots: 0.1ms
[2021-03-19T13:31:13.231+0600][gc,phases   ] GC(744)   Evacuate Collection Set: 2.5ms
[2021-03-19T13:31:13.231+0600][gc,phases   ] GC(744)   Post Evacuate Collection Set: 0.5ms
[2021-03-19T13:31:13.231+0600][gc,phases   ] GC(744)   Other: 0.2ms
[2021-03-19T13:31:13.231+0600][gc,heap     ] GC(744) Eden regions: 611->0(611)
[2021-03-19T13:31:13.231+0600][gc,heap     ] GC(744) Survivor regions: 3->3(77)
[2021-03-19T13:31:13.231+0600][gc,heap     ] GC(744) Old regions: 156->157
[2021-03-19T13:31:13.231+0600][gc,heap     ] GC(744) Archive regions: 2->2
[2021-03-19T13:31:13.231+0600][gc,heap     ] GC(744) Humongous regions: 129->129
[2021-03-19T13:31:13.231+0600][gc,metaspace] GC(744) Metaspace: 40298K(41216K)->40298K(41216K) NonClass: 35975K(36608K)->35975K(36608K) Class: 4323K(4608K)->4323K(4608K)
[2021-03-19T13:31:13.231+0600][gc          ] GC(744) Pause Young (Normal) (G1 Evacuation Pause) 899M->288M(1024M) 3.591ms
[2021-03-19T13:31:13.231+0600][gc,cpu      ] GC(744) User=0.02s Sys=0.00s Real=0.01s
[2021-03-19T13:31:16.026+0600][gc,start    ] GC(745) Pause Young (Normal) (G1 Evacuation Pause)
[2021-03-19T13:31:16.026+0600][gc,task     ] GC(745) Using 8 workers of 8 for evacuation
[2021-03-19T13:31:16.029+0600][gc,phases   ] GC(745)   Pre Evacuate Collection Set: 0.2ms
[2021-03-19T13:31:16.029+0600][gc,phases   ] GC(745)   Merge Heap Roots: 0.1ms
[2021-03-19T13:31:16.029+0600][gc,phases   ] GC(745)   Evacuate Collection Set: 2.6ms
[2021-03-19T13:31:16.029+0600][gc,phases   ] GC(745)   Post Evacuate Collection Set: 0.5ms
[2021-03-19T13:31:16.029+0600][gc,phases   ] GC(745)   Other: 0.2ms
[2021-03-19T13:31:16.029+0600][gc,heap     ] GC(745) Eden regions: 611->0(611)
[2021-03-19T13:31:16.029+0600][gc,heap     ] GC(745) Survivor regions: 3->3(77)
[2021-03-19T13:31:16.029+0600][gc,heap     ] GC(745) Old regions: 157->157
[2021-03-19T13:31:16.029+0600][gc,heap     ] GC(745) Archive regions: 2->2
[2021-03-19T13:31:16.029+0600][gc,heap     ] GC(745) Humongous regions: 129->129
[2021-03-19T13:31:16.029+0600][gc,metaspace] GC(745) Metaspace: 40298K(41216K)->40298K(41216K) NonClass: 35975K(36608K)->35975K(36608K) Class: 4323K(4608K)->4323K(4608K)
[2021-03-19T13:31:16.029+0600][gc          ] GC(745) Pause Young (Normal) (G1 Evacuation Pause) 899M->288M(1024M) 3.674ms
[2021-03-19T13:31:16.029+0600][gc,cpu      ] GC(745) User=0.02s Sys=0.00s Real=0.00s
[2021-03-19T13:31:18.703+0600][gc,start    ] GC(746) Pause Young (Normal) (G1 Evacuation Pause)
[2021-03-19T13:31:18.703+0600][gc,task     ] GC(746) Using 8 workers of 8 for evacuation
[2021-03-19T13:31:18.708+0600][gc,phases   ] GC(746)   Pre Evacuate Collection Set: 0.2ms
[2021-03-19T13:31:18.708+0600][gc,phases   ] GC(746)   Merge Heap Roots: 0.1ms
[2021-03-19T13:31:18.708+0600][gc,phases   ] GC(746)   Evacuate Collection Set: 3.8ms
[2021-03-19T13:31:18.708+0600][gc,phases   ] GC(746)   Post Evacuate Collection Set: 0.6ms
[2021-03-19T13:31:18.708+0600][gc,phases   ] GC(746)   Other: 0.2ms
[2021-03-19T13:31:18.708+0600][gc,heap     ] GC(746) Eden regions: 611->0(611)
[2021-03-19T13:31:18.708+0600][gc,heap     ] GC(746) Survivor regions: 3->3(77)
[2021-03-19T13:31:18.708+0600][gc,heap     ] GC(746) Old regions: 157->157
[2021-03-19T13:31:18.708+0600][gc,heap     ] GC(746) Archive regions: 2->2
[2021-03-19T13:31:18.708+0600][gc,heap     ] GC(746) Humongous regions: 129->129
[2021-03-19T13:31:18.708+0600][gc,metaspace] GC(746) Metaspace: 40298K(41216K)->40298K(41216K) NonClass: 35975K(36608K)->35975K(36608K) Class: 4323K(4608K)->4323K(4608K)
[2021-03-19T13:31:18.708+0600][gc          ] GC(746) Pause Young (Normal) (G1 Evacuation Pause) 899M->289M(1024M) 4.999ms
[2021-03-19T13:31:18.708+0600][gc,cpu      ] GC(746) User=0.02s Sys=0.00s Real=0.00s
[2021-03-19T13:31:21.426+0600][gc,start    ] GC(747) Pause Young (Normal) (G1 Evacuation Pause)
[2021-03-19T13:31:21.426+0600][gc,task     ] GC(747) Using 8 workers of 8 for evacuation
[2021-03-19T13:31:21.430+0600][gc,phases   ] GC(747)   Pre Evacuate Collection Set: 0.1ms
[2021-03-19T13:31:21.430+0600][gc,phases   ] GC(747)   Merge Heap Roots: 0.1ms
[2021-03-19T13:31:21.430+0600][gc,phases   ] GC(747)   Evacuate Collection Set: 2.6ms
[2021-03-19T13:31:21.430+0600][gc,phases   ] GC(747)   Post Evacuate Collection Set: 0.5ms
[2021-03-19T13:31:21.430+0600][gc,phases   ] GC(747)   Other: 0.2ms
[2021-03-19T13:31:21.430+0600][gc,heap     ] GC(747) Eden regions: 611->0(611)
[2021-03-19T13:31:21.430+0600][gc,heap     ] GC(747) Survivor regions: 3->3(77)
[2021-03-19T13:31:21.430+0600][gc,heap     ] GC(747) Old regions: 157->157
[2021-03-19T13:31:21.430+0600][gc,heap     ] GC(747) Archive regions: 2->2
[2021-03-19T13:31:21.430+0600][gc,heap     ] GC(747) Humongous regions: 129->129
[2021-03-19T13:31:21.430+0600][gc,metaspace] GC(747) Metaspace: 40298K(41216K)->40298K(41216K) NonClass: 35975K(36608K)->35975K(36608K) Class: 4323K(4608K)->4323K(4608K)
[2021-03-19T13:31:21.430+0600][gc          ] GC(747) Pause Young (Normal) (G1 Evacuation Pause) 900M->289M(1024M) 3.651ms
[2021-03-19T13:31:21.430+0600][gc,cpu      ] GC(747) User=0.02s Sys=0.00s Real=0.01s
[2021-03-19T13:31:24.150+0600][gc,start    ] GC(748) Pause Young (Normal) (G1 Evacuation Pause)
[2021-03-19T13:31:24.150+0600][gc,task     ] GC(748) Using 8 workers of 8 for evacuation
[2021-03-19T13:31:24.154+0600][gc,phases   ] GC(748)   Pre Evacuate Collection Set: 0.1ms
[2021-03-19T13:31:24.154+0600][gc,phases   ] GC(748)   Merge Heap Roots: 0.1ms
[2021-03-19T13:31:24.154+0600][gc,phases   ] GC(748)   Evacuate Collection Set: 2.9ms
