[2021-03-19T13:42:49.310+0600][gc,phases   ] GC(898)   Post Evacuate Collection Set: 0.8ms
[2021-03-19T13:42:49.310+0600][gc,phases   ] GC(898)   Other: 1.7ms
[2021-03-19T13:42:49.310+0600][gc,heap     ] GC(898) Eden regions: 603->0(603)
[2021-03-19T13:42:49.310+0600][gc,heap     ] GC(898) Survivor regions: 3->3(76)
[2021-03-19T13:42:49.310+0600][gc,heap     ] GC(898) Old regions: 181->181
[2021-03-19T13:42:49.310+0600][gc,heap     ] GC(898) Archive regions: 2->2
[2021-03-19T13:42:49.310+0600][gc,heap     ] GC(898) Humongous regions: 129->129
[2021-03-19T13:42:49.310+0600][gc,metaspace] GC(898) Metaspace: 40303K(41216K)->40303K(41216K) NonClass: 35979K(36608K)->35979K(36608K) Class: 4323K(4608K)->4323K(4608K)
[2021-03-19T13:42:49.310+0600][gc          ] GC(898) Pause Young (Normal) (G1 Evacuation Pause) 915M->313M(1024M) 16.991ms
[2021-03-19T13:42:49.310+0600][gc,cpu      ] GC(898) User=0.03s Sys=0.00s Real=0.02s
[2021-03-19T13:42:55.711+0600][gc,start    ] GC(899) Pause Young (Normal) (G1 Evacuation Pause)
[2021-03-19T13:42:55.711+0600][gc,task     ] GC(899) Using 8 workers of 8 for evacuation
[2021-03-19T13:42:55.714+0600][gc,phases   ] GC(899)   Pre Evacuate Collection Set: 0.1ms
[2021-03-19T13:42:55.714+0600][gc,phases   ] GC(899)   Merge Heap Roots: 0.1ms
[2021-03-19T13:42:55.714+0600][gc,phases   ] GC(899)   Evacuate Collection Set: 2.6ms
[2021-03-19T13:42:55.714+0600][gc,phases   ] GC(899)   Post Evacuate Collection Set: 0.5ms
[2021-03-19T13:42:55.714+0600][gc,phases   ] GC(899)   Other: 0.2ms
[2021-03-19T13:42:55.714+0600][gc,heap     ] GC(899) Eden regions: 603->0(603)
[2021-03-19T13:42:55.714+0600][gc,heap     ] GC(899) Survivor regions: 3->3(76)
[2021-03-19T13:42:55.714+0600][gc,heap     ] GC(899) Old regions: 181->181
[2021-03-19T13:42:55.714+0600][gc,heap     ] GC(899) Archive regions: 2->2
[2021-03-19T13:42:55.714+0600][gc,heap     ] GC(899) Humongous regions: 129->129
[2021-03-19T13:42:55.714+0600][gc,metaspace] GC(899) Metaspace: 40303K(41216K)->40303K(41216K) NonClass: 35979K(36608K)->35979K(36608K) Class: 4323K(4608K)->4323K(4608K)
[2021-03-19T13:42:55.714+0600][gc          ] GC(899) Pause Young (Normal) (G1 Evacuation Pause) 916M->313M(1024M) 3.583ms
[2021-03-19T13:42:55.714+0600][gc,cpu      ] GC(899) User=0.02s Sys=0.00s Real=0.00s
[2021-03-19T13:42:58.413+0600][gc,start    ] GC(900) Pause Young (Normal) (G1 Evacuation Pause)
[2021-03-19T13:42:58.413+0600][gc,task     ] GC(900) Using 8 workers of 8 for evacuation
[2021-03-19T13:42:58.417+0600][gc,phases   ] GC(900)   Pre Evacuate Collection Set: 0.2ms
[2021-03-19T13:42:58.417+0600][gc,phases   ] GC(900)   Merge Heap Roots: 0.2ms
[2021-03-19T13:42:58.417+0600][gc,phases   ] GC(900)   Evacuate Collection Set: 2.8ms
[2021-03-19T13:42:58.417+0600][gc,phases   ] GC(900)   Post Evacuate Collection Set: 0.4ms
[2021-03-19T13:42:58.417+0600][gc,phases   ] GC(900)   Other: 0.6ms
[2021-03-19T13:42:58.417+0600][gc,heap     ] GC(900) Eden regions: 603->0(603)
[2021-03-19T13:42:58.417+0600][gc,heap     ] GC(900) Survivor regions: 3->3(76)
[2021-03-19T13:42:58.417+0600][gc,heap     ] GC(900) Old regions: 181->181
[2021-03-19T13:42:58.417+0600][gc,heap     ] GC(900) Archive regions: 2->2
[2021-03-19T13:42:58.417+0600][gc,heap     ] GC(900) Humongous regions: 129->129
[2021-03-19T13:42:58.417+0600][gc,metaspace] GC(900) Metaspace: 40303K(41216K)->40303K(41216K) NonClass: 35979K(36608K)->35979K(36608K) Class: 4323K(4608K)->4323K(4608K)
[2021-03-19T13:42:58.417+0600][gc          ] GC(900) Pause Young (Normal) (G1 Evacuation Pause) 916M->313M(1024M) 4.249ms
[2021-03-19T13:42:58.417+0600][gc,cpu      ] GC(900) User=0.02s Sys=0.00s Real=0.00s
[2021-03-19T13:43:01.123+0600][gc,start    ] GC(901) Pause Young (Normal) (G1 Evacuation Pause)
[2021-03-19T13:43:01.123+0600][gc,task     ] GC(901) Using 8 workers of 8 for evacuation
[2021-03-19T13:43:01.127+0600][gc,phases   ] GC(901)   Pre Evacuate Collection Set: 0.2ms
[2021-03-19T13:43:01.127+0600][gc,phases   ] GC(901)   Merge Heap Roots: 0.1ms
[2021-03-19T13:43:01.127+0600][gc,phases   ] GC(901)   Evacuate Collection Set: 3.0ms
[2021-03-19T13:43:01.127+0600][gc,phases   ] GC(901)   Post Evacuate Collection Set: 0.5ms
[2021-03-19T13:43:01.127+0600][gc,phases   ] GC(901)   Other: 0.2ms
[2021-03-19T13:43:01.127+0600][gc,heap     ] GC(901) Eden regions: 603->0(603)
[2021-03-19T13:43:01.127+0600][gc,heap     ] GC(901) Survivor regions: 3->3(76)
[2021-03-19T13:43:01.127+0600][gc,heap     ] GC(901) Old regions: 181->181
[2021-03-19T13:43:01.127+0600][gc,heap     ] GC(901) Archive regions: 2->2
[2021-03-19T13:43:01.127+0600][gc,heap     ] GC(901) Humongous regions: 129->129
[2021-03-19T13:43:01.127+0600][gc,metaspace] GC(901) Metaspace: 40303K(41216K)->40303K(41216K) NonClass: 35979K(36608K)->35979K(36608K) Class: 4323K(4608K)->4323K(4608K)
[2021-03-19T13:43:01.127+0600][gc          ] GC(901) Pause Young (Normal) (G1 Evacuation Pause) 916M->313M(1024M) 4.059ms
[2021-03-19T13:43:01.127+0600][gc,cpu      ] GC(901) User=0.02s Sys=0.00s Real=0.00s
[2021-03-19T13:43:03.831+0600][gc,start    ] GC(902) Pause Young (Normal) (G1 Evacuation Pause)
[2021-03-19T13:43:03.831+0600][gc,task     ] GC(902) Using 8 workers of 8 for evacuation
[2021-03-19T13:43:03.835+0600][gc,phases   ] GC(902)   Pre Evacuate Collection Set: 0.2ms
[2021-03-19T13:43:03.835+0600][gc,phases   ] GC(902)   Merge Heap Roots: 0.1ms
[2021-03-19T13:43:03.835+0600][gc,phases   ] GC(902)   Evacuate Collection Set: 3.0ms
[2021-03-19T13:43:03.835+0600][gc,phases   ] GC(902)   Post Evacuate Collection Set: 0.5ms
[2021-03-19T13:43:03.835+0600][gc,phases   ] GC(902)   Other: 0.2ms
[2021-03-19T13:43:03.835+0600][gc,heap     ] GC(902) Eden regions: 603->0(600)
[2021-03-19T13:43:03.835+0600][gc,heap     ] GC(902) Survivor regions: 3->4(76)
[2021-03-19T13:43:03.835+0600][gc,heap     ] GC(902) Old regions: 181->182
[2021-03-19T13:43:03.835+0600][gc,heap     ] GC(902) Archive regions: 2->2
[2021-03-19T13:43:03.835+0600][gc,heap     ] GC(902) Humongous regions: 129->129
[2021-03-19T13:43:03.835+0600][gc,metaspace] GC(902) Metaspace: 40303K(41216K)->40303K(41216K) NonClass: 35979K(36608K)->35979K(36608K) Class: 4323K(4608K)->4323K(4608K)
[2021-03-19T13:43:03.835+0600][gc          ] GC(902) Pause Young (Normal) (G1 Evacuation Pause) 916M->314M(1024M) 4.059ms
[2021-03-19T13:43:03.835+0600][gc,cpu      ] GC(902) User=0.01s Sys=0.00s Real=0.00s
[2021-03-19T13:43:06.541+0600][gc,start    ] GC(903) Pause Young (Normal) (G1 Evacuation Pause)
[2021-03-19T13:43:06.542+0600][gc,task     ] GC(903) Using 8 workers of 8 for evacuation
[2021-03-19T13:43:06.545+0600][gc,phases   ] GC(903)   Pre Evacuate Collection Set: 0.1ms
[2021-03-19T13:43:06.545+0600][gc,phases   ] GC(903)   Merge Heap Roots: 0.1ms
[2021-03-19T13:43:06.545+0600][gc,phases   ] GC(903)   Evacuate Collection Set: 2.5ms
[2021-03-19T13:43:06.545+0600][gc,phases   ] GC(903)   Post Evacuate Collection Set: 0.5ms
[2021-03-19T13:43:06.545+0600][gc,phases   ] GC(903)   Other: 0.2ms
[2021-03-19T13:43:06.545+0600][gc,heap     ] GC(903) Eden regions: 600->0(600)
[2021-03-19T13:43:06.545+0600][gc,heap     ] GC(903) Survivor regions: 4->4(76)
[2021-03-19T13:43:06.545+0600][gc,heap     ] GC(903) Old regions: 182->182
[2021-03-19T13:43:06.545+0600][gc,heap     ] GC(903) Archive regions: 2->2
[2021-03-19T13:43:06.545+0600][gc,heap     ] GC(903) Humongous regions: 129->129
[2021-03-19T13:43:06.545+0600][gc,metaspace] GC(903) Metaspace: 40303K(41216K)->40303K(41216K) NonClass: 35979K(36608K)->35979K(36608K) Class: 4323K(4608K)->4323K(4608K)
[2021-03-19T13:43:06.545+0600][gc          ] GC(903) Pause Young (Normal) (G1 Evacuation Pause) 914M->314M(1024M) 3.478ms
[2021-03-19T13:43:06.545+0600][gc,cpu      ] GC(903) User=0.02s Sys=0.00s Real=0.00s
[2021-03-19T13:43:09.246+0600][gc,start    ] GC(904) Pause Young (Normal) (G1 Evacuation Pause)
[2021-03-19T13:43:09.246+0600][gc,task     ] GC(904) Using 8 workers of 8 for evacuation
[2021-03-19T13:43:09.250+0600][gc,phases   ] GC(904)   Pre Evacuate Collection Set: 0.1ms
[2021-03-19T13:43:09.250+0600][gc,phases   ] GC(904)   Merge Heap Roots: 0.1ms
[2021-03-19T13:43:09.250+0600][gc,phases   ] GC(904)   Evacuate Collection Set: 2.7ms
[2021-03-19T13:43:09.250+0600][gc,phases   ] GC(904)   Post Evacuate Collection Set: 0.5ms
[2021-03-19T13:43:09.250+0600][gc,phases   ] GC(904)   Other: 0.2ms
[2021-03-19T13:43:09.250+0600][gc,heap     ] GC(904) Eden regions: 600->0(600)
[2021-03-19T13:43:09.250+0600][gc,heap     ] GC(904) Survivor regions: 4->4(76)
[2021-03-19T13:43:09.250+0600][gc,heap     ] GC(904) Old regions: 182->182
[2021-03-19T13:43:09.250+0600][gc,heap     ] GC(904) Archive regions: 2->2
[2021-03-19T13:43:09.250+0600][gc,heap     ] GC(904) Humongous regions: 129->129
[2021-03-19T13:43:09.250+0600][gc,metaspace] GC(904) Metaspace: 40303K(41216K)->40303K(41216K) NonClass: 35979K(36608K)->35979K(36608K) Class: 4323K(4608K)->4323K(4608K)
[2021-03-19T13:43:09.250+0600][gc          ] GC(904) Pause Young (Normal) (G1 Evacuation Pause) 914M->314M(1024M) 3.676ms
[2021-03-19T13:43:09.250+0600][gc,cpu      ] GC(904) User=0.02s Sys=0.00s Real=0.01s
[2021-03-19T13:43:11.911+0600][gc,start    ] GC(905) Pause Young (Normal) (G1 Evacuation Pause)
[2021-03-19T13:43:11.911+0600][gc,task     ] GC(905) Using 8 workers of 8 for evacuation
[2021-03-19T13:43:11.915+0600][gc,phases   ] GC(905)   Pre Evacuate Collection Set: 0.2ms
[2021-03-19T13:43:11.915+0600][gc,phases   ] GC(905)   Merge Heap Roots: 0.1ms
[2021-03-19T13:43:11.915+0600][gc,phases   ] GC(905)   Evacuate Collection Set: 2.6ms
[2021-03-19T13:43:11.915+0600][gc,phases   ] GC(905)   Post Evacuate Collection Set: 0.5ms
[2021-03-19T13:43:11.915+0600][gc,phases   ] GC(905)   Other: 0.2ms
[2021-03-19T13:43:11.915+0600][gc,heap     ] GC(905) Eden regions: 600->0(600)
[2021-03-19T13:43:11.915+0600][gc,heap     ] GC(905) Survivor regions: 4->4(76)
[2021-03-19T13:43:11.915+0600][gc,heap     ] GC(905) Old regions: 182->182
[2021-03-19T13:43:11.915+0600][gc,heap     ] GC(905) Archive regions: 2->2
[2021-03-19T13:43:11.915+0600][gc,heap     ] GC(905) Humongous regions: 129->129
[2021-03-19T13:43:11.915+0600][gc,metaspace] GC(905) Metaspace: 40303K(41216K)->40303K(41216K) NonClass: 35979K(36608K)->35979K(36608K) Class: 4323K(4608K)->4323K(4608K)
[2021-03-19T13:43:11.915+0600][gc          ] GC(905) Pause Young (Normal) (G1 Evacuation Pause) 914M->314M(1024M) 3.677ms
[2021-03-19T13:43:11.915+0600][gc,cpu      ] GC(905) User=0.02s Sys=0.00s Real=0.00s
[2021-03-19T13:43:14.617+0600][gc,start    ] GC(906) Pause Young (Normal) (G1 Evacuation Pause)
[2021-03-19T13:43:14.617+0600][gc,task     ] GC(906) Using 8 workers of 8 for evacuation
[2021-03-19T13:43:14.620+0600][gc,phases   ] GC(906)   Pre Evacuate Collection Set: 0.2ms
[2021-03-19T13:43:14.621+0600][gc,phases   ] GC(906)   Merge Heap Roots: 0.1ms
[2021-03-19T13:43:14.621+0600][gc,phases   ] GC(906)   Evacuate Collection Set: 2.8ms
[2021-03-19T13:43:14.621+0600][gc,phases   ] GC(906)   Post Evacuate Collection Set: 0.6ms
[2021-03-19T13:43:14.621+0600][gc,phases   ] GC(906)   Other: 0.2ms
[2021-03-19T13:43:14.621+0600][gc,heap     ] GC(906) Eden regions: 600->0(600)
[2021-03-19T13:43:14.621+0600][gc,heap     ] GC(906) Survivor regions: 4->4(76)
[2021-03-19T13:43:14.621+0600][gc,heap     ] GC(906) Old regions: 182->182
[2021-03-19T13:43:14.621+0600][gc,heap     ] GC(906) Archive regions: 2->2
[2021-03-19T13:43:14.621+0600][gc,heap     ] GC(906) Humongous regions: 129->129
[2021-03-19T13:43:14.621+0600][gc,metaspace] GC(906) Metaspace: 40303K(41216K)->40303K(41216K) NonClass: 35979K(36608K)->35979K(36608K) Class: 4323K(4608K)->4323K(4608K)
[2021-03-19T13:43:14.621+0600][gc          ] GC(906) Pause Young (Normal) (G1 Evacuation Pause) 914M->314M(1024M) 3.867ms
[2021-03-19T13:43:14.621+0600][gc,cpu      ] GC(906) User=0.02s Sys=0.00s Real=0.01s
[2021-03-19T13:43:17.400+0600][gc,start    ] GC(907) Pause Young (Normal) (G1 Evacuation Pause)
[2021-03-19T13:43:17.400+0600][gc,task     ] GC(907) Using 8 workers of 8 for evacuation
[2021-03-19T13:43:17.404+0600][gc,phases   ] GC(907)   Pre Evacuate Collection Set: 0.1ms
[2021-03-19T13:43:17.404+0600][gc,phases   ] GC(907)   Merge Heap Roots: 0.1ms
[2021-03-19T13:43:17.404+0600][gc,phases   ] GC(907)   Evacuate Collection Set: 2.7ms
[2021-03-19T13:43:17.404+0600][gc,phases   ] GC(907)   Post Evacuate Collection Set: 0.4ms
[2021-03-19T13:43:17.404+0600][gc,phases   ] GC(907)   Other: 0.2ms
[2021-03-19T13:43:17.404+0600][gc,heap     ] GC(907) Eden regions: 600->0(600)
[2021-03-19T13:43:17.404+0600][gc,heap     ] GC(907) Survivor regions: 4->4(76)
[2021-03-19T13:43:17.404+0600][gc,heap     ] GC(907) Old regions: 182->182
[2021-03-19T13:43:17.404+0600][gc,heap     ] GC(907) Archive regions: 2->2
[2021-03-19T13:43:17.404+0600][gc,heap     ] GC(907) Humongous regions: 129->129
[2021-03-19T13:43:17.404+0600][gc,metaspace] GC(907) Metaspace: 40303K(41216K)->40303K(41216K) NonClass: 35979K(36608K)->35979K(36608K) Class: 4323K(4608K)->4323K(4608K)
[2021-03-19T13:43:17.404+0600][gc          ] GC(907) Pause Young (Normal) (G1 Evacuation Pause) 914M->315M(1024M) 3.638ms
[2021-03-19T13:43:17.404+0600][gc,cpu      ] GC(907) User=0.02s Sys=0.00s Real=0.00s
[2021-03-19T13:43:20.142+0600][gc,start    ] GC(908) Pause Young (Normal) (G1 Evacuation Pause)
[2021-03-19T13:43:20.142+0600][gc,task     ] GC(908) Using 8 workers of 8 for evacuation
[2021-03-19T13:43:20.146+0600][gc,phases   ] GC(908)   Pre Evacuate Collection Set: 0.2ms
[2021-03-19T13:43:20.146+0600][gc,phases   ] GC(908)   Merge Heap Roots: 0.1ms
[2021-03-19T13:43:20.146+0600][gc,phases   ] GC(908)   Evacuate Collection Set: 2.9ms
[2021-03-19T13:43:20.146+0600][gc,phases   ] GC(908)   Post Evacuate Collection Set: 0.6ms
[2021-03-19T13:43:20.146+0600][gc,phases   ] GC(908)   Other: 0.2ms
[2021-03-19T13:43:20.146+0600][gc,heap     ] GC(908) Eden regions: 600->0(599)
[2021-03-19T13:43:20.146+0600][gc,heap     ] GC(908) Survivor regions: 4->4(76)
[2021-03-19T13:43:20.146+0600][gc,heap     ] GC(908) Old regions: 182->183
[2021-03-19T13:43:20.146+0600][gc,heap     ] GC(908) Archive regions: 2->2
[2021-03-19T13:43:20.146+0600][gc,heap     ] GC(908) Humongous regions: 129->129
[2021-03-19T13:43:20.146+0600][gc,metaspace] GC(908) Metaspace: 40303K(41216K)->40303K(41216K) NonClass: 35979K(36608K)->35979K(36608K) Class: 4323K(4608K)->4323K(4608K)
[2021-03-19T13:43:20.146+0600][gc          ] GC(908) Pause Young (Normal) (G1 Evacuation Pause) 915M->315M(1024M) 3.986ms
[2021-03-19T13:43:20.146+0600][gc,cpu      ] GC(908) User=0.02s Sys=0.00s Real=0.00s
[2021-03-19T13:43:22.975+0600][gc,start    ] GC(909) Pause Young (Normal) (G1 Evacuation Pause)
[2021-03-19T13:43:22.975+0600][gc,task     ] GC(909) Using 8 workers of 8 for evacuation
[2021-03-19T13:43:22.978+0600][gc,phases   ] GC(909)   Pre Evacuate Collection Set: 0.2ms
[2021-03-19T13:43:22.978+0600][gc,phases   ] GC(909)   Merge Heap Roots: 0.1ms
[2021-03-19T13:43:22.978+0600][gc,phases   ] GC(909)   Evacuate Collection Set: 2.7ms
[2021-03-19T13:43:22.978+0600][gc,phases   ] GC(909)   Post Evacuate Collection Set: 0.5ms
[2021-03-19T13:43:22.978+0600][gc,phases   ] GC(909)   Other: 0.2ms
[2021-03-19T13:43:22.978+0600][gc,heap     ] GC(909) Eden regions: 599->0(599)
[2021-03-19T13:43:22.978+0600][gc,heap     ] GC(909) Survivor regions: 4->4(76)
[2021-03-19T13:43:22.978+0600][gc,heap     ] GC(909) Old regions: 183->183
[2021-03-19T13:43:22.978+0600][gc,heap     ] GC(909) Archive regions: 2->2
[2021-03-19T13:43:22.978+0600][gc,heap     ] GC(909) Humongous regions: 129->129
[2021-03-19T13:43:22.979+0600][gc,metaspace] GC(909) Metaspace: 40303K(41216K)->40303K(41216K) NonClass: 35979K(36608K)->35979K(36608K) Class: 4323K(4608K)->4323K(4608K)
[2021-03-19T13:43:22.979+0600][gc          ] GC(909) Pause Young (Normal) (G1 Evacuation Pause) 914M->315M(1024M) 3.714ms
[2021-03-19T13:43:22.979+0600][gc,cpu      ] GC(909) User=0.02s Sys=0.00s Real=0.00s
[2021-03-19T13:43:25.725+0600][gc,start    ] GC(910) Pause Young (Normal) (G1 Evacuation Pause)
[2021-03-19T13:43:25.725+0600][gc,task     ] GC(910) Using 8 workers of 8 for evacuation
[2021-03-19T13:43:25.729+0600][gc,phases   ] GC(910)   Pre Evacuate Collection Set: 0.2ms
[2021-03-19T13:43:25.729+0600][gc,phases   ] GC(910)   Merge Heap Roots: 0.1ms
[2021-03-19T13:43:25.729+0600][gc,phases   ] GC(910)   Evacuate Collection Set: 2.6ms
[2021-03-19T13:43:25.729+0600][gc,phases   ] GC(910)   Post Evacuate Collection Set: 0.5ms
[2021-03-19T13:43:25.729+0600][gc,phases   ] GC(910)   Other: 0.1ms
[2021-03-19T13:43:25.729+0600][gc,heap     ] GC(910) Eden regions: 599->0(599)
[2021-03-19T13:43:25.729+0600][gc,heap     ] GC(910) Survivor regions: 4->4(76)
[2021-03-19T13:43:25.729+0600][gc,heap     ] GC(910) Old regions: 183->183
[2021-03-19T13:43:25.729+0600][gc,heap     ] GC(910) Archive regions: 2->2
[2021-03-19T13:43:25.729+0600][gc,heap     ] GC(910) Humongous regions: 129->129
[2021-03-19T13:43:25.729+0600][gc,metaspace] GC(910) Metaspace: 40303K(41216K)->40303K(41216K) NonClass: 35979K(36608K)->35979K(36608K) Class: 4323K(4608K)->4323K(4608K)
[2021-03-19T13:43:25.729+0600][gc          ] GC(910) Pause Young (Normal) (G1 Evacuation Pause) 914M->315M(1024M) 3.705ms
[2021-03-19T13:43:25.729+0600][gc,cpu      ] GC(910) User=0.02s Sys=0.00s Real=0.00s
[2021-03-19T13:43:28.453+0600][gc,start    ] GC(911) Pause Young (Normal) (G1 Evacuation Pause)
[2021-03-19T13:43:28.453+0600][gc,task     ] GC(911) Using 8 workers of 8 for evacuation
[2021-03-19T13:43:28.457+0600][gc,phases   ] GC(911)   Pre Evacuate Collection Set: 0.1ms
[2021-03-19T13:43:28.457+0600][gc,phases   ] GC(911)   Merge Heap Roots: 0.1ms
[2021-03-19T13:43:28.457+0600][gc,phases   ] GC(911)   Evacuate Collection Set: 2.7ms
[2021-03-19T13:43:28.457+0600][gc,phases   ] GC(911)   Post Evacuate Collection Set: 0.6ms
[2021-03-19T13:43:28.457+0600][gc,phases   ] GC(911)   Other: 0.2ms
[2021-03-19T13:43:28.457+0600][gc,heap     ] GC(911) Eden regions: 599->0(599)
[2021-03-19T13:43:28.457+0600][gc,heap     ] GC(911) Survivor regions: 4->4(76)
[2021-03-19T13:43:28.457+0600][gc,heap     ] GC(911) Old regions: 183->183
[2021-03-19T13:43:28.457+0600][gc,heap     ] GC(911) Archive regions: 2->2
[2021-03-19T13:43:28.457+0600][gc,heap     ] GC(911) Humongous regions: 129->129
[2021-03-19T13:43:28.457+0600][gc,metaspace] GC(911) Metaspace: 40303K(41216K)->40303K(41216K) NonClass: 35979K(36608K)->35979K(36608K) Class: 4323K(4608K)->4323K(4608K)
[2021-03-19T13:43:28.457+0600][gc          ] GC(911) Pause Young (Normal) (G1 Evacuation Pause) 914M->315M(1024M) 3.815ms
[2021-03-19T13:43:28.457+0600][gc,cpu      ] GC(911) User=0.02s Sys=0.00s Real=0.00s
[2021-03-19T13:43:31.190+0600][gc,start    ] GC(912) Pause Young (Normal) (G1 Evacuation Pause)
[2021-03-19T13:43:31.190+0600][gc,task     ] GC(912) Using 8 workers of 8 for evacuation
[2021-03-19T13:43:31.194+0600][gc,phases   ] GC(912)   Pre Evacuate Collection Set: 0.2ms
[2021-03-19T13:43:31.194+0600][gc,phases   ] GC(912)   Merge Heap Roots: 0.1ms
[2021-03-19T13:43:31.194+0600][gc,phases   ] GC(912)   Evacuate Collection Set: 2.9ms
[2021-03-19T13:43:31.194+0600][gc,phases   ] GC(912)   Post Evacuate Collection Set: 0.6ms
[2021-03-19T13:43:31.194+0600][gc,phases   ] GC(912)   Other: 0.2ms
[2021-03-19T13:43:31.194+0600][gc,heap     ] GC(912) Eden regions: 599->0(599)
[2021-03-19T13:43:31.194+0600][gc,heap     ] GC(912) Survivor regions: 4->4(76)
[2021-03-19T13:43:31.194+0600][gc,heap     ] GC(912) Old regions: 183->183
[2021-03-19T13:43:31.194+0600][gc,heap     ] GC(912) Archive regions: 2->2
[2021-03-19T13:43:31.194+0600][gc,heap     ] GC(912) Humongous regions: 129->129
[2021-03-19T13:43:31.194+0600][gc,metaspace] GC(912) Metaspace: 40303K(41216K)->40303K(41216K) NonClass: 35979K(36608K)->35979K(36608K) Class: 4323K(4608K)->4323K(4608K)
[2021-03-19T13:43:31.194+0600][gc          ] GC(912) Pause Young (Normal) (G1 Evacuation Pause) 914M->315M(1024M) 4.032ms
[2021-03-19T13:43:31.194+0600][gc,cpu      ] GC(912) User=0.02s Sys=0.00s Real=0.00s
[2021-03-19T13:43:33.865+0600][gc,start    ] GC(913) Pause Young (Normal) (G1 Evacuation Pause)
[2021-03-19T13:43:33.865+0600][gc,task     ] GC(913) Using 8 workers of 8 for evacuation
[2021-03-19T13:43:33.868+0600][gc,phases   ] GC(913)   Pre Evacuate Collection Set: 0.2ms
[2021-03-19T13:43:33.868+0600][gc,phases   ] GC(913)   Merge Heap Roots: 0.1ms
[2021-03-19T13:43:33.868+0600][gc,phases   ] GC(913)   Evacuate Collection Set: 2.7ms
[2021-03-19T13:43:33.868+0600][gc,phases   ] GC(913)   Post Evacuate Collection Set: 0.5ms
[2021-03-19T13:43:33.868+0600][gc,phases   ] GC(913)   Other: 0.2ms
[2021-03-19T13:43:33.868+0600][gc,heap     ] GC(913) Eden regions: 599->0(598)
[2021-03-19T13:43:33.868+0600][gc,heap     ] GC(913) Survivor regions: 4->4(76)
[2021-03-19T13:43:33.868+0600][gc,heap     ] GC(913) Old regions: 183->184
[2021-03-19T13:43:33.868+0600][gc,heap     ] GC(913) Archive regions: 2->2
[2021-03-19T13:43:33.868+0600][gc,heap     ] GC(913) Humongous regions: 129->129
[2021-03-19T13:43:33.868+0600][gc,metaspace] GC(913) Metaspace: 40303K(41216K)->40303K(41216K) NonClass: 35979K(36608K)->35979K(36608K) Class: 4323K(4608K)->4323K(4608K)
[2021-03-19T13:43:33.868+0600][gc          ] GC(913) Pause Young (Normal) (G1 Evacuation Pause) 914M->315M(1024M) 3.822ms
[2021-03-19T13:43:33.868+0600][gc,cpu      ] GC(913) User=0.02s Sys=0.00s Real=0.00s
[2021-03-19T13:43:36.532+0600][gc,start    ] GC(914) Pause Young (Normal) (G1 Evacuation Pause)
[2021-03-19T13:43:36.532+0600][gc,task     ] GC(914) Using 8 workers of 8 for evacuation
[2021-03-19T13:43:36.535+0600][gc,phases   ] GC(914)   Pre Evacuate Collection Set: 0.2ms
[2021-03-19T13:43:36.535+0600][gc,phases   ] GC(914)   Merge Heap Roots: 0.1ms
[2021-03-19T13:43:36.535+0600][gc,phases   ] GC(914)   Evacuate Collection Set: 2.6ms
[2021-03-19T13:43:36.535+0600][gc,phases   ] GC(914)   Post Evacuate Collection Set: 0.6ms
[2021-03-19T13:43:36.535+0600][gc,phases   ] GC(914)   Other: 0.2ms
[2021-03-19T13:43:36.536+0600][gc,heap     ] GC(914) Eden regions: 598->0(600)
[2021-03-19T13:43:36.536+0600][gc,heap     ] GC(914) Survivor regions: 4->3(76)
[2021-03-19T13:43:36.536+0600][gc,heap     ] GC(914) Old regions: 184->184
[2021-03-19T13:43:36.536+0600][gc,heap     ] GC(914) Archive regions: 2->2
[2021-03-19T13:43:36.536+0600][gc,heap     ] GC(914) Humongous regions: 129->129
[2021-03-19T13:43:36.536+0600][gc,metaspace] GC(914) Metaspace: 40303K(41216K)->40303K(41216K) NonClass: 35979K(36608K)->35979K(36608K) Class: 4323K(4608K)->4323K(4608K)
[2021-03-19T13:43:36.536+0600][gc          ] GC(914) Pause Young (Normal) (G1 Evacuation Pause) 913M->316M(1024M) 3.773ms
[2021-03-19T13:43:36.536+0600][gc,cpu      ] GC(914) User=0.02s Sys=0.00s Real=0.00s
[2021-03-19T13:43:39.268+0600][gc,start    ] GC(915) Pause Young (Normal) (G1 Evacuation Pause)
[2021-03-19T13:43:39.268+0600][gc,task     ] GC(915) Using 8 workers of 8 for evacuation
[2021-03-19T13:43:39.271+0600][gc,phases   ] GC(915)   Pre Evacuate Collection Set: 0.1ms
[2021-03-19T13:43:39.271+0600][gc,phases   ] GC(915)   Merge Heap Roots: 0.1ms
[2021-03-19T13:43:39.271+0600][gc,phases   ] GC(915)   Evacuate Collection Set: 2.7ms
[2021-03-19T13:43:39.271+0600][gc,phases   ] GC(915)   Post Evacuate Collection Set: 0.4ms
[2021-03-19T13:43:39.271+0600][gc,phases   ] GC(915)   Other: 0.2ms
[2021-03-19T13:43:39.271+0600][gc,heap     ] GC(915) Eden regions: 600->0(600)
[2021-03-19T13:43:39.271+0600][gc,heap     ] GC(915) Survivor regions: 3->3(76)
[2021-03-19T13:43:39.271+0600][gc,heap     ] GC(915) Old regions: 184->184
[2021-03-19T13:43:39.271+0600][gc,heap     ] GC(915) Archive regions: 2->2
[2021-03-19T13:43:39.271+0600][gc,heap     ] GC(915) Humongous regions: 129->129
[2021-03-19T13:43:39.271+0600][gc,metaspace] GC(915) Metaspace: 40303K(41216K)->40303K(41216K) NonClass: 35979K(36608K)->35979K(36608K) Class: 4323K(4608K)->4323K(4608K)
[2021-03-19T13:43:39.271+0600][gc          ] GC(915) Pause Young (Normal) (G1 Evacuation Pause) 916M->316M(1024M) 3.614ms
[2021-03-19T13:43:39.271+0600][gc,cpu      ] GC(915) User=0.02s Sys=0.00s Real=0.01s
[2021-03-19T13:43:42.025+0600][gc,start    ] GC(916) Pause Young (Normal) (G1 Evacuation Pause)
[2021-03-19T13:43:42.025+0600][gc,task     ] GC(916) Using 8 workers of 8 for evacuation
[2021-03-19T13:43:42.028+0600][gc,phases   ] GC(916)   Pre Evacuate Collection Set: 0.1ms
[2021-03-19T13:43:42.028+0600][gc,phases   ] GC(916)   Merge Heap Roots: 0.1ms
[2021-03-19T13:43:42.028+0600][gc,phases   ] GC(916)   Evacuate Collection Set: 2.5ms
[2021-03-19T13:43:42.028+0600][gc,phases   ] GC(916)   Post Evacuate Collection Set: 0.5ms
[2021-03-19T13:43:42.028+0600][gc,phases   ] GC(916)   Other: 0.2ms
[2021-03-19T13:43:42.028+0600][gc,heap     ] GC(916) Eden regions: 600->0(600)
[2021-03-19T13:43:42.028+0600][gc,heap     ] GC(916) Survivor regions: 3->3(76)
[2021-03-19T13:43:42.028+0600][gc,heap     ] GC(916) Old regions: 184->184
[2021-03-19T13:43:42.028+0600][gc,heap     ] GC(916) Archive regions: 2->2
[2021-03-19T13:43:42.028+0600][gc,heap     ] GC(916) Humongous regions: 129->129
[2021-03-19T13:43:42.028+0600][gc,metaspace] GC(916) Metaspace: 40303K(41216K)->40303K(41216K) NonClass: 35979K(36608K)->35979K(36608K) Class: 4323K(4608K)->4323K(4608K)
[2021-03-19T13:43:42.028+0600][gc          ] GC(916) Pause Young (Normal) (G1 Evacuation Pause) 916M->316M(1024M) 3.475ms
[2021-03-19T13:43:42.028+0600][gc,cpu      ] GC(916) User=0.02s Sys=0.00s Real=0.00s
[2021-03-19T13:43:44.739+0600][gc,start    ] GC(917) Pause Young (Normal) (G1 Evacuation Pause)
[2021-03-19T13:43:44.739+0600][gc,task     ] GC(917) Using 8 workers of 8 for evacuation
[2021-03-19T13:43:44.743+0600][gc,phases   ] GC(917)   Pre Evacuate Collection Set: 0.2ms
[2021-03-19T13:43:44.743+0600][gc,phases   ] GC(917)   Merge Heap Roots: 0.1ms
[2021-03-19T13:43:44.743+0600][gc,phases   ] GC(917)   Evacuate Collection Set: 2.5ms
[2021-03-19T13:43:44.743+0600][gc,phases   ] GC(917)   Post Evacuate Collection Set: 0.6ms
[2021-03-19T13:43:44.743+0600][gc,phases   ] GC(917)   Other: 0.2ms
[2021-03-19T13:43:44.743+0600][gc,heap     ] GC(917) Eden regions: 600->0(599)
[2021-03-19T13:43:44.743+0600][gc,heap     ] GC(917) Survivor regions: 3->3(76)
[2021-03-19T13:43:44.743+0600][gc,heap     ] GC(917) Old regions: 184->185
[2021-03-19T13:43:44.743+0600][gc,heap     ] GC(917) Archive regions: 2->2
[2021-03-19T13:43:44.743+0600][gc,heap     ] GC(917) Humongous regions: 129->129
[2021-03-19T13:43:44.743+0600][gc,metaspace] GC(917) Metaspace: 40303K(41216K)->40303K(41216K) NonClass: 35979K(36608K)->35979K(36608K) Class: 4323K(4608K)->4323K(4608K)
[2021-03-19T13:43:44.743+0600][gc          ] GC(917) Pause Young (Normal) (G1 Evacuation Pause) 916M->316M(1024M) 3.594ms
[2021-03-19T13:43:44.743+0600][gc,cpu      ] GC(917) User=0.02s Sys=0.00s Real=0.01s
[2021-03-19T13:43:47.472+0600][gc,start    ] GC(918) Pause Young (Normal) (G1 Evacuation Pause)
[2021-03-19T13:43:47.472+0600][gc,task     ] GC(918) Using 8 workers of 8 for evacuation
[2021-03-19T13:43:47.477+0600][gc,phases   ] GC(918)   Pre Evacuate Collection Set: 0.1ms
[2021-03-19T13:43:47.477+0600][gc,phases   ] GC(918)   Merge Heap Roots: 0.1ms
[2021-03-19T13:43:47.477+0600][gc,phases   ] GC(918)   Evacuate Collection Set: 3.5ms
[2021-03-19T13:43:47.477+0600][gc,phases   ] GC(918)   Post Evacuate Collection Set: 0.5ms
[2021-03-19T13:43:47.477+0600][gc,phases   ] GC(918)   Other: 0.2ms
[2021-03-19T13:43:47.477+0600][gc,heap     ] GC(918) Eden regions: 599->0(599)
[2021-03-19T13:43:47.477+0600][gc,heap     ] GC(918) Survivor regions: 3->3(76)
[2021-03-19T13:43:47.477+0600][gc,heap     ] GC(918) Old regions: 185->185
[2021-03-19T13:43:47.477+0600][gc,heap     ] GC(918) Archive regions: 2->2
[2021-03-19T13:43:47.477+0600][gc,heap     ] GC(918) Humongous regions: 129->129
[2021-03-19T13:43:47.477+0600][gc,metaspace] GC(918) Metaspace: 40303K(41216K)->40303K(41216K) NonClass: 35979K(36608K)->35979K(36608K) Class: 4323K(4608K)->4323K(4608K)
[2021-03-19T13:43:47.477+0600][gc          ] GC(918) Pause Young (Normal) (G1 Evacuation Pause) 915M->316M(1024M) 4.389ms
[2021-03-19T13:43:47.477+0600][gc,cpu      ] GC(918) User=0.02s Sys=0.00s Real=0.00s
[2021-03-19T13:43:50.276+0600][gc,start    ] GC(919) Pause Young (Normal) (G1 Evacuation Pause)
[2021-03-19T13:43:50.276+0600][gc,task     ] GC(919) Using 8 workers of 8 for evacuation
[2021-03-19T13:43:50.279+0600][gc,phases   ] GC(919)   Pre Evacuate Collection Set: 0.2ms
[2021-03-19T13:43:50.279+0600][gc,phases   ] GC(919)   Merge Heap Roots: 0.1ms
[2021-03-19T13:43:50.279+0600][gc,phases   ] GC(919)   Evacuate Collection Set: 2.7ms
[2021-03-19T13:43:50.279+0600][gc,phases   ] GC(919)   Post Evacuate Collection Set: 0.4ms
[2021-03-19T13:43:50.279+0600][gc,phases   ] GC(919)   Other: 0.1ms
[2021-03-19T13:43:50.279+0600][gc,heap     ] GC(919) Eden regions: 599->0(599)
[2021-03-19T13:43:50.279+0600][gc,heap     ] GC(919) Survivor regions: 3->3(76)
[2021-03-19T13:43:50.279+0600][gc,heap     ] GC(919) Old regions: 185->185
[2021-03-19T13:43:50.279+0600][gc,heap     ] GC(919) Archive regions: 2->2
[2021-03-19T13:43:50.279+0600][gc,heap     ] GC(919) Humongous regions: 129->129
[2021-03-19T13:43:50.279+0600][gc,metaspace] GC(919) Metaspace: 40303K(41216K)->40303K(41216K) NonClass: 35979K(36608K)->35979K(36608K) Class: 4323K(4608K)->4323K(4608K)
[2021-03-19T13:43:50.279+0600][gc          ] GC(919) Pause Young (Normal) (G1 Evacuation Pause) 915M->316M(1024M) 3.705ms
[2021-03-19T13:43:50.279+0600][gc,cpu      ] GC(919) User=0.02s Sys=0.01s Real=0.00s
[2021-03-19T13:43:52.963+0600][gc,start    ] GC(920) Pause Young (Normal) (G1 Evacuation Pause)
[2021-03-19T13:43:52.963+0600][gc,task     ] GC(920) Using 8 workers of 8 for evacuation
[2021-03-19T13:43:52.967+0600][gc,phases   ] GC(920)   Pre Evacuate Collection Set: 0.2ms
[2021-03-19T13:43:52.967+0600][gc,phases   ] GC(920)   Merge Heap Roots: 0.1ms
[2021-03-19T13:43:52.967+0600][gc,phases   ] GC(920)   Evacuate Collection Set: 2.7ms
[2021-03-19T13:43:52.967+0600][gc,phases   ] GC(920)   Post Evacuate Collection Set: 0.6ms
[2021-03-19T13:43:52.967+0600][gc,phases   ] GC(920)   Other: 0.2ms
[2021-03-19T13:43:52.967+0600][gc,heap     ] GC(920) Eden regions: 599->0(599)
[2021-03-19T13:43:52.967+0600][gc,heap     ] GC(920) Survivor regions: 3->3(76)
[2021-03-19T13:43:52.967+0600][gc,heap     ] GC(920) Old regions: 185->185
[2021-03-19T13:43:52.967+0600][gc,heap     ] GC(920) Archive regions: 2->2
[2021-03-19T13:43:52.967+0600][gc,heap     ] GC(920) Humongous regions: 129->129
[2021-03-19T13:43:52.967+0600][gc,metaspace] GC(920) Metaspace: 40303K(41216K)->40303K(41216K) NonClass: 35979K(36608K)->35979K(36608K) Class: 4323K(4608K)->4323K(4608K)
[2021-03-19T13:43:52.967+0600][gc          ] GC(920) Pause Young (Normal) (G1 Evacuation Pause) 915M->317M(1024M) 3.806ms
[2021-03-19T13:43:52.967+0600][gc,cpu      ] GC(920) User=0.02s Sys=0.00s Real=0.00s
[2021-03-19T13:43:55.681+0600][gc,start    ] GC(921) Pause Young (Normal) (G1 Evacuation Pause)
[2021-03-19T13:43:55.681+0600][gc,task     ] GC(921) Using 8 workers of 8 for evacuation
[2021-03-19T13:43:55.684+0600][gc,phases   ] GC(921)   Pre Evacuate Collection Set: 0.1ms
[2021-03-19T13:43:55.684+0600][gc,phases   ] GC(921)   Merge Heap Roots: 0.1ms
[2021-03-19T13:43:55.684+0600][gc,phases   ] GC(921)   Evacuate Collection Set: 2.5ms
[2021-03-19T13:43:55.684+0600][gc,phases   ] GC(921)   Post Evacuate Collection Set: 0.4ms
[2021-03-19T13:43:55.684+0600][gc,phases   ] GC(921)   Other: 0.1ms
[2021-03-19T13:43:55.684+0600][gc,heap     ] GC(921) Eden regions: 599->0(598)
[2021-03-19T13:43:55.684+0600][gc,heap     ] GC(921) Survivor regions: 3->3(76)
[2021-03-19T13:43:55.684+0600][gc,heap     ] GC(921) Old regions: 185->186
[2021-03-19T13:43:55.684+0600][gc,heap     ] GC(921) Archive regions: 2->2
[2021-03-19T13:43:55.684+0600][gc,heap     ] GC(921) Humongous regions: 129->129
[2021-03-19T13:43:55.684+0600][gc,metaspace] GC(921) Metaspace: 40303K(41216K)->40303K(41216K) NonClass: 35979K(36608K)->35979K(36608K) Class: 4323K(4608K)->4323K(4608K)
[2021-03-19T13:43:55.684+0600][gc          ] GC(921) Pause Young (Normal) (G1 Evacuation Pause) 916M->317M(1024M) 3.347ms
[2021-03-19T13:43:55.684+0600][gc,cpu      ] GC(921) User=0.02s Sys=0.00s Real=0.00s
[2021-03-19T13:43:58.482+0600][gc,start    ] GC(922) Pause Young (Normal) (G1 Evacuation Pause)
[2021-03-19T13:43:58.482+0600][gc,task     ] GC(922) Using 8 workers of 8 for evacuation
[2021-03-19T13:43:58.485+0600][gc,phases   ] GC(922)   Pre Evacuate Collection Set: 0.2ms
[2021-03-19T13:43:58.485+0600][gc,phases   ] GC(922)   Merge Heap Roots: 0.1ms
[2021-03-19T13:43:58.485+0600][gc,phases   ] GC(922)   Evacuate Collection Set: 2.5ms
[2021-03-19T13:43:58.485+0600][gc,phases   ] GC(922)   Post Evacuate Collection Set: 0.4ms
[2021-03-19T13:43:58.485+0600][gc,phases   ] GC(922)   Other: 0.1ms
[2021-03-19T13:43:58.485+0600][gc,heap     ] GC(922) Eden regions: 598->0(598)
[2021-03-19T13:43:58.485+0600][gc,heap     ] GC(922) Survivor regions: 3->3(76)
[2021-03-19T13:43:58.485+0600][gc,heap     ] GC(922) Old regions: 186->186
[2021-03-19T13:43:58.485+0600][gc,heap     ] GC(922) Archive regions: 2->2
[2021-03-19T13:43:58.485+0600][gc,heap     ] GC(922) Humongous regions: 129->129
[2021-03-19T13:43:58.485+0600][gc,metaspace] GC(922) Metaspace: 40303K(41216K)->40303K(41216K) NonClass: 35979K(36608K)->35979K(36608K) Class: 4323K(4608K)->4323K(4608K)
[2021-03-19T13:43:58.485+0600][gc          ] GC(922) Pause Young (Normal) (G1 Evacuation Pause) 915M->317M(1024M) 3.431ms
[2021-03-19T13:43:58.485+0600][gc,cpu      ] GC(922) User=0.02s Sys=0.01s Real=0.00s
[2021-03-19T13:44:01.115+0600][gc,start    ] GC(923) Pause Young (Normal) (G1 Evacuation Pause)
[2021-03-19T13:44:01.115+0600][gc,task     ] GC(923) Using 8 workers of 8 for evacuation
[2021-03-19T13:44:01.118+0600][gc,phases   ] GC(923)   Pre Evacuate Collection Set: 0.1ms
[2021-03-19T13:44:01.118+0600][gc,phases   ] GC(923)   Merge Heap Roots: 0.1ms
[2021-03-19T13:44:01.118+0600][gc,phases   ] GC(923)   Evacuate Collection Set: 2.1ms
[2021-03-19T13:44:01.118+0600][gc,phases   ] GC(923)   Post Evacuate Collection Set: 0.4ms
[2021-03-19T13:44:01.118+0600][gc,phases   ] GC(923)   Other: 0.2ms
[2021-03-19T13:44:01.118+0600][gc,heap     ] GC(923) Eden regions: 598->0(598)
[2021-03-19T13:44:01.118+0600][gc,heap     ] GC(923) Survivor regions: 3->3(76)
[2021-03-19T13:44:01.118+0600][gc,heap     ] GC(923) Old regions: 186->186
[2021-03-19T13:44:01.118+0600][gc,heap     ] GC(923) Archive regions: 2->2
[2021-03-19T13:44:01.118+0600][gc,heap     ] GC(923) Humongous regions: 129->129
[2021-03-19T13:44:01.118+0600][gc,metaspace] GC(923) Metaspace: 40303K(41216K)->40303K(41216K) NonClass: 35979K(36608K)->35979K(36608K) Class: 4323K(4608K)->4323K(4608K)
[2021-03-19T13:44:01.118+0600][gc          ] GC(923) Pause Young (Normal) (G1 Evacuation Pause) 915M->317M(1024M) 2.999ms
[2021-03-19T13:44:01.118+0600][gc,cpu      ] GC(923) User=0.02s Sys=0.00s Real=0.00s
[2021-03-19T13:44:03.838+0600][gc,start    ] GC(924) Pause Young (Normal) (G1 Evacuation Pause)
[2021-03-19T13:44:03.838+0600][gc,task     ] GC(924) Using 8 workers of 8 for evacuation
[2021-03-19T13:44:03.841+0600][gc,phases   ] GC(924)   Pre Evacuate Collection Set: 0.2ms
[2021-03-19T13:44:03.841+0600][gc,phases   ] GC(924)   Merge Heap Roots: 0.1ms
[2021-03-19T13:44:03.841+0600][gc,phases   ] GC(924)   Evacuate Collection Set: 2.4ms
[2021-03-19T13:44:03.841+0600][gc,phases   ] GC(924)   Post Evacuate Collection Set: 0.4ms
[2021-03-19T13:44:03.841+0600][gc,phases   ] GC(924)   Other: 0.2ms
[2021-03-19T13:44:03.841+0600][gc,heap     ] GC(924) Eden regions: 598->0(598)
[2021-03-19T13:44:03.841+0600][gc,heap     ] GC(924) Survivor regions: 3->3(76)
[2021-03-19T13:44:03.841+0600][gc,heap     ] GC(924) Old regions: 186->186
[2021-03-19T13:44:03.841+0600][gc,heap     ] GC(924) Archive regions: 2->2
[2021-03-19T13:44:03.841+0600][gc,heap     ] GC(924) Humongous regions: 129->129
[2021-03-19T13:44:03.841+0600][gc,metaspace] GC(924) Metaspace: 40303K(41216K)->40303K(41216K) NonClass: 35979K(36608K)->35979K(36608K) Class: 4323K(4608K)->4323K(4608K)
[2021-03-19T13:44:03.841+0600][gc          ] GC(924) Pause Young (Normal) (G1 Evacuation Pause) 915M->317M(1024M) 3.308ms
[2021-03-19T13:44:03.841+0600][gc,cpu      ] GC(924) User=0.02s Sys=0.00s Real=0.01s
[2021-03-19T13:44:06.539+0600][gc,start    ] GC(925) Pause Young (Normal) (G1 Evacuation Pause)
[2021-03-19T13:44:06.539+0600][gc,task     ] GC(925) Using 8 workers of 8 for evacuation
[2021-03-19T13:44:06.542+0600][gc,phases   ] GC(925)   Pre Evacuate Collection Set: 0.2ms
[2021-03-19T13:44:06.542+0600][gc,phases   ] GC(925)   Merge Heap Roots: 0.1ms
[2021-03-19T13:44:06.542+0600][gc,phases   ] GC(925)   Evacuate Collection Set: 2.5ms
[2021-03-19T13:44:06.542+0600][gc,phases   ] GC(925)   Post Evacuate Collection Set: 0.4ms
[2021-03-19T13:44:06.542+0600][gc,phases   ] GC(925)   Other: 0.2ms
[2021-03-19T13:44:06.542+0600][gc,heap     ] GC(925) Eden regions: 598->0(598)
[2021-03-19T13:44:06.542+0600][gc,heap     ] GC(925) Survivor regions: 3->3(76)
[2021-03-19T13:44:06.542+0600][gc,heap     ] GC(925) Old regions: 186->186
[2021-03-19T13:44:06.542+0600][gc,heap     ] GC(925) Archive regions: 2->2
[2021-03-19T13:44:06.542+0600][gc,heap     ] GC(925) Humongous regions: 129->129
[2021-03-19T13:44:06.542+0600][gc,metaspace] GC(925) Metaspace: 40303K(41216K)->40303K(41216K) NonClass: 35979K(36608K)->35979K(36608K) Class: 4323K(4608K)->4323K(4608K)
[2021-03-19T13:44:06.542+0600][gc          ] GC(925) Pause Young (Normal) (G1 Evacuation Pause) 915M->317M(1024M) 3.445ms
[2021-03-19T13:44:06.542+0600][gc,cpu      ] GC(925) User=0.01s Sys=0.00s Real=0.01s
[2021-03-19T13:44:09.299+0600][gc,start    ] GC(926) Pause Young (Normal) (G1 Evacuation Pause)
[2021-03-19T13:44:09.299+0600][gc,task     ] GC(926) Using 8 workers of 8 for evacuation
[2021-03-19T13:44:09.303+0600][gc,phases   ] GC(926)   Pre Evacuate Collection Set: 0.2ms
[2021-03-19T13:44:09.303+0600][gc,phases   ] GC(926)   Merge Heap Roots: 0.1ms
[2021-03-19T13:44:09.303+0600][gc,phases   ] GC(926)   Evacuate Collection Set: 2.6ms
[2021-03-19T13:44:09.303+0600][gc,phases   ] GC(926)   Post Evacuate Collection Set: 0.5ms
[2021-03-19T13:44:09.303+0600][gc,phases   ] GC(926)   Other: 0.2ms
[2021-03-19T13:44:09.303+0600][gc,heap     ] GC(926) Eden regions: 598->0(598)
[2021-03-19T13:44:09.303+0600][gc,heap     ] GC(926) Survivor regions: 3->3(76)
[2021-03-19T13:44:09.303+0600][gc,heap     ] GC(926) Old regions: 186->186
[2021-03-19T13:44:09.303+0600][gc,heap     ] GC(926) Archive regions: 2->2
[2021-03-19T13:44:09.303+0600][gc,heap     ] GC(926) Humongous regions: 129->129
[2021-03-19T13:44:09.303+0600][gc,metaspace] GC(926) Metaspace: 40303K(41216K)->40303K(41216K) NonClass: 35979K(36608K)->35979K(36608K) Class: 4323K(4608K)->4323K(4608K)
[2021-03-19T13:44:09.303+0600][gc          ] GC(926) Pause Young (Normal) (G1 Evacuation Pause) 915M->317M(1024M) 3.597ms
[2021-03-19T13:44:09.303+0600][gc,cpu      ] GC(926) User=0.02s Sys=0.00s Real=0.01s
[2021-03-19T13:44:11.936+0600][gc,start    ] GC(927) Pause Young (Normal) (G1 Evacuation Pause)
[2021-03-19T13:44:11.936+0600][gc,task     ] GC(927) Using 8 workers of 8 for evacuation
[2021-03-19T13:44:11.940+0600][gc,phases   ] GC(927)   Pre Evacuate Collection Set: 0.2ms
[2021-03-19T13:44:11.940+0600][gc,phases   ] GC(927)   Merge Heap Roots: 0.1ms
[2021-03-19T13:44:11.940+0600][gc,phases   ] GC(927)   Evacuate Collection Set: 2.6ms
[2021-03-19T13:44:11.940+0600][gc,phases   ] GC(927)   Post Evacuate Collection Set: 0.5ms
[2021-03-19T13:44:11.940+0600][gc,phases   ] GC(927)   Other: 0.2ms
[2021-03-19T13:44:11.940+0600][gc,heap     ] GC(927) Eden regions: 598->0(599)
[2021-03-19T13:44:11.940+0600][gc,heap     ] GC(927) Survivor regions: 3->2(76)
[2021-03-19T13:44:11.940+0600][gc,heap     ] GC(927) Old regions: 186->187
[2021-03-19T13:44:11.940+0600][gc,heap     ] GC(927) Archive regions: 2->2
[2021-03-19T13:44:11.940+0600][gc,heap     ] GC(927) Humongous regions: 129->129
[2021-03-19T13:44:11.940+0600][gc,metaspace] GC(927) Metaspace: 40303K(41216K)->40303K(41216K) NonClass: 35979K(36608K)->35979K(36608K) Class: 4323K(4608K)->4323K(4608K)
[2021-03-19T13:44:11.940+0600][gc          ] GC(927) Pause Young (Normal) (G1 Evacuation Pause) 915M->317M(1024M) 3.728ms
[2021-03-19T13:44:11.940+0600][gc,cpu      ] GC(927) User=0.02s Sys=0.00s Real=0.01s
[2021-03-19T13:44:14.615+0600][gc,start    ] GC(928) Pause Young (Normal) (G1 Evacuation Pause)
[2021-03-19T13:44:14.615+0600][gc,task     ] GC(928) Using 8 workers of 8 for evacuation
[2021-03-19T13:44:14.618+0600][gc,phases   ] GC(928)   Pre Evacuate Collection Set: 0.1ms
[2021-03-19T13:44:14.618+0600][gc,phases   ] GC(928)   Merge Heap Roots: 0.1ms
[2021-03-19T13:44:14.618+0600][gc,phases   ] GC(928)   Evacuate Collection Set: 2.2ms
[2021-03-19T13:44:14.618+0600][gc,phases   ] GC(928)   Post Evacuate Collection Set: 0.5ms
[2021-03-19T13:44:14.618+0600][gc,phases   ] GC(928)   Other: 0.2ms
[2021-03-19T13:44:14.618+0600][gc,heap     ] GC(928) Eden regions: 599->0(597)
[2021-03-19T13:44:14.618+0600][gc,heap     ] GC(928) Survivor regions: 2->3(76)
[2021-03-19T13:44:14.618+0600][gc,heap     ] GC(928) Old regions: 187->187
[2021-03-19T13:44:14.618+0600][gc,heap     ] GC(928) Archive regions: 2->2
[2021-03-19T13:44:14.618+0600][gc,heap     ] GC(928) Humongous regions: 129->129
[2021-03-19T13:44:14.618+0600][gc,metaspace] GC(928) Metaspace: 40303K(41216K)->40303K(41216K) NonClass: 35979K(36608K)->35979K(36608K) Class: 4323K(4608K)->4323K(4608K)
[2021-03-19T13:44:14.618+0600][gc          ] GC(928) Pause Young (Normal) (G1 Evacuation Pause) 916M->318M(1024M) 3.190ms
[2021-03-19T13:44:14.618+0600][gc,cpu      ] GC(928) User=0.02s Sys=0.00s Real=0.00s
[2021-03-19T13:44:17.289+0600][gc,start    ] GC(929) Pause Young (Normal) (G1 Evacuation Pause)
[2021-03-19T13:44:17.289+0600][gc,task     ] GC(929) Using 8 workers of 8 for evacuation
[2021-03-19T13:44:17.292+0600][gc,phases   ] GC(929)   Pre Evacuate Collection Set: 0.2ms
[2021-03-19T13:44:17.292+0600][gc,phases   ] GC(929)   Merge Heap Roots: 0.1ms
[2021-03-19T13:44:17.292+0600][gc,phases   ] GC(929)   Evacuate Collection Set: 2.4ms
[2021-03-19T13:44:17.292+0600][gc,phases   ] GC(929)   Post Evacuate Collection Set: 0.5ms
[2021-03-19T13:44:17.292+0600][gc,phases   ] GC(929)   Other: 0.2ms
[2021-03-19T13:44:17.292+0600][gc,heap     ] GC(929) Eden regions: 597->0(597)
[2021-03-19T13:44:17.292+0600][gc,heap     ] GC(929) Survivor regions: 3->3(75)
[2021-03-19T13:44:17.292+0600][gc,heap     ] GC(929) Old regions: 187->187
[2021-03-19T13:44:17.292+0600][gc,heap     ] GC(929) Archive regions: 2->2
[2021-03-19T13:44:17.292+0600][gc,heap     ] GC(929) Humongous regions: 129->129
[2021-03-19T13:44:17.292+0600][gc,metaspace] GC(929) Metaspace: 40303K(41216K)->40303K(41216K) NonClass: 35979K(36608K)->35979K(36608K) Class: 4323K(4608K)->4323K(4608K)
[2021-03-19T13:44:17.292+0600][gc          ] GC(929) Pause Young (Normal) (G1 Evacuation Pause) 915M->318M(1024M) 3.440ms
[2021-03-19T13:44:17.292+0600][gc,cpu      ] GC(929) User=0.02s Sys=0.00s Real=0.01s
[2021-03-19T13:44:19.951+0600][gc,start    ] GC(930) Pause Young (Normal) (G1 Evacuation Pause)
[2021-03-19T13:44:19.951+0600][gc,task     ] GC(930) Using 8 workers of 8 for evacuation
[2021-03-19T13:44:19.954+0600][gc,phases   ] GC(930)   Pre Evacuate Collection Set: 0.1ms
[2021-03-19T13:44:19.954+0600][gc,phases   ] GC(930)   Merge Heap Roots: 0.1ms
[2021-03-19T13:44:19.954+0600][gc,phases   ] GC(930)   Evacuate Collection Set: 2.1ms
[2021-03-19T13:44:19.954+0600][gc,phases   ] GC(930)   Post Evacuate Collection Set: 0.4ms
[2021-03-19T13:44:19.954+0600][gc,phases   ] GC(930)   Other: 0.1ms
[2021-03-19T13:44:19.954+0600][gc,heap     ] GC(930) Eden regions: 597->0(599)
[2021-03-19T13:44:19.954+0600][gc,heap     ] GC(930) Survivor regions: 3->2(75)
[2021-03-19T13:44:19.954+0600][gc,heap     ] GC(930) Old regions: 187->187
[2021-03-19T13:44:19.954+0600][gc,heap     ] GC(930) Archive regions: 2->2
[2021-03-19T13:44:19.954+0600][gc,heap     ] GC(930) Humongous regions: 129->129
[2021-03-19T13:44:19.954+0600][gc,metaspace] GC(930) Metaspace: 40303K(41216K)->40303K(41216K) NonClass: 35979K(36608K)->35979K(36608K) Class: 4323K(4608K)->4323K(4608K)
[2021-03-19T13:44:19.954+0600][gc          ] GC(930) Pause Young (Normal) (G1 Evacuation Pause) 915M->318M(1024M) 2.973ms
[2021-03-19T13:44:19.954+0600][gc,cpu      ] GC(930) User=0.02s Sys=0.00s Real=0.00s
[2021-03-19T13:44:22.878+0600][gc,start    ] GC(931) Pause Young (Normal) (G1 Evacuation Pause)
[2021-03-19T13:44:22.878+0600][gc,task     ] GC(931) Using 8 workers of 8 for evacuation
[2021-03-19T13:44:22.881+0600][gc,phases   ] GC(931)   Pre Evacuate Collection Set: 0.2ms
[2021-03-19T13:44:22.881+0600][gc,phases   ] GC(931)   Merge Heap Roots: 0.1ms
[2021-03-19T13:44:22.881+0600][gc,phases   ] GC(931)   Evacuate Collection Set: 2.2ms
[2021-03-19T13:44:22.881+0600][gc,phases   ] GC(931)   Post Evacuate Collection Set: 0.4ms
[2021-03-19T13:44:22.881+0600][gc,phases   ] GC(931)   Other: 0.2ms
[2021-03-19T13:44:22.881+0600][gc,heap     ] GC(931) Eden regions: 599->0(599)
[2021-03-19T13:44:22.881+0600][gc,heap     ] GC(931) Survivor regions: 2->2(76)
[2021-03-19T13:44:22.881+0600][gc,heap     ] GC(931) Old regions: 187->187
[2021-03-19T13:44:22.881+0600][gc,heap     ] GC(931) Archive regions: 2->2
[2021-03-19T13:44:22.881+0600][gc,heap     ] GC(931) Humongous regions: 129->129
[2021-03-19T13:44:22.881+0600][gc,metaspace] GC(931) Metaspace: 40303K(41216K)->40303K(41216K) NonClass: 35979K(36608K)->35979K(36608K) Class: 4323K(4608K)->4323K(4608K)
[2021-03-19T13:44:22.881+0600][gc          ] GC(931) Pause Young (Normal) (G1 Evacuation Pause) 917M->318M(1024M) 3.145ms
[2021-03-19T13:44:22.881+0600][gc,cpu      ] GC(931) User=0.02s Sys=0.00s Real=0.01s
[2021-03-19T13:44:25.637+0600][gc,start    ] GC(932) Pause Young (Normal) (G1 Evacuation Pause)
[2021-03-19T13:44:25.637+0600][gc,task     ] GC(932) Using 8 workers of 8 for evacuation
[2021-03-19T13:44:25.641+0600][gc,phases   ] GC(932)   Pre Evacuate Collection Set: 0.2ms
[2021-03-19T13:44:25.641+0600][gc,phases   ] GC(932)   Merge Heap Roots: 0.1ms
[2021-03-19T13:44:25.641+0600][gc,phases   ] GC(932)   Evacuate Collection Set: 2.2ms
[2021-03-19T13:44:25.641+0600][gc,phases   ] GC(932)   Post Evacuate Collection Set: 0.4ms
[2021-03-19T13:44:25.641+0600][gc,phases   ] GC(932)   Other: 0.2ms
[2021-03-19T13:44:25.641+0600][gc,heap     ] GC(932) Eden regions: 599->0(599)
[2021-03-19T13:44:25.641+0600][gc,heap     ] GC(932) Survivor regions: 2->2(76)
[2021-03-19T13:44:25.641+0600][gc,heap     ] GC(932) Old regions: 187->187
[2021-03-19T13:44:25.641+0600][gc,heap     ] GC(932) Archive regions: 2->2
[2021-03-19T13:44:25.641+0600][gc,heap     ] GC(932) Humongous regions: 129->129
[2021-03-19T13:44:25.641+0600][gc,metaspace] GC(932) Metaspace: 40303K(41216K)->40303K(41216K) NonClass: 35979K(36608K)->35979K(36608K) Class: 4323K(4608K)->4323K(4608K)
[2021-03-19T13:44:25.641+0600][gc          ] GC(932) Pause Young (Normal) (G1 Evacuation Pause) 917M->318M(1024M) 3.142ms
[2021-03-19T13:44:25.641+0600][gc,cpu      ] GC(932) User=0.01s Sys=0.00s Real=0.01s
[2021-03-19T13:44:28.335+0600][gc,start    ] GC(933) Pause Young (Normal) (G1 Evacuation Pause)
[2021-03-19T13:44:28.335+0600][gc,task     ] GC(933) Using 8 workers of 8 for evacuation
[2021-03-19T13:44:28.338+0600][gc,phases   ] GC(933)   Pre Evacuate Collection Set: 0.2ms
[2021-03-19T13:44:28.339+0600][gc,phases   ] GC(933)   Merge Heap Roots: 0.1ms
[2021-03-19T13:44:28.339+0600][gc,phases   ] GC(933)   Evacuate Collection Set: 2.4ms
[2021-03-19T13:44:28.339+0600][gc,phases   ] GC(933)   Post Evacuate Collection Set: 0.4ms
[2021-03-19T13:44:28.339+0600][gc,phases   ] GC(933)   Other: 0.2ms
[2021-03-19T13:44:28.339+0600][gc,heap     ] GC(933) Eden regions: 599->0(599)
[2021-03-19T13:44:28.339+0600][gc,heap     ] GC(933) Survivor regions: 2->2(76)
[2021-03-19T13:44:28.339+0600][gc,heap     ] GC(933) Old regions: 187->187
[2021-03-19T13:44:28.339+0600][gc,heap     ] GC(933) Archive regions: 2->2
[2021-03-19T13:44:28.339+0600][gc,heap     ] GC(933) Humongous regions: 129->129
[2021-03-19T13:44:28.339+0600][gc,metaspace] GC(933) Metaspace: 40303K(41216K)->40303K(41216K) NonClass: 35979K(36608K)->35979K(36608K) Class: 4323K(4608K)->4323K(4608K)
[2021-03-19T13:44:28.339+0600][gc          ] GC(933) Pause Young (Normal) (G1 Evacuation Pause) 917M->318M(1024M) 3.355ms
[2021-03-19T13:44:28.339+0600][gc,cpu      ] GC(933) User=0.01s Sys=0.00s Real=0.00s
[2021-03-19T13:44:31.052+0600][gc,start    ] GC(934) Pause Young (Normal) (G1 Evacuation Pause)
[2021-03-19T13:44:31.052+0600][gc,task     ] GC(934) Using 8 workers of 8 for evacuation
[2021-03-19T13:44:31.055+0600][gc,phases   ] GC(934)   Pre Evacuate Collection Set: 0.1ms
[2021-03-19T13:44:31.055+0600][gc,phases   ] GC(934)   Merge Heap Roots: 0.1ms
[2021-03-19T13:44:31.055+0600][gc,phases   ] GC(934)   Evacuate Collection Set: 2.4ms
[2021-03-19T13:44:31.055+0600][gc,phases   ] GC(934)   Post Evacuate Collection Set: 0.4ms
[2021-03-19T13:44:31.055+0600][gc,phases   ] GC(934)   Other: 0.2ms
[2021-03-19T13:44:31.055+0600][gc,heap     ] GC(934) Eden regions: 599->0(598)
[2021-03-19T13:44:31.055+0600][gc,heap     ] GC(934) Survivor regions: 2->2(76)
[2021-03-19T13:44:31.055+0600][gc,heap     ] GC(934) Old regions: 187->188
[2021-03-19T13:44:31.055+0600][gc,heap     ] GC(934) Archive regions: 2->2
[2021-03-19T13:44:31.055+0600][gc,heap     ] GC(934) Humongous regions: 129->129
[2021-03-19T13:44:31.055+0600][gc,metaspace] GC(934) Metaspace: 40303K(41216K)->40303K(41216K) NonClass: 35979K(36608K)->35979K(36608K) Class: 4323K(4608K)->4323K(4608K)
[2021-03-19T13:44:31.055+0600][gc          ] GC(934) Pause Young (Normal) (G1 Evacuation Pause) 917M->318M(1024M) 3.257ms
[2021-03-19T13:44:31.055+0600][gc,cpu      ] GC(934) User=0.02s Sys=0.00s Real=0.00s
[2021-03-19T13:44:33.722+0600][gc,start    ] GC(935) Pause Young (Normal) (G1 Evacuation Pause)
[2021-03-19T13:44:33.722+0600][gc,task     ] GC(935) Using 8 workers of 8 for evacuation
[2021-03-19T13:44:33.725+0600][gc,phases   ] GC(935)   Pre Evacuate Collection Set: 0.1ms
[2021-03-19T13:44:33.725+0600][gc,phases   ] GC(935)   Merge Heap Roots: 0.2ms
[2021-03-19T13:44:33.725+0600][gc,phases   ] GC(935)   Evacuate Collection Set: 2.5ms
[2021-03-19T13:44:33.725+0600][gc,phases   ] GC(935)   Post Evacuate Collection Set: 0.6ms
[2021-03-19T13:44:33.725+0600][gc,phases   ] GC(935)   Other: 0.2ms
[2021-03-19T13:44:33.725+0600][gc,heap     ] GC(935) Eden regions: 598->0(598)
[2021-03-19T13:44:33.725+0600][gc,heap     ] GC(935) Survivor regions: 2->2(75)
[2021-03-19T13:44:33.725+0600][gc,heap     ] GC(935) Old regions: 188->188
[2021-03-19T13:44:33.725+0600][gc,heap     ] GC(935) Archive regions: 2->2
[2021-03-19T13:44:33.725+0600][gc,heap     ] GC(935) Humongous regions: 129->129
[2021-03-19T13:44:33.725+0600][gc,metaspace] GC(935) Metaspace: 40303K(41216K)->40303K(41216K) NonClass: 35979K(36608K)->35979K(36608K) Class: 4323K(4608K)->4323K(4608K)
[2021-03-19T13:44:33.725+0600][gc          ] GC(935) Pause Young (Normal) (G1 Evacuation Pause) 916M->318M(1024M) 3.685ms
[2021-03-19T13:44:33.725+0600][gc,cpu      ] GC(935) User=0.01s Sys=0.00s Real=0.00s
[2021-03-19T13:44:36.457+0600][gc,start    ] GC(936) Pause Young (Normal) (G1 Evacuation Pause)
[2021-03-19T13:44:36.457+0600][gc,task     ] GC(936) Using 8 workers of 8 for evacuation
[2021-03-19T13:44:36.460+0600][gc,phases   ] GC(936)   Pre Evacuate Collection Set: 0.2ms
[2021-03-19T13:44:36.460+0600][gc,phases   ] GC(936)   Merge Heap Roots: 0.1ms
[2021-03-19T13:44:36.460+0600][gc,phases   ] GC(936)   Evacuate Collection Set: 2.7ms
[2021-03-19T13:44:36.460+0600][gc,phases   ] GC(936)   Post Evacuate Collection Set: 0.5ms
[2021-03-19T13:44:36.460+0600][gc,phases   ] GC(936)   Other: 0.2ms
[2021-03-19T13:44:36.460+0600][gc,heap     ] GC(936) Eden regions: 598->0(598)
[2021-03-19T13:44:36.460+0600][gc,heap     ] GC(936) Survivor regions: 2->2(75)
[2021-03-19T13:44:36.460+0600][gc,heap     ] GC(936) Old regions: 188->188
[2021-03-19T13:44:36.460+0600][gc,heap     ] GC(936) Archive regions: 2->2
[2021-03-19T13:44:36.460+0600][gc,heap     ] GC(936) Humongous regions: 129->129
[2021-03-19T13:44:36.460+0600][gc,metaspace] GC(936) Metaspace: 40303K(41216K)->40303K(41216K) NonClass: 35979K(36608K)->35979K(36608K) Class: 4323K(4608K)->4323K(4608K)
[2021-03-19T13:44:36.460+0600][gc          ] GC(936) Pause Young (Normal) (G1 Evacuation Pause) 916M->319M(1024M) 3.697ms
[2021-03-19T13:44:36.460+0600][gc,cpu      ] GC(936) User=0.02s Sys=0.00s Real=0.01s
[2021-03-19T13:44:39.217+0600][gc,start    ] GC(937) Pause Young (Normal) (G1 Evacuation Pause)
[2021-03-19T13:44:39.217+0600][gc,task     ] GC(937) Using 8 workers of 8 for evacuation
[2021-03-19T13:44:39.220+0600][gc,phases   ] GC(937)   Pre Evacuate Collection Set: 0.2ms
[2021-03-19T13:44:39.220+0600][gc,phases   ] GC(937)   Merge Heap Roots: 0.1ms
[2021-03-19T13:44:39.220+0600][gc,phases   ] GC(937)   Evacuate Collection Set: 2.2ms
[2021-03-19T13:44:39.220+0600][gc,phases   ] GC(937)   Post Evacuate Collection Set: 0.5ms
[2021-03-19T13:44:39.220+0600][gc,phases   ] GC(937)   Other: 0.2ms
[2021-03-19T13:44:39.220+0600][gc,heap     ] GC(937) Eden regions: 598->0(598)
[2021-03-19T13:44:39.220+0600][gc,heap     ] GC(937) Survivor regions: 2->2(75)
[2021-03-19T13:44:39.220+0600][gc,heap     ] GC(937) Old regions: 188->188
[2021-03-19T13:44:39.220+0600][gc,heap     ] GC(937) Archive regions: 2->2
[2021-03-19T13:44:39.220+0600][gc,heap     ] GC(937) Humongous regions: 129->129
[2021-03-19T13:44:39.220+0600][gc,metaspace] GC(937) Metaspace: 40303K(41216K)->40303K(41216K) NonClass: 35979K(36608K)->35979K(36608K) Class: 4323K(4608K)->4323K(4608K)
[2021-03-19T13:44:39.220+0600][gc          ] GC(937) Pause Young (Normal) (G1 Evacuation Pause) 917M->319M(1024M) 3.312ms
[2021-03-19T13:44:39.220+0600][gc,cpu      ] GC(937) User=0.01s Sys=0.00s Real=0.01s
[2021-03-19T13:44:41.950+0600][gc,start    ] GC(938) Pause Young (Normal) (G1 Evacuation Pause)
[2021-03-19T13:44:41.950+0600][gc,task     ] GC(938) Using 8 workers of 8 for evacuation
[2021-03-19T13:44:41.953+0600][gc,phases   ] GC(938)   Pre Evacuate Collection Set: 0.1ms
[2021-03-19T13:44:41.953+0600][gc,phases   ] GC(938)   Merge Heap Roots: 0.1ms
[2021-03-19T13:44:41.953+0600][gc,phases   ] GC(938)   Evacuate Collection Set: 2.1ms
[2021-03-19T13:44:41.953+0600][gc,phases   ] GC(938)   Post Evacuate Collection Set: 0.5ms
[2021-03-19T13:44:41.953+0600][gc,phases   ] GC(938)   Other: 0.2ms
[2021-03-19T13:44:41.953+0600][gc,heap     ] GC(938) Eden regions: 598->0(598)
[2021-03-19T13:44:41.953+0600][gc,heap     ] GC(938) Survivor regions: 2->2(75)
[2021-03-19T13:44:41.953+0600][gc,heap     ] GC(938) Old regions: 188->188
[2021-03-19T13:44:41.953+0600][gc,heap     ] GC(938) Archive regions: 2->2
[2021-03-19T13:44:41.953+0600][gc,heap     ] GC(938) Humongous regions: 129->129
[2021-03-19T13:44:41.953+0600][gc,metaspace] GC(938) Metaspace: 40303K(41216K)->40303K(41216K) NonClass: 35979K(36608K)->35979K(36608K) Class: 4323K(4608K)->4323K(4608K)
[2021-03-19T13:44:41.953+0600][gc          ] GC(938) Pause Young (Normal) (G1 Evacuation Pause) 917M->319M(1024M) 3.140ms
[2021-03-19T13:44:41.953+0600][gc,cpu      ] GC(938) User=0.02s Sys=0.00s Real=0.00s
[2021-03-19T13:44:44.708+0600][gc,start    ] GC(939) Pause Young (Normal) (G1 Evacuation Pause)
[2021-03-19T13:44:44.708+0600][gc,task     ] GC(939) Using 8 workers of 8 for evacuation
[2021-03-19T13:44:44.712+0600][gc,phases   ] GC(939)   Pre Evacuate Collection Set: 0.2ms
[2021-03-19T13:44:44.712+0600][gc,phases   ] GC(939)   Merge Heap Roots: 0.1ms
[2021-03-19T13:44:44.712+0600][gc,phases   ] GC(939)   Evacuate Collection Set: 2.2ms
[2021-03-19T13:44:44.712+0600][gc,phases   ] GC(939)   Post Evacuate Collection Set: 0.6ms
[2021-03-19T13:44:44.712+0600][gc,phases   ] GC(939)   Other: 0.2ms
[2021-03-19T13:44:44.712+0600][gc,heap     ] GC(939) Eden regions: 598->0(598)
[2021-03-19T13:44:44.712+0600][gc,heap     ] GC(939) Survivor regions: 2->2(75)
[2021-03-19T13:44:44.712+0600][gc,heap     ] GC(939) Old regions: 188->188
[2021-03-19T13:44:44.712+0600][gc,heap     ] GC(939) Archive regions: 2->2
[2021-03-19T13:44:44.712+0600][gc,heap     ] GC(939) Humongous regions: 129->129
[2021-03-19T13:44:44.712+0600][gc,metaspace] GC(939) Metaspace: 40303K(41216K)->40303K(41216K) NonClass: 35979K(36608K)->35979K(36608K) Class: 4323K(4608K)->4323K(4608K)
[2021-03-19T13:44:44.712+0600][gc          ] GC(939) Pause Young (Normal) (G1 Evacuation Pause) 917M->319M(1024M) 3.303ms
[2021-03-19T13:44:44.712+0600][gc,cpu      ] GC(939) User=0.02s Sys=0.00s Real=0.01s
[2021-03-19T13:44:47.471+0600][gc,start    ] GC(940) Pause Young (Normal) (G1 Evacuation Pause)
[2021-03-19T13:44:47.471+0600][gc,task     ] GC(940) Using 8 workers of 8 for evacuation
[2021-03-19T13:44:47.475+0600][gc,phases   ] GC(940)   Pre Evacuate Collection Set: 0.2ms
[2021-03-19T13:44:47.475+0600][gc,phases   ] GC(940)   Merge Heap Roots: 0.1ms
[2021-03-19T13:44:47.475+0600][gc,phases   ] GC(940)   Evacuate Collection Set: 2.3ms
[2021-03-19T13:44:47.475+0600][gc,phases   ] GC(940)   Post Evacuate Collection Set: 0.5ms
[2021-03-19T13:44:47.475+0600][gc,phases   ] GC(940)   Other: 0.2ms
[2021-03-19T13:44:47.475+0600][gc,heap     ] GC(940) Eden regions: 598->0(598)
[2021-03-19T13:44:47.475+0600][gc,heap     ] GC(940) Survivor regions: 2->2(75)
[2021-03-19T13:44:47.475+0600][gc,heap     ] GC(940) Old regions: 188->188
[2021-03-19T13:44:47.475+0600][gc,heap     ] GC(940) Archive regions: 2->2
[2021-03-19T13:44:47.475+0600][gc,heap     ] GC(940) Humongous regions: 129->129
[2021-03-19T13:44:47.475+0600][gc,metaspace] GC(940) Metaspace: 40303K(41216K)->40303K(41216K) NonClass: 35979K(36608K)->35979K(36608K) Class: 4323K(4608K)->4323K(4608K)
[2021-03-19T13:44:47.475+0600][gc          ] GC(940) Pause Young (Normal) (G1 Evacuation Pause) 917M->319M(1024M) 3.311ms
[2021-03-19T13:44:47.475+0600][gc,cpu      ] GC(940) User=0.01s Sys=0.00s Real=0.00s
[2021-03-19T13:44:50.195+0600][gc,start    ] GC(941) Pause Young (Normal) (G1 Evacuation Pause)
[2021-03-19T13:44:50.195+0600][gc,task     ] GC(941) Using 8 workers of 8 for evacuation
[2021-03-19T13:44:50.198+0600][gc,phases   ] GC(941)   Pre Evacuate Collection Set: 0.1ms
[2021-03-19T13:44:50.198+0600][gc,phases   ] GC(941)   Merge Heap Roots: 0.1ms
[2021-03-19T13:44:50.198+0600][gc,phases   ] GC(941)   Evacuate Collection Set: 2.1ms
[2021-03-19T13:44:50.198+0600][gc,phases   ] GC(941)   Post Evacuate Collection Set: 0.4ms
[2021-03-19T13:44:50.198+0600][gc,phases   ] GC(941)   Other: 0.1ms
[2021-03-19T13:44:50.198+0600][gc,heap     ] GC(941) Eden regions: 598->0(598)
[2021-03-19T13:44:50.198+0600][gc,heap     ] GC(941) Survivor regions: 2->2(75)
[2021-03-19T13:44:50.198+0600][gc,heap     ] GC(941) Old regions: 188->188
[2021-03-19T13:44:50.198+0600][gc,heap     ] GC(941) Archive regions: 2->2
[2021-03-19T13:44:50.198+0600][gc,heap     ] GC(941) Humongous regions: 129->129
[2021-03-19T13:44:50.198+0600][gc,metaspace] GC(941) Metaspace: 40303K(41216K)->40303K(41216K) NonClass: 35979K(36608K)->35979K(36608K) Class: 4323K(4608K)->4323K(4608K)
[2021-03-19T13:44:50.198+0600][gc          ] GC(941) Pause Young (Normal) (G1 Evacuation Pause) 917M->319M(1024M) 2.982ms
[2021-03-19T13:44:50.198+0600][gc,cpu      ] GC(941) User=0.01s Sys=0.00s Real=0.00s
[2021-03-19T13:44:52.907+0600][gc,start    ] GC(942) Pause Young (Normal) (G1 Evacuation Pause)
[2021-03-19T13:44:52.907+0600][gc,task     ] GC(942) Using 8 workers of 8 for evacuation
[2021-03-19T13:44:52.910+0600][gc,phases   ] GC(942)   Pre Evacuate Collection Set: 0.1ms
[2021-03-19T13:44:52.910+0600][gc,phases   ] GC(942)   Merge Heap Roots: 0.1ms
[2021-03-19T13:44:52.910+0600][gc,phases   ] GC(942)   Evacuate Collection Set: 2.0ms
[2021-03-19T13:44:52.910+0600][gc,phases   ] GC(942)   Post Evacuate Collection Set: 0.4ms
[2021-03-19T13:44:52.910+0600][gc,phases   ] GC(942)   Other: 0.2ms
[2021-03-19T13:44:52.910+0600][gc,heap     ] GC(942) Eden regions: 598->0(597)
[2021-03-19T13:44:52.910+0600][gc,heap     ] GC(942) Survivor regions: 2->2(75)
[2021-03-19T13:44:52.910+0600][gc,heap     ] GC(942) Old regions: 188->189
[2021-03-19T13:44:52.910+0600][gc,heap     ] GC(942) Archive regions: 2->2
[2021-03-19T13:44:52.910+0600][gc,heap     ] GC(942) Humongous regions: 129->129
[2021-03-19T13:44:52.910+0600][gc,metaspace] GC(942) Metaspace: 40303K(41216K)->40303K(41216K) NonClass: 35979K(36608K)->35979K(36608K) Class: 4323K(4608K)->4323K(4608K)
[2021-03-19T13:44:52.910+0600][gc          ] GC(942) Pause Young (Normal) (G1 Evacuation Pause) 917M->319M(1024M) 2.751ms
[2021-03-19T13:44:52.910+0600][gc,cpu      ] GC(942) User=0.02s Sys=0.01s Real=0.01s
[2021-03-19T13:44:55.697+0600][gc,start    ] GC(943) Pause Young (Normal) (G1 Evacuation Pause)
[2021-03-19T13:44:55.697+0600][gc,task     ] GC(943) Using 8 workers of 8 for evacuation
[2021-03-19T13:44:55.700+0600][gc,phases   ] GC(943)   Pre Evacuate Collection Set: 0.2ms
[2021-03-19T13:44:55.700+0600][gc,phases   ] GC(943)   Merge Heap Roots: 0.1ms
[2021-03-19T13:44:55.700+0600][gc,phases   ] GC(943)   Evacuate Collection Set: 2.6ms
[2021-03-19T13:44:55.700+0600][gc,phases   ] GC(943)   Post Evacuate Collection Set: 0.4ms
[2021-03-19T13:44:55.700+0600][gc,phases   ] GC(943)   Other: 0.2ms
[2021-03-19T13:44:55.700+0600][gc,heap     ] GC(943) Eden regions: 597->0(597)
[2021-03-19T13:44:55.700+0600][gc,heap     ] GC(943) Survivor regions: 2->2(75)
[2021-03-19T13:44:55.700+0600][gc,heap     ] GC(943) Old regions: 189->189
[2021-03-19T13:44:55.700+0600][gc,heap     ] GC(943) Archive regions: 2->2
[2021-03-19T13:44:55.700+0600][gc,heap     ] GC(943) Humongous regions: 129->129
[2021-03-19T13:44:55.700+0600][gc,metaspace] GC(943) Metaspace: 40303K(41216K)->40303K(41216K) NonClass: 35979K(36608K)->35979K(36608K) Class: 4323K(4608K)->4323K(4608K)
[2021-03-19T13:44:55.700+0600][gc          ] GC(943) Pause Young (Normal) (G1 Evacuation Pause) 916M->319M(1024M) 3.567ms
[2021-03-19T13:44:55.700+0600][gc,cpu      ] GC(943) User=0.02s Sys=0.00s Real=0.01s
[2021-03-19T13:44:58.437+0600][gc,start    ] GC(944) Pause Young (Normal) (G1 Evacuation Pause)
[2021-03-19T13:44:58.437+0600][gc,task     ] GC(944) Using 8 workers of 8 for evacuation
[2021-03-19T13:44:58.440+0600][gc,phases   ] GC(944)   Pre Evacuate Collection Set: 0.1ms
[2021-03-19T13:44:58.440+0600][gc,phases   ] GC(944)   Merge Heap Roots: 0.1ms
[2021-03-19T13:44:58.440+0600][gc,phases   ] GC(944)   Evacuate Collection Set: 2.1ms
[2021-03-19T13:44:58.440+0600][gc,phases   ] GC(944)   Post Evacuate Collection Set: 0.3ms
[2021-03-19T13:44:58.440+0600][gc,phases   ] GC(944)   Other: 0.1ms
[2021-03-19T13:44:58.440+0600][gc,heap     ] GC(944) Eden regions: 597->0(597)
[2021-03-19T13:44:58.440+0600][gc,heap     ] GC(944) Survivor regions: 2->2(75)
[2021-03-19T13:44:58.440+0600][gc,heap     ] GC(944) Old regions: 189->189
[2021-03-19T13:44:58.440+0600][gc,heap     ] GC(944) Archive regions: 2->2
[2021-03-19T13:44:58.440+0600][gc,heap     ] GC(944) Humongous regions: 129->129
[2021-03-19T13:44:58.440+0600][gc,metaspace] GC(944) Metaspace: 40303K(41216K)->40303K(41216K) NonClass: 35979K(36608K)->35979K(36608K) Class: 4323K(4608K)->4323K(4608K)
[2021-03-19T13:44:58.440+0600][gc          ] GC(944) Pause Young (Normal) (G1 Evacuation Pause) 916M->319M(1024M) 2.915ms
[2021-03-19T13:44:58.440+0600][gc,cpu      ] GC(944) User=0.02s Sys=0.00s Real=0.01s
[2021-03-19T13:45:01.186+0600][gc,start    ] GC(945) Pause Young (Normal) (G1 Evacuation Pause)
[2021-03-19T13:45:01.186+0600][gc,task     ] GC(945) Using 8 workers of 8 for evacuation
[2021-03-19T13:45:01.190+0600][gc,phases   ] GC(945)   Pre Evacuate Collection Set: 0.2ms
[2021-03-19T13:45:01.190+0600][gc,phases   ] GC(945)   Merge Heap Roots: 0.1ms
[2021-03-19T13:45:01.190+0600][gc,phases   ] GC(945)   Evacuate Collection Set: 2.3ms
[2021-03-19T13:45:01.190+0600][gc,phases   ] GC(945)   Post Evacuate Collection Set: 0.5ms
[2021-03-19T13:45:01.190+0600][gc,phases   ] GC(945)   Other: 0.2ms
[2021-03-19T13:45:01.190+0600][gc,heap     ] GC(945) Eden regions: 597->0(597)
[2021-03-19T13:45:01.190+0600][gc,heap     ] GC(945) Survivor regions: 2->2(75)
[2021-03-19T13:45:01.190+0600][gc,heap     ] GC(945) Old regions: 189->189
[2021-03-19T13:45:01.190+0600][gc,heap     ] GC(945) Archive regions: 2->2
[2021-03-19T13:45:01.190+0600][gc,heap     ] GC(945) Humongous regions: 129->129
[2021-03-19T13:45:01.190+0600][gc,metaspace] GC(945) Metaspace: 40303K(41216K)->40303K(41216K) NonClass: 35979K(36608K)->35979K(36608K) Class: 4323K(4608K)->4323K(4608K)
[2021-03-19T13:45:01.190+0600][gc          ] GC(945) Pause Young (Normal) (G1 Evacuation Pause) 916M->319M(1024M) 3.354ms
[2021-03-19T13:45:01.190+0600][gc,cpu      ] GC(945) User=0.02s Sys=0.01s Real=0.01s
[2021-03-19T13:45:03.957+0600][gc,start    ] GC(946) Pause Young (Normal) (G1 Evacuation Pause)
[2021-03-19T13:45:03.957+0600][gc,task     ] GC(946) Using 8 workers of 8 for evacuation
[2021-03-19T13:45:03.960+0600][gc,phases   ] GC(946)   Pre Evacuate Collection Set: 0.2ms
[2021-03-19T13:45:03.960+0600][gc,phases   ] GC(946)   Merge Heap Roots: 0.1ms
[2021-03-19T13:45:03.960+0600][gc,phases   ] GC(946)   Evacuate Collection Set: 2.0ms
[2021-03-19T13:45:03.960+0600][gc,phases   ] GC(946)   Post Evacuate Collection Set: 0.5ms
[2021-03-19T13:45:03.960+0600][gc,phases   ] GC(946)   Other: 0.2ms
[2021-03-19T13:45:03.960+0600][gc,heap     ] GC(946) Eden regions: 597->0(597)
[2021-03-19T13:45:03.960+0600][gc,heap     ] GC(946) Survivor regions: 2->2(75)
[2021-03-19T13:45:03.960+0600][gc,heap     ] GC(946) Old regions: 189->189
[2021-03-19T13:45:03.960+0600][gc,heap     ] GC(946) Archive regions: 2->2
[2021-03-19T13:45:03.960+0600][gc,heap     ] GC(946) Humongous regions: 129->129
[2021-03-19T13:45:03.960+0600][gc,metaspace] GC(946) Metaspace: 40303K(41216K)->40303K(41216K) NonClass: 35979K(36608K)->35979K(36608K) Class: 4323K(4608K)->4323K(4608K)
[2021-03-19T13:45:03.960+0600][gc          ] GC(946) Pause Young (Normal) (G1 Evacuation Pause) 916M->320M(1024M) 3.117ms
[2021-03-19T13:45:03.960+0600][gc,cpu      ] GC(946) User=0.02s Sys=0.00s Real=0.01s
[2021-03-19T13:45:06.695+0600][gc,start    ] GC(947) Pause Young (Normal) (G1 Evacuation Pause)
[2021-03-19T13:45:06.695+0600][gc,task     ] GC(947) Using 8 workers of 8 for evacuation
[2021-03-19T13:45:06.698+0600][gc,phases   ] GC(947)   Pre Evacuate Collection Set: 0.2ms
[2021-03-19T13:45:06.698+0600][gc,phases   ] GC(947)   Merge Heap Roots: 0.1ms
[2021-03-19T13:45:06.698+0600][gc,phases   ] GC(947)   Evacuate Collection Set: 2.1ms
[2021-03-19T13:45:06.698+0600][gc,phases   ] GC(947)   Post Evacuate Collection Set: 0.5ms
[2021-03-19T13:45:06.698+0600][gc,phases   ] GC(947)   Other: 0.2ms
[2021-03-19T13:45:06.698+0600][gc,heap     ] GC(947) Eden regions: 597->0(597)
[2021-03-19T13:45:06.698+0600][gc,heap     ] GC(947) Survivor regions: 2->2(75)
[2021-03-19T13:45:06.698+0600][gc,heap     ] GC(947) Old regions: 189->189
[2021-03-19T13:45:06.698+0600][gc,heap     ] GC(947) Archive regions: 2->2
[2021-03-19T13:45:06.698+0600][gc,heap     ] GC(947) Humongous regions: 129->129
[2021-03-19T13:45:06.698+0600][gc,metaspace] GC(947) Metaspace: 40303K(41216K)->40303K(41216K) NonClass: 35979K(36608K)->35979K(36608K) Class: 4323K(4608K)->4323K(4608K)
[2021-03-19T13:45:06.698+0600][gc          ] GC(947) Pause Young (Normal) (G1 Evacuation Pause) 917M->320M(1024M) 3.085ms
[2021-03-19T13:45:06.698+0600][gc,cpu      ] GC(947) User=0.01s Sys=0.00s Real=0.00s
[2021-03-19T13:45:09.377+0600][gc,start    ] GC(948) Pause Young (Normal) (G1 Evacuation Pause)
[2021-03-19T13:45:09.377+0600][gc,task     ] GC(948) Using 8 workers of 8 for evacuation
[2021-03-19T13:45:09.380+0600][gc,phases   ] GC(948)   Pre Evacuate Collection Set: 0.2ms
[2021-03-19T13:45:09.380+0600][gc,phases   ] GC(948)   Merge Heap Roots: 0.1ms
[2021-03-19T13:45:09.380+0600][gc,phases   ] GC(948)   Evacuate Collection Set: 2.2ms
[2021-03-19T13:45:09.380+0600][gc,phases   ] GC(948)   Post Evacuate Collection Set: 0.4ms
[2021-03-19T13:45:09.380+0600][gc,phases   ] GC(948)   Other: 0.2ms
[2021-03-19T13:45:09.380+0600][gc,heap     ] GC(948) Eden regions: 597->0(597)
[2021-03-19T13:45:09.380+0600][gc,heap     ] GC(948) Survivor regions: 2->2(75)
[2021-03-19T13:45:09.380+0600][gc,heap     ] GC(948) Old regions: 189->189
[2021-03-19T13:45:09.380+0600][gc,heap     ] GC(948) Archive regions: 2->2
[2021-03-19T13:45:09.380+0600][gc,heap     ] GC(948) Humongous regions: 129->129
[2021-03-19T13:45:09.380+0600][gc,metaspace] GC(948) Metaspace: 40303K(41216K)->40303K(41216K) NonClass: 35979K(36608K)->35979K(36608K) Class: 4323K(4608K)->4323K(4608K)
[2021-03-19T13:45:09.380+0600][gc          ] GC(948) Pause Young (Normal) (G1 Evacuation Pause) 917M->320M(1024M) 3.185ms
[2021-03-19T13:45:09.380+0600][gc,cpu      ] GC(948) User=0.02s Sys=0.00s Real=0.01s
[2021-03-19T13:45:12.204+0600][gc,start    ] GC(949) Pause Young (Normal) (G1 Evacuation Pause)
[2021-03-19T13:45:12.204+0600][gc,task     ] GC(949) Using 8 workers of 8 for evacuation
[2021-03-19T13:45:12.208+0600][gc,phases   ] GC(949)   Pre Evacuate Collection Set: 0.1ms
[2021-03-19T13:45:12.208+0600][gc,phases   ] GC(949)   Merge Heap Roots: 0.1ms
[2021-03-19T13:45:12.208+0600][gc,phases   ] GC(949)   Evacuate Collection Set: 3.2ms
[2021-03-19T13:45:12.208+0600][gc,phases   ] GC(949)   Post Evacuate Collection Set: 0.4ms
[2021-03-19T13:45:12.208+0600][gc,phases   ] GC(949)   Other: 0.2ms
[2021-03-19T13:45:12.208+0600][gc,heap     ] GC(949) Eden regions: 597->0(597)
[2021-03-19T13:45:12.208+0600][gc,heap     ] GC(949) Survivor regions: 2->2(75)
[2021-03-19T13:45:12.208+0600][gc,heap     ] GC(949) Old regions: 189->189
[2021-03-19T13:45:12.208+0600][gc,heap     ] GC(949) Archive regions: 2->2
[2021-03-19T13:45:12.208+0600][gc,heap     ] GC(949) Humongous regions: 129->129
[2021-03-19T13:45:12.208+0600][gc,metaspace] GC(949) Metaspace: 40303K(41216K)->40303K(41216K) NonClass: 35979K(36608K)->35979K(36608K) Class: 4323K(4608K)->4323K(4608K)
[2021-03-19T13:45:12.208+0600][gc          ] GC(949) Pause Young (Normal) (G1 Evacuation Pause) 917M->320M(1024M) 4.156ms
[2021-03-19T13:45:12.208+0600][gc,cpu      ] GC(949) User=0.02s Sys=0.00s Real=0.00s
[2021-03-19T13:45:14.958+0600][gc,start    ] GC(950) Pause Young (Normal) (G1 Evacuation Pause)
[2021-03-19T13:45:14.958+0600][gc,task     ] GC(950) Using 8 workers of 8 for evacuation
[2021-03-19T13:45:14.961+0600][gc,phases   ] GC(950)   Pre Evacuate Collection Set: 0.1ms
[2021-03-19T13:45:14.961+0600][gc,phases   ] GC(950)   Merge Heap Roots: 0.1ms
[2021-03-19T13:45:14.961+0600][gc,phases   ] GC(950)   Evacuate Collection Set: 2.4ms
[2021-03-19T13:45:14.961+0600][gc,phases   ] GC(950)   Post Evacuate Collection Set: 0.5ms
[2021-03-19T13:45:14.961+0600][gc,phases   ] GC(950)   Other: 0.2ms
[2021-03-19T13:45:14.961+0600][gc,heap     ] GC(950) Eden regions: 597->0(596)
[2021-03-19T13:45:14.961+0600][gc,heap     ] GC(950) Survivor regions: 2->2(75)
[2021-03-19T13:45:14.961+0600][gc,heap     ] GC(950) Old regions: 189->190
[2021-03-19T13:45:14.961+0600][gc,heap     ] GC(950) Archive regions: 2->2
[2021-03-19T13:45:14.961+0600][gc,heap     ] GC(950) Humongous regions: 129->129
[2021-03-19T13:45:14.961+0600][gc,metaspace] GC(950) Metaspace: 40303K(41216K)->40303K(41216K) NonClass: 35979K(36608K)->35979K(36608K) Class: 4323K(4608K)->4323K(4608K)
[2021-03-19T13:45:14.961+0600][gc          ] GC(950) Pause Young (Normal) (G1 Evacuation Pause) 917M->320M(1024M) 3.313ms
[2021-03-19T13:45:14.961+0600][gc,cpu      ] GC(950) User=0.02s Sys=0.00s Real=0.01s
[2021-03-19T13:45:17.687+0600][gc,start    ] GC(951) Pause Young (Normal) (G1 Evacuation Pause)
[2021-03-19T13:45:17.687+0600][gc,task     ] GC(951) Using 8 workers of 8 for evacuation
[2021-03-19T13:45:17.690+0600][gc,phases   ] GC(951)   Pre Evacuate Collection Set: 0.1ms
[2021-03-19T13:45:17.690+0600][gc,phases   ] GC(951)   Merge Heap Roots: 0.1ms
[2021-03-19T13:45:17.690+0600][gc,phases   ] GC(951)   Evacuate Collection Set: 2.6ms
[2021-03-19T13:45:17.690+0600][gc,phases   ] GC(951)   Post Evacuate Collection Set: 0.4ms
[2021-03-19T13:45:17.690+0600][gc,phases   ] GC(951)   Other: 0.2ms
[2021-03-19T13:45:17.690+0600][gc,heap     ] GC(951) Eden regions: 596->0(596)
[2021-03-19T13:45:17.690+0600][gc,heap     ] GC(951) Survivor regions: 2->2(75)
[2021-03-19T13:45:17.690+0600][gc,heap     ] GC(951) Old regions: 190->190
[2021-03-19T13:45:17.690+0600][gc,heap     ] GC(951) Archive regions: 2->2
[2021-03-19T13:45:17.690+0600][gc,heap     ] GC(951) Humongous regions: 129->129
[2021-03-19T13:45:17.690+0600][gc,metaspace] GC(951) Metaspace: 40303K(41216K)->40303K(41216K) NonClass: 35979K(36608K)->35979K(36608K) Class: 4323K(4608K)->4323K(4608K)
[2021-03-19T13:45:17.690+0600][gc          ] GC(951) Pause Young (Normal) (G1 Evacuation Pause) 916M->320M(1024M) 3.509ms
[2021-03-19T13:45:17.690+0600][gc,cpu      ] GC(951) User=0.02s Sys=0.01s Real=0.01s
[2021-03-19T13:45:20.430+0600][gc,start    ] GC(952) Pause Young (Normal) (G1 Evacuation Pause)
[2021-03-19T13:45:20.430+0600][gc,task     ] GC(952) Using 8 workers of 8 for evacuation
[2021-03-19T13:45:20.433+0600][gc,phases   ] GC(952)   Pre Evacuate Collection Set: 0.1ms
[2021-03-19T13:45:20.433+0600][gc,phases   ] GC(952)   Merge Heap Roots: 0.1ms
[2021-03-19T13:45:20.433+0600][gc,phases   ] GC(952)   Evacuate Collection Set: 2.1ms
[2021-03-19T13:45:20.433+0600][gc,phases   ] GC(952)   Post Evacuate Collection Set: 0.5ms
[2021-03-19T13:45:20.433+0600][gc,phases   ] GC(952)   Other: 0.2ms
[2021-03-19T13:45:20.433+0600][gc,heap     ] GC(952) Eden regions: 596->0(596)
[2021-03-19T13:45:20.433+0600][gc,heap     ] GC(952) Survivor regions: 2->2(75)
[2021-03-19T13:45:20.433+0600][gc,heap     ] GC(952) Old regions: 190->190
[2021-03-19T13:45:20.433+0600][gc,heap     ] GC(952) Archive regions: 2->2
[2021-03-19T13:45:20.433+0600][gc,heap     ] GC(952) Humongous regions: 129->129
[2021-03-19T13:45:20.433+0600][gc,metaspace] GC(952) Metaspace: 40303K(41216K)->40303K(41216K) NonClass: 35979K(36608K)->35979K(36608K) Class: 4323K(4608K)->4323K(4608K)
[2021-03-19T13:45:20.433+0600][gc          ] GC(952) Pause Young (Normal) (G1 Evacuation Pause) 916M->320M(1024M) 3.050ms
[2021-03-19T13:45:20.433+0600][gc,cpu      ] GC(952) User=0.02s Sys=0.00s Real=0.00s
[2021-03-19T13:45:23.252+0600][gc,start    ] GC(953) Pause Young (Normal) (G1 Evacuation Pause)
[2021-03-19T13:45:23.252+0600][gc,task     ] GC(953) Using 8 workers of 8 for evacuation
[2021-03-19T13:45:23.255+0600][gc,phases   ] GC(953)   Pre Evacuate Collection Set: 0.2ms
[2021-03-19T13:45:23.255+0600][gc,phases   ] GC(953)   Merge Heap Roots: 0.2ms
[2021-03-19T13:45:23.255+0600][gc,phases   ] GC(953)   Evacuate Collection Set: 2.0ms
[2021-03-19T13:45:23.255+0600][gc,phases   ] GC(953)   Post Evacuate Collection Set: 0.5ms
[2021-03-19T13:45:23.255+0600][gc,phases   ] GC(953)   Other: 0.2ms
[2021-03-19T13:45:23.255+0600][gc,heap     ] GC(953) Eden regions: 596->0(596)
[2021-03-19T13:45:23.255+0600][gc,heap     ] GC(953) Survivor regions: 2->2(75)
[2021-03-19T13:45:23.255+0600][gc,heap     ] GC(953) Old regions: 190->190
[2021-03-19T13:45:23.255+0600][gc,heap     ] GC(953) Archive regions: 2->2
[2021-03-19T13:45:23.255+0600][gc,heap     ] GC(953) Humongous regions: 129->129
[2021-03-19T13:45:23.255+0600][gc,metaspace] GC(953) Metaspace: 40303K(41216K)->40303K(41216K) NonClass: 35979K(36608K)->35979K(36608K) Class: 4323K(4608K)->4323K(4608K)
[2021-03-19T13:45:23.255+0600][gc          ] GC(953) Pause Young (Normal) (G1 Evacuation Pause) 916M->320M(1024M) 3.034ms
[2021-03-19T13:45:23.255+0600][gc,cpu      ] GC(953) User=0.02s Sys=0.00s Real=0.00s
[2021-03-19T13:45:25.889+0600][gc,start    ] GC(954) Pause Young (Normal) (G1 Evacuation Pause)
[2021-03-19T13:45:25.889+0600][gc,task     ] GC(954) Using 8 workers of 8 for evacuation
[2021-03-19T13:45:25.892+0600][gc,phases   ] GC(954)   Pre Evacuate Collection Set: 0.1ms
[2021-03-19T13:45:25.892+0600][gc,phases   ] GC(954)   Merge Heap Roots: 0.1ms
[2021-03-19T13:45:25.892+0600][gc,phases   ] GC(954)   Evacuate Collection Set: 1.9ms
[2021-03-19T13:45:25.892+0600][gc,phases   ] GC(954)   Post Evacuate Collection Set: 0.6ms
[2021-03-19T13:45:25.892+0600][gc,phases   ] GC(954)   Other: 0.2ms
[2021-03-19T13:45:25.892+0600][gc,heap     ] GC(954) Eden regions: 596->0(596)
[2021-03-19T13:45:25.892+0600][gc,heap     ] GC(954) Survivor regions: 2->2(75)
[2021-03-19T13:45:25.892+0600][gc,heap     ] GC(954) Old regions: 190->190
[2021-03-19T13:45:25.892+0600][gc,heap     ] GC(954) Archive regions: 2->2
[2021-03-19T13:45:25.892+0600][gc,heap     ] GC(954) Humongous regions: 129->129
[2021-03-19T13:45:25.892+0600][gc,metaspace] GC(954) Metaspace: 40303K(41216K)->40303K(41216K) NonClass: 35979K(36608K)->35979K(36608K) Class: 4323K(4608K)->4323K(4608K)
[2021-03-19T13:45:25.892+0600][gc          ] GC(954) Pause Young (Normal) (G1 Evacuation Pause) 916M->320M(1024M) 3.058ms
[2021-03-19T13:45:25.892+0600][gc,cpu      ] GC(954) User=0.01s Sys=0.00s Real=0.01s
[2021-03-19T13:45:28.505+0600][gc,start    ] GC(955) Pause Young (Normal) (G1 Evacuation Pause)
[2021-03-19T13:45:28.505+0600][gc,task     ] GC(955) Using 8 workers of 8 for evacuation
[2021-03-19T13:45:28.508+0600][gc,phases   ] GC(955)   Pre Evacuate Collection Set: 0.1ms
[2021-03-19T13:45:28.508+0600][gc,phases   ] GC(955)   Merge Heap Roots: 0.1ms
[2021-03-19T13:45:28.508+0600][gc,phases   ] GC(955)   Evacuate Collection Set: 2.0ms
[2021-03-19T13:45:28.508+0600][gc,phases   ] GC(955)   Post Evacuate Collection Set: 0.5ms
[2021-03-19T13:45:28.508+0600][gc,phases   ] GC(955)   Other: 0.2ms
[2021-03-19T13:45:28.508+0600][gc,heap     ] GC(955) Eden regions: 596->0(596)
[2021-03-19T13:45:28.508+0600][gc,heap     ] GC(955) Survivor regions: 2->2(75)
[2021-03-19T13:45:28.508+0600][gc,heap     ] GC(955) Old regions: 190->190
[2021-03-19T13:45:28.508+0600][gc,heap     ] GC(955) Archive regions: 2->2
[2021-03-19T13:45:28.508+0600][gc,heap     ] GC(955) Humongous regions: 129->129
[2021-03-19T13:45:28.508+0600][gc,metaspace] GC(955) Metaspace: 40303K(41216K)->40303K(41216K) NonClass: 35979K(36608K)->35979K(36608K) Class: 4323K(4608K)->4323K(4608K)
[2021-03-19T13:45:28.508+0600][gc          ] GC(955) Pause Young (Normal) (G1 Evacuation Pause) 916M->321M(1024M) 3.121ms
[2021-03-19T13:45:28.508+0600][gc,cpu      ] GC(955) User=0.02s Sys=0.00s Real=0.00s
[2021-03-19T13:45:31.135+0600][gc,start    ] GC(956) Pause Young (Normal) (G1 Evacuation Pause)
[2021-03-19T13:45:31.135+0600][gc,task     ] GC(956) Using 8 workers of 8 for evacuation
[2021-03-19T13:45:31.138+0600][gc,phases   ] GC(956)   Pre Evacuate Collection Set: 0.2ms
[2021-03-19T13:45:31.138+0600][gc,phases   ] GC(956)   Merge Heap Roots: 0.1ms
[2021-03-19T13:45:31.138+0600][gc,phases   ] GC(956)   Evacuate Collection Set: 2.3ms
[2021-03-19T13:45:31.138+0600][gc,phases   ] GC(956)   Post Evacuate Collection Set: 0.6ms
[2021-03-19T13:45:31.138+0600][gc,phases   ] GC(956)   Other: 0.2ms
[2021-03-19T13:45:31.138+0600][gc,heap     ] GC(956) Eden regions: 596->0(596)
[2021-03-19T13:45:31.138+0600][gc,heap     ] GC(956) Survivor regions: 2->2(75)
[2021-03-19T13:45:31.138+0600][gc,heap     ] GC(956) Old regions: 190->190
[2021-03-19T13:45:31.138+0600][gc,heap     ] GC(956) Archive regions: 2->2
[2021-03-19T13:45:31.138+0600][gc,heap     ] GC(956) Humongous regions: 129->129
[2021-03-19T13:45:31.139+0600][gc,metaspace] GC(956) Metaspace: 40303K(41216K)->40303K(41216K) NonClass: 35979K(36608K)->35979K(36608K) Class: 4323K(4608K)->4323K(4608K)
[2021-03-19T13:45:31.139+0600][gc          ] GC(956) Pause Young (Normal) (G1 Evacuation Pause) 917M->321M(1024M) 3.353ms
[2021-03-19T13:45:31.139+0600][gc,cpu      ] GC(956) User=0.02s Sys=0.00s Real=0.00s
[2021-03-19T13:45:33.794+0600][gc,start    ] GC(957) Pause Young (Normal) (G1 Evacuation Pause)
[2021-03-19T13:45:33.794+0600][gc,task     ] GC(957) Using 8 workers of 8 for evacuation
[2021-03-19T13:45:33.797+0600][gc,phases   ] GC(957)   Pre Evacuate Collection Set: 0.1ms
[2021-03-19T13:45:33.797+0600][gc,phases   ] GC(957)   Merge Heap Roots: 0.1ms
[2021-03-19T13:45:33.797+0600][gc,phases   ] GC(957)   Evacuate Collection Set: 2.3ms
[2021-03-19T13:45:33.797+0600][gc,phases   ] GC(957)   Post Evacuate Collection Set: 0.4ms
[2021-03-19T13:45:33.797+0600][gc,phases   ] GC(957)   Other: 0.2ms
[2021-03-19T13:45:33.797+0600][gc,heap     ] GC(957) Eden regions: 596->0(596)
[2021-03-19T13:45:33.797+0600][gc,heap     ] GC(957) Survivor regions: 2->2(75)
[2021-03-19T13:45:33.797+0600][gc,heap     ] GC(957) Old regions: 190->190
[2021-03-19T13:45:33.797+0600][gc,heap     ] GC(957) Archive regions: 2->2
[2021-03-19T13:45:33.797+0600][gc,heap     ] GC(957) Humongous regions: 129->129
[2021-03-19T13:45:33.797+0600][gc,metaspace] GC(957) Metaspace: 40303K(41216K)->40303K(41216K) NonClass: 35979K(36608K)->35979K(36608K) Class: 4323K(4608K)->4323K(4608K)
[2021-03-19T13:45:33.797+0600][gc          ] GC(957) Pause Young (Normal) (G1 Evacuation Pause) 917M->321M(1024M) 3.080ms
[2021-03-19T13:45:33.797+0600][gc,cpu      ] GC(957) User=0.01s Sys=0.00s Real=0.00s
[2021-03-19T13:45:36.507+0600][gc,start    ] GC(958) Pause Young (Normal) (G1 Evacuation Pause)
[2021-03-19T13:45:36.507+0600][gc,task     ] GC(958) Using 8 workers of 8 for evacuation
[2021-03-19T13:45:36.510+0600][gc,phases   ] GC(958)   Pre Evacuate Collection Set: 0.2ms
[2021-03-19T13:45:36.510+0600][gc,phases   ] GC(958)   Merge Heap Roots: 0.1ms
[2021-03-19T13:45:36.510+0600][gc,phases   ] GC(958)   Evacuate Collection Set: 2.2ms
[2021-03-19T13:45:36.510+0600][gc,phases   ] GC(958)   Post Evacuate Collection Set: 0.4ms
[2021-03-19T13:45:36.510+0600][gc,phases   ] GC(958)   Other: 0.2ms
[2021-03-19T13:45:36.510+0600][gc,heap     ] GC(958) Eden regions: 596->0(596)
[2021-03-19T13:45:36.510+0600][gc,heap     ] GC(958) Survivor regions: 2->2(75)
[2021-03-19T13:45:36.510+0600][gc,heap     ] GC(958) Old regions: 190->190
[2021-03-19T13:45:36.510+0600][gc,heap     ] GC(958) Archive regions: 2->2
[2021-03-19T13:45:36.510+0600][gc,heap     ] GC(958) Humongous regions: 129->129
[2021-03-19T13:45:36.510+0600][gc,metaspace] GC(958) Metaspace: 40303K(41216K)->40303K(41216K) NonClass: 35979K(36608K)->35979K(36608K) Class: 4323K(4608K)->4323K(4608K)
[2021-03-19T13:45:36.510+0600][gc          ] GC(958) Pause Young (Normal) (G1 Evacuation Pause) 917M->321M(1024M) 3.158ms
[2021-03-19T13:45:36.510+0600][gc,cpu      ] GC(958) User=0.02s Sys=0.00s Real=0.01s
[2021-03-19T13:45:39.240+0600][gc,start    ] GC(959) Pause Young (Normal) (G1 Evacuation Pause)
[2021-03-19T13:45:39.240+0600][gc,task     ] GC(959) Using 8 workers of 8 for evacuation
[2021-03-19T13:45:39.242+0600][gc,phases   ] GC(959)   Pre Evacuate Collection Set: 0.2ms
[2021-03-19T13:45:39.243+0600][gc,phases   ] GC(959)   Merge Heap Roots: 0.1ms
[2021-03-19T13:45:39.243+0600][gc,phases   ] GC(959)   Evacuate Collection Set: 2.1ms
[2021-03-19T13:45:39.243+0600][gc,phases   ] GC(959)   Post Evacuate Collection Set: 0.4ms
[2021-03-19T13:45:39.243+0600][gc,phases   ] GC(959)   Other: 0.1ms
[2021-03-19T13:45:39.243+0600][gc,heap     ] GC(959) Eden regions: 596->0(595)
[2021-03-19T13:45:39.243+0600][gc,heap     ] GC(959) Survivor regions: 2->2(75)
[2021-03-19T13:45:39.243+0600][gc,heap     ] GC(959) Old regions: 190->191
[2021-03-19T13:45:39.243+0600][gc,heap     ] GC(959) Archive regions: 2->2
[2021-03-19T13:45:39.243+0600][gc,heap     ] GC(959) Humongous regions: 129->129
[2021-03-19T13:45:39.243+0600][gc,metaspace] GC(959) Metaspace: 40303K(41216K)->40303K(41216K) NonClass: 35979K(36608K)->35979K(36608K) Class: 4323K(4608K)->4323K(4608K)
[2021-03-19T13:45:39.243+0600][gc          ] GC(959) Pause Young (Normal) (G1 Evacuation Pause) 917M->321M(1024M) 3.025ms
[2021-03-19T13:45:39.243+0600][gc,cpu      ] GC(959) User=0.01s Sys=0.01s Real=0.00s
[2021-03-19T13:45:41.946+0600][gc,start    ] GC(960) Pause Young (Normal) (G1 Evacuation Pause)
[2021-03-19T13:45:41.946+0600][gc,task     ] GC(960) Using 8 workers of 8 for evacuation
[2021-03-19T13:45:41.949+0600][gc,phases   ] GC(960)   Pre Evacuate Collection Set: 0.2ms
[2021-03-19T13:45:41.949+0600][gc,phases   ] GC(960)   Merge Heap Roots: 0.1ms
[2021-03-19T13:45:41.949+0600][gc,phases   ] GC(960)   Evacuate Collection Set: 2.2ms
[2021-03-19T13:45:41.949+0600][gc,phases   ] GC(960)   Post Evacuate Collection Set: 0.4ms
[2021-03-19T13:45:41.949+0600][gc,phases   ] GC(960)   Other: 0.2ms
[2021-03-19T13:45:41.949+0600][gc,heap     ] GC(960) Eden regions: 595->0(595)
[2021-03-19T13:45:41.949+0600][gc,heap     ] GC(960) Survivor regions: 2->2(75)
[2021-03-19T13:45:41.949+0600][gc,heap     ] GC(960) Old regions: 191->191
[2021-03-19T13:45:41.949+0600][gc,heap     ] GC(960) Archive regions: 2->2
[2021-03-19T13:45:41.949+0600][gc,heap     ] GC(960) Humongous regions: 129->129
[2021-03-19T13:45:41.949+0600][gc,metaspace] GC(960) Metaspace: 40303K(41216K)->40303K(41216K) NonClass: 35979K(36608K)->35979K(36608K) Class: 4323K(4608K)->4323K(4608K)
[2021-03-19T13:45:41.949+0600][gc          ] GC(960) Pause Young (Normal) (G1 Evacuation Pause) 916M->321M(1024M) 3.121ms
[2021-03-19T13:45:41.949+0600][gc,cpu      ] GC(960) User=0.02s Sys=0.00s Real=0.00s
[2021-03-19T13:45:44.606+0600][gc,start    ] GC(961) Pause Young (Normal) (G1 Evacuation Pause)
[2021-03-19T13:45:44.606+0600][gc,task     ] GC(961) Using 8 workers of 8 for evacuation
[2021-03-19T13:45:44.609+0600][gc,phases   ] GC(961)   Pre Evacuate Collection Set: 0.1ms
[2021-03-19T13:45:44.609+0600][gc,phases   ] GC(961)   Merge Heap Roots: 0.1ms
[2021-03-19T13:45:44.609+0600][gc,phases   ] GC(961)   Evacuate Collection Set: 2.3ms
[2021-03-19T13:45:44.609+0600][gc,phases   ] GC(961)   Post Evacuate Collection Set: 0.5ms
[2021-03-19T13:45:44.609+0600][gc,phases   ] GC(961)   Other: 0.2ms
[2021-03-19T13:45:44.609+0600][gc,heap     ] GC(961) Eden regions: 595->0(595)
[2021-03-19T13:45:44.609+0600][gc,heap     ] GC(961) Survivor regions: 2->2(75)
[2021-03-19T13:45:44.609+0600][gc,heap     ] GC(961) Old regions: 191->191
[2021-03-19T13:45:44.609+0600][gc,heap     ] GC(961) Archive regions: 2->2
[2021-03-19T13:45:44.609+0600][gc,heap     ] GC(961) Humongous regions: 129->129
[2021-03-19T13:45:44.609+0600][gc,metaspace] GC(961) Metaspace: 40303K(41216K)->40303K(41216K) NonClass: 35979K(36608K)->35979K(36608K) Class: 4323K(4608K)->4323K(4608K)
[2021-03-19T13:45:44.609+0600][gc          ] GC(961) Pause Young (Normal) (G1 Evacuation Pause) 916M->321M(1024M) 3.340ms
[2021-03-19T13:45:44.609+0600][gc,cpu      ] GC(961) User=0.02s Sys=0.00s Real=0.00s
[2021-03-19T13:45:47.218+0600][gc,start    ] GC(962) Pause Young (Normal) (G1 Evacuation Pause)
[2021-03-19T13:45:47.218+0600][gc,task     ] GC(962) Using 8 workers of 8 for evacuation
[2021-03-19T13:45:47.220+0600][gc,phases   ] GC(962)   Pre Evacuate Collection Set: 0.1ms
[2021-03-19T13:45:47.220+0600][gc,phases   ] GC(962)   Merge Heap Roots: 0.1ms
[2021-03-19T13:45:47.220+0600][gc,phases   ] GC(962)   Evacuate Collection Set: 2.0ms
[2021-03-19T13:45:47.220+0600][gc,phases   ] GC(962)   Post Evacuate Collection Set: 0.4ms
[2021-03-19T13:45:47.220+0600][gc,phases   ] GC(962)   Other: 0.2ms
[2021-03-19T13:45:47.220+0600][gc,heap     ] GC(962) Eden regions: 595->0(595)
[2021-03-19T13:45:47.220+0600][gc,heap     ] GC(962) Survivor regions: 2->2(75)
[2021-03-19T13:45:47.220+0600][gc,heap     ] GC(962) Old regions: 191->191
[2021-03-19T13:45:47.220+0600][gc,heap     ] GC(962) Archive regions: 2->2
[2021-03-19T13:45:47.220+0600][gc,heap     ] GC(962) Humongous regions: 129->129
[2021-03-19T13:45:47.221+0600][gc,metaspace] GC(962) Metaspace: 40303K(41216K)->40303K(41216K) NonClass: 35979K(36608K)->35979K(36608K) Class: 4323K(4608K)->4323K(4608K)
[2021-03-19T13:45:47.221+0600][gc          ] GC(962) Pause Young (Normal) (G1 Evacuation Pause) 916M->321M(1024M) 2.842ms
[2021-03-19T13:45:47.221+0600][gc,cpu      ] GC(962) User=0.02s Sys=0.00s Real=0.01s
[2021-03-19T13:45:49.818+0600][gc,start    ] GC(963) Pause Young (Normal) (G1 Evacuation Pause)
[2021-03-19T13:45:49.818+0600][gc,task     ] GC(963) Using 8 workers of 8 for evacuation
[2021-03-19T13:45:49.821+0600][gc,phases   ] GC(963)   Pre Evacuate Collection Set: 0.2ms
[2021-03-19T13:45:49.821+0600][gc,phases   ] GC(963)   Merge Heap Roots: 0.1ms
[2021-03-19T13:45:49.821+0600][gc,phases   ] GC(963)   Evacuate Collection Set: 2.0ms
[2021-03-19T13:45:49.821+0600][gc,phases   ] GC(963)   Post Evacuate Collection Set: 0.5ms
[2021-03-19T13:45:49.821+0600][gc,phases   ] GC(963)   Other: 0.2ms
[2021-03-19T13:45:49.821+0600][gc,heap     ] GC(963) Eden regions: 595->0(595)
[2021-03-19T13:45:49.821+0600][gc,heap     ] GC(963) Survivor regions: 2->2(75)
[2021-03-19T13:45:49.821+0600][gc,heap     ] GC(963) Old regions: 191->191
[2021-03-19T13:45:49.821+0600][gc,heap     ] GC(963) Archive regions: 2->2
[2021-03-19T13:45:49.821+0600][gc,heap     ] GC(963) Humongous regions: 129->129
[2021-03-19T13:45:49.821+0600][gc,metaspace] GC(963) Metaspace: 40303K(41216K)->40303K(41216K) NonClass: 35979K(36608K)->35979K(36608K) Class: 4323K(4608K)->4323K(4608K)
[2021-03-19T13:45:49.821+0600][gc          ] GC(963) Pause Young (Normal) (G1 Evacuation Pause) 916M->321M(1024M) 3.044ms
[2021-03-19T13:45:49.821+0600][gc,cpu      ] GC(963) User=0.02s Sys=0.00s Real=0.01s
[2021-03-19T13:45:52.478+0600][gc,start    ] GC(964) Pause Young (Normal) (G1 Evacuation Pause)
[2021-03-19T13:45:52.478+0600][gc,task     ] GC(964) Using 8 workers of 8 for evacuation
[2021-03-19T13:45:52.481+0600][gc,phases   ] GC(964)   Pre Evacuate Collection Set: 0.2ms
[2021-03-19T13:45:52.481+0600][gc,phases   ] GC(964)   Merge Heap Roots: 0.1ms
[2021-03-19T13:45:52.481+0600][gc,phases   ] GC(964)   Evacuate Collection Set: 2.1ms
[2021-03-19T13:45:52.481+0600][gc,phases   ] GC(964)   Post Evacuate Collection Set: 0.5ms
[2021-03-19T13:45:52.481+0600][gc,phases   ] GC(964)   Other: 0.2ms
[2021-03-19T13:45:52.481+0600][gc,heap     ] GC(964) Eden regions: 595->0(595)
[2021-03-19T13:45:52.481+0600][gc,heap     ] GC(964) Survivor regions: 2->2(75)
[2021-03-19T13:45:52.481+0600][gc,heap     ] GC(964) Old regions: 191->191
[2021-03-19T13:45:52.481+0600][gc,heap     ] GC(964) Archive regions: 2->2
[2021-03-19T13:45:52.481+0600][gc,heap     ] GC(964) Humongous regions: 129->129
[2021-03-19T13:45:52.481+0600][gc,metaspace] GC(964) Metaspace: 40303K(41216K)->40303K(41216K) NonClass: 35979K(36608K)->35979K(36608K) Class: 4323K(4608K)->4323K(4608K)
[2021-03-19T13:45:52.481+0600][gc          ] GC(964) Pause Young (Normal) (G1 Evacuation Pause) 916M->322M(1024M) 3.133ms
[2021-03-19T13:45:52.481+0600][gc,cpu      ] GC(964) User=0.02s Sys=0.00s Real=0.01s
[2021-03-19T13:45:55.147+0600][gc,start    ] GC(965) Pause Young (Normal) (G1 Evacuation Pause)
[2021-03-19T13:45:55.147+0600][gc,task     ] GC(965) Using 8 workers of 8 for evacuation
[2021-03-19T13:45:55.150+0600][gc,phases   ] GC(965)   Pre Evacuate Collection Set: 0.2ms
[2021-03-19T13:45:55.150+0600][gc,phases   ] GC(965)   Merge Heap Roots: 0.1ms
[2021-03-19T13:45:55.150+0600][gc,phases   ] GC(965)   Evacuate Collection Set: 1.9ms
[2021-03-19T13:45:55.150+0600][gc,phases   ] GC(965)   Post Evacuate Collection Set: 0.6ms
[2021-03-19T13:45:55.150+0600][gc,phases   ] GC(965)   Other: 0.2ms
[2021-03-19T13:45:55.150+0600][gc,heap     ] GC(965) Eden regions: 595->0(595)
[2021-03-19T13:45:55.150+0600][gc,heap     ] GC(965) Survivor regions: 2->2(75)
[2021-03-19T13:45:55.150+0600][gc,heap     ] GC(965) Old regions: 191->191
[2021-03-19T13:45:55.150+0600][gc,heap     ] GC(965) Archive regions: 2->2
[2021-03-19T13:45:55.150+0600][gc,heap     ] GC(965) Humongous regions: 129->129
[2021-03-19T13:45:55.150+0600][gc,metaspace] GC(965) Metaspace: 40303K(41216K)->40303K(41216K) NonClass: 35979K(36608K)->35979K(36608K) Class: 4323K(4608K)->4323K(4608K)
[2021-03-19T13:45:55.150+0600][gc          ] GC(965) Pause Young (Normal) (G1 Evacuation Pause) 917M->322M(1024M) 3.118ms
[2021-03-19T13:45:55.150+0600][gc,cpu      ] GC(965) User=0.01s Sys=0.00s Real=0.01s
[2021-03-19T13:45:57.871+0600][gc,start    ] GC(966) Pause Young (Normal) (G1 Evacuation Pause)
[2021-03-19T13:45:57.871+0600][gc,task     ] GC(966) Using 8 workers of 8 for evacuation
[2021-03-19T13:45:57.875+0600][gc,phases   ] GC(966)   Pre Evacuate Collection Set: 0.2ms
[2021-03-19T13:45:57.875+0600][gc,phases   ] GC(966)   Merge Heap Roots: 0.1ms
[2021-03-19T13:45:57.875+0600][gc,phases   ] GC(966)   Evacuate Collection Set: 2.7ms
[2021-03-19T13:45:57.875+0600][gc,phases   ] GC(966)   Post Evacuate Collection Set: 0.3ms
[2021-03-19T13:45:57.875+0600][gc,phases   ] GC(966)   Other: 0.6ms
[2021-03-19T13:45:57.875+0600][gc,heap     ] GC(966) Eden regions: 595->0(595)
[2021-03-19T13:45:57.875+0600][gc,heap     ] GC(966) Survivor regions: 2->2(75)
[2021-03-19T13:45:57.875+0600][gc,heap     ] GC(966) Old regions: 191->191
[2021-03-19T13:45:57.875+0600][gc,heap     ] GC(966) Archive regions: 2->2
[2021-03-19T13:45:57.875+0600][gc,heap     ] GC(966) Humongous regions: 129->129
[2021-03-19T13:45:57.875+0600][gc,metaspace] GC(966) Metaspace: 40303K(41216K)->40303K(41216K) NonClass: 35979K(36608K)->35979K(36608K) Class: 4323K(4608K)->4323K(4608K)
[2021-03-19T13:45:57.875+0600][gc          ] GC(966) Pause Young (Normal) (G1 Evacuation Pause) 917M->322M(1024M) 4.002ms
[2021-03-19T13:45:57.875+0600][gc,cpu      ] GC(966) User=0.01s Sys=0.01s Real=0.00s
[2021-03-19T13:46:00.497+0600][gc,start    ] GC(967) Pause Young (Normal) (G1 Evacuation Pause)
[2021-03-19T13:46:00.497+0600][gc,task     ] GC(967) Using 8 workers of 8 for evacuation
[2021-03-19T13:46:00.500+0600][gc,phases   ] GC(967)   Pre Evacuate Collection Set: 0.2ms
[2021-03-19T13:46:00.500+0600][gc,phases   ] GC(967)   Merge Heap Roots: 0.1ms
[2021-03-19T13:46:00.500+0600][gc,phases   ] GC(967)   Evacuate Collection Set: 2.0ms
[2021-03-19T13:46:00.500+0600][gc,phases   ] GC(967)   Post Evacuate Collection Set: 0.5ms
[2021-03-19T13:46:00.500+0600][gc,phases   ] GC(967)   Other: 0.2ms
[2021-03-19T13:46:00.500+0600][gc,heap     ] GC(967) Eden regions: 595->0(595)
[2021-03-19T13:46:00.500+0600][gc,heap     ] GC(967) Survivor regions: 2->2(75)
[2021-03-19T13:46:00.500+0600][gc,heap     ] GC(967) Old regions: 191->191
[2021-03-19T13:46:00.500+0600][gc,heap     ] GC(967) Archive regions: 2->2
[2021-03-19T13:46:00.500+0600][gc,heap     ] GC(967) Humongous regions: 129->129
[2021-03-19T13:46:00.500+0600][gc,metaspace] GC(967) Metaspace: 40303K(41216K)->40303K(41216K) NonClass: 35979K(36608K)->35979K(36608K) Class: 4323K(4608K)->4323K(4608K)
[2021-03-19T13:46:00.500+0600][gc          ] GC(967) Pause Young (Normal) (G1 Evacuation Pause) 917M->322M(1024M) 3.074ms
[2021-03-19T13:46:00.500+0600][gc,cpu      ] GC(967) User=0.02s Sys=0.00s Real=0.01s
[2021-03-19T13:46:03.208+0600][gc,start    ] GC(968) Pause Young (Normal) (G1 Evacuation Pause)
[2021-03-19T13:46:03.208+0600][gc,task     ] GC(968) Using 8 workers of 8 for evacuation
[2021-03-19T13:46:03.211+0600][gc,phases   ] GC(968)   Pre Evacuate Collection Set: 0.2ms
[2021-03-19T13:46:03.211+0600][gc,phases   ] GC(968)   Merge Heap Roots: 0.1ms
[2021-03-19T13:46:03.211+0600][gc,phases   ] GC(968)   Evacuate Collection Set: 2.0ms
[2021-03-19T13:46:03.211+0600][gc,phases   ] GC(968)   Post Evacuate Collection Set: 0.5ms
[2021-03-19T13:46:03.211+0600][gc,phases   ] GC(968)   Other: 0.2ms
[2021-03-19T13:46:03.211+0600][gc,heap     ] GC(968) Eden regions: 595->0(594)
[2021-03-19T13:46:03.211+0600][gc,heap     ] GC(968) Survivor regions: 2->2(75)
[2021-03-19T13:46:03.211+0600][gc,heap     ] GC(968) Old regions: 191->192
[2021-03-19T13:46:03.211+0600][gc,heap     ] GC(968) Archive regions: 2->2
[2021-03-19T13:46:03.211+0600][gc,heap     ] GC(968) Humongous regions: 129->129
[2021-03-19T13:46:03.211+0600][gc,metaspace] GC(968) Metaspace: 40303K(41216K)->40303K(41216K) NonClass: 35979K(36608K)->35979K(36608K) Class: 4323K(4608K)->4323K(4608K)
[2021-03-19T13:46:03.211+0600][gc          ] GC(968) Pause Young (Normal) (G1 Evacuation Pause) 917M->322M(1024M) 3.125ms
[2021-03-19T13:46:03.211+0600][gc,cpu      ] GC(968) User=0.02s Sys=0.00s Real=0.01s
[2021-03-19T13:46:05.884+0600][gc,start    ] GC(969) Pause Young (Normal) (G1 Evacuation Pause)
[2021-03-19T13:46:05.884+0600][gc,task     ] GC(969) Using 8 workers of 8 for evacuation
[2021-03-19T13:46:05.887+0600][gc,phases   ] GC(969)   Pre Evacuate Collection Set: 0.2ms
[2021-03-19T13:46:05.887+0600][gc,phases   ] GC(969)   Merge Heap Roots: 0.1ms
[2021-03-19T13:46:05.887+0600][gc,phases   ] GC(969)   Evacuate Collection Set: 2.0ms
[2021-03-19T13:46:05.887+0600][gc,phases   ] GC(969)   Post Evacuate Collection Set: 0.5ms
[2021-03-19T13:46:05.887+0600][gc,phases   ] GC(969)   Other: 0.2ms
[2021-03-19T13:46:05.887+0600][gc,heap     ] GC(969) Eden regions: 594->0(594)
[2021-03-19T13:46:05.887+0600][gc,heap     ] GC(969) Survivor regions: 2->2(75)
[2021-03-19T13:46:05.887+0600][gc,heap     ] GC(969) Old regions: 192->192
[2021-03-19T13:46:05.887+0600][gc,heap     ] GC(969) Archive regions: 2->2
[2021-03-19T13:46:05.887+0600][gc,heap     ] GC(969) Humongous regions: 129->129
[2021-03-19T13:46:05.887+0600][gc,metaspace] GC(969) Metaspace: 40303K(41216K)->40303K(41216K) NonClass: 35979K(36608K)->35979K(36608K) Class: 4323K(4608K)->4323K(4608K)
[2021-03-19T13:46:05.887+0600][gc          ] GC(969) Pause Young (Normal) (G1 Evacuation Pause) 916M->322M(1024M) 2.961ms
[2021-03-19T13:46:05.887+0600][gc,cpu      ] GC(969) User=0.02s Sys=0.00s Real=0.00s
[2021-03-19T13:46:08.584+0600][gc,start    ] GC(970) Pause Young (Normal) (G1 Evacuation Pause)
[2021-03-19T13:46:08.584+0600][gc,task     ] GC(970) Using 8 workers of 8 for evacuation
[2021-03-19T13:46:08.587+0600][gc,phases   ] GC(970)   Pre Evacuate Collection Set: 0.1ms
[2021-03-19T13:46:08.587+0600][gc,phases   ] GC(970)   Merge Heap Roots: 0.1ms
[2021-03-19T13:46:08.587+0600][gc,phases   ] GC(970)   Evacuate Collection Set: 2.3ms
[2021-03-19T13:46:08.587+0600][gc,phases   ] GC(970)   Post Evacuate Collection Set: 0.5ms
[2021-03-19T13:46:08.587+0600][gc,phases   ] GC(970)   Other: 0.2ms
[2021-03-19T13:46:08.587+0600][gc,heap     ] GC(970) Eden regions: 594->0(594)
[2021-03-19T13:46:08.587+0600][gc,heap     ] GC(970) Survivor regions: 2->2(75)
[2021-03-19T13:46:08.587+0600][gc,heap     ] GC(970) Old regions: 192->192
[2021-03-19T13:46:08.587+0600][gc,heap     ] GC(970) Archive regions: 2->2
[2021-03-19T13:46:08.587+0600][gc,heap     ] GC(970) Humongous regions: 129->129
[2021-03-19T13:46:08.587+0600][gc,metaspace] GC(970) Metaspace: 40303K(41216K)->40303K(41216K) NonClass: 35979K(36608K)->35979K(36608K) Class: 4323K(4608K)->4323K(4608K)
[2021-03-19T13:46:08.587+0600][gc          ] GC(970) Pause Young (Normal) (G1 Evacuation Pause) 916M->322M(1024M) 3.301ms
[2021-03-19T13:46:08.587+0600][gc,cpu      ] GC(970) User=0.02s Sys=0.00s Real=0.00s
[2021-03-19T13:46:11.292+0600][gc,start    ] GC(971) Pause Young (Normal) (G1 Evacuation Pause)
[2021-03-19T13:46:11.292+0600][gc,task     ] GC(971) Using 8 workers of 8 for evacuation
[2021-03-19T13:46:11.295+0600][gc,phases   ] GC(971)   Pre Evacuate Collection Set: 0.2ms
[2021-03-19T13:46:11.295+0600][gc,phases   ] GC(971)   Merge Heap Roots: 0.1ms
[2021-03-19T13:46:11.295+0600][gc,phases   ] GC(971)   Evacuate Collection Set: 2.2ms
[2021-03-19T13:46:11.295+0600][gc,phases   ] GC(971)   Post Evacuate Collection Set: 0.5ms
[2021-03-19T13:46:11.295+0600][gc,phases   ] GC(971)   Other: 0.2ms
[2021-03-19T13:46:11.295+0600][gc,heap     ] GC(971) Eden regions: 594->0(594)
[2021-03-19T13:46:11.295+0600][gc,heap     ] GC(971) Survivor regions: 2->2(75)
[2021-03-19T13:46:11.295+0600][gc,heap     ] GC(971) Old regions: 192->192
[2021-03-19T13:46:11.295+0600][gc,heap     ] GC(971) Archive regions: 2->2
[2021-03-19T13:46:11.295+0600][gc,heap     ] GC(971) Humongous regions: 129->129
[2021-03-19T13:46:11.296+0600][gc,metaspace] GC(971) Metaspace: 40303K(41216K)->40303K(41216K) NonClass: 35979K(36608K)->35979K(36608K) Class: 4323K(4608K)->4323K(4608K)
[2021-03-19T13:46:11.296+0600][gc          ] GC(971) Pause Young (Normal) (G1 Evacuation Pause) 916M->322M(1024M) 3.288ms
[2021-03-19T13:46:11.296+0600][gc,cpu      ] GC(971) User=0.01s Sys=0.00s Real=0.00s
[2021-03-19T13:46:13.987+0600][gc,start    ] GC(972) Pause Young (Normal) (G1 Evacuation Pause)
[2021-03-19T13:46:13.987+0600][gc,task     ] GC(972) Using 8 workers of 8 for evacuation
[2021-03-19T13:46:13.990+0600][gc,phases   ] GC(972)   Pre Evacuate Collection Set: 0.2ms
[2021-03-19T13:46:13.990+0600][gc,phases   ] GC(972)   Merge Heap Roots: 0.1ms
[2021-03-19T13:46:13.990+0600][gc,phases   ] GC(972)   Evacuate Collection Set: 2.1ms
[2021-03-19T13:46:13.990+0600][gc,phases   ] GC(972)   Post Evacuate Collection Set: 0.6ms
[2021-03-19T13:46:13.990+0600][gc,phases   ] GC(972)   Other: 0.2ms
[2021-03-19T13:46:13.990+0600][gc,heap     ] GC(972) Eden regions: 594->0(594)
[2021-03-19T13:46:13.990+0600][gc,heap     ] GC(972) Survivor regions: 2->2(75)
[2021-03-19T13:46:13.990+0600][gc,heap     ] GC(972) Old regions: 192->192
[2021-03-19T13:46:13.990+0600][gc,heap     ] GC(972) Archive regions: 2->2
[2021-03-19T13:46:13.990+0600][gc,heap     ] GC(972) Humongous regions: 129->129
[2021-03-19T13:46:13.990+0600][gc,metaspace] GC(972) Metaspace: 40303K(41216K)->40303K(41216K) NonClass: 35979K(36608K)->35979K(36608K) Class: 4323K(4608K)->4323K(4608K)
[2021-03-19T13:46:13.990+0600][gc          ] GC(972) Pause Young (Normal) (G1 Evacuation Pause) 916M->322M(1024M) 3.247ms
[2021-03-19T13:46:13.990+0600][gc,cpu      ] GC(972) User=0.02s Sys=0.00s Real=0.01s
[2021-03-19T13:46:16.727+0600][gc,start    ] GC(973) Pause Young (Normal) (G1 Evacuation Pause)
[2021-03-19T13:46:16.727+0600][gc,task     ] GC(973) Using 8 workers of 8 for evacuation
[2021-03-19T13:46:16.730+0600][gc,phases   ] GC(973)   Pre Evacuate Collection Set: 0.1ms
[2021-03-19T13:46:16.730+0600][gc,phases   ] GC(973)   Merge Heap Roots: 0.1ms
[2021-03-19T13:46:16.730+0600][gc,phases   ] GC(973)   Evacuate Collection Set: 2.4ms
