[2021-03-19T13:37:23.031+0600][gc,phases   ] GC(823)   Post Evacuate Collection Set: 0.4ms
[2021-03-19T13:37:23.031+0600][gc,phases   ] GC(823)   Other: 0.2ms
[2021-03-19T13:37:23.031+0600][gc,heap     ] GC(823) Eden regions: 612->0(612)
[2021-03-19T13:37:23.031+0600][gc,heap     ] GC(823) Survivor regions: 2->2(77)
[2021-03-19T13:37:23.031+0600][gc,heap     ] GC(823) Old regions: 172->172
[2021-03-19T13:37:23.031+0600][gc,heap     ] GC(823) Archive regions: 2->2
[2021-03-19T13:37:23.031+0600][gc,heap     ] GC(823) Humongous regions: 129->129
[2021-03-19T13:37:23.031+0600][gc,metaspace] GC(823) Metaspace: 40298K(41216K)->40298K(41216K) NonClass: 35975K(36608K)->35975K(36608K) Class: 4323K(4608K)->4323K(4608K)
[2021-03-19T13:37:23.031+0600][gc          ] GC(823) Pause Young (Normal) (G1 Evacuation Pause) 915M->303M(1024M) 6.864ms
[2021-03-19T13:37:23.031+0600][gc,cpu      ] GC(823) User=0.02s Sys=0.00s Real=0.01s
[2021-03-19T13:37:25.897+0600][gc,start    ] GC(824) Pause Young (Normal) (G1 Evacuation Pause)
[2021-03-19T13:37:25.897+0600][gc,task     ] GC(824) Using 8 workers of 8 for evacuation
[2021-03-19T13:37:25.901+0600][gc,phases   ] GC(824)   Pre Evacuate Collection Set: 0.2ms
[2021-03-19T13:37:25.901+0600][gc,phases   ] GC(824)   Merge Heap Roots: 0.1ms
[2021-03-19T13:37:25.901+0600][gc,phases   ] GC(824)   Evacuate Collection Set: 3.0ms
[2021-03-19T13:37:25.901+0600][gc,phases   ] GC(824)   Post Evacuate Collection Set: 0.4ms
[2021-03-19T13:37:25.901+0600][gc,phases   ] GC(824)   Other: 0.2ms
[2021-03-19T13:37:25.901+0600][gc,heap     ] GC(824) Eden regions: 612->0(612)
[2021-03-19T13:37:25.901+0600][gc,heap     ] GC(824) Survivor regions: 2->2(77)
[2021-03-19T13:37:25.901+0600][gc,heap     ] GC(824) Old regions: 172->172
[2021-03-19T13:37:25.901+0600][gc,heap     ] GC(824) Archive regions: 2->2
[2021-03-19T13:37:25.901+0600][gc,heap     ] GC(824) Humongous regions: 129->129
[2021-03-19T13:37:25.901+0600][gc,metaspace] GC(824) Metaspace: 40298K(41216K)->40298K(41216K) NonClass: 35975K(36608K)->35975K(36608K) Class: 4323K(4608K)->4323K(4608K)
[2021-03-19T13:37:25.901+0600][gc          ] GC(824) Pause Young (Normal) (G1 Evacuation Pause) 915M->303M(1024M) 4.029ms
[2021-03-19T13:37:25.901+0600][gc,cpu      ] GC(824) User=0.02s Sys=0.00s Real=0.01s
[2021-03-19T13:37:28.422+0600][gc,start    ] GC(825) Pause Young (Normal) (G1 Evacuation Pause)
[2021-03-19T13:37:28.422+0600][gc,task     ] GC(825) Using 8 workers of 8 for evacuation
[2021-03-19T13:37:28.425+0600][gc,phases   ] GC(825)   Pre Evacuate Collection Set: 0.2ms
[2021-03-19T13:37:28.425+0600][gc,phases   ] GC(825)   Merge Heap Roots: 0.1ms
[2021-03-19T13:37:28.425+0600][gc,phases   ] GC(825)   Evacuate Collection Set: 2.1ms
[2021-03-19T13:37:28.425+0600][gc,phases   ] GC(825)   Post Evacuate Collection Set: 0.5ms
[2021-03-19T13:37:28.425+0600][gc,phases   ] GC(825)   Other: 0.2ms
[2021-03-19T13:37:28.425+0600][gc,heap     ] GC(825) Eden regions: 612->0(612)
[2021-03-19T13:37:28.425+0600][gc,heap     ] GC(825) Survivor regions: 2->2(77)
[2021-03-19T13:37:28.425+0600][gc,heap     ] GC(825) Old regions: 172->173
[2021-03-19T13:37:28.425+0600][gc,heap     ] GC(825) Archive regions: 2->2
[2021-03-19T13:37:28.425+0600][gc,heap     ] GC(825) Humongous regions: 129->129
[2021-03-19T13:37:28.425+0600][gc,metaspace] GC(825) Metaspace: 40298K(41216K)->40298K(41216K) NonClass: 35975K(36608K)->35975K(36608K) Class: 4323K(4608K)->4323K(4608K)
[2021-03-19T13:37:28.425+0600][gc          ] GC(825) Pause Young (Normal) (G1 Evacuation Pause) 915M->303M(1024M) 3.059ms
[2021-03-19T13:37:28.425+0600][gc,cpu      ] GC(825) User=0.01s Sys=0.00s Real=0.00s
[2021-03-19T13:37:28.882+0600][gc,start    ] GC(826) Pause Young (Normal) (G1 Evacuation Pause)
[2021-03-19T13:37:28.882+0600][gc,task     ] GC(826) Using 8 workers of 8 for evacuation
[2021-03-19T13:37:28.885+0600][gc,phases   ] GC(826)   Pre Evacuate Collection Set: 0.1ms
[2021-03-19T13:37:28.885+0600][gc,phases   ] GC(826)   Merge Heap Roots: 0.1ms
[2021-03-19T13:37:28.885+0600][gc,phases   ] GC(826)   Evacuate Collection Set: 2.1ms
[2021-03-19T13:37:28.885+0600][gc,phases   ] GC(826)   Post Evacuate Collection Set: 0.6ms
[2021-03-19T13:37:28.885+0600][gc,phases   ] GC(826)   Other: 0.2ms
[2021-03-19T13:37:28.885+0600][gc,heap     ] GC(826) Eden regions: 612->0(612)
[2021-03-19T13:37:28.885+0600][gc,heap     ] GC(826) Survivor regions: 2->2(77)
[2021-03-19T13:37:28.885+0600][gc,heap     ] GC(826) Old regions: 173->173
[2021-03-19T13:37:28.885+0600][gc,heap     ] GC(826) Archive regions: 2->2
[2021-03-19T13:37:28.885+0600][gc,heap     ] GC(826) Humongous regions: 129->129
[2021-03-19T13:37:28.885+0600][gc,metaspace] GC(826) Metaspace: 40299K(41216K)->40299K(41216K) NonClass: 35976K(36608K)->35976K(36608K) Class: 4323K(4608K)->4323K(4608K)
[2021-03-19T13:37:28.885+0600][gc          ] GC(826) Pause Young (Normal) (G1 Evacuation Pause) 915M->303M(1024M) 3.166ms
[2021-03-19T13:37:28.885+0600][gc,cpu      ] GC(826) User=0.02s Sys=0.00s Real=0.00s
[2021-03-19T13:37:30.692+0600][gc,start    ] GC(827) Pause Young (Normal) (G1 Evacuation Pause)
[2021-03-19T13:37:30.692+0600][gc,task     ] GC(827) Using 8 workers of 8 for evacuation
[2021-03-19T13:37:30.695+0600][gc,phases   ] GC(827)   Pre Evacuate Collection Set: 0.2ms
[2021-03-19T13:37:30.695+0600][gc,phases   ] GC(827)   Merge Heap Roots: 0.1ms
[2021-03-19T13:37:30.695+0600][gc,phases   ] GC(827)   Evacuate Collection Set: 1.9ms
[2021-03-19T13:37:30.695+0600][gc,phases   ] GC(827)   Post Evacuate Collection Set: 0.3ms
[2021-03-19T13:37:30.695+0600][gc,phases   ] GC(827)   Other: 0.6ms
[2021-03-19T13:37:30.695+0600][gc,heap     ] GC(827) Eden regions: 612->0(612)
[2021-03-19T13:37:30.695+0600][gc,heap     ] GC(827) Survivor regions: 2->2(77)
[2021-03-19T13:37:30.695+0600][gc,heap     ] GC(827) Old regions: 173->173
[2021-03-19T13:37:30.695+0600][gc,heap     ] GC(827) Archive regions: 2->2
[2021-03-19T13:37:30.695+0600][gc,heap     ] GC(827) Humongous regions: 129->129
[2021-03-19T13:37:30.695+0600][gc,metaspace] GC(827) Metaspace: 40303K(41216K)->40303K(41216K) NonClass: 35979K(36608K)->35979K(36608K) Class: 4323K(4608K)->4323K(4608K)
[2021-03-19T13:37:30.695+0600][gc          ] GC(827) Pause Young (Normal) (G1 Evacuation Pause) 915M->303M(1024M) 3.224ms
[2021-03-19T13:37:30.695+0600][gc,cpu      ] GC(827) User=0.01s Sys=0.00s Real=0.00s
[2021-03-19T13:37:33.432+0600][gc,start    ] GC(828) Pause Young (Normal) (G1 Evacuation Pause)
[2021-03-19T13:37:33.432+0600][gc,task     ] GC(828) Using 8 workers of 8 for evacuation
[2021-03-19T13:37:33.435+0600][gc,phases   ] GC(828)   Pre Evacuate Collection Set: 0.2ms
[2021-03-19T13:37:33.435+0600][gc,phases   ] GC(828)   Merge Heap Roots: 0.1ms
[2021-03-19T13:37:33.435+0600][gc,phases   ] GC(828)   Evacuate Collection Set: 2.4ms
[2021-03-19T13:37:33.435+0600][gc,phases   ] GC(828)   Post Evacuate Collection Set: 0.4ms
[2021-03-19T13:37:33.435+0600][gc,phases   ] GC(828)   Other: 0.2ms
[2021-03-19T13:37:33.435+0600][gc,heap     ] GC(828) Eden regions: 612->0(612)
[2021-03-19T13:37:33.435+0600][gc,heap     ] GC(828) Survivor regions: 2->2(77)
[2021-03-19T13:37:33.435+0600][gc,heap     ] GC(828) Old regions: 173->173
[2021-03-19T13:37:33.435+0600][gc,heap     ] GC(828) Archive regions: 2->2
[2021-03-19T13:37:33.435+0600][gc,heap     ] GC(828) Humongous regions: 129->129
[2021-03-19T13:37:33.435+0600][gc,metaspace] GC(828) Metaspace: 40303K(41216K)->40303K(41216K) NonClass: 35979K(36608K)->35979K(36608K) Class: 4323K(4608K)->4323K(4608K)
[2021-03-19T13:37:33.435+0600][gc          ] GC(828) Pause Young (Normal) (G1 Evacuation Pause) 915M->303M(1024M) 3.364ms
[2021-03-19T13:37:33.435+0600][gc,cpu      ] GC(828) User=0.02s Sys=0.00s Real=0.00s
[2021-03-19T13:37:36.191+0600][gc,start    ] GC(829) Pause Young (Normal) (G1 Evacuation Pause)
[2021-03-19T13:37:36.191+0600][gc,task     ] GC(829) Using 8 workers of 8 for evacuation
[2021-03-19T13:37:36.193+0600][gc,phases   ] GC(829)   Pre Evacuate Collection Set: 0.1ms
[2021-03-19T13:37:36.193+0600][gc,phases   ] GC(829)   Merge Heap Roots: 0.1ms
[2021-03-19T13:37:36.193+0600][gc,phases   ] GC(829)   Evacuate Collection Set: 2.1ms
[2021-03-19T13:37:36.193+0600][gc,phases   ] GC(829)   Post Evacuate Collection Set: 0.3ms
[2021-03-19T13:37:36.193+0600][gc,phases   ] GC(829)   Other: 0.1ms
[2021-03-19T13:37:36.193+0600][gc,heap     ] GC(829) Eden regions: 612->0(612)
[2021-03-19T13:37:36.193+0600][gc,heap     ] GC(829) Survivor regions: 2->2(77)
[2021-03-19T13:37:36.193+0600][gc,heap     ] GC(829) Old regions: 173->173
[2021-03-19T13:37:36.193+0600][gc,heap     ] GC(829) Archive regions: 2->2
[2021-03-19T13:37:36.193+0600][gc,heap     ] GC(829) Humongous regions: 129->129
[2021-03-19T13:37:36.193+0600][gc,metaspace] GC(829) Metaspace: 40303K(41216K)->40303K(41216K) NonClass: 35979K(36608K)->35979K(36608K) Class: 4323K(4608K)->4323K(4608K)
[2021-03-19T13:37:36.193+0600][gc          ] GC(829) Pause Young (Normal) (G1 Evacuation Pause) 915M->303M(1024M) 2.863ms
[2021-03-19T13:37:36.193+0600][gc,cpu      ] GC(829) User=0.02s Sys=0.01s Real=0.00s
[2021-03-19T13:37:38.878+0600][gc,start    ] GC(830) Pause Young (Normal) (G1 Evacuation Pause)
[2021-03-19T13:37:38.878+0600][gc,task     ] GC(830) Using 8 workers of 8 for evacuation
[2021-03-19T13:37:38.881+0600][gc,phases   ] GC(830)   Pre Evacuate Collection Set: 0.1ms
[2021-03-19T13:37:38.881+0600][gc,phases   ] GC(830)   Merge Heap Roots: 0.1ms
[2021-03-19T13:37:38.881+0600][gc,phases   ] GC(830)   Evacuate Collection Set: 2.3ms
[2021-03-19T13:37:38.881+0600][gc,phases   ] GC(830)   Post Evacuate Collection Set: 0.5ms
[2021-03-19T13:37:38.881+0600][gc,phases   ] GC(830)   Other: 0.2ms
[2021-03-19T13:37:38.881+0600][gc,heap     ] GC(830) Eden regions: 612->0(612)
[2021-03-19T13:37:38.881+0600][gc,heap     ] GC(830) Survivor regions: 2->2(77)
[2021-03-19T13:37:38.881+0600][gc,heap     ] GC(830) Old regions: 173->173
[2021-03-19T13:37:38.881+0600][gc,heap     ] GC(830) Archive regions: 2->2
[2021-03-19T13:37:38.881+0600][gc,heap     ] GC(830) Humongous regions: 129->129
[2021-03-19T13:37:38.881+0600][gc,metaspace] GC(830) Metaspace: 40303K(41216K)->40303K(41216K) NonClass: 35979K(36608K)->35979K(36608K) Class: 4323K(4608K)->4323K(4608K)
[2021-03-19T13:37:38.881+0600][gc          ] GC(830) Pause Young (Normal) (G1 Evacuation Pause) 915M->304M(1024M) 3.231ms
[2021-03-19T13:37:38.881+0600][gc,cpu      ] GC(830) User=0.02s Sys=0.00s Real=0.01s
[2021-03-19T13:37:41.631+0600][gc,start    ] GC(831) Pause Young (Normal) (G1 Evacuation Pause)
[2021-03-19T13:37:41.631+0600][gc,task     ] GC(831) Using 8 workers of 8 for evacuation
[2021-03-19T13:37:41.634+0600][gc,phases   ] GC(831)   Pre Evacuate Collection Set: 0.1ms
[2021-03-19T13:37:41.634+0600][gc,phases   ] GC(831)   Merge Heap Roots: 0.1ms
[2021-03-19T13:37:41.634+0600][gc,phases   ] GC(831)   Evacuate Collection Set: 1.9ms
[2021-03-19T13:37:41.634+0600][gc,phases   ] GC(831)   Post Evacuate Collection Set: 0.5ms
[2021-03-19T13:37:41.634+0600][gc,phases   ] GC(831)   Other: 0.2ms
[2021-03-19T13:37:41.634+0600][gc,heap     ] GC(831) Eden regions: 612->0(612)
[2021-03-19T13:37:41.634+0600][gc,heap     ] GC(831) Survivor regions: 2->2(77)
[2021-03-19T13:37:41.634+0600][gc,heap     ] GC(831) Old regions: 173->173
[2021-03-19T13:37:41.634+0600][gc,heap     ] GC(831) Archive regions: 2->2
[2021-03-19T13:37:41.634+0600][gc,heap     ] GC(831) Humongous regions: 129->129
[2021-03-19T13:37:41.634+0600][gc,metaspace] GC(831) Metaspace: 40303K(41216K)->40303K(41216K) NonClass: 35979K(36608K)->35979K(36608K) Class: 4323K(4608K)->4323K(4608K)
[2021-03-19T13:37:41.634+0600][gc          ] GC(831) Pause Young (Normal) (G1 Evacuation Pause) 916M->304M(1024M) 2.882ms
[2021-03-19T13:37:41.634+0600][gc,cpu      ] GC(831) User=0.02s Sys=0.00s Real=0.00s
[2021-03-19T13:37:44.274+0600][gc,start    ] GC(832) Pause Young (Normal) (G1 Evacuation Pause)
[2021-03-19T13:37:44.274+0600][gc,task     ] GC(832) Using 8 workers of 8 for evacuation
[2021-03-19T13:37:44.277+0600][gc,phases   ] GC(832)   Pre Evacuate Collection Set: 0.1ms
[2021-03-19T13:37:44.278+0600][gc,phases   ] GC(832)   Merge Heap Roots: 0.1ms
[2021-03-19T13:37:44.278+0600][gc,phases   ] GC(832)   Evacuate Collection Set: 2.3ms
[2021-03-19T13:37:44.278+0600][gc,phases   ] GC(832)   Post Evacuate Collection Set: 0.5ms
[2021-03-19T13:37:44.278+0600][gc,phases   ] GC(832)   Other: 0.2ms
[2021-03-19T13:37:44.278+0600][gc,heap     ] GC(832) Eden regions: 612->0(612)
[2021-03-19T13:37:44.278+0600][gc,heap     ] GC(832) Survivor regions: 2->2(77)
[2021-03-19T13:37:44.278+0600][gc,heap     ] GC(832) Old regions: 173->173
[2021-03-19T13:37:44.278+0600][gc,heap     ] GC(832) Archive regions: 2->2
[2021-03-19T13:37:44.278+0600][gc,heap     ] GC(832) Humongous regions: 129->129
[2021-03-19T13:37:44.278+0600][gc,metaspace] GC(832) Metaspace: 40303K(41216K)->40303K(41216K) NonClass: 35979K(36608K)->35979K(36608K) Class: 4323K(4608K)->4323K(4608K)
[2021-03-19T13:37:44.278+0600][gc          ] GC(832) Pause Young (Normal) (G1 Evacuation Pause) 916M->304M(1024M) 3.202ms
[2021-03-19T13:37:44.278+0600][gc,cpu      ] GC(832) User=0.01s Sys=0.00s Real=0.00s
[2021-03-19T13:37:46.890+0600][gc,start    ] GC(833) Pause Young (Normal) (G1 Evacuation Pause)
[2021-03-19T13:37:46.890+0600][gc,task     ] GC(833) Using 8 workers of 8 for evacuation
[2021-03-19T13:37:46.893+0600][gc,phases   ] GC(833)   Pre Evacuate Collection Set: 0.2ms
[2021-03-19T13:37:46.893+0600][gc,phases   ] GC(833)   Merge Heap Roots: 0.1ms
[2021-03-19T13:37:46.893+0600][gc,phases   ] GC(833)   Evacuate Collection Set: 2.0ms
[2021-03-19T13:37:46.893+0600][gc,phases   ] GC(833)   Post Evacuate Collection Set: 0.4ms
[2021-03-19T13:37:46.893+0600][gc,phases   ] GC(833)   Other: 0.2ms
[2021-03-19T13:37:46.893+0600][gc,heap     ] GC(833) Eden regions: 612->0(612)
[2021-03-19T13:37:46.893+0600][gc,heap     ] GC(833) Survivor regions: 2->2(77)
[2021-03-19T13:37:46.893+0600][gc,heap     ] GC(833) Old regions: 173->173
[2021-03-19T13:37:46.893+0600][gc,heap     ] GC(833) Archive regions: 2->2
[2021-03-19T13:37:46.893+0600][gc,heap     ] GC(833) Humongous regions: 129->129
[2021-03-19T13:37:46.893+0600][gc,metaspace] GC(833) Metaspace: 40303K(41216K)->40303K(41216K) NonClass: 35979K(36608K)->35979K(36608K) Class: 4323K(4608K)->4323K(4608K)
[2021-03-19T13:37:46.893+0600][gc          ] GC(833) Pause Young (Normal) (G1 Evacuation Pause) 916M->304M(1024M) 2.953ms
[2021-03-19T13:37:46.893+0600][gc,cpu      ] GC(833) User=0.02s Sys=0.00s Real=0.00s
[2021-03-19T13:37:49.536+0600][gc,start    ] GC(834) Pause Young (Normal) (G1 Evacuation Pause)
[2021-03-19T13:37:49.536+0600][gc,task     ] GC(834) Using 8 workers of 8 for evacuation
[2021-03-19T13:37:49.539+0600][gc,phases   ] GC(834)   Pre Evacuate Collection Set: 0.1ms
[2021-03-19T13:37:49.539+0600][gc,phases   ] GC(834)   Merge Heap Roots: 0.1ms
[2021-03-19T13:37:49.539+0600][gc,phases   ] GC(834)   Evacuate Collection Set: 2.3ms
[2021-03-19T13:37:49.539+0600][gc,phases   ] GC(834)   Post Evacuate Collection Set: 0.5ms
[2021-03-19T13:37:49.539+0600][gc,phases   ] GC(834)   Other: 0.2ms
[2021-03-19T13:37:49.539+0600][gc,heap     ] GC(834) Eden regions: 612->0(612)
[2021-03-19T13:37:49.539+0600][gc,heap     ] GC(834) Survivor regions: 2->2(77)
[2021-03-19T13:37:49.539+0600][gc,heap     ] GC(834) Old regions: 173->174
[2021-03-19T13:37:49.539+0600][gc,heap     ] GC(834) Archive regions: 2->2
[2021-03-19T13:37:49.539+0600][gc,heap     ] GC(834) Humongous regions: 129->129
[2021-03-19T13:37:49.539+0600][gc,metaspace] GC(834) Metaspace: 40303K(41216K)->40303K(41216K) NonClass: 35979K(36608K)->35979K(36608K) Class: 4323K(4608K)->4323K(4608K)
[2021-03-19T13:37:49.539+0600][gc          ] GC(834) Pause Young (Normal) (G1 Evacuation Pause) 916M->304M(1024M) 3.188ms
[2021-03-19T13:37:49.539+0600][gc,cpu      ] GC(834) User=0.01s Sys=0.00s Real=0.00s
[2021-03-19T13:37:52.197+0600][gc,start    ] GC(835) Pause Young (Normal) (G1 Evacuation Pause)
[2021-03-19T13:37:52.197+0600][gc,task     ] GC(835) Using 8 workers of 8 for evacuation
[2021-03-19T13:37:52.200+0600][gc,phases   ] GC(835)   Pre Evacuate Collection Set: 0.2ms
[2021-03-19T13:37:52.200+0600][gc,phases   ] GC(835)   Merge Heap Roots: 0.1ms
[2021-03-19T13:37:52.200+0600][gc,phases   ] GC(835)   Evacuate Collection Set: 2.6ms
[2021-03-19T13:37:52.200+0600][gc,phases   ] GC(835)   Post Evacuate Collection Set: 0.4ms
[2021-03-19T13:37:52.200+0600][gc,phases   ] GC(835)   Other: 0.1ms
[2021-03-19T13:37:52.200+0600][gc,heap     ] GC(835) Eden regions: 612->0(612)
[2021-03-19T13:37:52.200+0600][gc,heap     ] GC(835) Survivor regions: 2->2(77)
[2021-03-19T13:37:52.200+0600][gc,heap     ] GC(835) Old regions: 174->174
[2021-03-19T13:37:52.200+0600][gc,heap     ] GC(835) Archive regions: 2->2
[2021-03-19T13:37:52.200+0600][gc,heap     ] GC(835) Humongous regions: 129->129
[2021-03-19T13:37:52.200+0600][gc,metaspace] GC(835) Metaspace: 40303K(41216K)->40303K(41216K) NonClass: 35979K(36608K)->35979K(36608K) Class: 4323K(4608K)->4323K(4608K)
[2021-03-19T13:37:52.200+0600][gc          ] GC(835) Pause Young (Normal) (G1 Evacuation Pause) 916M->304M(1024M) 3.468ms
[2021-03-19T13:37:52.200+0600][gc,cpu      ] GC(835) User=0.02s Sys=0.00s Real=0.01s
[2021-03-19T13:37:54.921+0600][gc,start    ] GC(836) Pause Young (Normal) (G1 Evacuation Pause)
[2021-03-19T13:37:54.922+0600][gc,task     ] GC(836) Using 8 workers of 8 for evacuation
[2021-03-19T13:37:54.925+0600][gc,phases   ] GC(836)   Pre Evacuate Collection Set: 0.1ms
[2021-03-19T13:37:54.925+0600][gc,phases   ] GC(836)   Merge Heap Roots: 0.1ms
[2021-03-19T13:37:54.925+0600][gc,phases   ] GC(836)   Evacuate Collection Set: 2.4ms
[2021-03-19T13:37:54.925+0600][gc,phases   ] GC(836)   Post Evacuate Collection Set: 0.6ms
[2021-03-19T13:37:54.925+0600][gc,phases   ] GC(836)   Other: 0.2ms
[2021-03-19T13:37:54.925+0600][gc,heap     ] GC(836) Eden regions: 612->0(612)
[2021-03-19T13:37:54.925+0600][gc,heap     ] GC(836) Survivor regions: 2->2(77)
[2021-03-19T13:37:54.925+0600][gc,heap     ] GC(836) Old regions: 174->174
[2021-03-19T13:37:54.925+0600][gc,heap     ] GC(836) Archive regions: 2->2
[2021-03-19T13:37:54.925+0600][gc,heap     ] GC(836) Humongous regions: 129->129
[2021-03-19T13:37:54.925+0600][gc,metaspace] GC(836) Metaspace: 40303K(41216K)->40303K(41216K) NonClass: 35979K(36608K)->35979K(36608K) Class: 4323K(4608K)->4323K(4608K)
[2021-03-19T13:37:54.925+0600][gc          ] GC(836) Pause Young (Normal) (G1 Evacuation Pause) 916M->304M(1024M) 3.457ms
[2021-03-19T13:37:54.925+0600][gc,cpu      ] GC(836) User=0.01s Sys=0.00s Real=0.00s
[2021-03-19T13:37:57.649+0600][gc,start    ] GC(837) Pause Young (Normal) (G1 Evacuation Pause)
[2021-03-19T13:37:57.649+0600][gc,task     ] GC(837) Using 8 workers of 8 for evacuation
[2021-03-19T13:37:57.652+0600][gc,phases   ] GC(837)   Pre Evacuate Collection Set: 0.2ms
[2021-03-19T13:37:57.652+0600][gc,phases   ] GC(837)   Merge Heap Roots: 0.1ms
[2021-03-19T13:37:57.652+0600][gc,phases   ] GC(837)   Evacuate Collection Set: 2.1ms
[2021-03-19T13:37:57.652+0600][gc,phases   ] GC(837)   Post Evacuate Collection Set: 0.5ms
[2021-03-19T13:37:57.652+0600][gc,phases   ] GC(837)   Other: 0.2ms
[2021-03-19T13:37:57.652+0600][gc,heap     ] GC(837) Eden regions: 612->0(612)
[2021-03-19T13:37:57.652+0600][gc,heap     ] GC(837) Survivor regions: 2->2(77)
[2021-03-19T13:37:57.652+0600][gc,heap     ] GC(837) Old regions: 174->174
[2021-03-19T13:37:57.652+0600][gc,heap     ] GC(837) Archive regions: 2->2
[2021-03-19T13:37:57.652+0600][gc,heap     ] GC(837) Humongous regions: 129->129
[2021-03-19T13:37:57.652+0600][gc,metaspace] GC(837) Metaspace: 40303K(41216K)->40303K(41216K) NonClass: 35979K(36608K)->35979K(36608K) Class: 4323K(4608K)->4323K(4608K)
[2021-03-19T13:37:57.652+0600][gc          ] GC(837) Pause Young (Normal) (G1 Evacuation Pause) 916M->304M(1024M) 3.190ms
[2021-03-19T13:37:57.652+0600][gc,cpu      ] GC(837) User=0.02s Sys=0.00s Real=0.01s
[2021-03-19T13:38:00.349+0600][gc,start    ] GC(838) Pause Young (Normal) (G1 Evacuation Pause)
[2021-03-19T13:38:00.349+0600][gc,task     ] GC(838) Using 8 workers of 8 for evacuation
[2021-03-19T13:38:00.352+0600][gc,phases   ] GC(838)   Pre Evacuate Collection Set: 0.1ms
[2021-03-19T13:38:00.352+0600][gc,phases   ] GC(838)   Merge Heap Roots: 0.1ms
[2021-03-19T13:38:00.352+0600][gc,phases   ] GC(838)   Evacuate Collection Set: 2.0ms
[2021-03-19T13:38:00.352+0600][gc,phases   ] GC(838)   Post Evacuate Collection Set: 0.5ms
[2021-03-19T13:38:00.352+0600][gc,phases   ] GC(838)   Other: 0.2ms
[2021-03-19T13:38:00.352+0600][gc,heap     ] GC(838) Eden regions: 612->0(612)
[2021-03-19T13:38:00.352+0600][gc,heap     ] GC(838) Survivor regions: 2->2(77)
[2021-03-19T13:38:00.352+0600][gc,heap     ] GC(838) Old regions: 174->174
[2021-03-19T13:38:00.352+0600][gc,heap     ] GC(838) Archive regions: 2->2
[2021-03-19T13:38:00.352+0600][gc,heap     ] GC(838) Humongous regions: 129->129
[2021-03-19T13:38:00.352+0600][gc,metaspace] GC(838) Metaspace: 40303K(41216K)->40303K(41216K) NonClass: 35979K(36608K)->35979K(36608K) Class: 4323K(4608K)->4323K(4608K)
[2021-03-19T13:38:00.352+0600][gc          ] GC(838) Pause Young (Normal) (G1 Evacuation Pause) 916M->304M(1024M) 3.042ms
[2021-03-19T13:38:00.352+0600][gc,cpu      ] GC(838) User=0.02s Sys=0.00s Real=0.01s
[2021-03-19T13:38:03.073+0600][gc,start    ] GC(839) Pause Young (Normal) (G1 Evacuation Pause)
[2021-03-19T13:38:03.073+0600][gc,task     ] GC(839) Using 8 workers of 8 for evacuation
[2021-03-19T13:38:03.076+0600][gc,phases   ] GC(839)   Pre Evacuate Collection Set: 0.1ms
[2021-03-19T13:38:03.076+0600][gc,phases   ] GC(839)   Merge Heap Roots: 0.1ms
[2021-03-19T13:38:03.076+0600][gc,phases   ] GC(839)   Evacuate Collection Set: 1.9ms
[2021-03-19T13:38:03.076+0600][gc,phases   ] GC(839)   Post Evacuate Collection Set: 0.4ms
[2021-03-19T13:38:03.076+0600][gc,phases   ] GC(839)   Other: 0.2ms
[2021-03-19T13:38:03.076+0600][gc,heap     ] GC(839) Eden regions: 612->0(612)
[2021-03-19T13:38:03.076+0600][gc,heap     ] GC(839) Survivor regions: 2->2(77)
[2021-03-19T13:38:03.076+0600][gc,heap     ] GC(839) Old regions: 174->174
[2021-03-19T13:38:03.076+0600][gc,heap     ] GC(839) Archive regions: 2->2
[2021-03-19T13:38:03.076+0600][gc,heap     ] GC(839) Humongous regions: 129->129
[2021-03-19T13:38:03.076+0600][gc,metaspace] GC(839) Metaspace: 40303K(41216K)->40303K(41216K) NonClass: 35979K(36608K)->35979K(36608K) Class: 4323K(4608K)->4323K(4608K)
[2021-03-19T13:38:03.076+0600][gc          ] GC(839) Pause Young (Normal) (G1 Evacuation Pause) 916M->304M(1024M) 2.792ms
[2021-03-19T13:38:03.076+0600][gc,cpu      ] GC(839) User=0.02s Sys=0.00s Real=0.00s
[2021-03-19T13:38:05.771+0600][gc,start    ] GC(840) Pause Young (Normal) (G1 Evacuation Pause)
[2021-03-19T13:38:05.771+0600][gc,task     ] GC(840) Using 8 workers of 8 for evacuation
[2021-03-19T13:38:05.774+0600][gc,phases   ] GC(840)   Pre Evacuate Collection Set: 0.2ms
[2021-03-19T13:38:05.774+0600][gc,phases   ] GC(840)   Merge Heap Roots: 0.1ms
[2021-03-19T13:38:05.774+0600][gc,phases   ] GC(840)   Evacuate Collection Set: 2.2ms
[2021-03-19T13:38:05.774+0600][gc,phases   ] GC(840)   Post Evacuate Collection Set: 0.6ms
[2021-03-19T13:38:05.775+0600][gc,phases   ] GC(840)   Other: 0.2ms
[2021-03-19T13:38:05.775+0600][gc,heap     ] GC(840) Eden regions: 612->0(612)
[2021-03-19T13:38:05.775+0600][gc,heap     ] GC(840) Survivor regions: 2->2(77)
[2021-03-19T13:38:05.775+0600][gc,heap     ] GC(840) Old regions: 174->174
[2021-03-19T13:38:05.775+0600][gc,heap     ] GC(840) Archive regions: 2->2
[2021-03-19T13:38:05.775+0600][gc,heap     ] GC(840) Humongous regions: 129->129
[2021-03-19T13:38:05.775+0600][gc,metaspace] GC(840) Metaspace: 40303K(41216K)->40303K(41216K) NonClass: 35979K(36608K)->35979K(36608K) Class: 4323K(4608K)->4323K(4608K)
[2021-03-19T13:38:05.775+0600][gc          ] GC(840) Pause Young (Normal) (G1 Evacuation Pause) 916M->305M(1024M) 3.352ms
[2021-03-19T13:38:05.775+0600][gc,cpu      ] GC(840) User=0.01s Sys=0.00s Real=0.00s
[2021-03-19T13:38:08.550+0600][gc,start    ] GC(841) Pause Young (Normal) (G1 Evacuation Pause)
[2021-03-19T13:38:08.550+0600][gc,task     ] GC(841) Using 8 workers of 8 for evacuation
[2021-03-19T13:38:08.553+0600][gc,phases   ] GC(841)   Pre Evacuate Collection Set: 0.2ms
[2021-03-19T13:38:08.553+0600][gc,phases   ] GC(841)   Merge Heap Roots: 0.1ms
[2021-03-19T13:38:08.553+0600][gc,phases   ] GC(841)   Evacuate Collection Set: 2.2ms
[2021-03-19T13:38:08.553+0600][gc,phases   ] GC(841)   Post Evacuate Collection Set: 0.6ms
[2021-03-19T13:38:08.553+0600][gc,phases   ] GC(841)   Other: 0.2ms
[2021-03-19T13:38:08.553+0600][gc,heap     ] GC(841) Eden regions: 612->0(612)
[2021-03-19T13:38:08.553+0600][gc,heap     ] GC(841) Survivor regions: 2->2(77)
[2021-03-19T13:38:08.553+0600][gc,heap     ] GC(841) Old regions: 174->174
[2021-03-19T13:38:08.553+0600][gc,heap     ] GC(841) Archive regions: 2->2
[2021-03-19T13:38:08.553+0600][gc,heap     ] GC(841) Humongous regions: 129->129
[2021-03-19T13:38:08.553+0600][gc,metaspace] GC(841) Metaspace: 40303K(41216K)->40303K(41216K) NonClass: 35979K(36608K)->35979K(36608K) Class: 4323K(4608K)->4323K(4608K)
[2021-03-19T13:38:08.553+0600][gc          ] GC(841) Pause Young (Normal) (G1 Evacuation Pause) 917M->305M(1024M) 3.477ms
[2021-03-19T13:38:08.553+0600][gc,cpu      ] GC(841) User=0.02s Sys=0.00s Real=0.00s
[2021-03-19T13:38:11.344+0600][gc,start    ] GC(842) Pause Young (Normal) (G1 Evacuation Pause)
[2021-03-19T13:38:11.344+0600][gc,task     ] GC(842) Using 8 workers of 8 for evacuation
[2021-03-19T13:38:11.347+0600][gc,phases   ] GC(842)   Pre Evacuate Collection Set: 0.1ms
[2021-03-19T13:38:11.347+0600][gc,phases   ] GC(842)   Merge Heap Roots: 0.1ms
[2021-03-19T13:38:11.347+0600][gc,phases   ] GC(842)   Evacuate Collection Set: 2.5ms
[2021-03-19T13:38:11.347+0600][gc,phases   ] GC(842)   Post Evacuate Collection Set: 0.4ms
[2021-03-19T13:38:11.347+0600][gc,phases   ] GC(842)   Other: 0.2ms
[2021-03-19T13:38:11.347+0600][gc,heap     ] GC(842) Eden regions: 612->0(612)
[2021-03-19T13:38:11.347+0600][gc,heap     ] GC(842) Survivor regions: 2->2(77)
[2021-03-19T13:38:11.347+0600][gc,heap     ] GC(842) Old regions: 174->174
[2021-03-19T13:38:11.347+0600][gc,heap     ] GC(842) Archive regions: 2->2
[2021-03-19T13:38:11.347+0600][gc,heap     ] GC(842) Humongous regions: 129->129
[2021-03-19T13:38:11.347+0600][gc,metaspace] GC(842) Metaspace: 40303K(41216K)->40303K(41216K) NonClass: 35979K(36608K)->35979K(36608K) Class: 4323K(4608K)->4323K(4608K)
[2021-03-19T13:38:11.347+0600][gc          ] GC(842) Pause Young (Normal) (G1 Evacuation Pause) 917M->305M(1024M) 3.440ms
[2021-03-19T13:38:11.347+0600][gc,cpu      ] GC(842) User=0.02s Sys=0.00s Real=0.00s
[2021-03-19T13:38:14.044+0600][gc,start    ] GC(843) Pause Young (Normal) (G1 Evacuation Pause)
[2021-03-19T13:38:14.044+0600][gc,task     ] GC(843) Using 8 workers of 8 for evacuation
[2021-03-19T13:38:14.046+0600][gc,phases   ] GC(843)   Pre Evacuate Collection Set: 0.1ms
[2021-03-19T13:38:14.046+0600][gc,phases   ] GC(843)   Merge Heap Roots: 0.1ms
[2021-03-19T13:38:14.046+0600][gc,phases   ] GC(843)   Evacuate Collection Set: 1.9ms
[2021-03-19T13:38:14.046+0600][gc,phases   ] GC(843)   Post Evacuate Collection Set: 0.4ms
[2021-03-19T13:38:14.046+0600][gc,phases   ] GC(843)   Other: 0.2ms
[2021-03-19T13:38:14.046+0600][gc,heap     ] GC(843) Eden regions: 612->0(611)
[2021-03-19T13:38:14.046+0600][gc,heap     ] GC(843) Survivor regions: 2->2(77)
[2021-03-19T13:38:14.047+0600][gc,heap     ] GC(843) Old regions: 174->175
[2021-03-19T13:38:14.047+0600][gc,heap     ] GC(843) Archive regions: 2->2
[2021-03-19T13:38:14.047+0600][gc,heap     ] GC(843) Humongous regions: 129->129
[2021-03-19T13:38:14.047+0600][gc,metaspace] GC(843) Metaspace: 40303K(41216K)->40303K(41216K) NonClass: 35979K(36608K)->35979K(36608K) Class: 4323K(4608K)->4323K(4608K)
[2021-03-19T13:38:14.047+0600][gc          ] GC(843) Pause Young (Normal) (G1 Evacuation Pause) 917M->305M(1024M) 2.809ms
[2021-03-19T13:38:14.047+0600][gc,cpu      ] GC(843) User=0.01s Sys=0.00s Real=0.00s
[2021-03-19T13:38:16.737+0600][gc,start    ] GC(844) Pause Young (Normal) (G1 Evacuation Pause)
[2021-03-19T13:38:16.737+0600][gc,task     ] GC(844) Using 8 workers of 8 for evacuation
[2021-03-19T13:38:16.741+0600][gc,phases   ] GC(844)   Pre Evacuate Collection Set: 0.1ms
[2021-03-19T13:38:16.741+0600][gc,phases   ] GC(844)   Merge Heap Roots: 0.1ms
[2021-03-19T13:38:16.741+0600][gc,phases   ] GC(844)   Evacuate Collection Set: 2.4ms
[2021-03-19T13:38:16.741+0600][gc,phases   ] GC(844)   Post Evacuate Collection Set: 0.6ms
[2021-03-19T13:38:16.741+0600][gc,phases   ] GC(844)   Other: 0.2ms
[2021-03-19T13:38:16.741+0600][gc,heap     ] GC(844) Eden regions: 611->0(611)
[2021-03-19T13:38:16.741+0600][gc,heap     ] GC(844) Survivor regions: 2->2(77)
[2021-03-19T13:38:16.741+0600][gc,heap     ] GC(844) Old regions: 175->175
[2021-03-19T13:38:16.741+0600][gc,heap     ] GC(844) Archive regions: 2->2
[2021-03-19T13:38:16.741+0600][gc,heap     ] GC(844) Humongous regions: 129->129
[2021-03-19T13:38:16.741+0600][gc,metaspace] GC(844) Metaspace: 40303K(41216K)->40303K(41216K) NonClass: 35979K(36608K)->35979K(36608K) Class: 4323K(4608K)->4323K(4608K)
[2021-03-19T13:38:16.741+0600][gc          ] GC(844) Pause Young (Normal) (G1 Evacuation Pause) 916M->305M(1024M) 3.506ms
[2021-03-19T13:38:16.741+0600][gc,cpu      ] GC(844) User=0.01s Sys=0.00s Real=0.01s
[2021-03-19T13:38:19.456+0600][gc,start    ] GC(845) Pause Young (Normal) (G1 Evacuation Pause)
[2021-03-19T13:38:19.456+0600][gc,task     ] GC(845) Using 8 workers of 8 for evacuation
[2021-03-19T13:38:19.459+0600][gc,phases   ] GC(845)   Pre Evacuate Collection Set: 0.1ms
[2021-03-19T13:38:19.459+0600][gc,phases   ] GC(845)   Merge Heap Roots: 0.1ms
[2021-03-19T13:38:19.459+0600][gc,phases   ] GC(845)   Evacuate Collection Set: 2.1ms
[2021-03-19T13:38:19.459+0600][gc,phases   ] GC(845)   Post Evacuate Collection Set: 0.5ms
[2021-03-19T13:38:19.459+0600][gc,phases   ] GC(845)   Other: 0.1ms
[2021-03-19T13:38:19.459+0600][gc,heap     ] GC(845) Eden regions: 611->0(611)
[2021-03-19T13:38:19.459+0600][gc,heap     ] GC(845) Survivor regions: 2->2(77)
[2021-03-19T13:38:19.459+0600][gc,heap     ] GC(845) Old regions: 175->175
[2021-03-19T13:38:19.459+0600][gc,heap     ] GC(845) Archive regions: 2->2
[2021-03-19T13:38:19.459+0600][gc,heap     ] GC(845) Humongous regions: 129->129
[2021-03-19T13:38:19.459+0600][gc,metaspace] GC(845) Metaspace: 40303K(41216K)->40303K(41216K) NonClass: 35979K(36608K)->35979K(36608K) Class: 4323K(4608K)->4323K(4608K)
[2021-03-19T13:38:19.459+0600][gc          ] GC(845) Pause Young (Normal) (G1 Evacuation Pause) 916M->305M(1024M) 3.003ms
[2021-03-19T13:38:19.459+0600][gc,cpu      ] GC(845) User=0.02s Sys=0.00s Real=0.00s
[2021-03-19T13:38:22.323+0600][gc,start    ] GC(846) Pause Young (Normal) (G1 Evacuation Pause)
[2021-03-19T13:38:22.323+0600][gc,task     ] GC(846) Using 8 workers of 8 for evacuation
[2021-03-19T13:38:22.325+0600][gc,phases   ] GC(846)   Pre Evacuate Collection Set: 0.2ms
[2021-03-19T13:38:22.325+0600][gc,phases   ] GC(846)   Merge Heap Roots: 0.1ms
[2021-03-19T13:38:22.325+0600][gc,phases   ] GC(846)   Evacuate Collection Set: 2.0ms
[2021-03-19T13:38:22.325+0600][gc,phases   ] GC(846)   Post Evacuate Collection Set: 0.4ms
[2021-03-19T13:38:22.325+0600][gc,phases   ] GC(846)   Other: 0.2ms
[2021-03-19T13:38:22.325+0600][gc,heap     ] GC(846) Eden regions: 611->0(611)
[2021-03-19T13:38:22.325+0600][gc,heap     ] GC(846) Survivor regions: 2->2(77)
[2021-03-19T13:38:22.325+0600][gc,heap     ] GC(846) Old regions: 175->175
[2021-03-19T13:38:22.325+0600][gc,heap     ] GC(846) Archive regions: 2->2
[2021-03-19T13:38:22.325+0600][gc,heap     ] GC(846) Humongous regions: 129->129
[2021-03-19T13:38:22.325+0600][gc,metaspace] GC(846) Metaspace: 40303K(41216K)->40303K(41216K) NonClass: 35979K(36608K)->35979K(36608K) Class: 4323K(4608K)->4323K(4608K)
[2021-03-19T13:38:22.326+0600][gc          ] GC(846) Pause Young (Normal) (G1 Evacuation Pause) 916M->305M(1024M) 2.982ms
[2021-03-19T13:38:22.326+0600][gc,cpu      ] GC(846) User=0.02s Sys=0.00s Real=0.00s
[2021-03-19T13:38:25.071+0600][gc,start    ] GC(847) Pause Young (Normal) (G1 Evacuation Pause)
[2021-03-19T13:38:25.071+0600][gc,task     ] GC(847) Using 8 workers of 8 for evacuation
[2021-03-19T13:38:25.074+0600][gc,phases   ] GC(847)   Pre Evacuate Collection Set: 0.1ms
[2021-03-19T13:38:25.074+0600][gc,phases   ] GC(847)   Merge Heap Roots: 0.1ms
[2021-03-19T13:38:25.074+0600][gc,phases   ] GC(847)   Evacuate Collection Set: 2.1ms
[2021-03-19T13:38:25.074+0600][gc,phases   ] GC(847)   Post Evacuate Collection Set: 0.4ms
[2021-03-19T13:38:25.074+0600][gc,phases   ] GC(847)   Other: 0.2ms
[2021-03-19T13:38:25.074+0600][gc,heap     ] GC(847) Eden regions: 611->0(611)
[2021-03-19T13:38:25.074+0600][gc,heap     ] GC(847) Survivor regions: 2->2(77)
[2021-03-19T13:38:25.074+0600][gc,heap     ] GC(847) Old regions: 175->175
[2021-03-19T13:38:25.074+0600][gc,heap     ] GC(847) Archive regions: 2->2
[2021-03-19T13:38:25.074+0600][gc,heap     ] GC(847) Humongous regions: 129->129
[2021-03-19T13:38:25.074+0600][gc,metaspace] GC(847) Metaspace: 40303K(41216K)->40303K(41216K) NonClass: 35979K(36608K)->35979K(36608K) Class: 4323K(4608K)->4323K(4608K)
[2021-03-19T13:38:25.074+0600][gc          ] GC(847) Pause Young (Normal) (G1 Evacuation Pause) 916M->305M(1024M) 3.012ms
[2021-03-19T13:38:25.074+0600][gc,cpu      ] GC(847) User=0.02s Sys=0.00s Real=0.00s
[2021-03-19T13:38:27.822+0600][gc,start    ] GC(848) Pause Young (Normal) (G1 Evacuation Pause)
[2021-03-19T13:38:27.822+0600][gc,task     ] GC(848) Using 8 workers of 8 for evacuation
[2021-03-19T13:38:27.825+0600][gc,phases   ] GC(848)   Pre Evacuate Collection Set: 0.1ms
[2021-03-19T13:38:27.825+0600][gc,phases   ] GC(848)   Merge Heap Roots: 0.1ms
[2021-03-19T13:38:27.825+0600][gc,phases   ] GC(848)   Evacuate Collection Set: 2.1ms
[2021-03-19T13:38:27.825+0600][gc,phases   ] GC(848)   Post Evacuate Collection Set: 0.4ms
[2021-03-19T13:38:27.825+0600][gc,phases   ] GC(848)   Other: 0.2ms
[2021-03-19T13:38:27.825+0600][gc,heap     ] GC(848) Eden regions: 611->0(611)
[2021-03-19T13:38:27.825+0600][gc,heap     ] GC(848) Survivor regions: 2->2(77)
[2021-03-19T13:38:27.825+0600][gc,heap     ] GC(848) Old regions: 175->175
[2021-03-19T13:38:27.825+0600][gc,heap     ] GC(848) Archive regions: 2->2
[2021-03-19T13:38:27.825+0600][gc,heap     ] GC(848) Humongous regions: 129->129
[2021-03-19T13:38:27.825+0600][gc,metaspace] GC(848) Metaspace: 40303K(41216K)->40303K(41216K) NonClass: 35979K(36608K)->35979K(36608K) Class: 4323K(4608K)->4323K(4608K)
[2021-03-19T13:38:27.825+0600][gc          ] GC(848) Pause Young (Normal) (G1 Evacuation Pause) 916M->306M(1024M) 2.966ms
[2021-03-19T13:38:27.825+0600][gc,cpu      ] GC(848) User=0.02s Sys=0.00s Real=0.00s
[2021-03-19T13:38:30.546+0600][gc,start    ] GC(849) Pause Young (Normal) (G1 Evacuation Pause)
[2021-03-19T13:38:30.546+0600][gc,task     ] GC(849) Using 8 workers of 8 for evacuation
[2021-03-19T13:38:30.549+0600][gc,phases   ] GC(849)   Pre Evacuate Collection Set: 0.2ms
[2021-03-19T13:38:30.549+0600][gc,phases   ] GC(849)   Merge Heap Roots: 0.1ms
[2021-03-19T13:38:30.549+0600][gc,phases   ] GC(849)   Evacuate Collection Set: 2.3ms
[2021-03-19T13:38:30.549+0600][gc,phases   ] GC(849)   Post Evacuate Collection Set: 0.3ms
[2021-03-19T13:38:30.549+0600][gc,phases   ] GC(849)   Other: 0.2ms
[2021-03-19T13:38:30.549+0600][gc,heap     ] GC(849) Eden regions: 611->0(611)
[2021-03-19T13:38:30.549+0600][gc,heap     ] GC(849) Survivor regions: 2->2(77)
[2021-03-19T13:38:30.549+0600][gc,heap     ] GC(849) Old regions: 175->175
[2021-03-19T13:38:30.549+0600][gc,heap     ] GC(849) Archive regions: 2->2
[2021-03-19T13:38:30.549+0600][gc,heap     ] GC(849) Humongous regions: 129->129
[2021-03-19T13:38:30.549+0600][gc,metaspace] GC(849) Metaspace: 40303K(41216K)->40303K(41216K) NonClass: 35979K(36608K)->35979K(36608K) Class: 4323K(4608K)->4323K(4608K)
[2021-03-19T13:38:30.549+0600][gc          ] GC(849) Pause Young (Normal) (G1 Evacuation Pause) 917M->306M(1024M) 3.129ms
[2021-03-19T13:38:30.549+0600][gc,cpu      ] GC(849) User=0.02s Sys=0.00s Real=0.00s
[2021-03-19T13:38:33.197+0600][gc,start    ] GC(850) Pause Young (Normal) (G1 Evacuation Pause)
[2021-03-19T13:38:33.197+0600][gc,task     ] GC(850) Using 8 workers of 8 for evacuation
[2021-03-19T13:38:33.200+0600][gc,phases   ] GC(850)   Pre Evacuate Collection Set: 0.1ms
[2021-03-19T13:38:33.200+0600][gc,phases   ] GC(850)   Merge Heap Roots: 0.1ms
[2021-03-19T13:38:33.200+0600][gc,phases   ] GC(850)   Evacuate Collection Set: 1.9ms
[2021-03-19T13:38:33.200+0600][gc,phases   ] GC(850)   Post Evacuate Collection Set: 0.5ms
[2021-03-19T13:38:33.200+0600][gc,phases   ] GC(850)   Other: 0.2ms
[2021-03-19T13:38:33.200+0600][gc,heap     ] GC(850) Eden regions: 611->0(611)
[2021-03-19T13:38:33.200+0600][gc,heap     ] GC(850) Survivor regions: 2->2(77)
[2021-03-19T13:38:33.200+0600][gc,heap     ] GC(850) Old regions: 175->175
[2021-03-19T13:38:33.200+0600][gc,heap     ] GC(850) Archive regions: 2->2
[2021-03-19T13:38:33.200+0600][gc,heap     ] GC(850) Humongous regions: 129->129
[2021-03-19T13:38:33.200+0600][gc,metaspace] GC(850) Metaspace: 40303K(41216K)->40303K(41216K) NonClass: 35979K(36608K)->35979K(36608K) Class: 4323K(4608K)->4323K(4608K)
[2021-03-19T13:38:33.200+0600][gc          ] GC(850) Pause Young (Normal) (G1 Evacuation Pause) 917M->306M(1024M) 2.877ms
[2021-03-19T13:38:33.200+0600][gc,cpu      ] GC(850) User=0.01s Sys=0.00s Real=0.01s
[2021-03-19T13:38:35.858+0600][gc,start    ] GC(851) Pause Young (Normal) (G1 Evacuation Pause)
[2021-03-19T13:38:35.858+0600][gc,task     ] GC(851) Using 8 workers of 8 for evacuation
[2021-03-19T13:38:35.860+0600][gc,phases   ] GC(851)   Pre Evacuate Collection Set: 0.2ms
[2021-03-19T13:38:35.861+0600][gc,phases   ] GC(851)   Merge Heap Roots: 0.1ms
[2021-03-19T13:38:35.861+0600][gc,phases   ] GC(851)   Evacuate Collection Set: 2.0ms
[2021-03-19T13:38:35.861+0600][gc,phases   ] GC(851)   Post Evacuate Collection Set: 0.5ms
[2021-03-19T13:38:35.861+0600][gc,phases   ] GC(851)   Other: 0.2ms
[2021-03-19T13:38:35.861+0600][gc,heap     ] GC(851) Eden regions: 611->0(611)
[2021-03-19T13:38:35.861+0600][gc,heap     ] GC(851) Survivor regions: 2->2(77)
[2021-03-19T13:38:35.861+0600][gc,heap     ] GC(851) Old regions: 175->175
[2021-03-19T13:38:35.861+0600][gc,heap     ] GC(851) Archive regions: 2->2
[2021-03-19T13:38:35.861+0600][gc,heap     ] GC(851) Humongous regions: 129->129
[2021-03-19T13:38:35.861+0600][gc,metaspace] GC(851) Metaspace: 40303K(41216K)->40303K(41216K) NonClass: 35979K(36608K)->35979K(36608K) Class: 4323K(4608K)->4323K(4608K)
[2021-03-19T13:38:35.861+0600][gc          ] GC(851) Pause Young (Normal) (G1 Evacuation Pause) 917M->306M(1024M) 3.035ms
[2021-03-19T13:38:35.861+0600][gc,cpu      ] GC(851) User=0.01s Sys=0.00s Real=0.01s
[2021-03-19T13:38:38.506+0600][gc,start    ] GC(852) Pause Young (Normal) (G1 Evacuation Pause)
[2021-03-19T13:38:38.506+0600][gc,task     ] GC(852) Using 8 workers of 8 for evacuation
[2021-03-19T13:38:38.509+0600][gc,phases   ] GC(852)   Pre Evacuate Collection Set: 0.2ms
[2021-03-19T13:38:38.509+0600][gc,phases   ] GC(852)   Merge Heap Roots: 0.1ms
[2021-03-19T13:38:38.509+0600][gc,phases   ] GC(852)   Evacuate Collection Set: 2.0ms
[2021-03-19T13:38:38.509+0600][gc,phases   ] GC(852)   Post Evacuate Collection Set: 0.6ms
[2021-03-19T13:38:38.509+0600][gc,phases   ] GC(852)   Other: 0.2ms
[2021-03-19T13:38:38.509+0600][gc,heap     ] GC(852) Eden regions: 611->0(611)
[2021-03-19T13:38:38.509+0600][gc,heap     ] GC(852) Survivor regions: 2->2(77)
[2021-03-19T13:38:38.509+0600][gc,heap     ] GC(852) Old regions: 175->175
[2021-03-19T13:38:38.509+0600][gc,heap     ] GC(852) Archive regions: 2->2
[2021-03-19T13:38:38.509+0600][gc,heap     ] GC(852) Humongous regions: 129->129
[2021-03-19T13:38:38.509+0600][gc,metaspace] GC(852) Metaspace: 40303K(41216K)->40303K(41216K) NonClass: 35979K(36608K)->35979K(36608K) Class: 4323K(4608K)->4323K(4608K)
[2021-03-19T13:38:38.509+0600][gc          ] GC(852) Pause Young (Normal) (G1 Evacuation Pause) 917M->306M(1024M) 3.144ms
[2021-03-19T13:38:38.509+0600][gc,cpu      ] GC(852) User=0.02s Sys=0.00s Real=0.00s
[2021-03-19T13:38:41.193+0600][gc,start    ] GC(853) Pause Young (Normal) (G1 Evacuation Pause)
[2021-03-19T13:38:41.193+0600][gc,task     ] GC(853) Using 8 workers of 8 for evacuation
[2021-03-19T13:38:41.198+0600][gc,phases   ] GC(853)   Pre Evacuate Collection Set: 0.1ms
[2021-03-19T13:38:41.198+0600][gc,phases   ] GC(853)   Merge Heap Roots: 0.1ms
[2021-03-19T13:38:41.198+0600][gc,phases   ] GC(853)   Evacuate Collection Set: 2.3ms
[2021-03-19T13:38:41.198+0600][gc,phases   ] GC(853)   Post Evacuate Collection Set: 1.7ms
[2021-03-19T13:38:41.198+0600][gc,phases   ] GC(853)   Other: 0.2ms
[2021-03-19T13:38:41.198+0600][gc,heap     ] GC(853) Eden regions: 611->0(610)
[2021-03-19T13:38:41.198+0600][gc,heap     ] GC(853) Survivor regions: 2->2(77)
[2021-03-19T13:38:41.198+0600][gc,heap     ] GC(853) Old regions: 175->176
[2021-03-19T13:38:41.198+0600][gc,heap     ] GC(853) Archive regions: 2->2
[2021-03-19T13:38:41.198+0600][gc,heap     ] GC(853) Humongous regions: 129->129
[2021-03-19T13:38:41.198+0600][gc,metaspace] GC(853) Metaspace: 40303K(41216K)->40303K(41216K) NonClass: 35979K(36608K)->35979K(36608K) Class: 4323K(4608K)->4323K(4608K)
[2021-03-19T13:38:41.198+0600][gc          ] GC(853) Pause Young (Normal) (G1 Evacuation Pause) 917M->306M(1024M) 4.548ms
[2021-03-19T13:38:41.198+0600][gc,cpu      ] GC(853) User=0.02s Sys=0.01s Real=0.00s
[2021-03-19T13:38:43.866+0600][gc,start    ] GC(854) Pause Young (Normal) (G1 Evacuation Pause)
[2021-03-19T13:38:43.866+0600][gc,task     ] GC(854) Using 8 workers of 8 for evacuation
[2021-03-19T13:38:43.869+0600][gc,phases   ] GC(854)   Pre Evacuate Collection Set: 0.1ms
[2021-03-19T13:38:43.869+0600][gc,phases   ] GC(854)   Merge Heap Roots: 0.1ms
[2021-03-19T13:38:43.869+0600][gc,phases   ] GC(854)   Evacuate Collection Set: 2.0ms
[2021-03-19T13:38:43.869+0600][gc,phases   ] GC(854)   Post Evacuate Collection Set: 0.5ms
[2021-03-19T13:38:43.869+0600][gc,phases   ] GC(854)   Other: 0.2ms
[2021-03-19T13:38:43.869+0600][gc,heap     ] GC(854) Eden regions: 610->0(610)
[2021-03-19T13:38:43.869+0600][gc,heap     ] GC(854) Survivor regions: 2->2(77)
[2021-03-19T13:38:43.869+0600][gc,heap     ] GC(854) Old regions: 176->176
[2021-03-19T13:38:43.869+0600][gc,heap     ] GC(854) Archive regions: 2->2
[2021-03-19T13:38:43.869+0600][gc,heap     ] GC(854) Humongous regions: 129->129
[2021-03-19T13:38:43.869+0600][gc,metaspace] GC(854) Metaspace: 40303K(41216K)->40303K(41216K) NonClass: 35979K(36608K)->35979K(36608K) Class: 4323K(4608K)->4323K(4608K)
[2021-03-19T13:38:43.869+0600][gc          ] GC(854) Pause Young (Normal) (G1 Evacuation Pause) 916M->306M(1024M) 2.908ms
[2021-03-19T13:38:43.869+0600][gc,cpu      ] GC(854) User=0.01s Sys=0.00s Real=0.00s
[2021-03-19T13:38:46.543+0600][gc,start    ] GC(855) Pause Young (Normal) (G1 Evacuation Pause)
[2021-03-19T13:38:46.543+0600][gc,task     ] GC(855) Using 8 workers of 8 for evacuation
[2021-03-19T13:38:46.546+0600][gc,phases   ] GC(855)   Pre Evacuate Collection Set: 0.1ms
[2021-03-19T13:38:46.546+0600][gc,phases   ] GC(855)   Merge Heap Roots: 0.1ms
[2021-03-19T13:38:46.546+0600][gc,phases   ] GC(855)   Evacuate Collection Set: 1.9ms
[2021-03-19T13:38:46.546+0600][gc,phases   ] GC(855)   Post Evacuate Collection Set: 0.5ms
[2021-03-19T13:38:46.546+0600][gc,phases   ] GC(855)   Other: 0.2ms
[2021-03-19T13:38:46.546+0600][gc,heap     ] GC(855) Eden regions: 610->0(610)
[2021-03-19T13:38:46.546+0600][gc,heap     ] GC(855) Survivor regions: 2->2(77)
[2021-03-19T13:38:46.546+0600][gc,heap     ] GC(855) Old regions: 176->176
[2021-03-19T13:38:46.546+0600][gc,heap     ] GC(855) Archive regions: 2->2
[2021-03-19T13:38:46.546+0600][gc,heap     ] GC(855) Humongous regions: 129->129
[2021-03-19T13:38:46.546+0600][gc,metaspace] GC(855) Metaspace: 40303K(41216K)->40303K(41216K) NonClass: 35979K(36608K)->35979K(36608K) Class: 4323K(4608K)->4323K(4608K)
[2021-03-19T13:38:46.546+0600][gc          ] GC(855) Pause Young (Normal) (G1 Evacuation Pause) 916M->306M(1024M) 2.852ms
[2021-03-19T13:38:46.546+0600][gc,cpu      ] GC(855) User=0.02s Sys=0.00s Real=0.00s
[2021-03-19T13:38:49.213+0600][gc,start    ] GC(856) Pause Young (Normal) (G1 Evacuation Pause)
[2021-03-19T13:38:49.213+0600][gc,task     ] GC(856) Using 8 workers of 8 for evacuation
[2021-03-19T13:38:49.216+0600][gc,phases   ] GC(856)   Pre Evacuate Collection Set: 0.2ms
[2021-03-19T13:38:49.216+0600][gc,phases   ] GC(856)   Merge Heap Roots: 0.1ms
[2021-03-19T13:38:49.216+0600][gc,phases   ] GC(856)   Evacuate Collection Set: 2.0ms
[2021-03-19T13:38:49.216+0600][gc,phases   ] GC(856)   Post Evacuate Collection Set: 0.4ms
[2021-03-19T13:38:49.216+0600][gc,phases   ] GC(856)   Other: 0.2ms
[2021-03-19T13:38:49.216+0600][gc,heap     ] GC(856) Eden regions: 610->0(610)
[2021-03-19T13:38:49.216+0600][gc,heap     ] GC(856) Survivor regions: 2->2(77)
[2021-03-19T13:38:49.216+0600][gc,heap     ] GC(856) Old regions: 176->176
[2021-03-19T13:38:49.216+0600][gc,heap     ] GC(856) Archive regions: 2->2
[2021-03-19T13:38:49.216+0600][gc,heap     ] GC(856) Humongous regions: 129->129
[2021-03-19T13:38:49.216+0600][gc,metaspace] GC(856) Metaspace: 40303K(41216K)->40303K(41216K) NonClass: 35979K(36608K)->35979K(36608K) Class: 4323K(4608K)->4323K(4608K)
[2021-03-19T13:38:49.216+0600][gc          ] GC(856) Pause Young (Normal) (G1 Evacuation Pause) 916M->306M(1024M) 2.902ms
[2021-03-19T13:38:49.216+0600][gc,cpu      ] GC(856) User=0.01s Sys=0.00s Real=0.00s
[2021-03-19T13:38:51.949+0600][gc,start    ] GC(857) Pause Young (Normal) (G1 Evacuation Pause)
[2021-03-19T13:38:51.949+0600][gc,task     ] GC(857) Using 8 workers of 8 for evacuation
[2021-03-19T13:38:51.952+0600][gc,phases   ] GC(857)   Pre Evacuate Collection Set: 0.1ms
[2021-03-19T13:38:51.952+0600][gc,phases   ] GC(857)   Merge Heap Roots: 0.1ms
[2021-03-19T13:38:51.952+0600][gc,phases   ] GC(857)   Evacuate Collection Set: 2.1ms
[2021-03-19T13:38:51.952+0600][gc,phases   ] GC(857)   Post Evacuate Collection Set: 0.4ms
[2021-03-19T13:38:51.952+0600][gc,phases   ] GC(857)   Other: 0.2ms
[2021-03-19T13:38:51.952+0600][gc,heap     ] GC(857) Eden regions: 610->0(610)
[2021-03-19T13:38:51.952+0600][gc,heap     ] GC(857) Survivor regions: 2->2(77)
[2021-03-19T13:38:51.952+0600][gc,heap     ] GC(857) Old regions: 176->176
[2021-03-19T13:38:51.952+0600][gc,heap     ] GC(857) Archive regions: 2->2
[2021-03-19T13:38:51.952+0600][gc,heap     ] GC(857) Humongous regions: 129->129
[2021-03-19T13:38:51.952+0600][gc,metaspace] GC(857) Metaspace: 40303K(41216K)->40303K(41216K) NonClass: 35979K(36608K)->35979K(36608K) Class: 4323K(4608K)->4323K(4608K)
[2021-03-19T13:38:51.952+0600][gc          ] GC(857) Pause Young (Normal) (G1 Evacuation Pause) 916M->306M(1024M) 2.995ms
[2021-03-19T13:38:51.952+0600][gc,cpu      ] GC(857) User=0.01s Sys=0.00s Real=0.01s
[2021-03-19T13:38:54.637+0600][gc,start    ] GC(858) Pause Young (Normal) (G1 Evacuation Pause)
[2021-03-19T13:38:54.637+0600][gc,task     ] GC(858) Using 8 workers of 8 for evacuation
[2021-03-19T13:38:54.640+0600][gc,phases   ] GC(858)   Pre Evacuate Collection Set: 0.1ms
[2021-03-19T13:38:54.640+0600][gc,phases   ] GC(858)   Merge Heap Roots: 0.1ms
[2021-03-19T13:38:54.640+0600][gc,phases   ] GC(858)   Evacuate Collection Set: 2.2ms
[2021-03-19T13:38:54.640+0600][gc,phases   ] GC(858)   Post Evacuate Collection Set: 0.4ms
[2021-03-19T13:38:54.640+0600][gc,phases   ] GC(858)   Other: 0.2ms
[2021-03-19T13:38:54.640+0600][gc,heap     ] GC(858) Eden regions: 610->0(610)
[2021-03-19T13:38:54.640+0600][gc,heap     ] GC(858) Survivor regions: 2->2(77)
[2021-03-19T13:38:54.640+0600][gc,heap     ] GC(858) Old regions: 176->176
[2021-03-19T13:38:54.640+0600][gc,heap     ] GC(858) Archive regions: 2->2
[2021-03-19T13:38:54.640+0600][gc,heap     ] GC(858) Humongous regions: 129->129
[2021-03-19T13:38:54.640+0600][gc,metaspace] GC(858) Metaspace: 40303K(41216K)->40303K(41216K) NonClass: 35979K(36608K)->35979K(36608K) Class: 4323K(4608K)->4323K(4608K)
[2021-03-19T13:38:54.640+0600][gc          ] GC(858) Pause Young (Normal) (G1 Evacuation Pause) 916M->306M(1024M) 3.084ms
[2021-03-19T13:38:54.640+0600][gc,cpu      ] GC(858) User=0.02s Sys=0.00s Real=0.01s
[2021-03-19T13:38:57.296+0600][gc,start    ] GC(859) Pause Young (Normal) (G1 Evacuation Pause)
[2021-03-19T13:38:57.296+0600][gc,task     ] GC(859) Using 8 workers of 8 for evacuation
[2021-03-19T13:38:57.299+0600][gc,phases   ] GC(859)   Pre Evacuate Collection Set: 0.1ms
[2021-03-19T13:38:57.299+0600][gc,phases   ] GC(859)   Merge Heap Roots: 0.1ms
[2021-03-19T13:38:57.299+0600][gc,phases   ] GC(859)   Evacuate Collection Set: 1.9ms
[2021-03-19T13:38:57.299+0600][gc,phases   ] GC(859)   Post Evacuate Collection Set: 0.5ms
[2021-03-19T13:38:57.299+0600][gc,phases   ] GC(859)   Other: 0.1ms
[2021-03-19T13:38:57.299+0600][gc,heap     ] GC(859) Eden regions: 610->0(610)
[2021-03-19T13:38:57.299+0600][gc,heap     ] GC(859) Survivor regions: 2->2(77)
[2021-03-19T13:38:57.299+0600][gc,heap     ] GC(859) Old regions: 176->176
[2021-03-19T13:38:57.299+0600][gc,heap     ] GC(859) Archive regions: 2->2
[2021-03-19T13:38:57.299+0600][gc,heap     ] GC(859) Humongous regions: 129->129
[2021-03-19T13:38:57.299+0600][gc,metaspace] GC(859) Metaspace: 40303K(41216K)->40303K(41216K) NonClass: 35979K(36608K)->35979K(36608K) Class: 4323K(4608K)->4323K(4608K)
[2021-03-19T13:38:57.299+0600][gc          ] GC(859) Pause Young (Normal) (G1 Evacuation Pause) 916M->307M(1024M) 2.934ms
[2021-03-19T13:38:57.299+0600][gc,cpu      ] GC(859) User=0.01s Sys=0.01s Real=0.00s
[2021-03-19T13:38:59.993+0600][gc,start    ] GC(860) Pause Young (Normal) (G1 Evacuation Pause)
[2021-03-19T13:38:59.993+0600][gc,task     ] GC(860) Using 8 workers of 8 for evacuation
[2021-03-19T13:38:59.997+0600][gc,phases   ] GC(860)   Pre Evacuate Collection Set: 0.1ms
[2021-03-19T13:38:59.997+0600][gc,phases   ] GC(860)   Merge Heap Roots: 0.1ms
[2021-03-19T13:38:59.997+0600][gc,phases   ] GC(860)   Evacuate Collection Set: 2.6ms
[2021-03-19T13:38:59.997+0600][gc,phases   ] GC(860)   Post Evacuate Collection Set: 0.6ms
[2021-03-19T13:38:59.997+0600][gc,phases   ] GC(860)   Other: 0.2ms
[2021-03-19T13:38:59.997+0600][gc,heap     ] GC(860) Eden regions: 610->0(610)
[2021-03-19T13:38:59.997+0600][gc,heap     ] GC(860) Survivor regions: 2->2(77)
[2021-03-19T13:38:59.997+0600][gc,heap     ] GC(860) Old regions: 176->176
[2021-03-19T13:38:59.997+0600][gc,heap     ] GC(860) Archive regions: 2->2
[2021-03-19T13:38:59.997+0600][gc,heap     ] GC(860) Humongous regions: 129->129
[2021-03-19T13:38:59.997+0600][gc,metaspace] GC(860) Metaspace: 40303K(41216K)->40303K(41216K) NonClass: 35979K(36608K)->35979K(36608K) Class: 4323K(4608K)->4323K(4608K)
[2021-03-19T13:38:59.997+0600][gc          ] GC(860) Pause Young (Normal) (G1 Evacuation Pause) 917M->307M(1024M) 3.601ms
[2021-03-19T13:38:59.997+0600][gc,cpu      ] GC(860) User=0.02s Sys=0.00s Real=0.00s
[2021-03-19T13:39:02.698+0600][gc,start    ] GC(861) Pause Young (Normal) (G1 Evacuation Pause)
[2021-03-19T13:39:02.698+0600][gc,task     ] GC(861) Using 8 workers of 8 for evacuation
[2021-03-19T13:39:02.701+0600][gc,phases   ] GC(861)   Pre Evacuate Collection Set: 0.1ms
[2021-03-19T13:39:02.701+0600][gc,phases   ] GC(861)   Merge Heap Roots: 0.1ms
[2021-03-19T13:39:02.701+0600][gc,phases   ] GC(861)   Evacuate Collection Set: 2.0ms
[2021-03-19T13:39:02.701+0600][gc,phases   ] GC(861)   Post Evacuate Collection Set: 0.5ms
[2021-03-19T13:39:02.701+0600][gc,phases   ] GC(861)   Other: 0.2ms
[2021-03-19T13:39:02.701+0600][gc,heap     ] GC(861) Eden regions: 610->0(610)
[2021-03-19T13:39:02.701+0600][gc,heap     ] GC(861) Survivor regions: 2->2(77)
[2021-03-19T13:39:02.701+0600][gc,heap     ] GC(861) Old regions: 176->176
[2021-03-19T13:39:02.701+0600][gc,heap     ] GC(861) Archive regions: 2->2
[2021-03-19T13:39:02.701+0600][gc,heap     ] GC(861) Humongous regions: 129->129
[2021-03-19T13:39:02.701+0600][gc,metaspace] GC(861) Metaspace: 40303K(41216K)->40303K(41216K) NonClass: 35979K(36608K)->35979K(36608K) Class: 4323K(4608K)->4323K(4608K)
[2021-03-19T13:39:02.701+0600][gc          ] GC(861) Pause Young (Normal) (G1 Evacuation Pause) 917M->307M(1024M) 2.948ms
[2021-03-19T13:39:02.701+0600][gc,cpu      ] GC(861) User=0.02s Sys=0.00s Real=0.01s
[2021-03-19T13:39:05.331+0600][gc,start    ] GC(862) Pause Young (Normal) (G1 Evacuation Pause)
[2021-03-19T13:39:05.331+0600][gc,task     ] GC(862) Using 8 workers of 8 for evacuation
[2021-03-19T13:39:05.334+0600][gc,phases   ] GC(862)   Pre Evacuate Collection Set: 0.1ms
[2021-03-19T13:39:05.334+0600][gc,phases   ] GC(862)   Merge Heap Roots: 0.1ms
[2021-03-19T13:39:05.334+0600][gc,phases   ] GC(862)   Evacuate Collection Set: 2.3ms
[2021-03-19T13:39:05.334+0600][gc,phases   ] GC(862)   Post Evacuate Collection Set: 0.5ms
[2021-03-19T13:39:05.334+0600][gc,phases   ] GC(862)   Other: 0.2ms
[2021-03-19T13:39:05.334+0600][gc,heap     ] GC(862) Eden regions: 610->0(609)
[2021-03-19T13:39:05.334+0600][gc,heap     ] GC(862) Survivor regions: 2->2(77)
[2021-03-19T13:39:05.334+0600][gc,heap     ] GC(862) Old regions: 176->177
[2021-03-19T13:39:05.334+0600][gc,heap     ] GC(862) Archive regions: 2->2
[2021-03-19T13:39:05.334+0600][gc,heap     ] GC(862) Humongous regions: 129->129
[2021-03-19T13:39:05.334+0600][gc,metaspace] GC(862) Metaspace: 40303K(41216K)->40303K(41216K) NonClass: 35979K(36608K)->35979K(36608K) Class: 4323K(4608K)->4323K(4608K)
[2021-03-19T13:39:05.334+0600][gc          ] GC(862) Pause Young (Normal) (G1 Evacuation Pause) 917M->307M(1024M) 3.302ms
[2021-03-19T13:39:05.334+0600][gc,cpu      ] GC(862) User=0.02s Sys=0.00s Real=0.00s
[2021-03-19T13:39:07.948+0600][gc,start    ] GC(863) Pause Young (Normal) (G1 Evacuation Pause)
[2021-03-19T13:39:07.948+0600][gc,task     ] GC(863) Using 8 workers of 8 for evacuation
[2021-03-19T13:39:07.951+0600][gc,phases   ] GC(863)   Pre Evacuate Collection Set: 0.1ms
[2021-03-19T13:39:07.951+0600][gc,phases   ] GC(863)   Merge Heap Roots: 0.1ms
[2021-03-19T13:39:07.951+0600][gc,phases   ] GC(863)   Evacuate Collection Set: 2.2ms
[2021-03-19T13:39:07.951+0600][gc,phases   ] GC(863)   Post Evacuate Collection Set: 0.6ms
[2021-03-19T13:39:07.951+0600][gc,phases   ] GC(863)   Other: 0.2ms
[2021-03-19T13:39:07.952+0600][gc,heap     ] GC(863) Eden regions: 609->0(609)
[2021-03-19T13:39:07.952+0600][gc,heap     ] GC(863) Survivor regions: 2->2(77)
[2021-03-19T13:39:07.952+0600][gc,heap     ] GC(863) Old regions: 177->177
[2021-03-19T13:39:07.952+0600][gc,heap     ] GC(863) Archive regions: 2->2
[2021-03-19T13:39:07.952+0600][gc,heap     ] GC(863) Humongous regions: 129->129
[2021-03-19T13:39:07.952+0600][gc,metaspace] GC(863) Metaspace: 40303K(41216K)->40303K(41216K) NonClass: 35979K(36608K)->35979K(36608K) Class: 4323K(4608K)->4323K(4608K)
[2021-03-19T13:39:07.952+0600][gc          ] GC(863) Pause Young (Normal) (G1 Evacuation Pause) 916M->307M(1024M) 3.338ms
[2021-03-19T13:39:07.952+0600][gc,cpu      ] GC(863) User=0.01s Sys=0.00s Real=0.01s
[2021-03-19T13:39:10.617+0600][gc,start    ] GC(864) Pause Young (Normal) (G1 Evacuation Pause)
[2021-03-19T13:39:10.617+0600][gc,task     ] GC(864) Using 8 workers of 8 for evacuation
[2021-03-19T13:39:10.621+0600][gc,phases   ] GC(864)   Pre Evacuate Collection Set: 0.1ms
[2021-03-19T13:39:10.621+0600][gc,phases   ] GC(864)   Merge Heap Roots: 0.1ms
[2021-03-19T13:39:10.621+0600][gc,phases   ] GC(864)   Evacuate Collection Set: 2.4ms
[2021-03-19T13:39:10.621+0600][gc,phases   ] GC(864)   Post Evacuate Collection Set: 0.5ms
[2021-03-19T13:39:10.621+0600][gc,phases   ] GC(864)   Other: 0.2ms
[2021-03-19T13:39:10.621+0600][gc,heap     ] GC(864) Eden regions: 609->0(609)
[2021-03-19T13:39:10.621+0600][gc,heap     ] GC(864) Survivor regions: 2->2(77)
[2021-03-19T13:39:10.621+0600][gc,heap     ] GC(864) Old regions: 177->177
[2021-03-19T13:39:10.621+0600][gc,heap     ] GC(864) Archive regions: 2->2
[2021-03-19T13:39:10.621+0600][gc,heap     ] GC(864) Humongous regions: 129->129
[2021-03-19T13:39:10.621+0600][gc,metaspace] GC(864) Metaspace: 40303K(41216K)->40303K(41216K) NonClass: 35979K(36608K)->35979K(36608K) Class: 4323K(4608K)->4323K(4608K)
[2021-03-19T13:39:10.621+0600][gc          ] GC(864) Pause Young (Normal) (G1 Evacuation Pause) 916M->307M(1024M) 3.385ms
[2021-03-19T13:39:10.621+0600][gc,cpu      ] GC(864) User=0.02s Sys=0.00s Real=0.01s
[2021-03-19T13:39:13.212+0600][gc,start    ] GC(865) Pause Young (Normal) (G1 Evacuation Pause)
[2021-03-19T13:39:13.212+0600][gc,task     ] GC(865) Using 8 workers of 8 for evacuation
[2021-03-19T13:39:13.214+0600][gc,phases   ] GC(865)   Pre Evacuate Collection Set: 0.1ms
[2021-03-19T13:39:13.214+0600][gc,phases   ] GC(865)   Merge Heap Roots: 0.1ms
[2021-03-19T13:39:13.214+0600][gc,phases   ] GC(865)   Evacuate Collection Set: 1.9ms
[2021-03-19T13:39:13.214+0600][gc,phases   ] GC(865)   Post Evacuate Collection Set: 0.4ms
[2021-03-19T13:39:13.214+0600][gc,phases   ] GC(865)   Other: 0.2ms
[2021-03-19T13:39:13.214+0600][gc,heap     ] GC(865) Eden regions: 609->0(609)
[2021-03-19T13:39:13.214+0600][gc,heap     ] GC(865) Survivor regions: 2->2(77)
[2021-03-19T13:39:13.214+0600][gc,heap     ] GC(865) Old regions: 177->177
[2021-03-19T13:39:13.214+0600][gc,heap     ] GC(865) Archive regions: 2->2
[2021-03-19T13:39:13.214+0600][gc,heap     ] GC(865) Humongous regions: 129->129
[2021-03-19T13:39:13.214+0600][gc,metaspace] GC(865) Metaspace: 40303K(41216K)->40303K(41216K) NonClass: 35979K(36608K)->35979K(36608K) Class: 4323K(4608K)->4323K(4608K)
[2021-03-19T13:39:13.214+0600][gc          ] GC(865) Pause Young (Normal) (G1 Evacuation Pause) 916M->307M(1024M) 2.762ms
[2021-03-19T13:39:13.214+0600][gc,cpu      ] GC(865) User=0.02s Sys=0.00s Real=0.00s
[2021-03-19T13:39:15.805+0600][gc,start    ] GC(866) Pause Young (Normal) (G1 Evacuation Pause)
[2021-03-19T13:39:15.805+0600][gc,task     ] GC(866) Using 8 workers of 8 for evacuation
[2021-03-19T13:39:15.808+0600][gc,phases   ] GC(866)   Pre Evacuate Collection Set: 0.2ms
[2021-03-19T13:39:15.808+0600][gc,phases   ] GC(866)   Merge Heap Roots: 0.1ms
[2021-03-19T13:39:15.808+0600][gc,phases   ] GC(866)   Evacuate Collection Set: 2.2ms
[2021-03-19T13:39:15.808+0600][gc,phases   ] GC(866)   Post Evacuate Collection Set: 0.4ms
[2021-03-19T13:39:15.808+0600][gc,phases   ] GC(866)   Other: 0.2ms
[2021-03-19T13:39:15.808+0600][gc,heap     ] GC(866) Eden regions: 609->0(609)
[2021-03-19T13:39:15.808+0600][gc,heap     ] GC(866) Survivor regions: 2->2(77)
[2021-03-19T13:39:15.808+0600][gc,heap     ] GC(866) Old regions: 177->177
[2021-03-19T13:39:15.808+0600][gc,heap     ] GC(866) Archive regions: 2->2
[2021-03-19T13:39:15.808+0600][gc,heap     ] GC(866) Humongous regions: 129->129
[2021-03-19T13:39:15.808+0600][gc,metaspace] GC(866) Metaspace: 40303K(41216K)->40303K(41216K) NonClass: 35979K(36608K)->35979K(36608K) Class: 4323K(4608K)->4323K(4608K)
[2021-03-19T13:39:15.808+0600][gc          ] GC(866) Pause Young (Normal) (G1 Evacuation Pause) 916M->307M(1024M) 3.207ms
[2021-03-19T13:39:15.808+0600][gc,cpu      ] GC(866) User=0.01s Sys=0.00s Real=0.00s
[2021-03-19T13:39:18.401+0600][gc,start    ] GC(867) Pause Young (Normal) (G1 Evacuation Pause)
[2021-03-19T13:39:18.401+0600][gc,task     ] GC(867) Using 8 workers of 8 for evacuation
[2021-03-19T13:39:18.404+0600][gc,phases   ] GC(867)   Pre Evacuate Collection Set: 0.1ms
[2021-03-19T13:39:18.404+0600][gc,phases   ] GC(867)   Merge Heap Roots: 0.1ms
[2021-03-19T13:39:18.404+0600][gc,phases   ] GC(867)   Evacuate Collection Set: 1.8ms
[2021-03-19T13:39:18.404+0600][gc,phases   ] GC(867)   Post Evacuate Collection Set: 0.4ms
[2021-03-19T13:39:18.404+0600][gc,phases   ] GC(867)   Other: 0.1ms
[2021-03-19T13:39:18.404+0600][gc,heap     ] GC(867) Eden regions: 609->0(609)
[2021-03-19T13:39:18.404+0600][gc,heap     ] GC(867) Survivor regions: 2->2(77)
[2021-03-19T13:39:18.404+0600][gc,heap     ] GC(867) Old regions: 177->177
[2021-03-19T13:39:18.404+0600][gc,heap     ] GC(867) Archive regions: 2->2
[2021-03-19T13:39:18.404+0600][gc,heap     ] GC(867) Humongous regions: 129->129
[2021-03-19T13:39:18.404+0600][gc,metaspace] GC(867) Metaspace: 40303K(41216K)->40303K(41216K) NonClass: 35979K(36608K)->35979K(36608K) Class: 4323K(4608K)->4323K(4608K)
[2021-03-19T13:39:18.404+0600][gc          ] GC(867) Pause Young (Normal) (G1 Evacuation Pause) 916M->307M(1024M) 2.612ms
[2021-03-19T13:39:18.404+0600][gc,cpu      ] GC(867) User=0.02s Sys=0.00s Real=0.00s
[2021-03-19T13:39:23.019+0600][gc,start    ] GC(868) Pause Young (Normal) (G1 Evacuation Pause)
[2021-03-19T13:39:23.019+0600][gc,task     ] GC(868) Using 8 workers of 8 for evacuation
[2021-03-19T13:39:23.031+0600][gc,phases   ] GC(868)   Pre Evacuate Collection Set: 0.5ms
[2021-03-19T13:39:23.031+0600][gc,phases   ] GC(868)   Merge Heap Roots: 0.5ms
[2021-03-19T13:39:23.031+0600][gc,phases   ] GC(868)   Evacuate Collection Set: 10.2ms
[2021-03-19T13:39:23.031+0600][gc,phases   ] GC(868)   Post Evacuate Collection Set: 0.7ms
[2021-03-19T13:39:23.031+0600][gc,phases   ] GC(868)   Other: 0.7ms
[2021-03-19T13:39:23.031+0600][gc,heap     ] GC(868) Eden regions: 609->0(609)
[2021-03-19T13:39:23.031+0600][gc,heap     ] GC(868) Survivor regions: 2->2(77)
[2021-03-19T13:39:23.031+0600][gc,heap     ] GC(868) Old regions: 177->177
[2021-03-19T13:39:23.031+0600][gc,heap     ] GC(868) Archive regions: 2->2
[2021-03-19T13:39:23.031+0600][gc,heap     ] GC(868) Humongous regions: 129->129
[2021-03-19T13:39:23.031+0600][gc,metaspace] GC(868) Metaspace: 40303K(41216K)->40303K(41216K) NonClass: 35979K(36608K)->35979K(36608K) Class: 4323K(4608K)->4323K(4608K)
[2021-03-19T13:39:23.031+0600][gc          ] GC(868) Pause Young (Normal) (G1 Evacuation Pause) 916M->308M(1024M) 12.617ms
[2021-03-19T13:39:23.032+0600][gc,cpu      ] GC(868) User=0.04s Sys=0.00s Real=0.02s
[2021-03-19T13:39:32.771+0600][gc,start    ] GC(869) Pause Young (Normal) (G1 Evacuation Pause)
[2021-03-19T13:39:32.771+0600][gc,task     ] GC(869) Using 8 workers of 8 for evacuation
[2021-03-19T13:39:32.782+0600][gc,phases   ] GC(869)   Pre Evacuate Collection Set: 0.2ms
[2021-03-19T13:39:32.782+0600][gc,phases   ] GC(869)   Merge Heap Roots: 0.2ms
[2021-03-19T13:39:32.782+0600][gc,phases   ] GC(869)   Evacuate Collection Set: 10.1ms
[2021-03-19T13:39:32.782+0600][gc,phases   ] GC(869)   Post Evacuate Collection Set: 0.8ms
[2021-03-19T13:39:32.782+0600][gc,phases   ] GC(869)   Other: 0.3ms
[2021-03-19T13:39:32.782+0600][gc,heap     ] GC(869) Eden regions: 609->0(609)
[2021-03-19T13:39:32.782+0600][gc,heap     ] GC(869) Survivor regions: 2->2(77)
[2021-03-19T13:39:32.782+0600][gc,heap     ] GC(869) Old regions: 177->177
[2021-03-19T13:39:32.782+0600][gc,heap     ] GC(869) Archive regions: 2->2
[2021-03-19T13:39:32.782+0600][gc,heap     ] GC(869) Humongous regions: 129->129
[2021-03-19T13:39:32.783+0600][gc,metaspace] GC(869) Metaspace: 40303K(41216K)->40303K(41216K) NonClass: 35979K(36608K)->35979K(36608K) Class: 4323K(4608K)->4323K(4608K)
[2021-03-19T13:39:32.783+0600][gc          ] GC(869) Pause Young (Normal) (G1 Evacuation Pause) 917M->308M(1024M) 11.874ms
[2021-03-19T13:39:32.783+0600][gc,cpu      ] GC(869) User=0.04s Sys=0.00s Real=0.01s
[2021-03-19T13:39:41.579+0600][gc,start    ] GC(870) Pause Young (Normal) (G1 Evacuation Pause)
[2021-03-19T13:39:41.579+0600][gc,task     ] GC(870) Using 8 workers of 8 for evacuation
[2021-03-19T13:39:41.590+0600][gc,phases   ] GC(870)   Pre Evacuate Collection Set: 0.4ms
[2021-03-19T13:39:41.590+0600][gc,phases   ] GC(870)   Merge Heap Roots: 0.2ms
[2021-03-19T13:39:41.590+0600][gc,phases   ] GC(870)   Evacuate Collection Set: 9.3ms
[2021-03-19T13:39:41.590+0600][gc,phases   ] GC(870)   Post Evacuate Collection Set: 0.6ms
[2021-03-19T13:39:41.590+0600][gc,phases   ] GC(870)   Other: 0.7ms
[2021-03-19T13:39:41.590+0600][gc,heap     ] GC(870) Eden regions: 609->0(609)
[2021-03-19T13:39:41.590+0600][gc,heap     ] GC(870) Survivor regions: 2->2(77)
[2021-03-19T13:39:41.590+0600][gc,heap     ] GC(870) Old regions: 177->177
[2021-03-19T13:39:41.590+0600][gc,heap     ] GC(870) Archive regions: 2->2
[2021-03-19T13:39:41.590+0600][gc,heap     ] GC(870) Humongous regions: 129->129
[2021-03-19T13:39:41.590+0600][gc,metaspace] GC(870) Metaspace: 40303K(41216K)->40303K(41216K) NonClass: 35979K(36608K)->35979K(36608K) Class: 4323K(4608K)->4323K(4608K)
[2021-03-19T13:39:41.590+0600][gc          ] GC(870) Pause Young (Normal) (G1 Evacuation Pause) 917M->308M(1024M) 11.282ms
[2021-03-19T13:39:41.590+0600][gc,cpu      ] GC(870) User=0.03s Sys=0.00s Real=0.02s
[2021-03-19T13:39:50.809+0600][gc,start    ] GC(871) Pause Young (Normal) (G1 Evacuation Pause)
[2021-03-19T13:39:50.810+0600][gc,task     ] GC(871) Using 8 workers of 8 for evacuation
[2021-03-19T13:39:50.819+0600][gc,phases   ] GC(871)   Pre Evacuate Collection Set: 0.3ms
[2021-03-19T13:39:50.819+0600][gc,phases   ] GC(871)   Merge Heap Roots: 0.3ms
[2021-03-19T13:39:50.819+0600][gc,phases   ] GC(871)   Evacuate Collection Set: 7.4ms
[2021-03-19T13:39:50.819+0600][gc,phases   ] GC(871)   Post Evacuate Collection Set: 1.1ms
[2021-03-19T13:39:50.819+0600][gc,phases   ] GC(871)   Other: 0.5ms
[2021-03-19T13:39:50.819+0600][gc,heap     ] GC(871) Eden regions: 609->0(609)
[2021-03-19T13:39:50.819+0600][gc,heap     ] GC(871) Survivor regions: 2->2(77)
[2021-03-19T13:39:50.819+0600][gc,heap     ] GC(871) Old regions: 177->177
[2021-03-19T13:39:50.819+0600][gc,heap     ] GC(871) Archive regions: 2->2
[2021-03-19T13:39:50.819+0600][gc,heap     ] GC(871) Humongous regions: 129->129
[2021-03-19T13:39:50.819+0600][gc,metaspace] GC(871) Metaspace: 40303K(41216K)->40303K(41216K) NonClass: 35979K(36608K)->35979K(36608K) Class: 4323K(4608K)->4323K(4608K)
[2021-03-19T13:39:50.820+0600][gc          ] GC(871) Pause Young (Normal) (G1 Evacuation Pause) 917M->308M(1024M) 10.038ms
[2021-03-19T13:39:50.820+0600][gc,cpu      ] GC(871) User=0.03s Sys=0.00s Real=0.02s
[2021-03-19T13:40:01.193+0600][gc,start    ] GC(872) Pause Young (Normal) (G1 Evacuation Pause)
[2021-03-19T13:40:01.193+0600][gc,task     ] GC(872) Using 8 workers of 8 for evacuation
[2021-03-19T13:40:01.202+0600][gc,phases   ] GC(872)   Pre Evacuate Collection Set: 0.2ms
[2021-03-19T13:40:01.202+0600][gc,phases   ] GC(872)   Merge Heap Roots: 0.2ms
[2021-03-19T13:40:01.202+0600][gc,phases   ] GC(872)   Evacuate Collection Set: 7.4ms
[2021-03-19T13:40:01.202+0600][gc,phases   ] GC(872)   Post Evacuate Collection Set: 0.8ms
[2021-03-19T13:40:01.202+0600][gc,phases   ] GC(872)   Other: 0.4ms
[2021-03-19T13:40:01.203+0600][gc,heap     ] GC(872) Eden regions: 609->0(608)
[2021-03-19T13:40:01.203+0600][gc,heap     ] GC(872) Survivor regions: 2->2(77)
[2021-03-19T13:40:01.203+0600][gc,heap     ] GC(872) Old regions: 177->178
[2021-03-19T13:40:01.203+0600][gc,heap     ] GC(872) Archive regions: 2->2
[2021-03-19T13:40:01.203+0600][gc,heap     ] GC(872) Humongous regions: 129->129
[2021-03-19T13:40:01.203+0600][gc,metaspace] GC(872) Metaspace: 40303K(41216K)->40303K(41216K) NonClass: 35979K(36608K)->35979K(36608K) Class: 4323K(4608K)->4323K(4608K)
[2021-03-19T13:40:01.203+0600][gc          ] GC(872) Pause Young (Normal) (G1 Evacuation Pause) 917M->308M(1024M) 9.319ms
[2021-03-19T13:40:01.203+0600][gc,cpu      ] GC(872) User=0.03s Sys=0.00s Real=0.01s
[2021-03-19T13:40:15.012+0600][gc,start    ] GC(873) Pause Young (Normal) (G1 Evacuation Pause)
[2021-03-19T13:40:15.012+0600][gc,task     ] GC(873) Using 8 workers of 8 for evacuation
[2021-03-19T13:40:15.025+0600][gc,phases   ] GC(873)   Pre Evacuate Collection Set: 0.4ms
[2021-03-19T13:40:15.025+0600][gc,phases   ] GC(873)   Merge Heap Roots: 0.4ms
[2021-03-19T13:40:15.025+0600][gc,phases   ] GC(873)   Evacuate Collection Set: 11.1ms
[2021-03-19T13:40:15.025+0600][gc,phases   ] GC(873)   Post Evacuate Collection Set: 0.9ms
[2021-03-19T13:40:15.025+0600][gc,phases   ] GC(873)   Other: 0.9ms
[2021-03-19T13:40:15.025+0600][gc,heap     ] GC(873) Eden regions: 608->0(608)
[2021-03-19T13:40:15.025+0600][gc,heap     ] GC(873) Survivor regions: 2->2(77)
[2021-03-19T13:40:15.025+0600][gc,heap     ] GC(873) Old regions: 178->178
[2021-03-19T13:40:15.025+0600][gc,heap     ] GC(873) Archive regions: 2->2
[2021-03-19T13:40:15.025+0600][gc,heap     ] GC(873) Humongous regions: 129->129
[2021-03-19T13:40:15.025+0600][gc,metaspace] GC(873) Metaspace: 40303K(41216K)->40303K(41216K) NonClass: 35979K(36608K)->35979K(36608K) Class: 4323K(4608K)->4323K(4608K)
[2021-03-19T13:40:15.026+0600][gc          ] GC(873) Pause Young (Normal) (G1 Evacuation Pause) 916M->308M(1024M) 13.834ms
[2021-03-19T13:40:15.026+0600][gc,cpu      ] GC(873) User=0.04s Sys=0.01s Real=0.01s
[2021-03-19T13:40:26.795+0600][gc,start    ] GC(874) Pause Young (Normal) (G1 Evacuation Pause)
[2021-03-19T13:40:26.795+0600][gc,task     ] GC(874) Using 8 workers of 8 for evacuation
[2021-03-19T13:40:26.804+0600][gc,phases   ] GC(874)   Pre Evacuate Collection Set: 0.3ms
[2021-03-19T13:40:26.805+0600][gc,phases   ] GC(874)   Merge Heap Roots: 0.4ms
[2021-03-19T13:40:26.805+0600][gc,phases   ] GC(874)   Evacuate Collection Set: 7.6ms
[2021-03-19T13:40:26.805+0600][gc,phases   ] GC(874)   Post Evacuate Collection Set: 1.1ms
[2021-03-19T13:40:26.805+0600][gc,phases   ] GC(874)   Other: 0.7ms
[2021-03-19T13:40:26.805+0600][gc,heap     ] GC(874) Eden regions: 608->0(608)
[2021-03-19T13:40:26.805+0600][gc,heap     ] GC(874) Survivor regions: 2->2(77)
[2021-03-19T13:40:26.805+0600][gc,heap     ] GC(874) Old regions: 178->178
[2021-03-19T13:40:26.805+0600][gc,heap     ] GC(874) Archive regions: 2->2
[2021-03-19T13:40:26.805+0600][gc,heap     ] GC(874) Humongous regions: 129->129
[2021-03-19T13:40:26.805+0600][gc,metaspace] GC(874) Metaspace: 40303K(41216K)->40303K(41216K) NonClass: 35979K(36608K)->35979K(36608K) Class: 4323K(4608K)->4323K(4608K)
[2021-03-19T13:40:26.805+0600][gc          ] GC(874) Pause Young (Normal) (G1 Evacuation Pause) 916M->308M(1024M) 10.379ms
[2021-03-19T13:40:26.805+0600][gc,cpu      ] GC(874) User=0.03s Sys=0.00s Real=0.01s
[2021-03-19T13:40:35.219+0600][gc,start    ] GC(875) Pause Young (Normal) (G1 Evacuation Pause)
[2021-03-19T13:40:35.219+0600][gc,task     ] GC(875) Using 8 workers of 8 for evacuation
[2021-03-19T13:40:35.230+0600][gc,phases   ] GC(875)   Pre Evacuate Collection Set: 0.3ms
[2021-03-19T13:40:35.230+0600][gc,phases   ] GC(875)   Merge Heap Roots: 0.3ms
[2021-03-19T13:40:35.230+0600][gc,phases   ] GC(875)   Evacuate Collection Set: 9.3ms
[2021-03-19T13:40:35.230+0600][gc,phases   ] GC(875)   Post Evacuate Collection Set: 0.9ms
[2021-03-19T13:40:35.231+0600][gc,phases   ] GC(875)   Other: 0.5ms
[2021-03-19T13:40:35.231+0600][gc,heap     ] GC(875) Eden regions: 608->0(608)
[2021-03-19T13:40:35.231+0600][gc,heap     ] GC(875) Survivor regions: 2->2(77)
[2021-03-19T13:40:35.231+0600][gc,heap     ] GC(875) Old regions: 178->178
[2021-03-19T13:40:35.231+0600][gc,heap     ] GC(875) Archive regions: 2->2
[2021-03-19T13:40:35.231+0600][gc,heap     ] GC(875) Humongous regions: 129->129
[2021-03-19T13:40:35.231+0600][gc,metaspace] GC(875) Metaspace: 40303K(41216K)->40303K(41216K) NonClass: 35979K(36608K)->35979K(36608K) Class: 4323K(4608K)->4323K(4608K)
[2021-03-19T13:40:35.231+0600][gc          ] GC(875) Pause Young (Normal) (G1 Evacuation Pause) 916M->309M(1024M) 11.606ms
[2021-03-19T13:40:35.231+0600][gc,cpu      ] GC(875) User=0.04s Sys=0.01s Real=0.02s
[2021-03-19T13:40:40.221+0600][gc,start    ] GC(876) Pause Young (Normal) (G1 Evacuation Pause)
[2021-03-19T13:40:40.222+0600][gc,task     ] GC(876) Using 8 workers of 8 for evacuation
[2021-03-19T13:40:40.226+0600][gc,phases   ] GC(876)   Pre Evacuate Collection Set: 0.2ms
[2021-03-19T13:40:40.226+0600][gc,phases   ] GC(876)   Merge Heap Roots: 0.1ms
[2021-03-19T13:40:40.226+0600][gc,phases   ] GC(876)   Evacuate Collection Set: 2.3ms
[2021-03-19T13:40:40.226+0600][gc,phases   ] GC(876)   Post Evacuate Collection Set: 0.6ms
[2021-03-19T13:40:40.226+0600][gc,phases   ] GC(876)   Other: 1.0ms
[2021-03-19T13:40:40.226+0600][gc,heap     ] GC(876) Eden regions: 608->0(606)
[2021-03-19T13:40:40.226+0600][gc,heap     ] GC(876) Survivor regions: 2->3(77)
[2021-03-19T13:40:40.226+0600][gc,heap     ] GC(876) Old regions: 178->178
[2021-03-19T13:40:40.226+0600][gc,heap     ] GC(876) Archive regions: 2->2
[2021-03-19T13:40:40.226+0600][gc,heap     ] GC(876) Humongous regions: 129->129
[2021-03-19T13:40:40.226+0600][gc,metaspace] GC(876) Metaspace: 40303K(41216K)->40303K(41216K) NonClass: 35979K(36608K)->35979K(36608K) Class: 4323K(4608K)->4323K(4608K)
[2021-03-19T13:40:40.226+0600][gc          ] GC(876) Pause Young (Normal) (G1 Evacuation Pause) 917M->309M(1024M) 4.262ms
[2021-03-19T13:40:40.226+0600][gc,cpu      ] GC(876) User=0.02s Sys=0.00s Real=0.00s
[2021-03-19T13:40:42.892+0600][gc,start    ] GC(877) Pause Young (Normal) (G1 Evacuation Pause)
[2021-03-19T13:40:42.892+0600][gc,task     ] GC(877) Using 8 workers of 8 for evacuation
[2021-03-19T13:40:42.896+0600][gc,phases   ] GC(877)   Pre Evacuate Collection Set: 0.2ms
[2021-03-19T13:40:42.896+0600][gc,phases   ] GC(877)   Merge Heap Roots: 0.1ms
[2021-03-19T13:40:42.896+0600][gc,phases   ] GC(877)   Evacuate Collection Set: 2.8ms
[2021-03-19T13:40:42.896+0600][gc,phases   ] GC(877)   Post Evacuate Collection Set: 0.6ms
[2021-03-19T13:40:42.896+0600][gc,phases   ] GC(877)   Other: 0.2ms
[2021-03-19T13:40:42.896+0600][gc,heap     ] GC(877) Eden regions: 606->0(606)
[2021-03-19T13:40:42.896+0600][gc,heap     ] GC(877) Survivor regions: 3->3(77)
[2021-03-19T13:40:42.896+0600][gc,heap     ] GC(877) Old regions: 178->178
[2021-03-19T13:40:42.896+0600][gc,heap     ] GC(877) Archive regions: 2->2
[2021-03-19T13:40:42.896+0600][gc,heap     ] GC(877) Humongous regions: 129->129
[2021-03-19T13:40:42.896+0600][gc,metaspace] GC(877) Metaspace: 40303K(41216K)->40303K(41216K) NonClass: 35979K(36608K)->35979K(36608K) Class: 4323K(4608K)->4323K(4608K)
[2021-03-19T13:40:42.896+0600][gc          ] GC(877) Pause Young (Normal) (G1 Evacuation Pause) 915M->309M(1024M) 4.055ms
[2021-03-19T13:40:42.896+0600][gc,cpu      ] GC(877) User=0.01s Sys=0.00s Real=0.00s
[2021-03-19T13:40:45.576+0600][gc,start    ] GC(878) Pause Young (Normal) (G1 Evacuation Pause)
[2021-03-19T13:40:45.576+0600][gc,task     ] GC(878) Using 8 workers of 8 for evacuation
[2021-03-19T13:40:45.579+0600][gc,phases   ] GC(878)   Pre Evacuate Collection Set: 0.1ms
[2021-03-19T13:40:45.579+0600][gc,phases   ] GC(878)   Merge Heap Roots: 0.1ms
[2021-03-19T13:40:45.579+0600][gc,phases   ] GC(878)   Evacuate Collection Set: 2.3ms
[2021-03-19T13:40:45.579+0600][gc,phases   ] GC(878)   Post Evacuate Collection Set: 0.4ms
[2021-03-19T13:40:45.579+0600][gc,phases   ] GC(878)   Other: 0.2ms
[2021-03-19T13:40:45.579+0600][gc,heap     ] GC(878) Eden regions: 606->0(606)
[2021-03-19T13:40:45.579+0600][gc,heap     ] GC(878) Survivor regions: 3->3(77)
[2021-03-19T13:40:45.579+0600][gc,heap     ] GC(878) Old regions: 178->178
[2021-03-19T13:40:45.579+0600][gc,heap     ] GC(878) Archive regions: 2->2
[2021-03-19T13:40:45.579+0600][gc,heap     ] GC(878) Humongous regions: 129->129
[2021-03-19T13:40:45.579+0600][gc,metaspace] GC(878) Metaspace: 40303K(41216K)->40303K(41216K) NonClass: 35979K(36608K)->35979K(36608K) Class: 4323K(4608K)->4323K(4608K)
[2021-03-19T13:40:45.579+0600][gc          ] GC(878) Pause Young (Normal) (G1 Evacuation Pause) 915M->309M(1024M) 3.154ms
[2021-03-19T13:40:45.579+0600][gc,cpu      ] GC(878) User=0.02s Sys=0.00s Real=0.00s
[2021-03-19T13:40:48.330+0600][gc,start    ] GC(879) Pause Young (Normal) (G1 Evacuation Pause)
[2021-03-19T13:40:48.330+0600][gc,task     ] GC(879) Using 8 workers of 8 for evacuation
[2021-03-19T13:40:48.333+0600][gc,phases   ] GC(879)   Pre Evacuate Collection Set: 0.1ms
[2021-03-19T13:40:48.333+0600][gc,phases   ] GC(879)   Merge Heap Roots: 0.1ms
[2021-03-19T13:40:48.333+0600][gc,phases   ] GC(879)   Evacuate Collection Set: 2.2ms
[2021-03-19T13:40:48.333+0600][gc,phases   ] GC(879)   Post Evacuate Collection Set: 0.5ms
[2021-03-19T13:40:48.333+0600][gc,phases   ] GC(879)   Other: 0.2ms
[2021-03-19T13:40:48.333+0600][gc,heap     ] GC(879) Eden regions: 606->0(606)
[2021-03-19T13:40:48.333+0600][gc,heap     ] GC(879) Survivor regions: 3->3(77)
[2021-03-19T13:40:48.333+0600][gc,heap     ] GC(879) Old regions: 178->178
[2021-03-19T13:40:48.333+0600][gc,heap     ] GC(879) Archive regions: 2->2
[2021-03-19T13:40:48.333+0600][gc,heap     ] GC(879) Humongous regions: 129->129
[2021-03-19T13:40:48.333+0600][gc,metaspace] GC(879) Metaspace: 40303K(41216K)->40303K(41216K) NonClass: 35979K(36608K)->35979K(36608K) Class: 4323K(4608K)->4323K(4608K)
[2021-03-19T13:40:48.333+0600][gc          ] GC(879) Pause Young (Normal) (G1 Evacuation Pause) 915M->309M(1024M) 3.191ms
[2021-03-19T13:40:48.333+0600][gc,cpu      ] GC(879) User=0.02s Sys=0.00s Real=0.00s
[2021-03-19T13:40:51.084+0600][gc,start    ] GC(880) Pause Young (Normal) (G1 Evacuation Pause)
[2021-03-19T13:40:51.084+0600][gc,task     ] GC(880) Using 8 workers of 8 for evacuation
[2021-03-19T13:40:51.088+0600][gc,phases   ] GC(880)   Pre Evacuate Collection Set: 0.2ms
[2021-03-19T13:40:51.088+0600][gc,phases   ] GC(880)   Merge Heap Roots: 0.1ms
[2021-03-19T13:40:51.088+0600][gc,phases   ] GC(880)   Evacuate Collection Set: 2.2ms
[2021-03-19T13:40:51.088+0600][gc,phases   ] GC(880)   Post Evacuate Collection Set: 0.5ms
[2021-03-19T13:40:51.088+0600][gc,phases   ] GC(880)   Other: 0.2ms
[2021-03-19T13:40:51.088+0600][gc,heap     ] GC(880) Eden regions: 606->0(606)
[2021-03-19T13:40:51.088+0600][gc,heap     ] GC(880) Survivor regions: 3->3(77)
[2021-03-19T13:40:51.088+0600][gc,heap     ] GC(880) Old regions: 178->178
[2021-03-19T13:40:51.088+0600][gc,heap     ] GC(880) Archive regions: 2->2
[2021-03-19T13:40:51.088+0600][gc,heap     ] GC(880) Humongous regions: 129->129
[2021-03-19T13:40:51.088+0600][gc,metaspace] GC(880) Metaspace: 40303K(41216K)->40303K(41216K) NonClass: 35979K(36608K)->35979K(36608K) Class: 4323K(4608K)->4323K(4608K)
[2021-03-19T13:40:51.088+0600][gc          ] GC(880) Pause Young (Normal) (G1 Evacuation Pause) 915M->310M(1024M) 3.319ms
[2021-03-19T13:40:51.088+0600][gc,cpu      ] GC(880) User=0.02s Sys=0.00s Real=0.00s
[2021-03-19T13:40:53.976+0600][gc,start    ] GC(881) Pause Young (Normal) (G1 Evacuation Pause)
[2021-03-19T13:40:53.976+0600][gc,task     ] GC(881) Using 8 workers of 8 for evacuation
[2021-03-19T13:40:53.979+0600][gc,phases   ] GC(881)   Pre Evacuate Collection Set: 0.2ms
[2021-03-19T13:40:53.979+0600][gc,phases   ] GC(881)   Merge Heap Roots: 0.1ms
[2021-03-19T13:40:53.979+0600][gc,phases   ] GC(881)   Evacuate Collection Set: 2.4ms
[2021-03-19T13:40:53.979+0600][gc,phases   ] GC(881)   Post Evacuate Collection Set: 0.5ms
[2021-03-19T13:40:53.979+0600][gc,phases   ] GC(881)   Other: 0.2ms
[2021-03-19T13:40:53.979+0600][gc,heap     ] GC(881) Eden regions: 606->0(606)
[2021-03-19T13:40:53.979+0600][gc,heap     ] GC(881) Survivor regions: 3->3(77)
[2021-03-19T13:40:53.979+0600][gc,heap     ] GC(881) Old regions: 178->178
[2021-03-19T13:40:53.979+0600][gc,heap     ] GC(881) Archive regions: 2->2
[2021-03-19T13:40:53.979+0600][gc,heap     ] GC(881) Humongous regions: 129->129
[2021-03-19T13:40:53.979+0600][gc,metaspace] GC(881) Metaspace: 40303K(41216K)->40303K(41216K) NonClass: 35979K(36608K)->35979K(36608K) Class: 4323K(4608K)->4323K(4608K)
[2021-03-19T13:40:53.979+0600][gc          ] GC(881) Pause Young (Normal) (G1 Evacuation Pause) 916M->310M(1024M) 3.450ms
[2021-03-19T13:40:53.979+0600][gc,cpu      ] GC(881) User=0.01s Sys=0.01s Real=0.00s
[2021-03-19T13:40:56.748+0600][gc,start    ] GC(882) Pause Young (Normal) (G1 Evacuation Pause)
[2021-03-19T13:40:56.748+0600][gc,task     ] GC(882) Using 8 workers of 8 for evacuation
[2021-03-19T13:40:56.751+0600][gc,phases   ] GC(882)   Pre Evacuate Collection Set: 0.1ms
[2021-03-19T13:40:56.752+0600][gc,phases   ] GC(882)   Merge Heap Roots: 0.1ms
[2021-03-19T13:40:56.752+0600][gc,phases   ] GC(882)   Evacuate Collection Set: 2.5ms
[2021-03-19T13:40:56.752+0600][gc,phases   ] GC(882)   Post Evacuate Collection Set: 0.4ms
[2021-03-19T13:40:56.752+0600][gc,phases   ] GC(882)   Other: 0.2ms
[2021-03-19T13:40:56.752+0600][gc,heap     ] GC(882) Eden regions: 606->0(605)
[2021-03-19T13:40:56.752+0600][gc,heap     ] GC(882) Survivor regions: 3->3(77)
[2021-03-19T13:40:56.752+0600][gc,heap     ] GC(882) Old regions: 178->179
[2021-03-19T13:40:56.752+0600][gc,heap     ] GC(882) Archive regions: 2->2
[2021-03-19T13:40:56.752+0600][gc,heap     ] GC(882) Humongous regions: 129->129
[2021-03-19T13:40:56.752+0600][gc,metaspace] GC(882) Metaspace: 40303K(41216K)->40303K(41216K) NonClass: 35979K(36608K)->35979K(36608K) Class: 4323K(4608K)->4323K(4608K)
[2021-03-19T13:40:56.752+0600][gc          ] GC(882) Pause Young (Normal) (G1 Evacuation Pause) 916M->310M(1024M) 3.421ms
[2021-03-19T13:40:56.752+0600][gc,cpu      ] GC(882) User=0.02s Sys=0.00s Real=0.01s
[2021-03-19T13:40:59.508+0600][gc,start    ] GC(883) Pause Young (Normal) (G1 Evacuation Pause)
[2021-03-19T13:40:59.508+0600][gc,task     ] GC(883) Using 8 workers of 8 for evacuation
[2021-03-19T13:40:59.512+0600][gc,phases   ] GC(883)   Pre Evacuate Collection Set: 0.1ms
[2021-03-19T13:40:59.512+0600][gc,phases   ] GC(883)   Merge Heap Roots: 0.1ms
[2021-03-19T13:40:59.512+0600][gc,phases   ] GC(883)   Evacuate Collection Set: 2.3ms
[2021-03-19T13:40:59.512+0600][gc,phases   ] GC(883)   Post Evacuate Collection Set: 0.6ms
[2021-03-19T13:40:59.512+0600][gc,phases   ] GC(883)   Other: 0.2ms
[2021-03-19T13:40:59.512+0600][gc,heap     ] GC(883) Eden regions: 605->0(605)
[2021-03-19T13:40:59.512+0600][gc,heap     ] GC(883) Survivor regions: 3->3(76)
[2021-03-19T13:40:59.512+0600][gc,heap     ] GC(883) Old regions: 179->179
[2021-03-19T13:40:59.512+0600][gc,heap     ] GC(883) Archive regions: 2->2
[2021-03-19T13:40:59.512+0600][gc,heap     ] GC(883) Humongous regions: 129->129
[2021-03-19T13:40:59.512+0600][gc,metaspace] GC(883) Metaspace: 40303K(41216K)->40303K(41216K) NonClass: 35979K(36608K)->35979K(36608K) Class: 4323K(4608K)->4323K(4608K)
[2021-03-19T13:40:59.512+0600][gc          ] GC(883) Pause Young (Normal) (G1 Evacuation Pause) 915M->310M(1024M) 3.405ms
[2021-03-19T13:40:59.512+0600][gc,cpu      ] GC(883) User=0.02s Sys=0.00s Real=0.01s
[2021-03-19T13:41:02.280+0600][gc,start    ] GC(884) Pause Young (Normal) (G1 Evacuation Pause)
[2021-03-19T13:41:02.280+0600][gc,task     ] GC(884) Using 8 workers of 8 for evacuation
[2021-03-19T13:41:02.283+0600][gc,phases   ] GC(884)   Pre Evacuate Collection Set: 0.1ms
[2021-03-19T13:41:02.283+0600][gc,phases   ] GC(884)   Merge Heap Roots: 0.1ms
[2021-03-19T13:41:02.283+0600][gc,phases   ] GC(884)   Evacuate Collection Set: 2.4ms
[2021-03-19T13:41:02.283+0600][gc,phases   ] GC(884)   Post Evacuate Collection Set: 0.4ms
[2021-03-19T13:41:02.283+0600][gc,phases   ] GC(884)   Other: 0.2ms
[2021-03-19T13:41:02.283+0600][gc,heap     ] GC(884) Eden regions: 605->0(605)
[2021-03-19T13:41:02.283+0600][gc,heap     ] GC(884) Survivor regions: 3->3(76)
[2021-03-19T13:41:02.283+0600][gc,heap     ] GC(884) Old regions: 179->179
[2021-03-19T13:41:02.283+0600][gc,heap     ] GC(884) Archive regions: 2->2
[2021-03-19T13:41:02.283+0600][gc,heap     ] GC(884) Humongous regions: 129->129
[2021-03-19T13:41:02.283+0600][gc,metaspace] GC(884) Metaspace: 40303K(41216K)->40303K(41216K) NonClass: 35979K(36608K)->35979K(36608K) Class: 4323K(4608K)->4323K(4608K)
[2021-03-19T13:41:02.283+0600][gc          ] GC(884) Pause Young (Normal) (G1 Evacuation Pause) 915M->310M(1024M) 3.313ms
[2021-03-19T13:41:02.284+0600][gc,cpu      ] GC(884) User=0.02s Sys=0.00s Real=0.00s
[2021-03-19T13:41:05.022+0600][gc,start    ] GC(885) Pause Young (Normal) (G1 Evacuation Pause)
[2021-03-19T13:41:05.022+0600][gc,task     ] GC(885) Using 8 workers of 8 for evacuation
[2021-03-19T13:41:05.026+0600][gc,phases   ] GC(885)   Pre Evacuate Collection Set: 0.2ms
[2021-03-19T13:41:05.026+0600][gc,phases   ] GC(885)   Merge Heap Roots: 0.1ms
[2021-03-19T13:41:05.026+0600][gc,phases   ] GC(885)   Evacuate Collection Set: 2.9ms
[2021-03-19T13:41:05.026+0600][gc,phases   ] GC(885)   Post Evacuate Collection Set: 0.5ms
[2021-03-19T13:41:05.026+0600][gc,phases   ] GC(885)   Other: 0.2ms
[2021-03-19T13:41:05.026+0600][gc,heap     ] GC(885) Eden regions: 605->0(605)
[2021-03-19T13:41:05.026+0600][gc,heap     ] GC(885) Survivor regions: 3->3(76)
[2021-03-19T13:41:05.026+0600][gc,heap     ] GC(885) Old regions: 179->179
[2021-03-19T13:41:05.026+0600][gc,heap     ] GC(885) Archive regions: 2->2
[2021-03-19T13:41:05.026+0600][gc,heap     ] GC(885) Humongous regions: 129->129
[2021-03-19T13:41:05.026+0600][gc,metaspace] GC(885) Metaspace: 40303K(41216K)->40303K(41216K) NonClass: 35979K(36608K)->35979K(36608K) Class: 4323K(4608K)->4323K(4608K)
[2021-03-19T13:41:05.026+0600][gc          ] GC(885) Pause Young (Normal) (G1 Evacuation Pause) 915M->310M(1024M) 4.020ms
[2021-03-19T13:41:05.026+0600][gc,cpu      ] GC(885) User=0.02s Sys=0.00s Real=0.00s
[2021-03-19T13:41:07.774+0600][gc,start    ] GC(886) Pause Young (Normal) (G1 Evacuation Pause)
[2021-03-19T13:41:07.774+0600][gc,task     ] GC(886) Using 8 workers of 8 for evacuation
[2021-03-19T13:41:07.777+0600][gc,phases   ] GC(886)   Pre Evacuate Collection Set: 0.1ms
[2021-03-19T13:41:07.777+0600][gc,phases   ] GC(886)   Merge Heap Roots: 0.1ms
[2021-03-19T13:41:07.777+0600][gc,phases   ] GC(886)   Evacuate Collection Set: 2.6ms
[2021-03-19T13:41:07.777+0600][gc,phases   ] GC(886)   Post Evacuate Collection Set: 0.5ms
[2021-03-19T13:41:07.777+0600][gc,phases   ] GC(886)   Other: 0.2ms
[2021-03-19T13:41:07.777+0600][gc,heap     ] GC(886) Eden regions: 605->0(605)
[2021-03-19T13:41:07.777+0600][gc,heap     ] GC(886) Survivor regions: 3->3(76)
[2021-03-19T13:41:07.777+0600][gc,heap     ] GC(886) Old regions: 179->179
[2021-03-19T13:41:07.777+0600][gc,heap     ] GC(886) Archive regions: 2->2
[2021-03-19T13:41:07.777+0600][gc,heap     ] GC(886) Humongous regions: 129->129
[2021-03-19T13:41:07.777+0600][gc,metaspace] GC(886) Metaspace: 40303K(41216K)->40303K(41216K) NonClass: 35979K(36608K)->35979K(36608K) Class: 4323K(4608K)->4323K(4608K)
[2021-03-19T13:41:07.777+0600][gc          ] GC(886) Pause Young (Normal) (G1 Evacuation Pause) 915M->310M(1024M) 3.585ms
[2021-03-19T13:41:07.777+0600][gc,cpu      ] GC(886) User=0.02s Sys=0.00s Real=0.00s
[2021-03-19T13:41:10.509+0600][gc,start    ] GC(887) Pause Young (Normal) (G1 Evacuation Pause)
[2021-03-19T13:41:10.509+0600][gc,task     ] GC(887) Using 8 workers of 8 for evacuation
[2021-03-19T13:41:10.513+0600][gc,phases   ] GC(887)   Pre Evacuate Collection Set: 0.1ms
[2021-03-19T13:41:10.513+0600][gc,phases   ] GC(887)   Merge Heap Roots: 0.1ms
[2021-03-19T13:41:10.513+0600][gc,phases   ] GC(887)   Evacuate Collection Set: 2.7ms
[2021-03-19T13:41:10.513+0600][gc,phases   ] GC(887)   Post Evacuate Collection Set: 0.4ms
[2021-03-19T13:41:10.513+0600][gc,phases   ] GC(887)   Other: 0.2ms
[2021-03-19T13:41:10.513+0600][gc,heap     ] GC(887) Eden regions: 605->0(605)
[2021-03-19T13:41:10.513+0600][gc,heap     ] GC(887) Survivor regions: 3->3(76)
[2021-03-19T13:41:10.513+0600][gc,heap     ] GC(887) Old regions: 179->179
[2021-03-19T13:41:10.513+0600][gc,heap     ] GC(887) Archive regions: 2->2
[2021-03-19T13:41:10.513+0600][gc,heap     ] GC(887) Humongous regions: 129->129
[2021-03-19T13:41:10.513+0600][gc,metaspace] GC(887) Metaspace: 40303K(41216K)->40303K(41216K) NonClass: 35979K(36608K)->35979K(36608K) Class: 4323K(4608K)->4323K(4608K)
[2021-03-19T13:41:10.513+0600][gc          ] GC(887) Pause Young (Normal) (G1 Evacuation Pause) 915M->311M(1024M) 3.657ms
[2021-03-19T13:41:10.513+0600][gc,cpu      ] GC(887) User=0.02s Sys=0.00s Real=0.01s
[2021-03-19T13:41:13.322+0600][gc,start    ] GC(888) Pause Young (Normal) (G1 Evacuation Pause)
[2021-03-19T13:41:13.323+0600][gc,task     ] GC(888) Using 8 workers of 8 for evacuation
[2021-03-19T13:41:13.326+0600][gc,phases   ] GC(888)   Pre Evacuate Collection Set: 0.1ms
[2021-03-19T13:41:13.326+0600][gc,phases   ] GC(888)   Merge Heap Roots: 0.1ms
[2021-03-19T13:41:13.326+0600][gc,phases   ] GC(888)   Evacuate Collection Set: 2.9ms
[2021-03-19T13:41:13.326+0600][gc,phases   ] GC(888)   Post Evacuate Collection Set: 0.4ms
[2021-03-19T13:41:13.326+0600][gc,phases   ] GC(888)   Other: 0.4ms
[2021-03-19T13:41:13.326+0600][gc,heap     ] GC(888) Eden regions: 605->0(605)
[2021-03-19T13:41:13.326+0600][gc,heap     ] GC(888) Survivor regions: 3->3(76)
[2021-03-19T13:41:13.326+0600][gc,heap     ] GC(888) Old regions: 179->179
[2021-03-19T13:41:13.326+0600][gc,heap     ] GC(888) Archive regions: 2->2
[2021-03-19T13:41:13.326+0600][gc,heap     ] GC(888) Humongous regions: 129->129
[2021-03-19T13:41:13.326+0600][gc,metaspace] GC(888) Metaspace: 40303K(41216K)->40303K(41216K) NonClass: 35979K(36608K)->35979K(36608K) Class: 4323K(4608K)->4323K(4608K)
[2021-03-19T13:41:13.326+0600][gc          ] GC(888) Pause Young (Normal) (G1 Evacuation Pause) 916M->311M(1024M) 3.994ms
[2021-03-19T13:41:13.326+0600][gc,cpu      ] GC(888) User=0.02s Sys=0.00s Real=0.00s
[2021-03-19T13:41:16.212+0600][gc,start    ] GC(889) Pause Young (Normal) (G1 Evacuation Pause)
[2021-03-19T13:41:16.212+0600][gc,task     ] GC(889) Using 8 workers of 8 for evacuation
[2021-03-19T13:41:16.216+0600][gc,phases   ] GC(889)   Pre Evacuate Collection Set: 0.1ms
[2021-03-19T13:41:16.216+0600][gc,phases   ] GC(889)   Merge Heap Roots: 0.1ms
[2021-03-19T13:41:16.216+0600][gc,phases   ] GC(889)   Evacuate Collection Set: 2.3ms
[2021-03-19T13:41:16.216+0600][gc,phases   ] GC(889)   Post Evacuate Collection Set: 0.5ms
[2021-03-19T13:41:16.216+0600][gc,phases   ] GC(889)   Other: 0.2ms
[2021-03-19T13:41:16.216+0600][gc,heap     ] GC(889) Eden regions: 605->0(604)
[2021-03-19T13:41:16.216+0600][gc,heap     ] GC(889) Survivor regions: 3->3(76)
[2021-03-19T13:41:16.216+0600][gc,heap     ] GC(889) Old regions: 179->180
[2021-03-19T13:41:16.216+0600][gc,heap     ] GC(889) Archive regions: 2->2
[2021-03-19T13:41:16.216+0600][gc,heap     ] GC(889) Humongous regions: 129->129
[2021-03-19T13:41:16.216+0600][gc,metaspace] GC(889) Metaspace: 40303K(41216K)->40303K(41216K) NonClass: 35979K(36608K)->35979K(36608K) Class: 4323K(4608K)->4323K(4608K)
[2021-03-19T13:41:16.216+0600][gc          ] GC(889) Pause Young (Normal) (G1 Evacuation Pause) 916M->311M(1024M) 3.283ms
[2021-03-19T13:41:16.216+0600][gc,cpu      ] GC(889) User=0.01s Sys=0.00s Real=0.00s
[2021-03-19T13:41:18.915+0600][gc,start    ] GC(890) Pause Young (Normal) (G1 Evacuation Pause)
[2021-03-19T13:41:18.915+0600][gc,task     ] GC(890) Using 8 workers of 8 for evacuation
[2021-03-19T13:41:18.919+0600][gc,phases   ] GC(890)   Pre Evacuate Collection Set: 0.2ms
[2021-03-19T13:41:18.919+0600][gc,phases   ] GC(890)   Merge Heap Roots: 0.1ms
[2021-03-19T13:41:18.919+0600][gc,phases   ] GC(890)   Evacuate Collection Set: 2.9ms
[2021-03-19T13:41:18.919+0600][gc,phases   ] GC(890)   Post Evacuate Collection Set: 0.5ms
[2021-03-19T13:41:18.919+0600][gc,phases   ] GC(890)   Other: 0.2ms
[2021-03-19T13:41:18.919+0600][gc,heap     ] GC(890) Eden regions: 604->0(604)
[2021-03-19T13:41:18.919+0600][gc,heap     ] GC(890) Survivor regions: 3->3(76)
[2021-03-19T13:41:18.919+0600][gc,heap     ] GC(890) Old regions: 180->180
[2021-03-19T13:41:18.919+0600][gc,heap     ] GC(890) Archive regions: 2->2
[2021-03-19T13:41:18.919+0600][gc,heap     ] GC(890) Humongous regions: 129->129
[2021-03-19T13:41:18.919+0600][gc,metaspace] GC(890) Metaspace: 40303K(41216K)->40303K(41216K) NonClass: 35979K(36608K)->35979K(36608K) Class: 4323K(4608K)->4323K(4608K)
[2021-03-19T13:41:18.919+0600][gc          ] GC(890) Pause Young (Normal) (G1 Evacuation Pause) 915M->311M(1024M) 3.963ms
[2021-03-19T13:41:18.919+0600][gc,cpu      ] GC(890) User=0.02s Sys=0.01s Real=0.00s
[2021-03-19T13:41:24.730+0600][gc,start    ] GC(891) Pause Young (Normal) (G1 Evacuation Pause)
[2021-03-19T13:41:24.730+0600][gc,task     ] GC(891) Using 8 workers of 8 for evacuation
[2021-03-19T13:41:24.739+0600][gc,phases   ] GC(891)   Pre Evacuate Collection Set: 0.2ms
[2021-03-19T13:41:24.740+0600][gc,phases   ] GC(891)   Merge Heap Roots: 0.2ms
[2021-03-19T13:41:24.740+0600][gc,phases   ] GC(891)   Evacuate Collection Set: 7.7ms
[2021-03-19T13:41:24.740+0600][gc,phases   ] GC(891)   Post Evacuate Collection Set: 1.0ms
[2021-03-19T13:41:24.740+0600][gc,phases   ] GC(891)   Other: 0.4ms
[2021-03-19T13:41:24.740+0600][gc,heap     ] GC(891) Eden regions: 604->0(604)
[2021-03-19T13:41:24.740+0600][gc,heap     ] GC(891) Survivor regions: 3->3(76)
[2021-03-19T13:41:24.740+0600][gc,heap     ] GC(891) Old regions: 180->180
[2021-03-19T13:41:24.740+0600][gc,heap     ] GC(891) Archive regions: 2->2
[2021-03-19T13:41:24.740+0600][gc,heap     ] GC(891) Humongous regions: 129->129
[2021-03-19T13:41:24.740+0600][gc,metaspace] GC(891) Metaspace: 40303K(41216K)->40303K(41216K) NonClass: 35979K(36608K)->35979K(36608K) Class: 4323K(4608K)->4323K(4608K)
[2021-03-19T13:41:24.740+0600][gc          ] GC(891) Pause Young (Normal) (G1 Evacuation Pause) 915M->311M(1024M) 9.836ms
[2021-03-19T13:41:24.740+0600][gc,cpu      ] GC(891) User=0.03s Sys=0.00s Real=0.01s
[2021-03-19T13:41:34.212+0600][gc,start    ] GC(892) Pause Young (Normal) (G1 Evacuation Pause)
[2021-03-19T13:41:34.212+0600][gc,task     ] GC(892) Using 8 workers of 8 for evacuation
[2021-03-19T13:41:34.227+0600][gc,phases   ] GC(892)   Pre Evacuate Collection Set: 0.4ms
[2021-03-19T13:41:34.227+0600][gc,phases   ] GC(892)   Merge Heap Roots: 0.4ms
[2021-03-19T13:41:34.227+0600][gc,phases   ] GC(892)   Evacuate Collection Set: 13.0ms
[2021-03-19T13:41:34.227+0600][gc,phases   ] GC(892)   Post Evacuate Collection Set: 0.7ms
[2021-03-19T13:41:34.227+0600][gc,phases   ] GC(892)   Other: 0.7ms
[2021-03-19T13:41:34.227+0600][gc,heap     ] GC(892) Eden regions: 604->0(604)
[2021-03-19T13:41:34.227+0600][gc,heap     ] GC(892) Survivor regions: 3->3(76)
[2021-03-19T13:41:34.227+0600][gc,heap     ] GC(892) Old regions: 180->180
[2021-03-19T13:41:34.227+0600][gc,heap     ] GC(892) Archive regions: 2->2
[2021-03-19T13:41:34.227+0600][gc,heap     ] GC(892) Humongous regions: 129->129
[2021-03-19T13:41:34.227+0600][gc,metaspace] GC(892) Metaspace: 40303K(41216K)->40303K(41216K) NonClass: 35979K(36608K)->35979K(36608K) Class: 4323K(4608K)->4323K(4608K)
[2021-03-19T13:41:34.227+0600][gc          ] GC(892) Pause Young (Normal) (G1 Evacuation Pause) 915M->311M(1024M) 15.341ms
[2021-03-19T13:41:34.227+0600][gc,cpu      ] GC(892) User=0.06s Sys=0.00s Real=0.01s
[2021-03-19T13:41:43.399+0600][gc,start    ] GC(893) Pause Young (Normal) (G1 Evacuation Pause)
[2021-03-19T13:41:43.399+0600][gc,task     ] GC(893) Using 8 workers of 8 for evacuation
[2021-03-19T13:41:43.411+0600][gc,phases   ] GC(893)   Pre Evacuate Collection Set: 0.3ms
[2021-03-19T13:41:43.411+0600][gc,phases   ] GC(893)   Merge Heap Roots: 0.3ms
[2021-03-19T13:41:43.411+0600][gc,phases   ] GC(893)   Evacuate Collection Set: 9.2ms
[2021-03-19T13:41:43.411+0600][gc,phases   ] GC(893)   Post Evacuate Collection Set: 1.0ms
[2021-03-19T13:41:43.411+0600][gc,phases   ] GC(893)   Other: 0.7ms
[2021-03-19T13:41:43.411+0600][gc,heap     ] GC(893) Eden regions: 604->0(604)
[2021-03-19T13:41:43.411+0600][gc,heap     ] GC(893) Survivor regions: 3->3(76)
[2021-03-19T13:41:43.411+0600][gc,heap     ] GC(893) Old regions: 180->180
[2021-03-19T13:41:43.411+0600][gc,heap     ] GC(893) Archive regions: 2->2
[2021-03-19T13:41:43.411+0600][gc,heap     ] GC(893) Humongous regions: 129->129
[2021-03-19T13:41:43.411+0600][gc,metaspace] GC(893) Metaspace: 40303K(41216K)->40303K(41216K) NonClass: 35979K(36608K)->35979K(36608K) Class: 4323K(4608K)->4323K(4608K)
[2021-03-19T13:41:43.411+0600][gc          ] GC(893) Pause Young (Normal) (G1 Evacuation Pause) 915M->311M(1024M) 11.912ms
[2021-03-19T13:41:43.411+0600][gc,cpu      ] GC(893) User=0.04s Sys=0.00s Real=0.02s
[2021-03-19T13:41:52.992+0600][gc,start    ] GC(894) Pause Young (Normal) (G1 Evacuation Pause)
[2021-03-19T13:41:52.992+0600][gc,task     ] GC(894) Using 8 workers of 8 for evacuation
[2021-03-19T13:41:53.001+0600][gc,phases   ] GC(894)   Pre Evacuate Collection Set: 0.1ms
[2021-03-19T13:41:53.002+0600][gc,phases   ] GC(894)   Merge Heap Roots: 0.2ms
[2021-03-19T13:41:53.002+0600][gc,phases   ] GC(894)   Evacuate Collection Set: 8.5ms
[2021-03-19T13:41:53.002+0600][gc,phases   ] GC(894)   Post Evacuate Collection Set: 0.7ms
[2021-03-19T13:41:53.002+0600][gc,phases   ] GC(894)   Other: 0.4ms
[2021-03-19T13:41:53.002+0600][gc,heap     ] GC(894) Eden regions: 604->0(604)
[2021-03-19T13:41:53.002+0600][gc,heap     ] GC(894) Survivor regions: 3->3(76)
[2021-03-19T13:41:53.002+0600][gc,heap     ] GC(894) Old regions: 180->180
[2021-03-19T13:41:53.002+0600][gc,heap     ] GC(894) Archive regions: 2->2
[2021-03-19T13:41:53.002+0600][gc,heap     ] GC(894) Humongous regions: 129->129
[2021-03-19T13:41:53.002+0600][gc,metaspace] GC(894) Metaspace: 40303K(41216K)->40303K(41216K) NonClass: 35979K(36608K)->35979K(36608K) Class: 4323K(4608K)->4323K(4608K)
[2021-03-19T13:41:53.002+0600][gc          ] GC(894) Pause Young (Normal) (G1 Evacuation Pause) 915M->312M(1024M) 10.195ms
[2021-03-19T13:41:53.002+0600][gc,cpu      ] GC(894) User=0.03s Sys=0.00s Real=0.01s
[2021-03-19T13:42:03.836+0600][gc,start    ] GC(895) Pause Young (Normal) (G1 Evacuation Pause)
[2021-03-19T13:42:03.836+0600][gc,task     ] GC(895) Using 8 workers of 8 for evacuation
[2021-03-19T13:42:03.850+0600][gc,phases   ] GC(895)   Pre Evacuate Collection Set: 0.5ms
[2021-03-19T13:42:03.850+0600][gc,phases   ] GC(895)   Merge Heap Roots: 0.4ms
[2021-03-19T13:42:03.850+0600][gc,phases   ] GC(895)   Evacuate Collection Set: 11.8ms
[2021-03-19T13:42:03.850+0600][gc,phases   ] GC(895)   Post Evacuate Collection Set: 0.8ms
[2021-03-19T13:42:03.850+0600][gc,phases   ] GC(895)   Other: 0.8ms
[2021-03-19T13:42:03.850+0600][gc,heap     ] GC(895) Eden regions: 604->0(603)
[2021-03-19T13:42:03.850+0600][gc,heap     ] GC(895) Survivor regions: 3->3(76)
[2021-03-19T13:42:03.850+0600][gc,heap     ] GC(895) Old regions: 180->181
[2021-03-19T13:42:03.850+0600][gc,heap     ] GC(895) Archive regions: 2->2
[2021-03-19T13:42:03.850+0600][gc,heap     ] GC(895) Humongous regions: 129->129
[2021-03-19T13:42:03.850+0600][gc,metaspace] GC(895) Metaspace: 40303K(41216K)->40303K(41216K) NonClass: 35979K(36608K)->35979K(36608K) Class: 4323K(4608K)->4323K(4608K)
[2021-03-19T13:42:03.850+0600][gc          ] GC(895) Pause Young (Normal) (G1 Evacuation Pause) 916M->312M(1024M) 14.631ms
[2021-03-19T13:42:03.850+0600][gc,cpu      ] GC(895) User=0.04s Sys=0.00s Real=0.02s
[2021-03-19T13:42:20.523+0600][gc,start    ] GC(896) Pause Young (Normal) (G1 Evacuation Pause)
[2021-03-19T13:42:20.555+0600][gc,task     ] GC(896) Using 8 workers of 8 for evacuation
[2021-03-19T13:42:20.586+0600][gc,phases   ] GC(896)   Pre Evacuate Collection Set: 0.7ms
[2021-03-19T13:42:20.591+0600][gc,phases   ] GC(896)   Merge Heap Roots: 0.7ms
[2021-03-19T13:42:20.591+0600][gc,phases   ] GC(896)   Evacuate Collection Set: 10.7ms
[2021-03-19T13:42:20.591+0600][gc,phases   ] GC(896)   Post Evacuate Collection Set: 0.9ms
[2021-03-19T13:42:20.592+0600][gc,phases   ] GC(896)   Other: 50.4ms
[2021-03-19T13:42:20.592+0600][gc,heap     ] GC(896) Eden regions: 603->0(603)
[2021-03-19T13:42:20.592+0600][gc,heap     ] GC(896) Survivor regions: 3->3(76)
[2021-03-19T13:42:20.592+0600][gc,heap     ] GC(896) Old regions: 181->181
[2021-03-19T13:42:20.592+0600][gc,heap     ] GC(896) Archive regions: 2->2
[2021-03-19T13:42:20.592+0600][gc,heap     ] GC(896) Humongous regions: 129->129
[2021-03-19T13:42:20.592+0600][gc,metaspace] GC(896) Metaspace: 40303K(41216K)->40303K(41216K) NonClass: 35979K(36608K)->35979K(36608K) Class: 4323K(4608K)->4323K(4608K)
[2021-03-19T13:42:20.592+0600][gc          ] GC(896) Pause Young (Normal) (G1 Evacuation Pause) 915M->312M(1024M) 69.395ms
[2021-03-19T13:42:20.592+0600][gc,cpu      ] GC(896) User=0.05s Sys=0.00s Real=0.07s
[2021-03-19T13:42:36.845+0600][gc,start    ] GC(897) Pause Young (Normal) (G1 Evacuation Pause)
[2021-03-19T13:42:36.846+0600][gc,task     ] GC(897) Using 8 workers of 8 for evacuation
[2021-03-19T13:42:36.859+0600][gc,phases   ] GC(897)   Pre Evacuate Collection Set: 0.4ms
[2021-03-19T13:42:36.859+0600][gc,phases   ] GC(897)   Merge Heap Roots: 0.4ms
[2021-03-19T13:42:36.859+0600][gc,phases   ] GC(897)   Evacuate Collection Set: 11.7ms
[2021-03-19T13:42:36.859+0600][gc,phases   ] GC(897)   Post Evacuate Collection Set: 0.7ms
[2021-03-19T13:42:36.859+0600][gc,phases   ] GC(897)   Other: 0.8ms
[2021-03-19T13:42:36.859+0600][gc,heap     ] GC(897) Eden regions: 603->0(603)
[2021-03-19T13:42:36.859+0600][gc,heap     ] GC(897) Survivor regions: 3->3(76)
[2021-03-19T13:42:36.859+0600][gc,heap     ] GC(897) Old regions: 181->181
[2021-03-19T13:42:36.859+0600][gc,heap     ] GC(897) Archive regions: 2->2
[2021-03-19T13:42:36.859+0600][gc,heap     ] GC(897) Humongous regions: 129->129
[2021-03-19T13:42:36.859+0600][gc,metaspace] GC(897) Metaspace: 40303K(41216K)->40303K(41216K) NonClass: 35979K(36608K)->35979K(36608K) Class: 4323K(4608K)->4323K(4608K)
[2021-03-19T13:42:36.859+0600][gc          ] GC(897) Pause Young (Normal) (G1 Evacuation Pause) 915M->312M(1024M) 14.138ms
[2021-03-19T13:42:36.859+0600][gc,cpu      ] GC(897) User=0.05s Sys=0.01s Real=0.01s
[2021-03-19T13:42:49.293+0600][gc,start    ] GC(898) Pause Young (Normal) (G1 Evacuation Pause)
[2021-03-19T13:42:49.295+0600][gc,task     ] GC(898) Using 8 workers of 8 for evacuation
[2021-03-19T13:42:49.305+0600][gc,phases   ] GC(898)   Pre Evacuate Collection Set: 0.2ms
[2021-03-19T13:42:49.305+0600][gc,phases   ] GC(898)   Merge Heap Roots: 0.2ms
[2021-03-19T13:42:49.305+0600][gc,phases   ] GC(898)   Evacuate Collection Set: 9.4ms
