[2021-03-19T15:28:14.723+0600][gc,mmu      ] GC(1194) MMU target violated: 21.0ms (20.0ms/21.0ms)
[2021-03-19T15:28:14.723+0600][gc,phases   ] GC(1194)   Pre Evacuate Collection Set: 0.4ms
[2021-03-19T15:28:14.723+0600][gc,phases   ] GC(1194)   Merge Heap Roots: 0.3ms
[2021-03-19T15:28:14.723+0600][gc,phases   ] GC(1194)   Evacuate Collection Set: 21.2ms
[2021-03-19T15:28:14.723+0600][gc,phases   ] GC(1194)   Post Evacuate Collection Set: 0.6ms
[2021-03-19T15:28:14.723+0600][gc,phases   ] GC(1194)   Other: 6.6ms
[2021-03-19T15:28:14.723+0600][gc,heap     ] GC(1194) Eden regions: 605->0(605)
[2021-03-19T15:28:14.723+0600][gc,heap     ] GC(1194) Survivor regions: 9->9(77)
[2021-03-19T15:28:14.723+0600][gc,heap     ] GC(1194) Old regions: 64->65
[2021-03-19T15:28:14.723+0600][gc,heap     ] GC(1194) Archive regions: 2->2
[2021-03-19T15:28:14.723+0600][gc,heap     ] GC(1194) Humongous regions: 129->129
[2021-03-19T15:28:14.723+0600][gc,metaspace] GC(1194) Metaspace: 40242K(41216K)->40242K(41216K) NonClass: 35935K(36608K)->35935K(36608K) Class: 4306K(4608K)->4306K(4608K)
[2021-03-19T15:28:14.723+0600][gc          ] GC(1194) Pause Young (Normal) (G1 Evacuation Pause) 806M->202M(1024M) 29.098ms
[2021-03-19T15:28:14.723+0600][gc,cpu      ] GC(1194) User=0.06s Sys=0.00s Real=0.03s
[2021-03-19T15:28:30.972+0600][gc,start    ] GC(1195) Pause Young (Normal) (G1 Evacuation Pause)
[2021-03-19T15:28:30.972+0600][gc,task     ] GC(1195) Using 8 workers of 8 for evacuation
[2021-03-19T15:28:30.992+0600][gc,mmu      ] GC(1195) MMU target violated: 20.1ms (20.0ms/21.0ms)
[2021-03-19T15:28:30.992+0600][gc,phases   ] GC(1195)   Pre Evacuate Collection Set: 0.4ms
[2021-03-19T15:28:30.992+0600][gc,phases   ] GC(1195)   Merge Heap Roots: 0.4ms
[2021-03-19T15:28:30.992+0600][gc,phases   ] GC(1195)   Evacuate Collection Set: 18.6ms
[2021-03-19T15:28:30.992+0600][gc,phases   ] GC(1195)   Post Evacuate Collection Set: 0.6ms
[2021-03-19T15:28:30.992+0600][gc,phases   ] GC(1195)   Other: 0.7ms
[2021-03-19T15:28:30.992+0600][gc,heap     ] GC(1195) Eden regions: 605->0(605)
[2021-03-19T15:28:30.992+0600][gc,heap     ] GC(1195) Survivor regions: 9->9(77)
[2021-03-19T15:28:30.992+0600][gc,heap     ] GC(1195) Old regions: 65->65
[2021-03-19T15:28:30.992+0600][gc,heap     ] GC(1195) Archive regions: 2->2
[2021-03-19T15:28:30.992+0600][gc,heap     ] GC(1195) Humongous regions: 129->129
[2021-03-19T15:28:30.992+0600][gc,metaspace] GC(1195) Metaspace: 40242K(41216K)->40242K(41216K) NonClass: 35935K(36608K)->35935K(36608K) Class: 4306K(4608K)->4306K(4608K)
[2021-03-19T15:28:30.992+0600][gc          ] GC(1195) Pause Young (Normal) (G1 Evacuation Pause) 807M->202M(1024M) 20.713ms
[2021-03-19T15:28:30.992+0600][gc,cpu      ] GC(1195) User=0.07s Sys=0.00s Real=0.02s
[2021-03-19T15:28:46.961+0600][gc,start    ] GC(1196) Pause Young (Normal) (G1 Evacuation Pause)
[2021-03-19T15:28:46.962+0600][gc,task     ] GC(1196) Using 8 workers of 8 for evacuation
[2021-03-19T15:28:46.976+0600][gc,phases   ] GC(1196)   Pre Evacuate Collection Set: 0.2ms
[2021-03-19T15:28:46.977+0600][gc,phases   ] GC(1196)   Merge Heap Roots: 0.2ms
[2021-03-19T15:28:46.977+0600][gc,phases   ] GC(1196)   Evacuate Collection Set: 13.3ms
[2021-03-19T15:28:46.977+0600][gc,phases   ] GC(1196)   Post Evacuate Collection Set: 1.1ms
[2021-03-19T15:28:46.977+0600][gc,phases   ] GC(1196)   Other: 0.4ms
[2021-03-19T15:28:46.977+0600][gc,heap     ] GC(1196) Eden regions: 605->0(605)
[2021-03-19T15:28:46.977+0600][gc,heap     ] GC(1196) Survivor regions: 9->9(77)
[2021-03-19T15:28:46.977+0600][gc,heap     ] GC(1196) Old regions: 65->66
[2021-03-19T15:28:46.977+0600][gc,heap     ] GC(1196) Archive regions: 2->2
[2021-03-19T15:28:46.977+0600][gc,heap     ] GC(1196) Humongous regions: 129->129
[2021-03-19T15:28:46.977+0600][gc,metaspace] GC(1196) Metaspace: 40242K(41216K)->40242K(41216K) NonClass: 35935K(36608K)->35935K(36608K) Class: 4306K(4608K)->4306K(4608K)
[2021-03-19T15:28:46.977+0600][gc          ] GC(1196) Pause Young (Normal) (G1 Evacuation Pause) 807M->203M(1024M) 15.453ms
[2021-03-19T15:28:46.977+0600][gc,cpu      ] GC(1196) User=0.06s Sys=0.01s Real=0.01s
[2021-03-19T15:29:03.360+0600][gc,start    ] GC(1197) Pause Young (Normal) (G1 Evacuation Pause)
[2021-03-19T15:29:03.361+0600][gc,task     ] GC(1197) Using 8 workers of 8 for evacuation
[2021-03-19T15:29:03.378+0600][gc,phases   ] GC(1197)   Pre Evacuate Collection Set: 0.3ms
[2021-03-19T15:29:03.378+0600][gc,phases   ] GC(1197)   Merge Heap Roots: 0.3ms
[2021-03-19T15:29:03.378+0600][gc,phases   ] GC(1197)   Evacuate Collection Set: 16.4ms
[2021-03-19T15:29:03.379+0600][gc,phases   ] GC(1197)   Post Evacuate Collection Set: 0.6ms
[2021-03-19T15:29:03.379+0600][gc,phases   ] GC(1197)   Other: 0.7ms
[2021-03-19T15:29:03.379+0600][gc,heap     ] GC(1197) Eden regions: 605->0(605)
[2021-03-19T15:29:03.379+0600][gc,heap     ] GC(1197) Survivor regions: 9->9(77)
[2021-03-19T15:29:03.379+0600][gc,heap     ] GC(1197) Old regions: 66->66
[2021-03-19T15:29:03.379+0600][gc,heap     ] GC(1197) Archive regions: 2->2
[2021-03-19T15:29:03.379+0600][gc,heap     ] GC(1197) Humongous regions: 129->129
[2021-03-19T15:29:03.379+0600][gc,metaspace] GC(1197) Metaspace: 40242K(41216K)->40242K(41216K) NonClass: 35935K(36608K)->35935K(36608K) Class: 4306K(4608K)->4306K(4608K)
[2021-03-19T15:29:03.379+0600][gc          ] GC(1197) Pause Young (Normal) (G1 Evacuation Pause) 808M->204M(1024M) 18.362ms
[2021-03-19T15:29:03.379+0600][gc,cpu      ] GC(1197) User=0.07s Sys=0.01s Real=0.01s
[2021-03-19T15:29:19.387+0600][gc,start    ] GC(1198) Pause Young (Normal) (G1 Evacuation Pause)
[2021-03-19T15:29:19.388+0600][gc,task     ] GC(1198) Using 8 workers of 8 for evacuation
[2021-03-19T15:29:19.406+0600][gc,phases   ] GC(1198)   Pre Evacuate Collection Set: 0.4ms
[2021-03-19T15:29:19.406+0600][gc,phases   ] GC(1198)   Merge Heap Roots: 0.4ms
[2021-03-19T15:29:19.406+0600][gc,phases   ] GC(1198)   Evacuate Collection Set: 17.0ms
[2021-03-19T15:29:19.406+0600][gc,phases   ] GC(1198)   Post Evacuate Collection Set: 0.5ms
[2021-03-19T15:29:19.406+0600][gc,phases   ] GC(1198)   Other: 0.7ms
[2021-03-19T15:29:19.406+0600][gc,heap     ] GC(1198) Eden regions: 605->0(605)
[2021-03-19T15:29:19.407+0600][gc,heap     ] GC(1198) Survivor regions: 9->9(77)
[2021-03-19T15:29:19.407+0600][gc,heap     ] GC(1198) Old regions: 66->67
[2021-03-19T15:29:19.407+0600][gc,heap     ] GC(1198) Archive regions: 2->2
[2021-03-19T15:29:19.407+0600][gc,heap     ] GC(1198) Humongous regions: 129->129
[2021-03-19T15:29:19.407+0600][gc,metaspace] GC(1198) Metaspace: 40242K(41216K)->40242K(41216K) NonClass: 35935K(36608K)->35935K(36608K) Class: 4306K(4608K)->4306K(4608K)
[2021-03-19T15:29:19.407+0600][gc          ] GC(1198) Pause Young (Normal) (G1 Evacuation Pause) 809M->204M(1024M) 19.110ms
[2021-03-19T15:29:19.407+0600][gc,cpu      ] GC(1198) User=0.07s Sys=0.01s Real=0.02s
[2021-03-19T15:29:35.793+0600][gc,start    ] GC(1199) Pause Young (Normal) (G1 Evacuation Pause)
[2021-03-19T15:29:35.793+0600][gc,task     ] GC(1199) Using 8 workers of 8 for evacuation
[2021-03-19T15:29:35.814+0600][gc,mmu      ] GC(1199) MMU target violated: 21.0ms (20.0ms/21.0ms)
[2021-03-19T15:29:35.814+0600][gc,phases   ] GC(1199)   Pre Evacuate Collection Set: 0.9ms
[2021-03-19T15:29:35.814+0600][gc,phases   ] GC(1199)   Merge Heap Roots: 0.3ms
[2021-03-19T15:29:35.814+0600][gc,phases   ] GC(1199)   Evacuate Collection Set: 18.6ms
[2021-03-19T15:29:35.814+0600][gc,phases   ] GC(1199)   Post Evacuate Collection Set: 1.1ms
[2021-03-19T15:29:35.814+0600][gc,phases   ] GC(1199)   Other: 0.8ms
[2021-03-19T15:29:35.814+0600][gc,heap     ] GC(1199) Eden regions: 605->0(605)
[2021-03-19T15:29:35.814+0600][gc,heap     ] GC(1199) Survivor regions: 9->9(77)
[2021-03-19T15:29:35.814+0600][gc,heap     ] GC(1199) Old regions: 67->67
[2021-03-19T15:29:35.814+0600][gc,heap     ] GC(1199) Archive regions: 2->2
[2021-03-19T15:29:35.814+0600][gc,heap     ] GC(1199) Humongous regions: 129->129
[2021-03-19T15:29:35.814+0600][gc,metaspace] GC(1199) Metaspace: 40242K(41216K)->40242K(41216K) NonClass: 35935K(36608K)->35935K(36608K) Class: 4306K(4608K)->4306K(4608K)
[2021-03-19T15:29:35.814+0600][gc          ] GC(1199) Pause Young (Normal) (G1 Evacuation Pause) 809M->205M(1024M) 21.829ms
[2021-03-19T15:29:35.814+0600][gc,cpu      ] GC(1199) User=0.07s Sys=0.00s Real=0.02s
[2021-03-19T15:29:51.931+0600][gc,start    ] GC(1200) Pause Young (Normal) (G1 Evacuation Pause)
[2021-03-19T15:29:51.931+0600][gc,task     ] GC(1200) Using 8 workers of 8 for evacuation
[2021-03-19T15:29:51.954+0600][gc,mmu      ] GC(1200) MMU target violated: 21.0ms (20.0ms/21.0ms)
[2021-03-19T15:29:51.954+0600][gc,phases   ] GC(1200)   Pre Evacuate Collection Set: 0.7ms
[2021-03-19T15:29:51.954+0600][gc,phases   ] GC(1200)   Merge Heap Roots: 0.4ms
[2021-03-19T15:29:51.954+0600][gc,phases   ] GC(1200)   Evacuate Collection Set: 20.8ms
[2021-03-19T15:29:51.954+0600][gc,phases   ] GC(1200)   Post Evacuate Collection Set: 0.6ms
[2021-03-19T15:29:51.954+0600][gc,phases   ] GC(1200)   Other: 0.8ms
[2021-03-19T15:29:51.954+0600][gc,heap     ] GC(1200) Eden regions: 605->0(605)
[2021-03-19T15:29:51.954+0600][gc,heap     ] GC(1200) Survivor regions: 9->9(77)
[2021-03-19T15:29:51.954+0600][gc,heap     ] GC(1200) Old regions: 67->68
[2021-03-19T15:29:51.954+0600][gc,heap     ] GC(1200) Archive regions: 2->2
[2021-03-19T15:29:51.954+0600][gc,heap     ] GC(1200) Humongous regions: 129->129
[2021-03-19T15:29:51.954+0600][gc,metaspace] GC(1200) Metaspace: 40242K(41216K)->40242K(41216K) NonClass: 35935K(36608K)->35935K(36608K) Class: 4306K(4608K)->4306K(4608K)
[2021-03-19T15:29:51.954+0600][gc          ] GC(1200) Pause Young (Normal) (G1 Evacuation Pause) 810M->205M(1024M) 23.324ms
[2021-03-19T15:29:51.954+0600][gc,cpu      ] GC(1200) User=0.06s Sys=0.00s Real=0.02s
[2021-03-19T15:30:07.452+0600][gc,start    ] GC(1201) Pause Young (Normal) (G1 Evacuation Pause)
[2021-03-19T15:30:07.452+0600][gc,task     ] GC(1201) Using 8 workers of 8 for evacuation
[2021-03-19T15:30:07.470+0600][gc,phases   ] GC(1201)   Pre Evacuate Collection Set: 0.4ms
[2021-03-19T15:30:07.470+0600][gc,phases   ] GC(1201)   Merge Heap Roots: 0.3ms
[2021-03-19T15:30:07.470+0600][gc,phases   ] GC(1201)   Evacuate Collection Set: 16.6ms
[2021-03-19T15:30:07.470+0600][gc,phases   ] GC(1201)   Post Evacuate Collection Set: 0.5ms
[2021-03-19T15:30:07.470+0600][gc,phases   ] GC(1201)   Other: 0.5ms
[2021-03-19T15:30:07.470+0600][gc,heap     ] GC(1201) Eden regions: 605->0(605)
[2021-03-19T15:30:07.470+0600][gc,heap     ] GC(1201) Survivor regions: 9->9(77)
[2021-03-19T15:30:07.470+0600][gc,heap     ] GC(1201) Old regions: 68->68
[2021-03-19T15:30:07.470+0600][gc,heap     ] GC(1201) Archive regions: 2->2
[2021-03-19T15:30:07.470+0600][gc,heap     ] GC(1201) Humongous regions: 129->129
[2021-03-19T15:30:07.470+0600][gc,metaspace] GC(1201) Metaspace: 40242K(41216K)->40242K(41216K) NonClass: 35935K(36608K)->35935K(36608K) Class: 4306K(4608K)->4306K(4608K)
[2021-03-19T15:30:07.470+0600][gc          ] GC(1201) Pause Young (Normal) (G1 Evacuation Pause) 810M->206M(1024M) 18.415ms
[2021-03-19T15:30:07.471+0600][gc,cpu      ] GC(1201) User=0.05s Sys=0.00s Real=0.02s
[2021-03-19T15:30:21.127+0600][gc,start    ] GC(1202) Pause Young (Normal) (G1 Evacuation Pause)
[2021-03-19T15:30:21.128+0600][gc,task     ] GC(1202) Using 8 workers of 8 for evacuation
[2021-03-19T15:30:21.141+0600][gc,phases   ] GC(1202)   Pre Evacuate Collection Set: 0.3ms
[2021-03-19T15:30:21.141+0600][gc,phases   ] GC(1202)   Merge Heap Roots: 0.3ms
[2021-03-19T15:30:21.141+0600][gc,phases   ] GC(1202)   Evacuate Collection Set: 11.6ms
[2021-03-19T15:30:21.141+0600][gc,phases   ] GC(1202)   Post Evacuate Collection Set: 0.5ms
[2021-03-19T15:30:21.141+0600][gc,phases   ] GC(1202)   Other: 1.3ms
[2021-03-19T15:30:21.141+0600][gc,heap     ] GC(1202) Eden regions: 605->0(605)
[2021-03-19T15:30:21.141+0600][gc,heap     ] GC(1202) Survivor regions: 9->9(77)
[2021-03-19T15:30:21.141+0600][gc,heap     ] GC(1202) Old regions: 68->69
[2021-03-19T15:30:21.141+0600][gc,heap     ] GC(1202) Archive regions: 2->2
[2021-03-19T15:30:21.141+0600][gc,heap     ] GC(1202) Humongous regions: 129->129
[2021-03-19T15:30:21.141+0600][gc,metaspace] GC(1202) Metaspace: 40242K(41216K)->40242K(41216K) NonClass: 35935K(36608K)->35935K(36608K) Class: 4306K(4608K)->4306K(4608K)
[2021-03-19T15:30:21.141+0600][gc          ] GC(1202) Pause Young (Normal) (G1 Evacuation Pause) 811M->206M(1024M) 14.135ms
[2021-03-19T15:30:21.141+0600][gc,cpu      ] GC(1202) User=0.05s Sys=0.01s Real=0.02s
[2021-03-19T15:30:35.307+0600][gc,start    ] GC(1203) Pause Young (Normal) (G1 Evacuation Pause)
[2021-03-19T15:30:35.308+0600][gc,task     ] GC(1203) Using 8 workers of 8 for evacuation
[2021-03-19T15:30:35.332+0600][gc,mmu      ] GC(1203) MMU target violated: 21.0ms (20.0ms/21.0ms)
[2021-03-19T15:30:35.332+0600][gc,phases   ] GC(1203)   Pre Evacuate Collection Set: 1.0ms
[2021-03-19T15:30:35.332+0600][gc,phases   ] GC(1203)   Merge Heap Roots: 2.4ms
[2021-03-19T15:30:35.332+0600][gc,phases   ] GC(1203)   Evacuate Collection Set: 18.6ms
[2021-03-19T15:30:35.332+0600][gc,phases   ] GC(1203)   Post Evacuate Collection Set: 1.0ms
[2021-03-19T15:30:35.332+0600][gc,phases   ] GC(1203)   Other: 1.7ms
[2021-03-19T15:30:35.332+0600][gc,heap     ] GC(1203) Eden regions: 605->0(606)
[2021-03-19T15:30:35.332+0600][gc,heap     ] GC(1203) Survivor regions: 9->8(77)
[2021-03-19T15:30:35.332+0600][gc,heap     ] GC(1203) Old regions: 69->70
[2021-03-19T15:30:35.332+0600][gc,heap     ] GC(1203) Archive regions: 2->2
[2021-03-19T15:30:35.332+0600][gc,heap     ] GC(1203) Humongous regions: 129->129
[2021-03-19T15:30:35.332+0600][gc,metaspace] GC(1203) Metaspace: 40242K(41216K)->40242K(41216K) NonClass: 35935K(36608K)->35935K(36608K) Class: 4306K(4608K)->4306K(4608K)
[2021-03-19T15:30:35.332+0600][gc          ] GC(1203) Pause Young (Normal) (G1 Evacuation Pause) 811M->206M(1024M) 24.797ms
[2021-03-19T15:30:35.332+0600][gc,cpu      ] GC(1203) User=0.05s Sys=0.01s Real=0.03s
[2021-03-19T15:30:48.846+0600][gc,start    ] GC(1204) Pause Young (Normal) (G1 Evacuation Pause)
[2021-03-19T15:30:48.846+0600][gc,task     ] GC(1204) Using 8 workers of 8 for evacuation
[2021-03-19T15:30:48.864+0600][gc,phases   ] GC(1204)   Pre Evacuate Collection Set: 0.2ms
[2021-03-19T15:30:48.864+0600][gc,phases   ] GC(1204)   Merge Heap Roots: 0.2ms
[2021-03-19T15:30:48.864+0600][gc,phases   ] GC(1204)   Evacuate Collection Set: 16.3ms
[2021-03-19T15:30:48.864+0600][gc,phases   ] GC(1204)   Post Evacuate Collection Set: 0.6ms
[2021-03-19T15:30:48.864+0600][gc,phases   ] GC(1204)   Other: 0.4ms
[2021-03-19T15:30:48.864+0600][gc,heap     ] GC(1204) Eden regions: 606->0(606)
[2021-03-19T15:30:48.864+0600][gc,heap     ] GC(1204) Survivor regions: 8->8(77)
[2021-03-19T15:30:48.864+0600][gc,heap     ] GC(1204) Old regions: 70->70
[2021-03-19T15:30:48.864+0600][gc,heap     ] GC(1204) Archive regions: 2->2
[2021-03-19T15:30:48.864+0600][gc,heap     ] GC(1204) Humongous regions: 129->129
[2021-03-19T15:30:48.864+0600][gc,metaspace] GC(1204) Metaspace: 40242K(41216K)->40242K(41216K) NonClass: 35935K(36608K)->35935K(36608K) Class: 4306K(4608K)->4306K(4608K)
[2021-03-19T15:30:48.864+0600][gc          ] GC(1204) Pause Young (Normal) (G1 Evacuation Pause) 812M->207M(1024M) 17.915ms
[2021-03-19T15:30:48.864+0600][gc,cpu      ] GC(1204) User=0.07s Sys=0.00s Real=0.02s
[2021-03-19T15:31:04.390+0600][gc,start    ] GC(1205) Pause Young (Normal) (G1 Evacuation Pause)
[2021-03-19T15:31:04.390+0600][gc,task     ] GC(1205) Using 8 workers of 8 for evacuation
[2021-03-19T15:31:04.408+0600][gc,phases   ] GC(1205)   Pre Evacuate Collection Set: 0.3ms
[2021-03-19T15:31:04.408+0600][gc,phases   ] GC(1205)   Merge Heap Roots: 0.3ms
[2021-03-19T15:31:04.408+0600][gc,phases   ] GC(1205)   Evacuate Collection Set: 16.6ms
[2021-03-19T15:31:04.408+0600][gc,phases   ] GC(1205)   Post Evacuate Collection Set: 0.5ms
[2021-03-19T15:31:04.408+0600][gc,phases   ] GC(1205)   Other: 0.6ms
[2021-03-19T15:31:04.408+0600][gc,heap     ] GC(1205) Eden regions: 606->0(606)
[2021-03-19T15:31:04.408+0600][gc,heap     ] GC(1205) Survivor regions: 8->8(77)
[2021-03-19T15:31:04.408+0600][gc,heap     ] GC(1205) Old regions: 70->71
[2021-03-19T15:31:04.408+0600][gc,heap     ] GC(1205) Archive regions: 2->2
[2021-03-19T15:31:04.408+0600][gc,heap     ] GC(1205) Humongous regions: 129->129
[2021-03-19T15:31:04.408+0600][gc,metaspace] GC(1205) Metaspace: 40242K(41216K)->40242K(41216K) NonClass: 35935K(36608K)->35935K(36608K) Class: 4306K(4608K)->4306K(4608K)
[2021-03-19T15:31:04.408+0600][gc          ] GC(1205) Pause Young (Normal) (G1 Evacuation Pause) 813M->207M(1024M) 18.429ms
[2021-03-19T15:31:04.408+0600][gc,cpu      ] GC(1205) User=0.05s Sys=0.00s Real=0.01s
[2021-03-19T15:31:17.815+0600][gc,start    ] GC(1206) Pause Young (Normal) (G1 Evacuation Pause)
[2021-03-19T15:31:17.816+0600][gc,task     ] GC(1206) Using 8 workers of 8 for evacuation
[2021-03-19T15:31:17.832+0600][gc,phases   ] GC(1206)   Pre Evacuate Collection Set: 0.3ms
[2021-03-19T15:31:17.832+0600][gc,phases   ] GC(1206)   Merge Heap Roots: 0.2ms
[2021-03-19T15:31:17.832+0600][gc,phases   ] GC(1206)   Evacuate Collection Set: 14.3ms
[2021-03-19T15:31:17.832+0600][gc,phases   ] GC(1206)   Post Evacuate Collection Set: 0.7ms
[2021-03-19T15:31:17.832+0600][gc,phases   ] GC(1206)   Other: 1.6ms
[2021-03-19T15:31:17.832+0600][gc,heap     ] GC(1206) Eden regions: 606->0(606)
[2021-03-19T15:31:17.832+0600][gc,heap     ] GC(1206) Survivor regions: 8->8(77)
[2021-03-19T15:31:17.832+0600][gc,heap     ] GC(1206) Old regions: 71->71
[2021-03-19T15:31:17.832+0600][gc,heap     ] GC(1206) Archive regions: 2->2
[2021-03-19T15:31:17.832+0600][gc,heap     ] GC(1206) Humongous regions: 129->129
[2021-03-19T15:31:17.832+0600][gc,metaspace] GC(1206) Metaspace: 40242K(41216K)->40242K(41216K) NonClass: 35935K(36608K)->35935K(36608K) Class: 4306K(4608K)->4306K(4608K)
[2021-03-19T15:31:17.832+0600][gc          ] GC(1206) Pause Young (Normal) (G1 Evacuation Pause) 813M->207M(1024M) 17.264ms
[2021-03-19T15:31:17.832+0600][gc,cpu      ] GC(1206) User=0.06s Sys=0.00s Real=0.02s
[2021-03-19T15:31:31.987+0600][gc,start    ] GC(1207) Pause Young (Normal) (G1 Evacuation Pause)
[2021-03-19T15:31:31.988+0600][gc,task     ] GC(1207) Using 8 workers of 8 for evacuation
[2021-03-19T15:31:32.004+0600][gc,phases   ] GC(1207)   Pre Evacuate Collection Set: 0.3ms
[2021-03-19T15:31:32.004+0600][gc,phases   ] GC(1207)   Merge Heap Roots: 0.3ms
[2021-03-19T15:31:32.004+0600][gc,phases   ] GC(1207)   Evacuate Collection Set: 15.0ms
[2021-03-19T15:31:32.004+0600][gc,phases   ] GC(1207)   Post Evacuate Collection Set: 0.7ms
[2021-03-19T15:31:32.004+0600][gc,phases   ] GC(1207)   Other: 0.7ms
[2021-03-19T15:31:32.004+0600][gc,heap     ] GC(1207) Eden regions: 606->0(606)
[2021-03-19T15:31:32.004+0600][gc,heap     ] GC(1207) Survivor regions: 8->8(77)
[2021-03-19T15:31:32.004+0600][gc,heap     ] GC(1207) Old regions: 71->72
[2021-03-19T15:31:32.004+0600][gc,heap     ] GC(1207) Archive regions: 2->2
[2021-03-19T15:31:32.004+0600][gc,heap     ] GC(1207) Humongous regions: 129->129
[2021-03-19T15:31:32.004+0600][gc,metaspace] GC(1207) Metaspace: 40242K(41216K)->40242K(41216K) NonClass: 35935K(36608K)->35935K(36608K) Class: 4306K(4608K)->4306K(4608K)
[2021-03-19T15:31:32.004+0600][gc          ] GC(1207) Pause Young (Normal) (G1 Evacuation Pause) 813M->208M(1024M) 17.133ms
[2021-03-19T15:31:32.005+0600][gc,cpu      ] GC(1207) User=0.05s Sys=0.00s Real=0.02s
[2021-03-19T15:31:46.749+0600][gc,start    ] GC(1208) Pause Young (Normal) (G1 Evacuation Pause)
[2021-03-19T15:31:46.750+0600][gc,task     ] GC(1208) Using 8 workers of 8 for evacuation
[2021-03-19T15:31:46.766+0600][gc,phases   ] GC(1208)   Pre Evacuate Collection Set: 0.3ms
[2021-03-19T15:31:46.766+0600][gc,phases   ] GC(1208)   Merge Heap Roots: 0.4ms
[2021-03-19T15:31:46.766+0600][gc,phases   ] GC(1208)   Evacuate Collection Set: 14.8ms
[2021-03-19T15:31:46.766+0600][gc,phases   ] GC(1208)   Post Evacuate Collection Set: 0.9ms
[2021-03-19T15:31:46.767+0600][gc,phases   ] GC(1208)   Other: 0.7ms
[2021-03-19T15:31:46.767+0600][gc,heap     ] GC(1208) Eden regions: 606->0(606)
[2021-03-19T15:31:46.767+0600][gc,heap     ] GC(1208) Survivor regions: 8->8(77)
[2021-03-19T15:31:46.767+0600][gc,heap     ] GC(1208) Old regions: 72->72
[2021-03-19T15:31:46.767+0600][gc,heap     ] GC(1208) Archive regions: 2->2
[2021-03-19T15:31:46.767+0600][gc,heap     ] GC(1208) Humongous regions: 129->129
[2021-03-19T15:31:46.767+0600][gc,metaspace] GC(1208) Metaspace: 40242K(41216K)->40242K(41216K) NonClass: 35935K(36608K)->35935K(36608K) Class: 4306K(4608K)->4306K(4608K)
[2021-03-19T15:31:46.767+0600][gc          ] GC(1208) Pause Young (Normal) (G1 Evacuation Pause) 814M->208M(1024M) 17.341ms
[2021-03-19T15:31:46.767+0600][gc,cpu      ] GC(1208) User=0.06s Sys=0.00s Real=0.02s
[2021-03-19T15:32:00.892+0600][gc,start    ] GC(1209) Pause Young (Normal) (G1 Evacuation Pause)
[2021-03-19T15:32:00.893+0600][gc,task     ] GC(1209) Using 8 workers of 8 for evacuation
[2021-03-19T15:32:00.908+0600][gc,phases   ] GC(1209)   Pre Evacuate Collection Set: 0.2ms
[2021-03-19T15:32:00.908+0600][gc,phases   ] GC(1209)   Merge Heap Roots: 0.2ms
[2021-03-19T15:32:00.908+0600][gc,phases   ] GC(1209)   Evacuate Collection Set: 14.4ms
[2021-03-19T15:32:00.908+0600][gc,phases   ] GC(1209)   Post Evacuate Collection Set: 0.5ms
[2021-03-19T15:32:00.908+0600][gc,phases   ] GC(1209)   Other: 0.5ms
[2021-03-19T15:32:00.908+0600][gc,heap     ] GC(1209) Eden regions: 606->0(607)
[2021-03-19T15:32:00.908+0600][gc,heap     ] GC(1209) Survivor regions: 8->7(77)
[2021-03-19T15:32:00.908+0600][gc,heap     ] GC(1209) Old regions: 72->73
[2021-03-19T15:32:00.908+0600][gc,heap     ] GC(1209) Archive regions: 2->2
[2021-03-19T15:32:00.908+0600][gc,heap     ] GC(1209) Humongous regions: 129->129
[2021-03-19T15:32:00.908+0600][gc,metaspace] GC(1209) Metaspace: 40242K(41216K)->40242K(41216K) NonClass: 35935K(36608K)->35935K(36608K) Class: 4306K(4608K)->4306K(4608K)
[2021-03-19T15:32:00.908+0600][gc          ] GC(1209) Pause Young (Normal) (G1 Evacuation Pause) 814M->209M(1024M) 15.903ms
[2021-03-19T15:32:00.908+0600][gc,cpu      ] GC(1209) User=0.05s Sys=0.00s Real=0.01s
[2021-03-19T15:32:14.555+0600][gc,start    ] GC(1210) Pause Young (Normal) (G1 Evacuation Pause)
[2021-03-19T15:32:14.555+0600][gc,task     ] GC(1210) Using 8 workers of 8 for evacuation
[2021-03-19T15:32:14.569+0600][gc,phases   ] GC(1210)   Pre Evacuate Collection Set: 0.2ms
[2021-03-19T15:32:14.569+0600][gc,phases   ] GC(1210)   Merge Heap Roots: 0.2ms
[2021-03-19T15:32:14.569+0600][gc,phases   ] GC(1210)   Evacuate Collection Set: 12.9ms
[2021-03-19T15:32:14.569+0600][gc,phases   ] GC(1210)   Post Evacuate Collection Set: 0.6ms
[2021-03-19T15:32:14.569+0600][gc,phases   ] GC(1210)   Other: 0.4ms
[2021-03-19T15:32:14.569+0600][gc,heap     ] GC(1210) Eden regions: 607->0(607)
[2021-03-19T15:32:14.569+0600][gc,heap     ] GC(1210) Survivor regions: 7->7(77)
[2021-03-19T15:32:14.570+0600][gc,heap     ] GC(1210) Old regions: 73->73
[2021-03-19T15:32:14.570+0600][gc,heap     ] GC(1210) Archive regions: 2->2
[2021-03-19T15:32:14.570+0600][gc,heap     ] GC(1210) Humongous regions: 129->129
[2021-03-19T15:32:14.570+0600][gc,metaspace] GC(1210) Metaspace: 40242K(41216K)->40242K(41216K) NonClass: 35935K(36608K)->35935K(36608K) Class: 4306K(4608K)->4306K(4608K)
[2021-03-19T15:32:14.570+0600][gc          ] GC(1210) Pause Young (Normal) (G1 Evacuation Pause) 816M->209M(1024M) 14.377ms
[2021-03-19T15:32:14.570+0600][gc,cpu      ] GC(1210) User=0.04s Sys=0.00s Real=0.02s
[2021-03-19T15:32:27.833+0600][gc,start    ] GC(1211) Pause Young (Normal) (G1 Evacuation Pause)
[2021-03-19T15:32:27.834+0600][gc,task     ] GC(1211) Using 8 workers of 8 for evacuation
[2021-03-19T15:32:27.851+0600][gc,phases   ] GC(1211)   Pre Evacuate Collection Set: 0.3ms
[2021-03-19T15:32:27.851+0600][gc,phases   ] GC(1211)   Merge Heap Roots: 0.3ms
[2021-03-19T15:32:27.851+0600][gc,phases   ] GC(1211)   Evacuate Collection Set: 15.6ms
[2021-03-19T15:32:27.851+0600][gc,phases   ] GC(1211)   Post Evacuate Collection Set: 0.6ms
[2021-03-19T15:32:27.851+0600][gc,phases   ] GC(1211)   Other: 1.4ms
[2021-03-19T15:32:27.851+0600][gc,heap     ] GC(1211) Eden regions: 607->0(607)
[2021-03-19T15:32:27.851+0600][gc,heap     ] GC(1211) Survivor regions: 7->7(77)
[2021-03-19T15:32:27.851+0600][gc,heap     ] GC(1211) Old regions: 73->74
[2021-03-19T15:32:27.851+0600][gc,heap     ] GC(1211) Archive regions: 2->2
[2021-03-19T15:32:27.851+0600][gc,heap     ] GC(1211) Humongous regions: 129->129
[2021-03-19T15:32:27.851+0600][gc,metaspace] GC(1211) Metaspace: 40242K(41216K)->40242K(41216K) NonClass: 35935K(36608K)->35935K(36608K) Class: 4306K(4608K)->4306K(4608K)
[2021-03-19T15:32:27.851+0600][gc          ] GC(1211) Pause Young (Normal) (G1 Evacuation Pause) 816M->209M(1024M) 18.376ms
[2021-03-19T15:32:27.851+0600][gc,cpu      ] GC(1211) User=0.05s Sys=0.00s Real=0.02s
[2021-03-19T15:32:41.343+0600][gc,start    ] GC(1212) Pause Young (Normal) (G1 Evacuation Pause)
[2021-03-19T15:32:41.344+0600][gc,task     ] GC(1212) Using 8 workers of 8 for evacuation
[2021-03-19T15:32:41.357+0600][gc,phases   ] GC(1212)   Pre Evacuate Collection Set: 0.2ms
[2021-03-19T15:32:41.357+0600][gc,phases   ] GC(1212)   Merge Heap Roots: 0.2ms
[2021-03-19T15:32:41.357+0600][gc,phases   ] GC(1212)   Evacuate Collection Set: 12.2ms
[2021-03-19T15:32:41.358+0600][gc,phases   ] GC(1212)   Post Evacuate Collection Set: 0.5ms
[2021-03-19T15:32:41.358+0600][gc,phases   ] GC(1212)   Other: 1.2ms
[2021-03-19T15:32:41.358+0600][gc,heap     ] GC(1212) Eden regions: 607->0(607)
[2021-03-19T15:32:41.358+0600][gc,heap     ] GC(1212) Survivor regions: 7->7(77)
[2021-03-19T15:32:41.358+0600][gc,heap     ] GC(1212) Old regions: 74->75
[2021-03-19T15:32:41.358+0600][gc,heap     ] GC(1212) Archive regions: 2->2
[2021-03-19T15:32:41.358+0600][gc,heap     ] GC(1212) Humongous regions: 129->129
[2021-03-19T15:32:41.358+0600][gc,metaspace] GC(1212) Metaspace: 40242K(41216K)->40242K(41216K) NonClass: 35935K(36608K)->35935K(36608K) Class: 4306K(4608K)->4306K(4608K)
[2021-03-19T15:32:41.358+0600][gc          ] GC(1212) Pause Young (Normal) (G1 Evacuation Pause) 816M->210M(1024M) 14.454ms
[2021-03-19T15:32:41.358+0600][gc,cpu      ] GC(1212) User=0.04s Sys=0.01s Real=0.01s
[2021-03-19T15:32:57.796+0600][gc,start    ] GC(1213) Pause Young (Normal) (G1 Evacuation Pause)
[2021-03-19T15:32:57.797+0600][gc,task     ] GC(1213) Using 8 workers of 8 for evacuation
[2021-03-19T15:32:57.812+0600][gc,phases   ] GC(1213)   Pre Evacuate Collection Set: 0.2ms
[2021-03-19T15:32:57.812+0600][gc,phases   ] GC(1213)   Merge Heap Roots: 0.2ms
[2021-03-19T15:32:57.812+0600][gc,phases   ] GC(1213)   Evacuate Collection Set: 13.8ms
[2021-03-19T15:32:57.812+0600][gc,phases   ] GC(1213)   Post Evacuate Collection Set: 0.6ms
[2021-03-19T15:32:57.812+0600][gc,phases   ] GC(1213)   Other: 0.4ms
[2021-03-19T15:32:57.812+0600][gc,heap     ] GC(1213) Eden regions: 607->0(607)
[2021-03-19T15:32:57.812+0600][gc,heap     ] GC(1213) Survivor regions: 7->7(77)
[2021-03-19T15:32:57.812+0600][gc,heap     ] GC(1213) Old regions: 75->75
[2021-03-19T15:32:57.812+0600][gc,heap     ] GC(1213) Archive regions: 2->2
[2021-03-19T15:32:57.812+0600][gc,heap     ] GC(1213) Humongous regions: 129->129
[2021-03-19T15:32:57.812+0600][gc,metaspace] GC(1213) Metaspace: 40242K(41216K)->40242K(41216K) NonClass: 35935K(36608K)->35935K(36608K) Class: 4306K(4608K)->4306K(4608K)
[2021-03-19T15:32:57.812+0600][gc          ] GC(1213) Pause Young (Normal) (G1 Evacuation Pause) 817M->211M(1024M) 15.525ms
[2021-03-19T15:32:57.812+0600][gc,cpu      ] GC(1213) User=0.05s Sys=0.00s Real=0.02s
[2021-03-19T15:33:12.097+0600][gc,start    ] GC(1214) Pause Young (Normal) (G1 Evacuation Pause)
[2021-03-19T15:33:12.098+0600][gc,task     ] GC(1214) Using 8 workers of 8 for evacuation
[2021-03-19T15:33:12.121+0600][gc,mmu      ] GC(1214) MMU target violated: 21.0ms (20.0ms/21.0ms)
[2021-03-19T15:33:12.121+0600][gc,phases   ] GC(1214)   Pre Evacuate Collection Set: 0.4ms
[2021-03-19T15:33:12.121+0600][gc,phases   ] GC(1214)   Merge Heap Roots: 0.3ms
[2021-03-19T15:33:12.121+0600][gc,phases   ] GC(1214)   Evacuate Collection Set: 20.7ms
[2021-03-19T15:33:12.121+0600][gc,phases   ] GC(1214)   Post Evacuate Collection Set: 1.2ms
[2021-03-19T15:33:12.121+0600][gc,phases   ] GC(1214)   Other: 1.3ms
[2021-03-19T15:33:12.121+0600][gc,heap     ] GC(1214) Eden regions: 607->0(607)
[2021-03-19T15:33:12.121+0600][gc,heap     ] GC(1214) Survivor regions: 7->7(77)
[2021-03-19T15:33:12.121+0600][gc,heap     ] GC(1214) Old regions: 75->75
[2021-03-19T15:33:12.121+0600][gc,heap     ] GC(1214) Archive regions: 2->2
[2021-03-19T15:33:12.121+0600][gc,heap     ] GC(1214) Humongous regions: 129->129
[2021-03-19T15:33:12.121+0600][gc,metaspace] GC(1214) Metaspace: 40242K(41216K)->40242K(41216K) NonClass: 35935K(36608K)->35935K(36608K) Class: 4306K(4608K)->4306K(4608K)
[2021-03-19T15:33:12.121+0600][gc          ] GC(1214) Pause Young (Normal) (G1 Evacuation Pause) 818M->211M(1024M) 23.962ms
[2021-03-19T15:33:12.121+0600][gc,cpu      ] GC(1214) User=0.05s Sys=0.01s Real=0.03s
[2021-03-19T15:33:26.164+0600][gc,start    ] GC(1215) Pause Young (Normal) (G1 Evacuation Pause)
[2021-03-19T15:33:26.178+0600][gc,task     ] GC(1215) Using 8 workers of 8 for evacuation
[2021-03-19T15:33:26.191+0600][gc,phases   ] GC(1215)   Pre Evacuate Collection Set: 0.2ms
[2021-03-19T15:33:26.191+0600][gc,phases   ] GC(1215)   Merge Heap Roots: 0.2ms
[2021-03-19T15:33:26.191+0600][gc,phases   ] GC(1215)   Evacuate Collection Set: 11.1ms
[2021-03-19T15:33:26.191+0600][gc,phases   ] GC(1215)   Post Evacuate Collection Set: 0.8ms
[2021-03-19T15:33:26.191+0600][gc,phases   ] GC(1215)   Other: 15.1ms
[2021-03-19T15:33:26.191+0600][gc,heap     ] GC(1215) Eden regions: 607->0(607)
[2021-03-19T15:33:26.191+0600][gc,heap     ] GC(1215) Survivor regions: 7->7(77)
[2021-03-19T15:33:26.191+0600][gc,heap     ] GC(1215) Old regions: 75->76
[2021-03-19T15:33:26.191+0600][gc,heap     ] GC(1215) Archive regions: 2->2
[2021-03-19T15:33:26.191+0600][gc,heap     ] GC(1215) Humongous regions: 129->129
[2021-03-19T15:33:26.191+0600][gc,metaspace] GC(1215) Metaspace: 40242K(41216K)->40242K(41216K) NonClass: 35935K(36608K)->35935K(36608K) Class: 4306K(4608K)->4306K(4608K)
[2021-03-19T15:33:26.191+0600][gc          ] GC(1215) Pause Young (Normal) (G1 Evacuation Pause) 818M->212M(1024M) 27.679ms
[2021-03-19T15:33:26.191+0600][gc,cpu      ] GC(1215) User=0.05s Sys=0.00s Real=0.03s
[2021-03-19T15:33:39.735+0600][gc,start    ] GC(1216) Pause Young (Normal) (G1 Evacuation Pause)
[2021-03-19T15:33:39.735+0600][gc,task     ] GC(1216) Using 8 workers of 8 for evacuation
[2021-03-19T15:33:39.750+0600][gc,phases   ] GC(1216)   Pre Evacuate Collection Set: 0.3ms
[2021-03-19T15:33:39.750+0600][gc,phases   ] GC(1216)   Merge Heap Roots: 0.3ms
[2021-03-19T15:33:39.750+0600][gc,phases   ] GC(1216)   Evacuate Collection Set: 13.1ms
[2021-03-19T15:33:39.750+0600][gc,phases   ] GC(1216)   Post Evacuate Collection Set: 0.6ms
[2021-03-19T15:33:39.750+0600][gc,phases   ] GC(1216)   Other: 0.5ms
[2021-03-19T15:33:39.750+0600][gc,heap     ] GC(1216) Eden regions: 607->0(607)
[2021-03-19T15:33:39.750+0600][gc,heap     ] GC(1216) Survivor regions: 7->7(77)
[2021-03-19T15:33:39.750+0600][gc,heap     ] GC(1216) Old regions: 76->76
[2021-03-19T15:33:39.750+0600][gc,heap     ] GC(1216) Archive regions: 2->2
[2021-03-19T15:33:39.750+0600][gc,heap     ] GC(1216) Humongous regions: 129->129
[2021-03-19T15:33:39.750+0600][gc,metaspace] GC(1216) Metaspace: 40242K(41216K)->40242K(41216K) NonClass: 35935K(36608K)->35935K(36608K) Class: 4306K(4608K)->4306K(4608K)
[2021-03-19T15:33:39.750+0600][gc          ] GC(1216) Pause Young (Normal) (G1 Evacuation Pause) 819M->212M(1024M) 14.939ms
[2021-03-19T15:33:39.750+0600][gc,cpu      ] GC(1216) User=0.05s Sys=0.00s Real=0.02s
[2021-03-19T15:33:53.762+0600][gc,start    ] GC(1217) Pause Young (Normal) (G1 Evacuation Pause)
[2021-03-19T15:33:53.762+0600][gc,task     ] GC(1217) Using 8 workers of 8 for evacuation
[2021-03-19T15:33:53.778+0600][gc,phases   ] GC(1217)   Pre Evacuate Collection Set: 0.2ms
[2021-03-19T15:33:53.778+0600][gc,phases   ] GC(1217)   Merge Heap Roots: 0.2ms
[2021-03-19T15:33:53.778+0600][gc,phases   ] GC(1217)   Evacuate Collection Set: 15.1ms
[2021-03-19T15:33:53.778+0600][gc,phases   ] GC(1217)   Post Evacuate Collection Set: 1.0ms
[2021-03-19T15:33:53.778+0600][gc,phases   ] GC(1217)   Other: 0.4ms
[2021-03-19T15:33:53.778+0600][gc,heap     ] GC(1217) Eden regions: 607->0(607)
[2021-03-19T15:33:53.778+0600][gc,heap     ] GC(1217) Survivor regions: 7->7(77)
[2021-03-19T15:33:53.778+0600][gc,heap     ] GC(1217) Old regions: 76->77
[2021-03-19T15:33:53.779+0600][gc,heap     ] GC(1217) Archive regions: 2->2
[2021-03-19T15:33:53.779+0600][gc,heap     ] GC(1217) Humongous regions: 129->129
[2021-03-19T15:33:53.779+0600][gc,metaspace] GC(1217) Metaspace: 40242K(41216K)->40242K(41216K) NonClass: 35935K(36608K)->35935K(36608K) Class: 4306K(4608K)->4306K(4608K)
[2021-03-19T15:33:53.779+0600][gc          ] GC(1217) Pause Young (Normal) (G1 Evacuation Pause) 819M->212M(1024M) 17.057ms
[2021-03-19T15:33:53.779+0600][gc,cpu      ] GC(1217) User=0.06s Sys=0.00s Real=0.01s
[2021-03-19T15:34:06.472+0600][gc,start    ] GC(1218) Pause Young (Normal) (G1 Evacuation Pause)
[2021-03-19T15:34:06.472+0600][gc,task     ] GC(1218) Using 8 workers of 8 for evacuation
[2021-03-19T15:34:06.486+0600][gc,phases   ] GC(1218)   Pre Evacuate Collection Set: 0.3ms
[2021-03-19T15:34:06.487+0600][gc,phases   ] GC(1218)   Merge Heap Roots: 0.2ms
[2021-03-19T15:34:06.487+0600][gc,phases   ] GC(1218)   Evacuate Collection Set: 12.9ms
[2021-03-19T15:34:06.487+0600][gc,phases   ] GC(1218)   Post Evacuate Collection Set: 0.6ms
[2021-03-19T15:34:06.487+0600][gc,phases   ] GC(1218)   Other: 0.4ms
[2021-03-19T15:34:06.487+0600][gc,heap     ] GC(1218) Eden regions: 607->0(607)
[2021-03-19T15:34:06.487+0600][gc,heap     ] GC(1218) Survivor regions: 7->7(77)
[2021-03-19T15:34:06.487+0600][gc,heap     ] GC(1218) Old regions: 77->77
[2021-03-19T15:34:06.487+0600][gc,heap     ] GC(1218) Archive regions: 2->2
[2021-03-19T15:34:06.487+0600][gc,heap     ] GC(1218) Humongous regions: 129->129
[2021-03-19T15:34:06.487+0600][gc,metaspace] GC(1218) Metaspace: 40242K(41216K)->40242K(41216K) NonClass: 35935K(36608K)->35935K(36608K) Class: 4306K(4608K)->4306K(4608K)
[2021-03-19T15:34:06.487+0600][gc          ] GC(1218) Pause Young (Normal) (G1 Evacuation Pause) 819M->213M(1024M) 14.600ms
[2021-03-19T15:34:06.487+0600][gc,cpu      ] GC(1218) User=0.05s Sys=0.00s Real=0.01s
[2021-03-19T15:34:19.492+0600][gc,start    ] GC(1219) Pause Young (Normal) (G1 Evacuation Pause)
[2021-03-19T15:34:19.492+0600][gc,task     ] GC(1219) Using 8 workers of 8 for evacuation
[2021-03-19T15:34:19.509+0600][gc,phases   ] GC(1219)   Pre Evacuate Collection Set: 0.4ms
[2021-03-19T15:34:19.509+0600][gc,phases   ] GC(1219)   Merge Heap Roots: 0.2ms
[2021-03-19T15:34:19.509+0600][gc,phases   ] GC(1219)   Evacuate Collection Set: 14.7ms
[2021-03-19T15:34:19.509+0600][gc,phases   ] GC(1219)   Post Evacuate Collection Set: 0.7ms
[2021-03-19T15:34:19.509+0600][gc,phases   ] GC(1219)   Other: 0.9ms
[2021-03-19T15:34:19.509+0600][gc,heap     ] GC(1219) Eden regions: 607->0(606)
[2021-03-19T15:34:19.509+0600][gc,heap     ] GC(1219) Survivor regions: 7->8(77)
[2021-03-19T15:34:19.509+0600][gc,heap     ] GC(1219) Old regions: 77->77
[2021-03-19T15:34:19.509+0600][gc,heap     ] GC(1219) Archive regions: 2->2
[2021-03-19T15:34:19.509+0600][gc,heap     ] GC(1219) Humongous regions: 129->129
[2021-03-19T15:34:19.509+0600][gc,metaspace] GC(1219) Metaspace: 40242K(41216K)->40242K(41216K) NonClass: 35935K(36608K)->35935K(36608K) Class: 4306K(4608K)->4306K(4608K)
[2021-03-19T15:34:19.509+0600][gc          ] GC(1219) Pause Young (Normal) (G1 Evacuation Pause) 820M->214M(1024M) 17.034ms
[2021-03-19T15:34:19.509+0600][gc,cpu      ] GC(1219) User=0.05s Sys=0.00s Real=0.01s
[2021-03-19T15:34:32.816+0600][gc,start    ] GC(1220) Pause Young (Normal) (G1 Evacuation Pause)
[2021-03-19T15:34:32.817+0600][gc,task     ] GC(1220) Using 8 workers of 8 for evacuation
[2021-03-19T15:34:32.833+0600][gc,phases   ] GC(1220)   Pre Evacuate Collection Set: 0.3ms
[2021-03-19T15:34:32.833+0600][gc,phases   ] GC(1220)   Merge Heap Roots: 0.2ms
[2021-03-19T15:34:32.834+0600][gc,phases   ] GC(1220)   Evacuate Collection Set: 14.8ms
[2021-03-19T15:34:32.834+0600][gc,phases   ] GC(1220)   Post Evacuate Collection Set: 0.6ms
[2021-03-19T15:34:32.834+0600][gc,phases   ] GC(1220)   Other: 1.4ms
[2021-03-19T15:34:32.834+0600][gc,heap     ] GC(1220) Eden regions: 606->0(606)
[2021-03-19T15:34:32.834+0600][gc,heap     ] GC(1220) Survivor regions: 8->8(77)
[2021-03-19T15:34:32.834+0600][gc,heap     ] GC(1220) Old regions: 77->78
[2021-03-19T15:34:32.834+0600][gc,heap     ] GC(1220) Archive regions: 2->2
[2021-03-19T15:34:32.834+0600][gc,heap     ] GC(1220) Humongous regions: 129->129
[2021-03-19T15:34:32.834+0600][gc,metaspace] GC(1220) Metaspace: 40242K(41216K)->40242K(41216K) NonClass: 35935K(36608K)->35935K(36608K) Class: 4306K(4608K)->4306K(4608K)
[2021-03-19T15:34:32.834+0600][gc          ] GC(1220) Pause Young (Normal) (G1 Evacuation Pause) 820M->214M(1024M) 17.486ms
[2021-03-19T15:34:32.834+0600][gc,cpu      ] GC(1220) User=0.06s Sys=0.01s Real=0.02s
[2021-03-19T15:34:48.517+0600][gc,start    ] GC(1221) Pause Young (Normal) (G1 Evacuation Pause)
[2021-03-19T15:34:48.517+0600][gc,task     ] GC(1221) Using 8 workers of 8 for evacuation
[2021-03-19T15:34:48.532+0600][gc,phases   ] GC(1221)   Pre Evacuate Collection Set: 0.3ms
[2021-03-19T15:34:48.533+0600][gc,phases   ] GC(1221)   Merge Heap Roots: 0.3ms
[2021-03-19T15:34:48.533+0600][gc,phases   ] GC(1221)   Evacuate Collection Set: 13.9ms
[2021-03-19T15:34:48.533+0600][gc,phases   ] GC(1221)   Post Evacuate Collection Set: 0.6ms
[2021-03-19T15:34:48.533+0600][gc,phases   ] GC(1221)   Other: 0.6ms
[2021-03-19T15:34:48.533+0600][gc,heap     ] GC(1221) Eden regions: 606->0(606)
[2021-03-19T15:34:48.533+0600][gc,heap     ] GC(1221) Survivor regions: 8->8(77)
[2021-03-19T15:34:48.533+0600][gc,heap     ] GC(1221) Old regions: 78->78
[2021-03-19T15:34:48.533+0600][gc,heap     ] GC(1221) Archive regions: 2->2
[2021-03-19T15:34:48.533+0600][gc,heap     ] GC(1221) Humongous regions: 129->129
[2021-03-19T15:34:48.533+0600][gc,metaspace] GC(1221) Metaspace: 40242K(41216K)->40242K(41216K) NonClass: 35935K(36608K)->35935K(36608K) Class: 4306K(4608K)->4306K(4608K)
[2021-03-19T15:34:48.533+0600][gc          ] GC(1221) Pause Young (Normal) (G1 Evacuation Pause) 820M->214M(1024M) 15.747ms
[2021-03-19T15:34:48.533+0600][gc,cpu      ] GC(1221) User=0.06s Sys=0.01s Real=0.02s
[2021-03-19T15:35:02.488+0600][gc,start    ] GC(1222) Pause Young (Normal) (G1 Evacuation Pause)
[2021-03-19T15:35:02.489+0600][gc,task     ] GC(1222) Using 8 workers of 8 for evacuation
[2021-03-19T15:35:02.504+0600][gc,phases   ] GC(1222)   Pre Evacuate Collection Set: 0.4ms
[2021-03-19T15:35:02.504+0600][gc,phases   ] GC(1222)   Merge Heap Roots: 0.4ms
[2021-03-19T15:35:02.504+0600][gc,phases   ] GC(1222)   Evacuate Collection Set: 13.3ms
[2021-03-19T15:35:02.504+0600][gc,phases   ] GC(1222)   Post Evacuate Collection Set: 0.6ms
[2021-03-19T15:35:02.504+0600][gc,phases   ] GC(1222)   Other: 1.7ms
[2021-03-19T15:35:02.504+0600][gc,heap     ] GC(1222) Eden regions: 606->0(606)
[2021-03-19T15:35:02.504+0600][gc,heap     ] GC(1222) Survivor regions: 8->8(77)
[2021-03-19T15:35:02.504+0600][gc,heap     ] GC(1222) Old regions: 78->79
[2021-03-19T15:35:02.504+0600][gc,heap     ] GC(1222) Archive regions: 2->2
[2021-03-19T15:35:02.504+0600][gc,heap     ] GC(1222) Humongous regions: 129->129
[2021-03-19T15:35:02.504+0600][gc,metaspace] GC(1222) Metaspace: 40242K(41216K)->40242K(41216K) NonClass: 35935K(36608K)->35935K(36608K) Class: 4306K(4608K)->4306K(4608K)
[2021-03-19T15:35:02.504+0600][gc          ] GC(1222) Pause Young (Normal) (G1 Evacuation Pause) 820M->215M(1024M) 16.468ms
[2021-03-19T15:35:02.504+0600][gc,cpu      ] GC(1222) User=0.06s Sys=0.01s Real=0.02s
[2021-03-19T15:35:16.818+0600][gc,start    ] GC(1223) Pause Young (Normal) (G1 Evacuation Pause)
[2021-03-19T15:35:16.819+0600][gc,task     ] GC(1223) Using 8 workers of 8 for evacuation
[2021-03-19T15:35:16.855+0600][gc,mmu      ] GC(1223) MMU target violated: 21.0ms (20.0ms/21.0ms)
[2021-03-19T15:35:16.855+0600][gc,phases   ] GC(1223)   Pre Evacuate Collection Set: 0.7ms
[2021-03-19T15:35:16.855+0600][gc,phases   ] GC(1223)   Merge Heap Roots: 0.3ms
[2021-03-19T15:35:16.855+0600][gc,phases   ] GC(1223)   Evacuate Collection Set: 33.1ms
[2021-03-19T15:35:16.855+0600][gc,phases   ] GC(1223)   Post Evacuate Collection Set: 1.5ms
[2021-03-19T15:35:16.855+0600][gc,phases   ] GC(1223)   Other: 1.5ms
[2021-03-19T15:35:16.855+0600][gc,heap     ] GC(1223) Eden regions: 606->0(606)
[2021-03-19T15:35:16.855+0600][gc,heap     ] GC(1223) Survivor regions: 8->8(77)
[2021-03-19T15:35:16.855+0600][gc,heap     ] GC(1223) Old regions: 79->79
[2021-03-19T15:35:16.855+0600][gc,heap     ] GC(1223) Archive regions: 2->2
[2021-03-19T15:35:16.855+0600][gc,heap     ] GC(1223) Humongous regions: 129->129
[2021-03-19T15:35:16.855+0600][gc,metaspace] GC(1223) Metaspace: 40242K(41216K)->40242K(41216K) NonClass: 35935K(36608K)->35935K(36608K) Class: 4306K(4608K)->4306K(4608K)
[2021-03-19T15:35:16.855+0600][gc          ] GC(1223) Pause Young (Normal) (G1 Evacuation Pause) 821M->216M(1024M) 37.183ms
[2021-03-19T15:35:16.855+0600][gc,cpu      ] GC(1223) User=0.06s Sys=0.03s Real=0.04s
[2021-03-19T15:35:30.613+0600][gc,start    ] GC(1224) Pause Young (Normal) (G1 Evacuation Pause)
[2021-03-19T15:35:30.613+0600][gc,task     ] GC(1224) Using 8 workers of 8 for evacuation
[2021-03-19T15:35:30.628+0600][gc,phases   ] GC(1224)   Pre Evacuate Collection Set: 0.2ms
[2021-03-19T15:35:30.628+0600][gc,phases   ] GC(1224)   Merge Heap Roots: 0.2ms
[2021-03-19T15:35:30.628+0600][gc,phases   ] GC(1224)   Evacuate Collection Set: 13.3ms
[2021-03-19T15:35:30.628+0600][gc,phases   ] GC(1224)   Post Evacuate Collection Set: 0.6ms
[2021-03-19T15:35:30.628+0600][gc,phases   ] GC(1224)   Other: 0.4ms
[2021-03-19T15:35:30.628+0600][gc,heap     ] GC(1224) Eden regions: 606->0(606)
[2021-03-19T15:35:30.628+0600][gc,heap     ] GC(1224) Survivor regions: 8->8(77)
[2021-03-19T15:35:30.628+0600][gc,heap     ] GC(1224) Old regions: 79->80
[2021-03-19T15:35:30.628+0600][gc,heap     ] GC(1224) Archive regions: 2->2
[2021-03-19T15:35:30.628+0600][gc,heap     ] GC(1224) Humongous regions: 129->129
[2021-03-19T15:35:30.628+0600][gc,metaspace] GC(1224) Metaspace: 40242K(41216K)->40242K(41216K) NonClass: 35935K(36608K)->35935K(36608K) Class: 4306K(4608K)->4306K(4608K)
[2021-03-19T15:35:30.628+0600][gc          ] GC(1224) Pause Young (Normal) (G1 Evacuation Pause) 822M->216M(1024M) 14.990ms
[2021-03-19T15:35:30.628+0600][gc,cpu      ] GC(1224) User=0.06s Sys=0.00s Real=0.01s
[2021-03-19T15:35:44.786+0600][gc,start    ] GC(1225) Pause Young (Normal) (G1 Evacuation Pause)
[2021-03-19T15:35:44.786+0600][gc,task     ] GC(1225) Using 8 workers of 8 for evacuation
[2021-03-19T15:35:44.803+0600][gc,phases   ] GC(1225)   Pre Evacuate Collection Set: 0.2ms
[2021-03-19T15:35:44.803+0600][gc,phases   ] GC(1225)   Merge Heap Roots: 0.2ms
[2021-03-19T15:35:44.803+0600][gc,phases   ] GC(1225)   Evacuate Collection Set: 15.8ms
[2021-03-19T15:35:44.803+0600][gc,phases   ] GC(1225)   Post Evacuate Collection Set: 0.7ms
[2021-03-19T15:35:44.803+0600][gc,phases   ] GC(1225)   Other: 0.4ms
[2021-03-19T15:35:44.803+0600][gc,heap     ] GC(1225) Eden regions: 606->0(606)
[2021-03-19T15:35:44.803+0600][gc,heap     ] GC(1225) Survivor regions: 8->8(77)
[2021-03-19T15:35:44.803+0600][gc,heap     ] GC(1225) Old regions: 80->80
[2021-03-19T15:35:44.803+0600][gc,heap     ] GC(1225) Archive regions: 2->2
[2021-03-19T15:35:44.803+0600][gc,heap     ] GC(1225) Humongous regions: 129->129
[2021-03-19T15:35:44.803+0600][gc,metaspace] GC(1225) Metaspace: 40242K(41216K)->40242K(41216K) NonClass: 35935K(36608K)->35935K(36608K) Class: 4306K(4608K)->4306K(4608K)
[2021-03-19T15:35:44.803+0600][gc          ] GC(1225) Pause Young (Normal) (G1 Evacuation Pause) 822M->216M(1024M) 17.467ms
[2021-03-19T15:35:44.803+0600][gc,cpu      ] GC(1225) User=0.05s Sys=0.00s Real=0.02s
[2021-03-19T15:35:58.277+0600][gc,start    ] GC(1226) Pause Young (Normal) (G1 Evacuation Pause)
[2021-03-19T15:35:58.278+0600][gc,task     ] GC(1226) Using 8 workers of 8 for evacuation
[2021-03-19T15:35:58.299+0600][gc,mmu      ] GC(1226) MMU target violated: 20.5ms (20.0ms/21.0ms)
[2021-03-19T15:35:58.299+0600][gc,phases   ] GC(1226)   Pre Evacuate Collection Set: 0.8ms
[2021-03-19T15:35:58.299+0600][gc,phases   ] GC(1226)   Merge Heap Roots: 0.4ms
[2021-03-19T15:35:58.299+0600][gc,phases   ] GC(1226)   Evacuate Collection Set: 16.9ms
[2021-03-19T15:35:58.299+0600][gc,phases   ] GC(1226)   Post Evacuate Collection Set: 1.7ms
[2021-03-19T15:35:58.299+0600][gc,phases   ] GC(1226)   Other: 2.4ms
[2021-03-19T15:35:58.299+0600][gc,heap     ] GC(1226) Eden regions: 606->0(606)
[2021-03-19T15:35:58.299+0600][gc,heap     ] GC(1226) Survivor regions: 8->8(77)
[2021-03-19T15:35:58.299+0600][gc,heap     ] GC(1226) Old regions: 80->80
[2021-03-19T15:35:58.299+0600][gc,heap     ] GC(1226) Archive regions: 2->2
[2021-03-19T15:35:58.299+0600][gc,heap     ] GC(1226) Humongous regions: 129->129
[2021-03-19T15:35:58.299+0600][gc,metaspace] GC(1226) Metaspace: 40242K(41216K)->40242K(41216K) NonClass: 35935K(36608K)->35935K(36608K) Class: 4306K(4608K)->4306K(4608K)
[2021-03-19T15:35:58.299+0600][gc          ] GC(1226) Pause Young (Normal) (G1 Evacuation Pause) 822M->217M(1024M) 22.447ms
[2021-03-19T15:35:58.299+0600][gc,cpu      ] GC(1226) User=0.05s Sys=0.01s Real=0.02s
[2021-03-19T15:36:13.430+0600][gc,start    ] GC(1227) Pause Young (Normal) (G1 Evacuation Pause)
[2021-03-19T15:36:13.430+0600][gc,task     ] GC(1227) Using 8 workers of 8 for evacuation
[2021-03-19T15:36:13.450+0600][gc,phases   ] GC(1227)   Pre Evacuate Collection Set: 0.3ms
[2021-03-19T15:36:13.450+0600][gc,phases   ] GC(1227)   Merge Heap Roots: 0.3ms
[2021-03-19T15:36:13.450+0600][gc,phases   ] GC(1227)   Evacuate Collection Set: 17.6ms
[2021-03-19T15:36:13.450+0600][gc,phases   ] GC(1227)   Post Evacuate Collection Set: 0.8ms
[2021-03-19T15:36:13.450+0600][gc,phases   ] GC(1227)   Other: 0.8ms
[2021-03-19T15:36:13.450+0600][gc,heap     ] GC(1227) Eden regions: 606->0(606)
[2021-03-19T15:36:13.450+0600][gc,heap     ] GC(1227) Survivor regions: 8->8(77)
[2021-03-19T15:36:13.450+0600][gc,heap     ] GC(1227) Old regions: 80->81
[2021-03-19T15:36:13.450+0600][gc,heap     ] GC(1227) Archive regions: 2->2
[2021-03-19T15:36:13.450+0600][gc,heap     ] GC(1227) Humongous regions: 129->129
[2021-03-19T15:36:13.450+0600][gc,metaspace] GC(1227) Metaspace: 40242K(41216K)->40242K(41216K) NonClass: 35935K(36608K)->35935K(36608K) Class: 4306K(4608K)->4306K(4608K)
[2021-03-19T15:36:13.450+0600][gc          ] GC(1227) Pause Young (Normal) (G1 Evacuation Pause) 823M->217M(1024M) 19.975ms
[2021-03-19T15:36:13.450+0600][gc,cpu      ] GC(1227) User=0.07s Sys=0.00s Real=0.02s
[2021-03-19T15:36:28.723+0600][gc,start    ] GC(1228) Pause Young (Normal) (G1 Evacuation Pause)
[2021-03-19T15:36:28.724+0600][gc,task     ] GC(1228) Using 8 workers of 8 for evacuation
[2021-03-19T15:36:28.741+0600][gc,phases   ] GC(1228)   Pre Evacuate Collection Set: 0.4ms
[2021-03-19T15:36:28.741+0600][gc,phases   ] GC(1228)   Merge Heap Roots: 0.4ms
[2021-03-19T15:36:28.741+0600][gc,phases   ] GC(1228)   Evacuate Collection Set: 15.1ms
[2021-03-19T15:36:28.741+0600][gc,phases   ] GC(1228)   Post Evacuate Collection Set: 0.7ms
[2021-03-19T15:36:28.741+0600][gc,phases   ] GC(1228)   Other: 0.7ms
[2021-03-19T15:36:28.741+0600][gc,heap     ] GC(1228) Eden regions: 606->0(606)
[2021-03-19T15:36:28.741+0600][gc,heap     ] GC(1228) Survivor regions: 8->8(77)
[2021-03-19T15:36:28.741+0600][gc,heap     ] GC(1228) Old regions: 81->81
[2021-03-19T15:36:28.741+0600][gc,heap     ] GC(1228) Archive regions: 2->2
[2021-03-19T15:36:28.741+0600][gc,heap     ] GC(1228) Humongous regions: 129->129
[2021-03-19T15:36:28.741+0600][gc,metaspace] GC(1228) Metaspace: 40242K(41216K)->40242K(41216K) NonClass: 35935K(36608K)->35935K(36608K) Class: 4306K(4608K)->4306K(4608K)
[2021-03-19T15:36:28.741+0600][gc          ] GC(1228) Pause Young (Normal) (G1 Evacuation Pause) 823M->218M(1024M) 17.321ms
[2021-03-19T15:36:28.741+0600][gc,cpu      ] GC(1228) User=0.07s Sys=0.00s Real=0.02s
[2021-03-19T15:36:44.414+0600][gc,start    ] GC(1229) Pause Young (Normal) (G1 Evacuation Pause)
[2021-03-19T15:36:44.414+0600][gc,task     ] GC(1229) Using 8 workers of 8 for evacuation
[2021-03-19T15:36:44.431+0600][gc,phases   ] GC(1229)   Pre Evacuate Collection Set: 0.3ms
[2021-03-19T15:36:44.431+0600][gc,phases   ] GC(1229)   Merge Heap Roots: 0.3ms
[2021-03-19T15:36:44.431+0600][gc,phases   ] GC(1229)   Evacuate Collection Set: 15.5ms
[2021-03-19T15:36:44.431+0600][gc,phases   ] GC(1229)   Post Evacuate Collection Set: 0.8ms
[2021-03-19T15:36:44.431+0600][gc,phases   ] GC(1229)   Other: 0.4ms
[2021-03-19T15:36:44.431+0600][gc,heap     ] GC(1229) Eden regions: 606->0(606)
[2021-03-19T15:36:44.431+0600][gc,heap     ] GC(1229) Survivor regions: 8->8(77)
[2021-03-19T15:36:44.431+0600][gc,heap     ] GC(1229) Old regions: 81->82
[2021-03-19T15:36:44.431+0600][gc,heap     ] GC(1229) Archive regions: 2->2
[2021-03-19T15:36:44.431+0600][gc,heap     ] GC(1229) Humongous regions: 129->129
[2021-03-19T15:36:44.431+0600][gc,metaspace] GC(1229) Metaspace: 40242K(41216K)->40242K(41216K) NonClass: 35935K(36608K)->35935K(36608K) Class: 4306K(4608K)->4306K(4608K)
[2021-03-19T15:36:44.431+0600][gc          ] GC(1229) Pause Young (Normal) (G1 Evacuation Pause) 824M->218M(1024M) 17.513ms
[2021-03-19T15:36:44.431+0600][gc,cpu      ] GC(1229) User=0.06s Sys=0.01s Real=0.02s
[2021-03-19T15:37:00.367+0600][gc,start    ] GC(1230) Pause Young (Normal) (G1 Evacuation Pause)
[2021-03-19T15:37:00.368+0600][gc,task     ] GC(1230) Using 8 workers of 8 for evacuation
[2021-03-19T15:37:00.386+0600][gc,phases   ] GC(1230)   Pre Evacuate Collection Set: 0.3ms
[2021-03-19T15:37:00.386+0600][gc,phases   ] GC(1230)   Merge Heap Roots: 0.3ms
[2021-03-19T15:37:00.386+0600][gc,phases   ] GC(1230)   Evacuate Collection Set: 16.7ms
[2021-03-19T15:37:00.386+0600][gc,phases   ] GC(1230)   Post Evacuate Collection Set: 0.5ms
[2021-03-19T15:37:00.386+0600][gc,phases   ] GC(1230)   Other: 0.6ms
[2021-03-19T15:37:00.386+0600][gc,heap     ] GC(1230) Eden regions: 606->0(606)
[2021-03-19T15:37:00.386+0600][gc,heap     ] GC(1230) Survivor regions: 8->8(77)
[2021-03-19T15:37:00.386+0600][gc,heap     ] GC(1230) Old regions: 82->82
[2021-03-19T15:37:00.386+0600][gc,heap     ] GC(1230) Archive regions: 2->2
[2021-03-19T15:37:00.386+0600][gc,heap     ] GC(1230) Humongous regions: 129->129
[2021-03-19T15:37:00.386+0600][gc,metaspace] GC(1230) Metaspace: 40242K(41216K)->40242K(41216K) NonClass: 35935K(36608K)->35935K(36608K) Class: 4306K(4608K)->4306K(4608K)
[2021-03-19T15:37:00.386+0600][gc          ] GC(1230) Pause Young (Normal) (G1 Evacuation Pause) 824M->219M(1024M) 18.621ms
[2021-03-19T15:37:00.386+0600][gc,cpu      ] GC(1230) User=0.06s Sys=0.00s Real=0.02s
[2021-03-19T15:37:16.344+0600][gc,start    ] GC(1231) Pause Young (Normal) (G1 Evacuation Pause)
[2021-03-19T15:37:16.344+0600][gc,task     ] GC(1231) Using 8 workers of 8 for evacuation
[2021-03-19T15:37:16.367+0600][gc,mmu      ] GC(1231) MMU target violated: 21.0ms (20.0ms/21.0ms)
[2021-03-19T15:37:16.367+0600][gc,phases   ] GC(1231)   Pre Evacuate Collection Set: 0.6ms
[2021-03-19T15:37:16.367+0600][gc,phases   ] GC(1231)   Merge Heap Roots: 1.6ms
[2021-03-19T15:37:16.367+0600][gc,phases   ] GC(1231)   Evacuate Collection Set: 19.2ms
[2021-03-19T15:37:16.367+0600][gc,phases   ] GC(1231)   Post Evacuate Collection Set: 1.0ms
[2021-03-19T15:37:16.367+0600][gc,phases   ] GC(1231)   Other: 0.6ms
[2021-03-19T15:37:16.367+0600][gc,heap     ] GC(1231) Eden regions: 606->0(606)
[2021-03-19T15:37:16.367+0600][gc,heap     ] GC(1231) Survivor regions: 8->8(77)
[2021-03-19T15:37:16.367+0600][gc,heap     ] GC(1231) Old regions: 82->83
[2021-03-19T15:37:16.367+0600][gc,heap     ] GC(1231) Archive regions: 2->2
[2021-03-19T15:37:16.367+0600][gc,heap     ] GC(1231) Humongous regions: 129->129
[2021-03-19T15:37:16.367+0600][gc,metaspace] GC(1231) Metaspace: 40242K(41216K)->40242K(41216K) NonClass: 35935K(36608K)->35935K(36608K) Class: 4306K(4608K)->4306K(4608K)
[2021-03-19T15:37:16.367+0600][gc          ] GC(1231) Pause Young (Normal) (G1 Evacuation Pause) 825M->219M(1024M) 23.450ms
[2021-03-19T15:37:16.367+0600][gc,cpu      ] GC(1231) User=0.06s Sys=0.01s Real=0.02s
[2021-03-19T15:37:30.247+0600][gc,start    ] GC(1232) Pause Young (Normal) (G1 Evacuation Pause)
[2021-03-19T15:37:30.247+0600][gc,task     ] GC(1232) Using 8 workers of 8 for evacuation
[2021-03-19T15:37:30.263+0600][gc,phases   ] GC(1232)   Pre Evacuate Collection Set: 0.3ms
[2021-03-19T15:37:30.263+0600][gc,phases   ] GC(1232)   Merge Heap Roots: 0.4ms
[2021-03-19T15:37:30.263+0600][gc,phases   ] GC(1232)   Evacuate Collection Set: 13.8ms
[2021-03-19T15:37:30.263+0600][gc,phases   ] GC(1232)   Post Evacuate Collection Set: 0.6ms
[2021-03-19T15:37:30.263+0600][gc,phases   ] GC(1232)   Other: 1.0ms
[2021-03-19T15:37:30.263+0600][gc,heap     ] GC(1232) Eden regions: 606->0(606)
[2021-03-19T15:37:30.263+0600][gc,heap     ] GC(1232) Survivor regions: 8->8(77)
[2021-03-19T15:37:30.263+0600][gc,heap     ] GC(1232) Old regions: 83->83
[2021-03-19T15:37:30.263+0600][gc,heap     ] GC(1232) Archive regions: 2->2
[2021-03-19T15:37:30.263+0600][gc,heap     ] GC(1232) Humongous regions: 129->129
[2021-03-19T15:37:30.263+0600][gc,metaspace] GC(1232) Metaspace: 40242K(41216K)->40242K(41216K) NonClass: 35935K(36608K)->35935K(36608K) Class: 4306K(4608K)->4306K(4608K)
[2021-03-19T15:37:30.263+0600][gc          ] GC(1232) Pause Young (Normal) (G1 Evacuation Pause) 825M->220M(1024M) 15.992ms
[2021-03-19T15:37:30.263+0600][gc,cpu      ] GC(1232) User=0.06s Sys=0.01s Real=0.02s
[2021-03-19T15:37:42.670+0600][gc,start    ] GC(1233) Pause Young (Normal) (G1 Evacuation Pause)
[2021-03-19T15:37:42.670+0600][gc,task     ] GC(1233) Using 8 workers of 8 for evacuation
[2021-03-19T15:37:42.685+0600][gc,phases   ] GC(1233)   Pre Evacuate Collection Set: 0.2ms
[2021-03-19T15:37:42.686+0600][gc,phases   ] GC(1233)   Merge Heap Roots: 0.2ms
[2021-03-19T15:37:42.686+0600][gc,phases   ] GC(1233)   Evacuate Collection Set: 13.8ms
[2021-03-19T15:37:42.686+0600][gc,phases   ] GC(1233)   Post Evacuate Collection Set: 1.0ms
[2021-03-19T15:37:42.686+0600][gc,phases   ] GC(1233)   Other: 0.5ms
[2021-03-19T15:37:42.686+0600][gc,heap     ] GC(1233) Eden regions: 606->0(606)
[2021-03-19T15:37:42.686+0600][gc,heap     ] GC(1233) Survivor regions: 8->8(77)
[2021-03-19T15:37:42.686+0600][gc,heap     ] GC(1233) Old regions: 83->84
[2021-03-19T15:37:42.686+0600][gc,heap     ] GC(1233) Archive regions: 2->2
[2021-03-19T15:37:42.686+0600][gc,heap     ] GC(1233) Humongous regions: 129->129
[2021-03-19T15:37:42.686+0600][gc,metaspace] GC(1233) Metaspace: 40242K(41216K)->40242K(41216K) NonClass: 35935K(36608K)->35935K(36608K) Class: 4306K(4608K)->4306K(4608K)
[2021-03-19T15:37:42.686+0600][gc          ] GC(1233) Pause Young (Normal) (G1 Evacuation Pause) 826M->221M(1024M) 15.997ms
[2021-03-19T15:37:42.686+0600][gc,cpu      ] GC(1233) User=0.06s Sys=0.00s Real=0.01s
[2021-03-19T15:37:57.481+0600][gc,start    ] GC(1234) Pause Young (Normal) (G1 Evacuation Pause)
[2021-03-19T15:37:57.481+0600][gc,task     ] GC(1234) Using 8 workers of 8 for evacuation
[2021-03-19T15:37:57.495+0600][gc,phases   ] GC(1234)   Pre Evacuate Collection Set: 0.2ms
[2021-03-19T15:37:57.495+0600][gc,phases   ] GC(1234)   Merge Heap Roots: 0.2ms
[2021-03-19T15:37:57.495+0600][gc,phases   ] GC(1234)   Evacuate Collection Set: 13.0ms
[2021-03-19T15:37:57.495+0600][gc,phases   ] GC(1234)   Post Evacuate Collection Set: 0.8ms
[2021-03-19T15:37:57.495+0600][gc,phases   ] GC(1234)   Other: 0.4ms
[2021-03-19T15:37:57.495+0600][gc,heap     ] GC(1234) Eden regions: 606->0(606)
[2021-03-19T15:37:57.495+0600][gc,heap     ] GC(1234) Survivor regions: 8->8(77)
[2021-03-19T15:37:57.495+0600][gc,heap     ] GC(1234) Old regions: 84->85
[2021-03-19T15:37:57.495+0600][gc,heap     ] GC(1234) Archive regions: 2->2
[2021-03-19T15:37:57.495+0600][gc,heap     ] GC(1234) Humongous regions: 129->129
[2021-03-19T15:37:57.496+0600][gc,metaspace] GC(1234) Metaspace: 40242K(41216K)->40242K(41216K) NonClass: 35935K(36608K)->35935K(36608K) Class: 4306K(4608K)->4306K(4608K)
[2021-03-19T15:37:57.496+0600][gc          ] GC(1234) Pause Young (Normal) (G1 Evacuation Pause) 827M->221M(1024M) 14.881ms
[2021-03-19T15:37:57.496+0600][gc,cpu      ] GC(1234) User=0.06s Sys=0.01s Real=0.01s
[2021-03-19T15:38:13.197+0600][gc,start    ] GC(1235) Pause Young (Normal) (G1 Evacuation Pause)
[2021-03-19T15:38:13.197+0600][gc,task     ] GC(1235) Using 8 workers of 8 for evacuation
[2021-03-19T15:38:13.212+0600][gc,phases   ] GC(1235)   Pre Evacuate Collection Set: 0.2ms
[2021-03-19T15:38:13.212+0600][gc,phases   ] GC(1235)   Merge Heap Roots: 0.2ms
[2021-03-19T15:38:13.212+0600][gc,phases   ] GC(1235)   Evacuate Collection Set: 13.3ms
[2021-03-19T15:38:13.212+0600][gc,phases   ] GC(1235)   Post Evacuate Collection Set: 0.7ms
[2021-03-19T15:38:13.212+0600][gc,phases   ] GC(1235)   Other: 0.4ms
[2021-03-19T15:38:13.212+0600][gc,heap     ] GC(1235) Eden regions: 606->0(606)
[2021-03-19T15:38:13.212+0600][gc,heap     ] GC(1235) Survivor regions: 8->8(77)
[2021-03-19T15:38:13.212+0600][gc,heap     ] GC(1235) Old regions: 85->85
[2021-03-19T15:38:13.212+0600][gc,heap     ] GC(1235) Archive regions: 2->2
[2021-03-19T15:38:13.212+0600][gc,heap     ] GC(1235) Humongous regions: 129->129
[2021-03-19T15:38:13.212+0600][gc,metaspace] GC(1235) Metaspace: 40242K(41216K)->40242K(41216K) NonClass: 35935K(36608K)->35935K(36608K) Class: 4306K(4608K)->4306K(4608K)
[2021-03-19T15:38:13.212+0600][gc          ] GC(1235) Pause Young (Normal) (G1 Evacuation Pause) 827M->221M(1024M) 15.029ms
[2021-03-19T15:38:13.212+0600][gc,cpu      ] GC(1235) User=0.06s Sys=0.01s Real=0.02s
[2021-03-19T15:38:28.118+0600][gc,start    ] GC(1236) Pause Young (Normal) (G1 Evacuation Pause)
[2021-03-19T15:38:28.119+0600][gc,task     ] GC(1236) Using 8 workers of 8 for evacuation
[2021-03-19T15:38:28.140+0600][gc,mmu      ] GC(1236) MMU target violated: 21.0ms (20.0ms/21.0ms)
[2021-03-19T15:38:28.140+0600][gc,phases   ] GC(1236)   Pre Evacuate Collection Set: 2.3ms
[2021-03-19T15:38:28.140+0600][gc,phases   ] GC(1236)   Merge Heap Roots: 0.8ms
[2021-03-19T15:38:28.140+0600][gc,phases   ] GC(1236)   Evacuate Collection Set: 17.2ms
[2021-03-19T15:38:28.140+0600][gc,phases   ] GC(1236)   Post Evacuate Collection Set: 0.8ms
[2021-03-19T15:38:28.141+0600][gc,phases   ] GC(1236)   Other: 1.0ms
[2021-03-19T15:38:28.141+0600][gc,heap     ] GC(1236) Eden regions: 606->0(606)
[2021-03-19T15:38:28.141+0600][gc,heap     ] GC(1236) Survivor regions: 8->8(77)
[2021-03-19T15:38:28.141+0600][gc,heap     ] GC(1236) Old regions: 85->85
[2021-03-19T15:38:28.141+0600][gc,heap     ] GC(1236) Archive regions: 2->2
[2021-03-19T15:38:28.141+0600][gc,heap     ] GC(1236) Humongous regions: 129->129
[2021-03-19T15:38:28.141+0600][gc,metaspace] GC(1236) Metaspace: 40242K(41216K)->40242K(41216K) NonClass: 35935K(36608K)->35935K(36608K) Class: 4306K(4608K)->4306K(4608K)
[2021-03-19T15:38:28.141+0600][gc          ] GC(1236) Pause Young (Normal) (G1 Evacuation Pause) 827M->222M(1024M) 22.255ms
[2021-03-19T15:38:28.141+0600][gc,cpu      ] GC(1236) User=0.06s Sys=0.00s Real=0.03s
[2021-03-19T15:38:43.348+0600][gc,start    ] GC(1237) Pause Young (Normal) (G1 Evacuation Pause)
[2021-03-19T15:38:43.348+0600][gc,task     ] GC(1237) Using 8 workers of 8 for evacuation
[2021-03-19T15:38:43.366+0600][gc,phases   ] GC(1237)   Pre Evacuate Collection Set: 0.2ms
[2021-03-19T15:38:43.366+0600][gc,phases   ] GC(1237)   Merge Heap Roots: 0.3ms
[2021-03-19T15:38:43.366+0600][gc,phases   ] GC(1237)   Evacuate Collection Set: 16.5ms
[2021-03-19T15:38:43.366+0600][gc,phases   ] GC(1237)   Post Evacuate Collection Set: 0.7ms
[2021-03-19T15:38:43.366+0600][gc,phases   ] GC(1237)   Other: 0.4ms
[2021-03-19T15:38:43.366+0600][gc,heap     ] GC(1237) Eden regions: 606->0(606)
[2021-03-19T15:38:43.366+0600][gc,heap     ] GC(1237) Survivor regions: 8->8(77)
[2021-03-19T15:38:43.366+0600][gc,heap     ] GC(1237) Old regions: 85->86
[2021-03-19T15:38:43.367+0600][gc,heap     ] GC(1237) Archive regions: 2->2
[2021-03-19T15:38:43.367+0600][gc,heap     ] GC(1237) Humongous regions: 129->129
[2021-03-19T15:38:43.367+0600][gc,metaspace] GC(1237) Metaspace: 40242K(41216K)->40242K(41216K) NonClass: 35935K(36608K)->35935K(36608K) Class: 4306K(4608K)->4306K(4608K)
[2021-03-19T15:38:43.367+0600][gc          ] GC(1237) Pause Young (Normal) (G1 Evacuation Pause) 828M->223M(1024M) 18.310ms
[2021-03-19T15:38:43.367+0600][gc,cpu      ] GC(1237) User=0.05s Sys=0.01s Real=0.02s
[2021-03-19T15:38:46.055+0600][gc,start    ] GC(1238) Pause Young (Normal) (G1 Evacuation Pause)
[2021-03-19T15:38:46.056+0600][gc,task     ] GC(1238) Using 8 workers of 8 for evacuation
[2021-03-19T15:38:46.062+0600][gc,phases   ] GC(1238)   Pre Evacuate Collection Set: 0.7ms
[2021-03-19T15:38:46.062+0600][gc,phases   ] GC(1238)   Merge Heap Roots: 0.1ms
[2021-03-19T15:38:46.062+0600][gc,phases   ] GC(1238)   Evacuate Collection Set: 4.2ms
[2021-03-19T15:38:46.062+0600][gc,phases   ] GC(1238)   Post Evacuate Collection Set: 0.4ms
[2021-03-19T15:38:46.062+0600][gc,phases   ] GC(1238)   Other: 1.2ms
[2021-03-19T15:38:46.062+0600][gc,heap     ] GC(1238) Eden regions: 606->0(606)
[2021-03-19T15:38:46.062+0600][gc,heap     ] GC(1238) Survivor regions: 8->8(77)
[2021-03-19T15:38:46.062+0600][gc,heap     ] GC(1238) Old regions: 86->87
[2021-03-19T15:38:46.062+0600][gc,heap     ] GC(1238) Archive regions: 2->2
[2021-03-19T15:38:46.062+0600][gc,heap     ] GC(1238) Humongous regions: 129->129
[2021-03-19T15:38:46.062+0600][gc,metaspace] GC(1238) Metaspace: 40242K(41216K)->40242K(41216K) NonClass: 35935K(36608K)->35935K(36608K) Class: 4306K(4608K)->4306K(4608K)
[2021-03-19T15:38:46.062+0600][gc          ] GC(1238) Pause Young (Normal) (G1 Evacuation Pause) 829M->223M(1024M) 6.861ms
[2021-03-19T15:38:46.062+0600][gc,cpu      ] GC(1238) User=0.03s Sys=0.00s Real=0.01s
[2021-03-19T15:38:48.650+0600][gc,start    ] GC(1239) Pause Young (Normal) (G1 Evacuation Pause)
[2021-03-19T15:38:48.650+0600][gc,task     ] GC(1239) Using 8 workers of 8 for evacuation
[2021-03-19T15:38:48.656+0600][gc,phases   ] GC(1239)   Pre Evacuate Collection Set: 0.2ms
[2021-03-19T15:38:48.656+0600][gc,phases   ] GC(1239)   Merge Heap Roots: 0.1ms
[2021-03-19T15:38:48.656+0600][gc,phases   ] GC(1239)   Evacuate Collection Set: 4.2ms
[2021-03-19T15:38:48.656+0600][gc,phases   ] GC(1239)   Post Evacuate Collection Set: 1.4ms
[2021-03-19T15:38:48.656+0600][gc,phases   ] GC(1239)   Other: 0.2ms
[2021-03-19T15:38:48.656+0600][gc,heap     ] GC(1239) Eden regions: 606->0(606)
[2021-03-19T15:38:48.656+0600][gc,heap     ] GC(1239) Survivor regions: 8->8(77)
[2021-03-19T15:38:48.656+0600][gc,heap     ] GC(1239) Old regions: 87->87
[2021-03-19T15:38:48.656+0600][gc,heap     ] GC(1239) Archive regions: 2->2
[2021-03-19T15:38:48.656+0600][gc,heap     ] GC(1239) Humongous regions: 129->129
[2021-03-19T15:38:48.656+0600][gc,metaspace] GC(1239) Metaspace: 40242K(41216K)->40242K(41216K) NonClass: 35935K(36608K)->35935K(36608K) Class: 4306K(4608K)->4306K(4608K)
[2021-03-19T15:38:48.656+0600][gc          ] GC(1239) Pause Young (Normal) (G1 Evacuation Pause) 829M->224M(1024M) 6.093ms
[2021-03-19T15:38:48.656+0600][gc,cpu      ] GC(1239) User=0.03s Sys=0.00s Real=0.00s
[2021-03-19T15:38:51.238+0600][gc,start    ] GC(1240) Pause Young (Normal) (G1 Evacuation Pause)
[2021-03-19T15:38:51.238+0600][gc,task     ] GC(1240) Using 8 workers of 8 for evacuation
[2021-03-19T15:38:51.243+0600][gc,phases   ] GC(1240)   Pre Evacuate Collection Set: 0.2ms
[2021-03-19T15:38:51.243+0600][gc,phases   ] GC(1240)   Merge Heap Roots: 0.1ms
[2021-03-19T15:38:51.243+0600][gc,phases   ] GC(1240)   Evacuate Collection Set: 4.1ms
[2021-03-19T15:38:51.243+0600][gc,phases   ] GC(1240)   Post Evacuate Collection Set: 0.5ms
[2021-03-19T15:38:51.243+0600][gc,phases   ] GC(1240)   Other: 0.2ms
[2021-03-19T15:38:51.243+0600][gc,heap     ] GC(1240) Eden regions: 606->0(606)
[2021-03-19T15:38:51.243+0600][gc,heap     ] GC(1240) Survivor regions: 8->8(77)
[2021-03-19T15:38:51.243+0600][gc,heap     ] GC(1240) Old regions: 87->88
[2021-03-19T15:38:51.243+0600][gc,heap     ] GC(1240) Archive regions: 2->2
[2021-03-19T15:38:51.243+0600][gc,heap     ] GC(1240) Humongous regions: 129->129
[2021-03-19T15:38:51.243+0600][gc,metaspace] GC(1240) Metaspace: 40242K(41216K)->40242K(41216K) NonClass: 35935K(36608K)->35935K(36608K) Class: 4306K(4608K)->4306K(4608K)
[2021-03-19T15:38:51.243+0600][gc          ] GC(1240) Pause Young (Normal) (G1 Evacuation Pause) 830M->224M(1024M) 5.073ms
[2021-03-19T15:38:51.243+0600][gc,cpu      ] GC(1240) User=0.03s Sys=0.00s Real=0.01s
[2021-03-19T15:38:53.859+0600][gc,start    ] GC(1241) Pause Young (Normal) (G1 Evacuation Pause)
[2021-03-19T15:38:53.859+0600][gc,task     ] GC(1241) Using 8 workers of 8 for evacuation
[2021-03-19T15:38:53.865+0600][gc,phases   ] GC(1241)   Pre Evacuate Collection Set: 1.2ms
[2021-03-19T15:38:53.865+0600][gc,phases   ] GC(1241)   Merge Heap Roots: 0.1ms
[2021-03-19T15:38:53.865+0600][gc,phases   ] GC(1241)   Evacuate Collection Set: 3.9ms
[2021-03-19T15:38:53.865+0600][gc,phases   ] GC(1241)   Post Evacuate Collection Set: 0.5ms
[2021-03-19T15:38:53.865+0600][gc,phases   ] GC(1241)   Other: 0.2ms
[2021-03-19T15:38:53.865+0600][gc,heap     ] GC(1241) Eden regions: 606->0(606)
[2021-03-19T15:38:53.865+0600][gc,heap     ] GC(1241) Survivor regions: 8->8(77)
[2021-03-19T15:38:53.865+0600][gc,heap     ] GC(1241) Old regions: 88->88
[2021-03-19T15:38:53.865+0600][gc,heap     ] GC(1241) Archive regions: 2->2
[2021-03-19T15:38:53.865+0600][gc,heap     ] GC(1241) Humongous regions: 129->129
[2021-03-19T15:38:53.865+0600][gc,metaspace] GC(1241) Metaspace: 40242K(41216K)->40242K(41216K) NonClass: 35935K(36608K)->35935K(36608K) Class: 4306K(4608K)->4306K(4608K)
[2021-03-19T15:38:53.865+0600][gc          ] GC(1241) Pause Young (Normal) (G1 Evacuation Pause) 830M->225M(1024M) 5.980ms
[2021-03-19T15:38:53.865+0600][gc,cpu      ] GC(1241) User=0.03s Sys=0.00s Real=0.01s
[2021-03-19T15:38:56.448+0600][gc,start    ] GC(1242) Pause Young (Normal) (G1 Evacuation Pause)
[2021-03-19T15:38:56.448+0600][gc,task     ] GC(1242) Using 8 workers of 8 for evacuation
[2021-03-19T15:38:56.452+0600][gc,phases   ] GC(1242)   Pre Evacuate Collection Set: 0.1ms
[2021-03-19T15:38:56.452+0600][gc,phases   ] GC(1242)   Merge Heap Roots: 0.1ms
[2021-03-19T15:38:56.452+0600][gc,phases   ] GC(1242)   Evacuate Collection Set: 4.1ms
[2021-03-19T15:38:56.452+0600][gc,phases   ] GC(1242)   Post Evacuate Collection Set: 0.4ms
[2021-03-19T15:38:56.452+0600][gc,phases   ] GC(1242)   Other: 0.1ms
[2021-03-19T15:38:56.453+0600][gc,heap     ] GC(1242) Eden regions: 606->0(607)
[2021-03-19T15:38:56.453+0600][gc,heap     ] GC(1242) Survivor regions: 8->7(77)
[2021-03-19T15:38:56.453+0600][gc,heap     ] GC(1242) Old regions: 88->89
[2021-03-19T15:38:56.453+0600][gc,heap     ] GC(1242) Archive regions: 2->2
[2021-03-19T15:38:56.453+0600][gc,heap     ] GC(1242) Humongous regions: 129->129
[2021-03-19T15:38:56.453+0600][gc,metaspace] GC(1242) Metaspace: 40242K(41216K)->40242K(41216K) NonClass: 35935K(36608K)->35935K(36608K) Class: 4306K(4608K)->4306K(4608K)
[2021-03-19T15:38:56.453+0600][gc          ] GC(1242) Pause Young (Normal) (G1 Evacuation Pause) 831M->224M(1024M) 4.990ms
[2021-03-19T15:38:56.453+0600][gc,cpu      ] GC(1242) User=0.03s Sys=0.00s Real=0.01s
[2021-03-19T15:38:59.042+0600][gc,start    ] GC(1243) Pause Young (Normal) (G1 Evacuation Pause)
[2021-03-19T15:38:59.042+0600][gc,task     ] GC(1243) Using 8 workers of 8 for evacuation
[2021-03-19T15:38:59.048+0600][gc,phases   ] GC(1243)   Pre Evacuate Collection Set: 0.1ms
[2021-03-19T15:38:59.048+0600][gc,phases   ] GC(1243)   Merge Heap Roots: 0.1ms
[2021-03-19T15:38:59.048+0600][gc,phases   ] GC(1243)   Evacuate Collection Set: 4.4ms
[2021-03-19T15:38:59.048+0600][gc,phases   ] GC(1243)   Post Evacuate Collection Set: 0.4ms
[2021-03-19T15:38:59.048+0600][gc,phases   ] GC(1243)   Other: 0.2ms
[2021-03-19T15:38:59.048+0600][gc,heap     ] GC(1243) Eden regions: 607->0(606)
[2021-03-19T15:38:59.048+0600][gc,heap     ] GC(1243) Survivor regions: 7->8(77)
[2021-03-19T15:38:59.048+0600][gc,heap     ] GC(1243) Old regions: 89->89
[2021-03-19T15:38:59.048+0600][gc,heap     ] GC(1243) Archive regions: 2->2
[2021-03-19T15:38:59.048+0600][gc,heap     ] GC(1243) Humongous regions: 129->129
[2021-03-19T15:38:59.048+0600][gc,metaspace] GC(1243) Metaspace: 40242K(41216K)->40242K(41216K) NonClass: 35935K(36608K)->35935K(36608K) Class: 4306K(4608K)->4306K(4608K)
[2021-03-19T15:38:59.048+0600][gc          ] GC(1243) Pause Young (Normal) (G1 Evacuation Pause) 831M->225M(1024M) 5.253ms
[2021-03-19T15:38:59.048+0600][gc,cpu      ] GC(1243) User=0.03s Sys=0.00s Real=0.00s
[2021-03-19T15:39:01.631+0600][gc,start    ] GC(1244) Pause Young (Normal) (G1 Evacuation Pause)
[2021-03-19T15:39:01.631+0600][gc,task     ] GC(1244) Using 8 workers of 8 for evacuation
[2021-03-19T15:39:01.637+0600][gc,phases   ] GC(1244)   Pre Evacuate Collection Set: 0.1ms
[2021-03-19T15:39:01.637+0600][gc,phases   ] GC(1244)   Merge Heap Roots: 0.1ms
[2021-03-19T15:39:01.637+0600][gc,phases   ] GC(1244)   Evacuate Collection Set: 5.2ms
[2021-03-19T15:39:01.637+0600][gc,phases   ] GC(1244)   Post Evacuate Collection Set: 0.4ms
[2021-03-19T15:39:01.637+0600][gc,phases   ] GC(1244)   Other: 0.2ms
[2021-03-19T15:39:01.637+0600][gc,heap     ] GC(1244) Eden regions: 606->0(607)
[2021-03-19T15:39:01.637+0600][gc,heap     ] GC(1244) Survivor regions: 8->7(77)
[2021-03-19T15:39:01.637+0600][gc,heap     ] GC(1244) Old regions: 89->90
[2021-03-19T15:39:01.637+0600][gc,heap     ] GC(1244) Archive regions: 2->2
[2021-03-19T15:39:01.637+0600][gc,heap     ] GC(1244) Humongous regions: 129->129
[2021-03-19T15:39:01.637+0600][gc,metaspace] GC(1244) Metaspace: 40242K(41216K)->40242K(41216K) NonClass: 35935K(36608K)->35935K(36608K) Class: 4306K(4608K)->4306K(4608K)
[2021-03-19T15:39:01.637+0600][gc          ] GC(1244) Pause Young (Normal) (G1 Evacuation Pause) 831M->225M(1024M) 6.210ms
[2021-03-19T15:39:01.637+0600][gc,cpu      ] GC(1244) User=0.02s Sys=0.00s Real=0.00s
[2021-03-19T15:39:04.243+0600][gc,start    ] GC(1245) Pause Young (Normal) (G1 Evacuation Pause)
[2021-03-19T15:39:04.243+0600][gc,task     ] GC(1245) Using 8 workers of 8 for evacuation
[2021-03-19T15:39:04.249+0600][gc,phases   ] GC(1245)   Pre Evacuate Collection Set: 0.1ms
[2021-03-19T15:39:04.249+0600][gc,phases   ] GC(1245)   Merge Heap Roots: 0.1ms
[2021-03-19T15:39:04.249+0600][gc,phases   ] GC(1245)   Evacuate Collection Set: 5.3ms
[2021-03-19T15:39:04.249+0600][gc,phases   ] GC(1245)   Post Evacuate Collection Set: 0.4ms
[2021-03-19T15:39:04.249+0600][gc,phases   ] GC(1245)   Other: 0.2ms
[2021-03-19T15:39:04.249+0600][gc,heap     ] GC(1245) Eden regions: 607->0(607)
[2021-03-19T15:39:04.249+0600][gc,heap     ] GC(1245) Survivor regions: 7->7(77)
[2021-03-19T15:39:04.249+0600][gc,heap     ] GC(1245) Old regions: 90->90
[2021-03-19T15:39:04.249+0600][gc,heap     ] GC(1245) Archive regions: 2->2
[2021-03-19T15:39:04.249+0600][gc,heap     ] GC(1245) Humongous regions: 129->129
[2021-03-19T15:39:04.249+0600][gc,metaspace] GC(1245) Metaspace: 40242K(41216K)->40242K(41216K) NonClass: 35935K(36608K)->35935K(36608K) Class: 4306K(4608K)->4306K(4608K)
[2021-03-19T15:39:04.249+0600][gc          ] GC(1245) Pause Young (Normal) (G1 Evacuation Pause) 832M->226M(1024M) 6.270ms
[2021-03-19T15:39:04.249+0600][gc,cpu      ] GC(1245) User=0.03s Sys=0.00s Real=0.00s
[2021-03-19T15:39:07.203+0600][gc,start    ] GC(1246) Pause Young (Normal) (G1 Evacuation Pause)
[2021-03-19T15:39:07.203+0600][gc,task     ] GC(1246) Using 8 workers of 8 for evacuation
[2021-03-19T15:39:07.209+0600][gc,phases   ] GC(1246)   Pre Evacuate Collection Set: 0.2ms
[2021-03-19T15:39:07.209+0600][gc,phases   ] GC(1246)   Merge Heap Roots: 0.1ms
[2021-03-19T15:39:07.209+0600][gc,phases   ] GC(1246)   Evacuate Collection Set: 4.4ms
[2021-03-19T15:39:07.209+0600][gc,phases   ] GC(1246)   Post Evacuate Collection Set: 0.9ms
[2021-03-19T15:39:07.209+0600][gc,phases   ] GC(1246)   Other: 0.2ms
[2021-03-19T15:39:07.209+0600][gc,heap     ] GC(1246) Eden regions: 607->0(607)
[2021-03-19T15:39:07.209+0600][gc,heap     ] GC(1246) Survivor regions: 7->7(77)
[2021-03-19T15:39:07.209+0600][gc,heap     ] GC(1246) Old regions: 90->91
[2021-03-19T15:39:07.209+0600][gc,heap     ] GC(1246) Archive regions: 2->2
[2021-03-19T15:39:07.209+0600][gc,heap     ] GC(1246) Humongous regions: 129->129
[2021-03-19T15:39:07.209+0600][gc,metaspace] GC(1246) Metaspace: 40242K(41216K)->40242K(41216K) NonClass: 35935K(36608K)->35935K(36608K) Class: 4306K(4608K)->4306K(4608K)
[2021-03-19T15:39:07.209+0600][gc          ] GC(1246) Pause Young (Normal) (G1 Evacuation Pause) 833M->226M(1024M) 5.945ms
[2021-03-19T15:39:07.209+0600][gc,cpu      ] GC(1246) User=0.03s Sys=0.01s Real=0.00s
[2021-03-19T15:39:09.942+0600][gc,start    ] GC(1247) Pause Young (Normal) (G1 Evacuation Pause)
[2021-03-19T15:39:09.943+0600][gc,task     ] GC(1247) Using 8 workers of 8 for evacuation
[2021-03-19T15:39:09.948+0600][gc,phases   ] GC(1247)   Pre Evacuate Collection Set: 0.2ms
[2021-03-19T15:39:09.948+0600][gc,phases   ] GC(1247)   Merge Heap Roots: 0.1ms
[2021-03-19T15:39:09.948+0600][gc,phases   ] GC(1247)   Evacuate Collection Set: 4.4ms
[2021-03-19T15:39:09.948+0600][gc,phases   ] GC(1247)   Post Evacuate Collection Set: 0.4ms
[2021-03-19T15:39:09.948+0600][gc,phases   ] GC(1247)   Other: 0.6ms
[2021-03-19T15:39:09.948+0600][gc,heap     ] GC(1247) Eden regions: 607->0(608)
[2021-03-19T15:39:09.948+0600][gc,heap     ] GC(1247) Survivor regions: 7->6(77)
[2021-03-19T15:39:09.948+0600][gc,heap     ] GC(1247) Old regions: 91->91
[2021-03-19T15:39:09.948+0600][gc,heap     ] GC(1247) Archive regions: 2->2
[2021-03-19T15:39:09.948+0600][gc,heap     ] GC(1247) Humongous regions: 129->129
[2021-03-19T15:39:09.948+0600][gc,metaspace] GC(1247) Metaspace: 40242K(41216K)->40242K(41216K) NonClass: 35935K(36608K)->35935K(36608K) Class: 4306K(4608K)->4306K(4608K)
[2021-03-19T15:39:09.948+0600][gc          ] GC(1247) Pause Young (Normal) (G1 Evacuation Pause) 833M->226M(1024M) 5.809ms
[2021-03-19T15:39:09.948+0600][gc,cpu      ] GC(1247) User=0.02s Sys=0.00s Real=0.00s
[2021-03-19T15:39:12.615+0600][gc,start    ] GC(1248) Pause Young (Normal) (G1 Evacuation Pause)
[2021-03-19T15:39:12.615+0600][gc,task     ] GC(1248) Using 8 workers of 8 for evacuation
[2021-03-19T15:39:12.619+0600][gc,phases   ] GC(1248)   Pre Evacuate Collection Set: 0.2ms
[2021-03-19T15:39:12.619+0600][gc,phases   ] GC(1248)   Merge Heap Roots: 0.1ms
[2021-03-19T15:39:12.619+0600][gc,phases   ] GC(1248)   Evacuate Collection Set: 3.4ms
[2021-03-19T15:39:12.619+0600][gc,phases   ] GC(1248)   Post Evacuate Collection Set: 0.6ms
[2021-03-19T15:39:12.619+0600][gc,phases   ] GC(1248)   Other: 0.2ms
[2021-03-19T15:39:12.619+0600][gc,heap     ] GC(1248) Eden regions: 608->0(608)
[2021-03-19T15:39:12.619+0600][gc,heap     ] GC(1248) Survivor regions: 6->6(77)
[2021-03-19T15:39:12.619+0600][gc,heap     ] GC(1248) Old regions: 91->92
[2021-03-19T15:39:12.619+0600][gc,heap     ] GC(1248) Archive regions: 2->2
[2021-03-19T15:39:12.619+0600][gc,heap     ] GC(1248) Humongous regions: 129->129
[2021-03-19T15:39:12.619+0600][gc,metaspace] GC(1248) Metaspace: 40242K(41216K)->40242K(41216K) NonClass: 35935K(36608K)->35935K(36608K) Class: 4306K(4608K)->4306K(4608K)
[2021-03-19T15:39:12.619+0600][gc          ] GC(1248) Pause Young (Normal) (G1 Evacuation Pause) 834M->226M(1024M) 4.493ms
[2021-03-19T15:39:12.619+0600][gc,cpu      ] GC(1248) User=0.02s Sys=0.01s Real=0.00s
[2021-03-19T15:39:15.261+0600][gc,start    ] GC(1249) Pause Young (Normal) (G1 Evacuation Pause)
[2021-03-19T15:39:15.261+0600][gc,task     ] GC(1249) Using 8 workers of 8 for evacuation
[2021-03-19T15:39:15.265+0600][gc,phases   ] GC(1249)   Pre Evacuate Collection Set: 0.1ms
[2021-03-19T15:39:15.265+0600][gc,phases   ] GC(1249)   Merge Heap Roots: 0.1ms
[2021-03-19T15:39:15.265+0600][gc,phases   ] GC(1249)   Evacuate Collection Set: 3.8ms
[2021-03-19T15:39:15.265+0600][gc,phases   ] GC(1249)   Post Evacuate Collection Set: 0.4ms
[2021-03-19T15:39:15.265+0600][gc,phases   ] GC(1249)   Other: 0.2ms
[2021-03-19T15:39:15.265+0600][gc,heap     ] GC(1249) Eden regions: 608->0(608)
[2021-03-19T15:39:15.265+0600][gc,heap     ] GC(1249) Survivor regions: 6->6(77)
[2021-03-19T15:39:15.265+0600][gc,heap     ] GC(1249) Old regions: 92->92
[2021-03-19T15:39:15.265+0600][gc,heap     ] GC(1249) Archive regions: 2->2
[2021-03-19T15:39:15.265+0600][gc,heap     ] GC(1249) Humongous regions: 129->129
[2021-03-19T15:39:15.265+0600][gc,metaspace] GC(1249) Metaspace: 40242K(41216K)->40242K(41216K) NonClass: 35935K(36608K)->35935K(36608K) Class: 4306K(4608K)->4306K(4608K)
[2021-03-19T15:39:15.265+0600][gc          ] GC(1249) Pause Young (Normal) (G1 Evacuation Pause) 834M->226M(1024M) 4.678ms
[2021-03-19T15:39:15.265+0600][gc,cpu      ] GC(1249) User=0.03s Sys=0.00s Real=0.00s
[2021-03-19T15:39:17.977+0600][gc,start    ] GC(1250) Pause Young (Normal) (G1 Evacuation Pause)
[2021-03-19T15:39:17.977+0600][gc,task     ] GC(1250) Using 8 workers of 8 for evacuation
[2021-03-19T15:39:17.981+0600][gc,phases   ] GC(1250)   Pre Evacuate Collection Set: 0.2ms
[2021-03-19T15:39:17.981+0600][gc,phases   ] GC(1250)   Merge Heap Roots: 0.1ms
[2021-03-19T15:39:17.981+0600][gc,phases   ] GC(1250)   Evacuate Collection Set: 3.0ms
[2021-03-19T15:39:17.981+0600][gc,phases   ] GC(1250)   Post Evacuate Collection Set: 0.4ms
[2021-03-19T15:39:17.981+0600][gc,phases   ] GC(1250)   Other: 0.5ms
[2021-03-19T15:39:17.981+0600][gc,heap     ] GC(1250) Eden regions: 608->0(609)
[2021-03-19T15:39:17.981+0600][gc,heap     ] GC(1250) Survivor regions: 6->5(77)
[2021-03-19T15:39:17.981+0600][gc,heap     ] GC(1250) Old regions: 92->93
[2021-03-19T15:39:17.981+0600][gc,heap     ] GC(1250) Archive regions: 2->2
[2021-03-19T15:39:17.981+0600][gc,heap     ] GC(1250) Humongous regions: 129->129
[2021-03-19T15:39:17.981+0600][gc,metaspace] GC(1250) Metaspace: 40242K(41216K)->40242K(41216K) NonClass: 35935K(36608K)->35935K(36608K) Class: 4306K(4608K)->4306K(4608K)
[2021-03-19T15:39:17.981+0600][gc          ] GC(1250) Pause Young (Normal) (G1 Evacuation Pause) 834M->227M(1024M) 4.268ms
[2021-03-19T15:39:17.981+0600][gc,cpu      ] GC(1250) User=0.02s Sys=0.00s Real=0.01s
[2021-03-19T15:39:20.598+0600][gc,start    ] GC(1251) Pause Young (Normal) (G1 Evacuation Pause)
[2021-03-19T15:39:20.598+0600][gc,task     ] GC(1251) Using 8 workers of 8 for evacuation
[2021-03-19T15:39:20.603+0600][gc,phases   ] GC(1251)   Pre Evacuate Collection Set: 0.1ms
[2021-03-19T15:39:20.603+0600][gc,phases   ] GC(1251)   Merge Heap Roots: 0.1ms
[2021-03-19T15:39:20.603+0600][gc,phases   ] GC(1251)   Evacuate Collection Set: 3.6ms
[2021-03-19T15:39:20.603+0600][gc,phases   ] GC(1251)   Post Evacuate Collection Set: 0.5ms
[2021-03-19T15:39:20.603+0600][gc,phases   ] GC(1251)   Other: 0.2ms
[2021-03-19T15:39:20.603+0600][gc,heap     ] GC(1251) Eden regions: 609->0(609)
[2021-03-19T15:39:20.603+0600][gc,heap     ] GC(1251) Survivor regions: 5->5(77)
[2021-03-19T15:39:20.603+0600][gc,heap     ] GC(1251) Old regions: 93->93
[2021-03-19T15:39:20.603+0600][gc,heap     ] GC(1251) Archive regions: 2->2
[2021-03-19T15:39:20.603+0600][gc,heap     ] GC(1251) Humongous regions: 129->129
[2021-03-19T15:39:20.603+0600][gc,metaspace] GC(1251) Metaspace: 40242K(41216K)->40242K(41216K) NonClass: 35935K(36608K)->35935K(36608K) Class: 4306K(4608K)->4306K(4608K)
[2021-03-19T15:39:20.603+0600][gc          ] GC(1251) Pause Young (Normal) (G1 Evacuation Pause) 836M->227M(1024M) 4.560ms
[2021-03-19T15:39:20.603+0600][gc,cpu      ] GC(1251) User=0.02s Sys=0.00s Real=0.01s
[2021-03-19T15:39:23.308+0600][gc,start    ] GC(1252) Pause Young (Normal) (G1 Evacuation Pause)
[2021-03-19T15:39:23.308+0600][gc,task     ] GC(1252) Using 8 workers of 8 for evacuation
[2021-03-19T15:39:23.312+0600][gc,phases   ] GC(1252)   Pre Evacuate Collection Set: 0.1ms
[2021-03-19T15:39:23.312+0600][gc,phases   ] GC(1252)   Merge Heap Roots: 0.1ms
[2021-03-19T15:39:23.312+0600][gc,phases   ] GC(1252)   Evacuate Collection Set: 3.3ms
[2021-03-19T15:39:23.312+0600][gc,phases   ] GC(1252)   Post Evacuate Collection Set: 0.4ms
[2021-03-19T15:39:23.312+0600][gc,phases   ] GC(1252)   Other: 0.2ms
[2021-03-19T15:39:23.312+0600][gc,heap     ] GC(1252) Eden regions: 609->0(609)
[2021-03-19T15:39:23.312+0600][gc,heap     ] GC(1252) Survivor regions: 5->5(77)
[2021-03-19T15:39:23.312+0600][gc,heap     ] GC(1252) Old regions: 93->94
[2021-03-19T15:39:23.312+0600][gc,heap     ] GC(1252) Archive regions: 2->2
[2021-03-19T15:39:23.312+0600][gc,heap     ] GC(1252) Humongous regions: 129->129
[2021-03-19T15:39:23.312+0600][gc,metaspace] GC(1252) Metaspace: 40242K(41216K)->40242K(41216K) NonClass: 35935K(36608K)->35935K(36608K) Class: 4306K(4608K)->4306K(4608K)
[2021-03-19T15:39:23.312+0600][gc          ] GC(1252) Pause Young (Normal) (G1 Evacuation Pause) 836M->227M(1024M) 4.237ms
[2021-03-19T15:39:23.312+0600][gc,cpu      ] GC(1252) User=0.02s Sys=0.00s Real=0.01s
[2021-03-19T15:39:26.080+0600][gc,start    ] GC(1253) Pause Young (Normal) (G1 Evacuation Pause)
[2021-03-19T15:39:26.080+0600][gc,task     ] GC(1253) Using 8 workers of 8 for evacuation
[2021-03-19T15:39:26.084+0600][gc,phases   ] GC(1253)   Pre Evacuate Collection Set: 0.1ms
[2021-03-19T15:39:26.084+0600][gc,phases   ] GC(1253)   Merge Heap Roots: 0.1ms
[2021-03-19T15:39:26.084+0600][gc,phases   ] GC(1253)   Evacuate Collection Set: 3.0ms
[2021-03-19T15:39:26.084+0600][gc,phases   ] GC(1253)   Post Evacuate Collection Set: 0.4ms
[2021-03-19T15:39:26.084+0600][gc,phases   ] GC(1253)   Other: 0.2ms
[2021-03-19T15:39:26.084+0600][gc,heap     ] GC(1253) Eden regions: 609->0(610)
[2021-03-19T15:39:26.084+0600][gc,heap     ] GC(1253) Survivor regions: 5->4(77)
[2021-03-19T15:39:26.084+0600][gc,heap     ] GC(1253) Old regions: 94->94
[2021-03-19T15:39:26.084+0600][gc,heap     ] GC(1253) Archive regions: 2->2
[2021-03-19T15:39:26.084+0600][gc,heap     ] GC(1253) Humongous regions: 129->129
[2021-03-19T15:39:26.084+0600][gc,metaspace] GC(1253) Metaspace: 40242K(41216K)->40242K(41216K) NonClass: 35935K(36608K)->35935K(36608K) Class: 4306K(4608K)->4306K(4608K)
[2021-03-19T15:39:26.084+0600][gc          ] GC(1253) Pause Young (Normal) (G1 Evacuation Pause) 836M->227M(1024M) 3.831ms
[2021-03-19T15:39:26.084+0600][gc,cpu      ] GC(1253) User=0.02s Sys=0.00s Real=0.00s
[2021-03-19T15:39:28.742+0600][gc,start    ] GC(1254) Pause Young (Normal) (G1 Evacuation Pause)
[2021-03-19T15:39:28.742+0600][gc,task     ] GC(1254) Using 8 workers of 8 for evacuation
[2021-03-19T15:39:28.746+0600][gc,phases   ] GC(1254)   Pre Evacuate Collection Set: 0.1ms
[2021-03-19T15:39:28.746+0600][gc,phases   ] GC(1254)   Merge Heap Roots: 0.1ms
[2021-03-19T15:39:28.746+0600][gc,phases   ] GC(1254)   Evacuate Collection Set: 3.4ms
[2021-03-19T15:39:28.746+0600][gc,phases   ] GC(1254)   Post Evacuate Collection Set: 0.4ms
[2021-03-19T15:39:28.746+0600][gc,phases   ] GC(1254)   Other: 0.2ms
[2021-03-19T15:39:28.746+0600][gc,heap     ] GC(1254) Eden regions: 610->0(610)
[2021-03-19T15:39:28.746+0600][gc,heap     ] GC(1254) Survivor regions: 4->4(77)
[2021-03-19T15:39:28.746+0600][gc,heap     ] GC(1254) Old regions: 94->95
[2021-03-19T15:39:28.746+0600][gc,heap     ] GC(1254) Archive regions: 2->2
[2021-03-19T15:39:28.746+0600][gc,heap     ] GC(1254) Humongous regions: 129->129
[2021-03-19T15:39:28.746+0600][gc,metaspace] GC(1254) Metaspace: 40242K(41216K)->40242K(41216K) NonClass: 35935K(36608K)->35935K(36608K) Class: 4306K(4608K)->4306K(4608K)
[2021-03-19T15:39:28.746+0600][gc          ] GC(1254) Pause Young (Normal) (G1 Evacuation Pause) 837M->227M(1024M) 4.331ms
[2021-03-19T15:39:28.746+0600][gc,cpu      ] GC(1254) User=0.02s Sys=0.00s Real=0.00s
[2021-03-19T15:39:31.343+0600][gc,start    ] GC(1255) Pause Young (Normal) (G1 Evacuation Pause)
[2021-03-19T15:39:31.343+0600][gc,task     ] GC(1255) Using 8 workers of 8 for evacuation
[2021-03-19T15:39:31.347+0600][gc,phases   ] GC(1255)   Pre Evacuate Collection Set: 0.1ms
[2021-03-19T15:39:31.347+0600][gc,phases   ] GC(1255)   Merge Heap Roots: 0.1ms
[2021-03-19T15:39:31.347+0600][gc,phases   ] GC(1255)   Evacuate Collection Set: 3.7ms
[2021-03-19T15:39:31.347+0600][gc,phases   ] GC(1255)   Post Evacuate Collection Set: 0.4ms
[2021-03-19T15:39:31.347+0600][gc,phases   ] GC(1255)   Other: 0.2ms
[2021-03-19T15:39:31.347+0600][gc,heap     ] GC(1255) Eden regions: 610->0(610)
[2021-03-19T15:39:31.347+0600][gc,heap     ] GC(1255) Survivor regions: 4->4(77)
[2021-03-19T15:39:31.347+0600][gc,heap     ] GC(1255) Old regions: 95->95
[2021-03-19T15:39:31.347+0600][gc,heap     ] GC(1255) Archive regions: 2->2
[2021-03-19T15:39:31.347+0600][gc,heap     ] GC(1255) Humongous regions: 129->129
[2021-03-19T15:39:31.347+0600][gc,metaspace] GC(1255) Metaspace: 40242K(41216K)->40242K(41216K) NonClass: 35935K(36608K)->35935K(36608K) Class: 4306K(4608K)->4306K(4608K)
[2021-03-19T15:39:31.347+0600][gc          ] GC(1255) Pause Young (Normal) (G1 Evacuation Pause) 837M->227M(1024M) 4.494ms
[2021-03-19T15:39:31.347+0600][gc,cpu      ] GC(1255) User=0.01s Sys=0.00s Real=0.00s
[2021-03-19T15:39:33.947+0600][gc,start    ] GC(1256) Pause Young (Normal) (G1 Evacuation Pause)
[2021-03-19T15:39:33.947+0600][gc,task     ] GC(1256) Using 8 workers of 8 for evacuation
[2021-03-19T15:39:33.951+0600][gc,phases   ] GC(1256)   Pre Evacuate Collection Set: 0.2ms
[2021-03-19T15:39:33.951+0600][gc,phases   ] GC(1256)   Merge Heap Roots: 0.1ms
[2021-03-19T15:39:33.951+0600][gc,phases   ] GC(1256)   Evacuate Collection Set: 3.3ms
[2021-03-19T15:39:33.951+0600][gc,phases   ] GC(1256)   Post Evacuate Collection Set: 0.4ms
[2021-03-19T15:39:33.951+0600][gc,phases   ] GC(1256)   Other: 0.1ms
[2021-03-19T15:39:33.951+0600][gc,heap     ] GC(1256) Eden regions: 610->0(610)
[2021-03-19T15:39:33.951+0600][gc,heap     ] GC(1256) Survivor regions: 4->4(77)
[2021-03-19T15:39:33.951+0600][gc,heap     ] GC(1256) Old regions: 95->96
[2021-03-19T15:39:33.951+0600][gc,heap     ] GC(1256) Archive regions: 2->2
[2021-03-19T15:39:33.951+0600][gc,heap     ] GC(1256) Humongous regions: 129->129
[2021-03-19T15:39:33.951+0600][gc,metaspace] GC(1256) Metaspace: 40242K(41216K)->40242K(41216K) NonClass: 35935K(36608K)->35935K(36608K) Class: 4306K(4608K)->4306K(4608K)
[2021-03-19T15:39:33.951+0600][gc          ] GC(1256) Pause Young (Normal) (G1 Evacuation Pause) 837M->228M(1024M) 4.237ms
[2021-03-19T15:39:33.951+0600][gc,cpu      ] GC(1256) User=0.02s Sys=0.00s Real=0.01s
[2021-03-19T15:39:36.964+0600][gc,start    ] GC(1257) Pause Young (Normal) (G1 Evacuation Pause)
[2021-03-19T15:39:36.965+0600][gc,task     ] GC(1257) Using 8 workers of 8 for evacuation
[2021-03-19T15:39:36.969+0600][gc,phases   ] GC(1257)   Pre Evacuate Collection Set: 0.2ms
[2021-03-19T15:39:36.969+0600][gc,phases   ] GC(1257)   Merge Heap Roots: 0.1ms
[2021-03-19T15:39:36.969+0600][gc,phases   ] GC(1257)   Evacuate Collection Set: 3.2ms
[2021-03-19T15:39:36.969+0600][gc,phases   ] GC(1257)   Post Evacuate Collection Set: 0.5ms
[2021-03-19T15:39:36.969+0600][gc,phases   ] GC(1257)   Other: 0.5ms
[2021-03-19T15:39:36.969+0600][gc,heap     ] GC(1257) Eden regions: 610->0(611)
[2021-03-19T15:39:36.969+0600][gc,heap     ] GC(1257) Survivor regions: 4->3(77)
[2021-03-19T15:39:36.969+0600][gc,heap     ] GC(1257) Old regions: 96->96
[2021-03-19T15:39:36.969+0600][gc,heap     ] GC(1257) Archive regions: 2->2
[2021-03-19T15:39:36.969+0600][gc,heap     ] GC(1257) Humongous regions: 129->129
[2021-03-19T15:39:36.969+0600][gc,metaspace] GC(1257) Metaspace: 40242K(41216K)->40242K(41216K) NonClass: 35935K(36608K)->35935K(36608K) Class: 4306K(4608K)->4306K(4608K)
[2021-03-19T15:39:36.969+0600][gc          ] GC(1257) Pause Young (Normal) (G1 Evacuation Pause) 838M->228M(1024M) 4.537ms
[2021-03-19T15:39:36.969+0600][gc,cpu      ] GC(1257) User=0.02s Sys=0.00s Real=0.00s
[2021-03-19T15:39:39.740+0600][gc,start    ] GC(1258) Pause Young (Normal) (G1 Evacuation Pause)
[2021-03-19T15:39:39.740+0600][gc,task     ] GC(1258) Using 8 workers of 8 for evacuation
[2021-03-19T15:39:39.744+0600][gc,phases   ] GC(1258)   Pre Evacuate Collection Set: 0.2ms
[2021-03-19T15:39:39.744+0600][gc,phases   ] GC(1258)   Merge Heap Roots: 0.1ms
[2021-03-19T15:39:39.744+0600][gc,phases   ] GC(1258)   Evacuate Collection Set: 3.3ms
[2021-03-19T15:39:39.744+0600][gc,phases   ] GC(1258)   Post Evacuate Collection Set: 0.4ms
[2021-03-19T15:39:39.744+0600][gc,phases   ] GC(1258)   Other: 0.2ms
[2021-03-19T15:39:39.744+0600][gc,heap     ] GC(1258) Eden regions: 611->0(611)
[2021-03-19T15:39:39.744+0600][gc,heap     ] GC(1258) Survivor regions: 3->3(77)
[2021-03-19T15:39:39.744+0600][gc,heap     ] GC(1258) Old regions: 96->96
[2021-03-19T15:39:39.744+0600][gc,heap     ] GC(1258) Archive regions: 2->2
[2021-03-19T15:39:39.744+0600][gc,heap     ] GC(1258) Humongous regions: 129->129
[2021-03-19T15:39:39.744+0600][gc,metaspace] GC(1258) Metaspace: 40242K(41216K)->40242K(41216K) NonClass: 35935K(36608K)->35935K(36608K) Class: 4306K(4608K)->4306K(4608K)
[2021-03-19T15:39:39.744+0600][gc          ] GC(1258) Pause Young (Normal) (G1 Evacuation Pause) 839M->228M(1024M) 4.229ms
[2021-03-19T15:39:39.744+0600][gc,cpu      ] GC(1258) User=0.02s Sys=0.01s Real=0.00s
[2021-03-19T15:39:44.402+0600][gc,start    ] GC(1259) Pause Young (Normal) (G1 Evacuation Pause)
[2021-03-19T15:39:44.402+0600][gc,task     ] GC(1259) Using 8 workers of 8 for evacuation
[2021-03-19T15:39:44.418+0600][gc,phases   ] GC(1259)   Pre Evacuate Collection Set: 0.6ms
[2021-03-19T15:39:44.418+0600][gc,phases   ] GC(1259)   Merge Heap Roots: 0.6ms
[2021-03-19T15:39:44.418+0600][gc,phases   ] GC(1259)   Evacuate Collection Set: 13.6ms
[2021-03-19T15:39:44.418+0600][gc,phases   ] GC(1259)   Post Evacuate Collection Set: 0.6ms
[2021-03-19T15:39:44.418+0600][gc,phases   ] GC(1259)   Other: 0.8ms
[2021-03-19T15:39:44.418+0600][gc,heap     ] GC(1259) Eden regions: 611->0(611)
[2021-03-19T15:39:44.418+0600][gc,heap     ] GC(1259) Survivor regions: 3->3(77)
[2021-03-19T15:39:44.418+0600][gc,heap     ] GC(1259) Old regions: 96->96
[2021-03-19T15:39:44.418+0600][gc,heap     ] GC(1259) Archive regions: 2->2
[2021-03-19T15:39:44.418+0600][gc,heap     ] GC(1259) Humongous regions: 129->129
[2021-03-19T15:39:44.418+0600][gc,metaspace] GC(1259) Metaspace: 40242K(41216K)->40242K(41216K) NonClass: 35935K(36608K)->35935K(36608K) Class: 4306K(4608K)->4306K(4608K)
[2021-03-19T15:39:44.418+0600][gc          ] GC(1259) Pause Young (Normal) (G1 Evacuation Pause) 839M->228M(1024M) 16.325ms
[2021-03-19T15:39:44.419+0600][gc,cpu      ] GC(1259) User=0.06s Sys=0.01s Real=0.01s
[2021-03-19T15:40:07.396+0600][gc,start    ] GC(1260) Pause Young (Normal) (G1 Evacuation Pause)
[2021-03-19T15:40:07.397+0600][gc,task     ] GC(1260) Using 8 workers of 8 for evacuation
[2021-03-19T15:40:07.411+0600][gc,phases   ] GC(1260)   Pre Evacuate Collection Set: 0.3ms
[2021-03-19T15:40:07.411+0600][gc,phases   ] GC(1260)   Merge Heap Roots: 0.2ms
[2021-03-19T15:40:07.411+0600][gc,phases   ] GC(1260)   Evacuate Collection Set: 11.4ms
[2021-03-19T15:40:07.411+0600][gc,phases   ] GC(1260)   Post Evacuate Collection Set: 0.8ms
[2021-03-19T15:40:07.411+0600][gc,phases   ] GC(1260)   Other: 1.7ms
[2021-03-19T15:40:07.411+0600][gc,heap     ] GC(1260) Eden regions: 611->0(611)
[2021-03-19T15:40:07.411+0600][gc,heap     ] GC(1260) Survivor regions: 3->3(77)
[2021-03-19T15:40:07.411+0600][gc,heap     ] GC(1260) Old regions: 96->97
[2021-03-19T15:40:07.411+0600][gc,heap     ] GC(1260) Archive regions: 2->2
[2021-03-19T15:40:07.411+0600][gc,heap     ] GC(1260) Humongous regions: 129->129
[2021-03-19T15:40:07.411+0600][gc,metaspace] GC(1260) Metaspace: 40242K(41216K)->40242K(41216K) NonClass: 35935K(36608K)->35935K(36608K) Class: 4306K(4608K)->4306K(4608K)
[2021-03-19T15:40:07.411+0600][gc          ] GC(1260) Pause Young (Normal) (G1 Evacuation Pause) 839M->228M(1024M) 14.757ms
[2021-03-19T15:40:07.411+0600][gc,cpu      ] GC(1260) User=0.05s Sys=0.00s Real=0.02s
[2021-03-19T15:40:30.405+0600][gc,start    ] GC(1261) Pause Young (Normal) (G1 Evacuation Pause)
[2021-03-19T15:40:30.406+0600][gc,task     ] GC(1261) Using 8 workers of 8 for evacuation
[2021-03-19T15:40:30.423+0600][gc,phases   ] GC(1261)   Pre Evacuate Collection Set: 0.5ms
[2021-03-19T15:40:30.423+0600][gc,phases   ] GC(1261)   Merge Heap Roots: 0.4ms
[2021-03-19T15:40:30.423+0600][gc,phases   ] GC(1261)   Evacuate Collection Set: 14.5ms
[2021-03-19T15:40:30.423+0600][gc,phases   ] GC(1261)   Post Evacuate Collection Set: 0.7ms
[2021-03-19T15:40:30.423+0600][gc,phases   ] GC(1261)   Other: 1.9ms
[2021-03-19T15:40:30.423+0600][gc,heap     ] GC(1261) Eden regions: 611->0(611)
[2021-03-19T15:40:30.423+0600][gc,heap     ] GC(1261) Survivor regions: 3->3(77)
[2021-03-19T15:40:30.423+0600][gc,heap     ] GC(1261) Old regions: 97->97
[2021-03-19T15:40:30.423+0600][gc,heap     ] GC(1261) Archive regions: 2->2
[2021-03-19T15:40:30.423+0600][gc,heap     ] GC(1261) Humongous regions: 129->129
[2021-03-19T15:40:30.423+0600][gc,metaspace] GC(1261) Metaspace: 40242K(41216K)->40242K(41216K) NonClass: 35935K(36608K)->35935K(36608K) Class: 4306K(4608K)->4306K(4608K)
[2021-03-19T15:40:30.423+0600][gc          ] GC(1261) Pause Young (Normal) (G1 Evacuation Pause) 839M->229M(1024M) 18.199ms
[2021-03-19T15:40:30.423+0600][gc,cpu      ] GC(1261) User=0.06s Sys=0.00s Real=0.02s
[2021-03-19T15:40:52.923+0600][gc,start    ] GC(1262) Pause Young (Normal) (G1 Evacuation Pause)
[2021-03-19T15:40:52.924+0600][gc,task     ] GC(1262) Using 8 workers of 8 for evacuation
[2021-03-19T15:40:52.941+0600][gc,phases   ] GC(1262)   Pre Evacuate Collection Set: 0.5ms
[2021-03-19T15:40:52.941+0600][gc,phases   ] GC(1262)   Merge Heap Roots: 0.5ms
[2021-03-19T15:40:52.941+0600][gc,phases   ] GC(1262)   Evacuate Collection Set: 15.1ms
[2021-03-19T15:40:52.941+0600][gc,phases   ] GC(1262)   Post Evacuate Collection Set: 0.6ms
[2021-03-19T15:40:52.941+0600][gc,phases   ] GC(1262)   Other: 0.7ms
[2021-03-19T15:40:52.941+0600][gc,heap     ] GC(1262) Eden regions: 611->0(611)
[2021-03-19T15:40:52.941+0600][gc,heap     ] GC(1262) Survivor regions: 3->3(77)
[2021-03-19T15:40:52.941+0600][gc,heap     ] GC(1262) Old regions: 97->97
[2021-03-19T15:40:52.941+0600][gc,heap     ] GC(1262) Archive regions: 2->2
[2021-03-19T15:40:52.941+0600][gc,heap     ] GC(1262) Humongous regions: 129->129
[2021-03-19T15:40:52.941+0600][gc,metaspace] GC(1262) Metaspace: 40242K(41216K)->40242K(41216K) NonClass: 35935K(36608K)->35935K(36608K) Class: 4306K(4608K)->4306K(4608K)
[2021-03-19T15:40:52.941+0600][gc          ] GC(1262) Pause Young (Normal) (G1 Evacuation Pause) 840M->229M(1024M) 17.482ms
[2021-03-19T15:40:52.941+0600][gc,cpu      ] GC(1262) User=0.05s Sys=0.01s Real=0.02s
[2021-03-19T15:41:09.067+0600][gc,start    ] GC(1263) Pause Young (Normal) (G1 Evacuation Pause)
[2021-03-19T15:41:09.068+0600][gc,task     ] GC(1263) Using 8 workers of 8 for evacuation
[2021-03-19T15:41:09.080+0600][gc,phases   ] GC(1263)   Pre Evacuate Collection Set: 0.2ms
[2021-03-19T15:41:09.080+0600][gc,phases   ] GC(1263)   Merge Heap Roots: 0.2ms
[2021-03-19T15:41:09.080+0600][gc,phases   ] GC(1263)   Evacuate Collection Set: 9.6ms
[2021-03-19T15:41:09.080+0600][gc,phases   ] GC(1263)   Post Evacuate Collection Set: 1.4ms
[2021-03-19T15:41:09.080+0600][gc,phases   ] GC(1263)   Other: 0.9ms
[2021-03-19T15:41:09.080+0600][gc,heap     ] GC(1263) Eden regions: 611->0(611)
[2021-03-19T15:41:09.080+0600][gc,heap     ] GC(1263) Survivor regions: 3->3(77)
[2021-03-19T15:41:09.080+0600][gc,heap     ] GC(1263) Old regions: 97->97
[2021-03-19T15:41:09.080+0600][gc,heap     ] GC(1263) Archive regions: 2->2
[2021-03-19T15:41:09.080+0600][gc,heap     ] GC(1263) Humongous regions: 129->129
[2021-03-19T15:41:09.080+0600][gc,metaspace] GC(1263) Metaspace: 40242K(41216K)->40242K(41216K) NonClass: 35935K(36608K)->35935K(36608K) Class: 4306K(4608K)->4306K(4608K)
[2021-03-19T15:41:09.080+0600][gc          ] GC(1263) Pause Young (Normal) (G1 Evacuation Pause) 840M->229M(1024M) 12.565ms
[2021-03-19T15:41:09.080+0600][gc,cpu      ] GC(1263) User=0.04s Sys=0.01s Real=0.02s
[2021-03-19T15:41:24.085+0600][gc,start    ] GC(1264) Pause Young (Normal) (G1 Evacuation Pause)
[2021-03-19T15:41:24.087+0600][gc,task     ] GC(1264) Using 8 workers of 8 for evacuation
[2021-03-19T15:41:24.099+0600][gc,phases   ] GC(1264)   Pre Evacuate Collection Set: 0.2ms
[2021-03-19T15:41:24.099+0600][gc,phases   ] GC(1264)   Merge Heap Roots: 0.2ms
[2021-03-19T15:41:24.099+0600][gc,phases   ] GC(1264)   Evacuate Collection Set: 11.1ms
[2021-03-19T15:41:24.099+0600][gc,phases   ] GC(1264)   Post Evacuate Collection Set: 0.6ms
[2021-03-19T15:41:24.099+0600][gc,phases   ] GC(1264)   Other: 1.8ms
[2021-03-19T15:41:24.099+0600][gc,heap     ] GC(1264) Eden regions: 611->0(610)
[2021-03-19T15:41:24.099+0600][gc,heap     ] GC(1264) Survivor regions: 3->4(77)
[2021-03-19T15:41:24.099+0600][gc,heap     ] GC(1264) Old regions: 97->98
[2021-03-19T15:41:24.099+0600][gc,heap     ] GC(1264) Archive regions: 2->2
[2021-03-19T15:41:24.099+0600][gc,heap     ] GC(1264) Humongous regions: 129->129
[2021-03-19T15:41:24.099+0600][gc,metaspace] GC(1264) Metaspace: 40242K(41216K)->40242K(41216K) NonClass: 35935K(36608K)->35935K(36608K) Class: 4306K(4608K)->4306K(4608K)
[2021-03-19T15:41:24.099+0600][gc          ] GC(1264) Pause Young (Normal) (G1 Evacuation Pause) 840M->229M(1024M) 14.067ms
[2021-03-19T15:41:24.099+0600][gc,cpu      ] GC(1264) User=0.04s Sys=0.00s Real=0.01s
[2021-03-19T15:41:36.732+0600][gc,start    ] GC(1265) Pause Young (Normal) (G1 Evacuation Pause)
[2021-03-19T15:41:36.733+0600][gc,task     ] GC(1265) Using 8 workers of 8 for evacuation
[2021-03-19T15:41:36.745+0600][gc,phases   ] GC(1265)   Pre Evacuate Collection Set: 0.2ms
[2021-03-19T15:41:36.746+0600][gc,phases   ] GC(1265)   Merge Heap Roots: 0.2ms
[2021-03-19T15:41:36.746+0600][gc,phases   ] GC(1265)   Evacuate Collection Set: 11.6ms
[2021-03-19T15:41:36.746+0600][gc,phases   ] GC(1265)   Post Evacuate Collection Set: 0.7ms
[2021-03-19T15:41:36.746+0600][gc,phases   ] GC(1265)   Other: 0.4ms
[2021-03-19T15:41:36.746+0600][gc,heap     ] GC(1265) Eden regions: 610->0(610)
[2021-03-19T15:41:36.746+0600][gc,heap     ] GC(1265) Survivor regions: 4->4(77)
[2021-03-19T15:41:36.746+0600][gc,heap     ] GC(1265) Old regions: 98->98
[2021-03-19T15:41:36.746+0600][gc,heap     ] GC(1265) Archive regions: 2->2
[2021-03-19T15:41:36.746+0600][gc,heap     ] GC(1265) Humongous regions: 129->129
[2021-03-19T15:41:36.746+0600][gc,metaspace] GC(1265) Metaspace: 40242K(41216K)->40242K(41216K) NonClass: 35935K(36608K)->35935K(36608K) Class: 4306K(4608K)->4306K(4608K)
[2021-03-19T15:41:36.746+0600][gc          ] GC(1265) Pause Young (Normal) (G1 Evacuation Pause) 839M->230M(1024M) 13.287ms
[2021-03-19T15:41:36.746+0600][gc,cpu      ] GC(1265) User=0.05s Sys=0.00s Real=0.01s
[2021-03-19T15:41:53.066+0600][gc,start    ] GC(1266) Pause Young (Normal) (G1 Evacuation Pause)
[2021-03-19T15:41:53.066+0600][gc,task     ] GC(1266) Using 8 workers of 8 for evacuation
[2021-03-19T15:41:53.084+0600][gc,phases   ] GC(1266)   Pre Evacuate Collection Set: 0.4ms
[2021-03-19T15:41:53.084+0600][gc,phases   ] GC(1266)   Merge Heap Roots: 0.3ms
[2021-03-19T15:41:53.084+0600][gc,phases   ] GC(1266)   Evacuate Collection Set: 15.6ms
[2021-03-19T15:41:53.084+0600][gc,phases   ] GC(1266)   Post Evacuate Collection Set: 0.8ms
[2021-03-19T15:41:53.084+0600][gc,phases   ] GC(1266)   Other: 0.6ms
[2021-03-19T15:41:53.084+0600][gc,heap     ] GC(1266) Eden regions: 610->0(610)
[2021-03-19T15:41:53.084+0600][gc,heap     ] GC(1266) Survivor regions: 4->4(77)
[2021-03-19T15:41:53.084+0600][gc,heap     ] GC(1266) Old regions: 98->98
[2021-03-19T15:41:53.084+0600][gc,heap     ] GC(1266) Archive regions: 2->2
[2021-03-19T15:41:53.084+0600][gc,heap     ] GC(1266) Humongous regions: 129->129
[2021-03-19T15:41:53.084+0600][gc,metaspace] GC(1266) Metaspace: 40242K(41216K)->40242K(41216K) NonClass: 35935K(36608K)->35935K(36608K) Class: 4306K(4608K)->4306K(4608K)
[2021-03-19T15:41:53.084+0600][gc          ] GC(1266) Pause Young (Normal) (G1 Evacuation Pause) 840M->230M(1024M) 18.009ms
[2021-03-19T15:41:53.084+0600][gc,cpu      ] GC(1266) User=0.05s Sys=0.00s Real=0.02s
[2021-03-19T15:42:09.962+0600][gc,start    ] GC(1267) Pause Young (Normal) (G1 Evacuation Pause)
[2021-03-19T15:42:09.962+0600][gc,task     ] GC(1267) Using 8 workers of 8 for evacuation
[2021-03-19T15:42:09.976+0600][gc,phases   ] GC(1267)   Pre Evacuate Collection Set: 0.9ms
[2021-03-19T15:42:09.976+0600][gc,phases   ] GC(1267)   Merge Heap Roots: 0.5ms
[2021-03-19T15:42:09.976+0600][gc,phases   ] GC(1267)   Evacuate Collection Set: 11.5ms
[2021-03-19T15:42:09.976+0600][gc,phases   ] GC(1267)   Post Evacuate Collection Set: 0.7ms
[2021-03-19T15:42:09.976+0600][gc,phases   ] GC(1267)   Other: 0.6ms
[2021-03-19T15:42:09.976+0600][gc,heap     ] GC(1267) Eden regions: 610->0(610)
[2021-03-19T15:42:09.976+0600][gc,heap     ] GC(1267) Survivor regions: 4->4(77)
[2021-03-19T15:42:09.976+0600][gc,heap     ] GC(1267) Old regions: 98->98
