[2021-03-14T00:42:00.972+0600][gc] Using G1
[2021-03-14T00:42:00.974+0600][gc,init] Version: 15.0.1+9-18 (release)
[2021-03-14T00:42:00.974+0600][gc,init] CPUs: 8 total, 8 available
[2021-03-14T00:42:00.974+0600][gc,init] Memory: 8192M
[2021-03-14T00:42:00.974+0600][gc,init] Large Page Support: Disabled
[2021-03-14T00:42:00.974+0600][gc,init] NUMA Support: Disabled
[2021-03-14T00:42:00.974+0600][gc,init] Compressed Oops: Enabled (Zero based)
[2021-03-14T00:42:00.974+0600][gc,init] Heap Region Size: 1M
[2021-03-14T00:42:00.974+0600][gc,init] Heap Min Capacity: 512M
[2021-03-14T00:42:00.974+0600][gc,init] Heap Initial Capacity: 512M
[2021-03-14T00:42:00.974+0600][gc,init] Heap Max Capacity: 512M
[2021-03-14T00:42:00.974+0600][gc,init] Pre-touch: Disabled
[2021-03-14T00:42:00.974+0600][gc,init] Parallel Workers: 8
[2021-03-14T00:42:00.974+0600][gc,init] Concurrent Workers: 2
[2021-03-14T00:42:00.974+0600][gc,init] Concurrent Refinement Workers: 8
[2021-03-14T00:42:00.974+0600][gc,init] Periodic GC: Disabled
[2021-03-14T00:42:00.975+0600][gc,cds ] Mark closed archive regions in map: [0x00000007fff00000, 0x00000007fff78ff8]
[2021-03-14T00:42:00.975+0600][gc,cds ] Mark open archive regions in map: [0x00000007ffe00000, 0x00000007ffe50ff8]
[2021-03-14T00:42:00.975+0600][gc,metaspace] CDS archive(s) mapped at: [0x0000000800000000-0x0000000800b2c000-0x0000000800b2c000), size 11714560, SharedBaseAddress: 0x0000000800000000, ArchiveRelocationMode: 0.
[2021-03-14T00:42:00.975+0600][gc,metaspace] Compressed class space mapped at: 0x0000000800b2c000-0x0000000840b2c000, size: 1073741824
[2021-03-14T00:42:00.975+0600][gc,metaspace] Narrow klass base: 0x0000000800000000, Narrow klass shift: 3, Narrow klass range: 0x100000000
[2021-03-14T00:42:06.799+0600][gc,start    ] GC(0) Pause Young (Normal) (G1 Evacuation Pause)
[2021-03-14T00:42:06.800+0600][gc,task     ] GC(0) Using 8 workers of 8 for evacuation
[2021-03-14T00:42:06.816+0600][gc,phases   ] GC(0)   Pre Evacuate Collection Set: 0.2ms
[2021-03-14T00:42:06.816+0600][gc,phases   ] GC(0)   Merge Heap Roots: 0.4ms
[2021-03-14T00:42:06.816+0600][gc,phases   ] GC(0)   Evacuate Collection Set: 13.9ms
[2021-03-14T00:42:06.816+0600][gc,phases   ] GC(0)   Post Evacuate Collection Set: 0.7ms
[2021-03-14T00:42:06.816+0600][gc,phases   ] GC(0)   Other: 1.4ms
[2021-03-14T00:42:06.816+0600][gc,heap     ] GC(0) Eden regions: 25->0(21)
[2021-03-14T00:42:06.816+0600][gc,heap     ] GC(0) Survivor regions: 0->4(4)
[2021-03-14T00:42:06.816+0600][gc,heap     ] GC(0) Old regions: 0->2
[2021-03-14T00:42:06.816+0600][gc,heap     ] GC(0) Archive regions: 2->2
[2021-03-14T00:42:06.816+0600][gc,heap     ] GC(0) Humongous regions: 0->0
[2021-03-14T00:42:06.816+0600][gc,metaspace] GC(0) Metaspace: 7460K(7936K)->7460K(7936K) NonClass: 6621K(6912K)->6621K(6912K) Class: 838K(1024K)->838K(1024K)
[2021-03-14T00:42:06.816+0600][gc          ] GC(0) Pause Young (Normal) (G1 Evacuation Pause) 25M->6M(512M) 17.230ms
[2021-03-14T00:42:06.816+0600][gc,cpu      ] GC(0) User=0.02s Sys=0.01s Real=0.02s
[2021-03-14T08:44:03.339+0600][gc,start    ] GC(1) Pause Young (Normal) (G1 Evacuation Pause)
[2021-03-14T08:44:03.340+0600][gc,task     ] GC(1) Using 8 workers of 8 for evacuation
[2021-03-14T08:44:03.463+0600][gc,mmu      ] GC(1) MMU target violated: 21.0ms (20.0ms/21.0ms)
[2021-03-14T08:44:03.463+0600][gc,phases   ] GC(1)   Pre Evacuate Collection Set: 1.3ms
[2021-03-14T08:44:03.463+0600][gc,phases   ] GC(1)   Merge Heap Roots: 0.1ms
[2021-03-14T08:44:03.463+0600][gc,phases   ] GC(1)   Evacuate Collection Set: 119.0ms
[2021-03-14T08:44:03.463+0600][gc,phases   ] GC(1)   Post Evacuate Collection Set: 1.4ms
[2021-03-14T08:44:03.463+0600][gc,phases   ] GC(1)   Other: 2.2ms
[2021-03-14T08:44:03.463+0600][gc,heap     ] GC(1) Eden regions: 21->0(24)
[2021-03-14T08:44:03.463+0600][gc,heap     ] GC(1) Survivor regions: 4->1(4)
[2021-03-14T08:44:03.463+0600][gc,heap     ] GC(1) Old regions: 2->6
[2021-03-14T08:44:03.463+0600][gc,heap     ] GC(1) Archive regions: 2->2
[2021-03-14T08:44:03.463+0600][gc,heap     ] GC(1) Humongous regions: 0->0
[2021-03-14T08:44:03.463+0600][gc,metaspace] GC(1) Metaspace: 8131K(8448K)->8131K(8448K) NonClass: 7276K(7424K)->7276K(7424K) Class: 855K(1024K)->855K(1024K)
[2021-03-14T08:44:03.463+0600][gc          ] GC(1) Pause Young (Normal) (G1 Evacuation Pause) 27M->6M(512M) 123.420ms
[2021-03-14T08:44:03.463+0600][gc,cpu      ] GC(1) User=0.05s Sys=0.05s Real=0.13s
[2021-03-14T22:44:28.167+0600][gc,start    ] GC(2) Pause Young (Normal) (G1 Evacuation Pause)
[2021-03-14T22:44:28.169+0600][gc,task     ] GC(2) Using 8 workers of 8 for evacuation
[2021-03-14T22:44:28.210+0600][gc,mmu      ] GC(2) MMU target violated: 21.0ms (20.0ms/21.0ms)
[2021-03-14T22:44:28.210+0600][gc,phases   ] GC(2)   Pre Evacuate Collection Set: 1.9ms
[2021-03-14T22:44:28.210+0600][gc,phases   ] GC(2)   Merge Heap Roots: 0.8ms
[2021-03-14T22:44:28.210+0600][gc,phases   ] GC(2)   Evacuate Collection Set: 34.0ms
[2021-03-14T22:44:28.210+0600][gc,phases   ] GC(2)   Post Evacuate Collection Set: 2.6ms
[2021-03-14T22:44:28.210+0600][gc,phases   ] GC(2)   Other: 4.1ms
[2021-03-14T22:44:28.210+0600][gc,heap     ] GC(2) Eden regions: 24->0(24)
[2021-03-14T22:44:28.210+0600][gc,heap     ] GC(2) Survivor regions: 1->1(4)
[2021-03-14T22:44:28.210+0600][gc,heap     ] GC(2) Old regions: 6->6
[2021-03-14T22:44:28.210+0600][gc,heap     ] GC(2) Archive regions: 2->2
[2021-03-14T22:44:28.210+0600][gc,heap     ] GC(2) Humongous regions: 0->0
[2021-03-14T22:44:28.210+0600][gc,metaspace] GC(2) Metaspace: 8131K(8448K)->8131K(8448K) NonClass: 7276K(7424K)->7276K(7424K) Class: 855K(1024K)->855K(1024K)
[2021-03-14T22:44:28.210+0600][gc          ] GC(2) Pause Young (Normal) (G1 Evacuation Pause) 30M->6M(512M) 42.941ms
[2021-03-14T22:44:28.210+0600][gc,cpu      ] GC(2) User=0.02s Sys=0.04s Real=0.05s
[2021-03-15T11:08:20.010+0600][gc,start    ] GC(3) Pause Young (Normal) (G1 Evacuation Pause)
[2021-03-15T11:08:20.012+0600][gc,task     ] GC(3) Using 8 workers of 8 for evacuation
[2021-03-15T11:08:20.044+0600][gc,mmu      ] GC(3) MMU target violated: 21.0ms (20.0ms/21.0ms)
[2021-03-15T11:08:20.044+0600][gc,phases   ] GC(3)   Pre Evacuate Collection Set: 6.2ms
[2021-03-15T11:08:20.045+0600][gc,phases   ] GC(3)   Merge Heap Roots: 0.7ms
[2021-03-15T11:08:20.045+0600][gc,phases   ] GC(3)   Evacuate Collection Set: 21.8ms
[2021-03-15T11:08:20.045+0600][gc,phases   ] GC(3)   Post Evacuate Collection Set: 3.2ms
[2021-03-15T11:08:20.045+0600][gc,phases   ] GC(3)   Other: 3.3ms
[2021-03-15T11:08:20.045+0600][gc,heap     ] GC(3) Eden regions: 24->0(24)
[2021-03-15T11:08:20.045+0600][gc,heap     ] GC(3) Survivor regions: 1->1(4)
[2021-03-15T11:08:20.045+0600][gc,heap     ] GC(3) Old regions: 6->6
[2021-03-15T11:08:20.045+0600][gc,heap     ] GC(3) Archive regions: 2->2
[2021-03-15T11:08:20.045+0600][gc,heap     ] GC(3) Humongous regions: 0->0
[2021-03-15T11:08:20.045+0600][gc,metaspace] GC(3) Metaspace: 8139K(8448K)->8139K(8448K) NonClass: 7284K(7424K)->7284K(7424K) Class: 855K(1024K)->855K(1024K)
[2021-03-15T11:08:20.045+0600][gc          ] GC(3) Pause Young (Normal) (G1 Evacuation Pause) 30M->6M(512M) 34.440ms
[2021-03-15T11:08:20.045+0600][gc,cpu      ] GC(3) User=0.01s Sys=0.02s Real=0.03s
